[0.326s] DEBUG:colcon:Command line arguments: ['/usr/bin/colcon', 'build']
[0.326s] DEBUG:colcon:Parsed command line arguments: Namespace(log_base=None, log_level=None, verb_name='build', build_base='build', install_base='install', merge_install=False, symlink_install=False, test_result_base=None, continue_on_error=False, executor='parallel', parallel_workers=8, event_handlers=None, ignore_user_meta=False, metas=['./colcon.meta'], base_paths=['.'], packages_ignore=None, packages_ignore_regex=None, paths=None, packages_up_to=None, packages_up_to_regex=None, packages_above=None, packages_above_and_dependencies=None, packages_above_depth=None, packages_select_by_dep=None, packages_skip_by_dep=None, packages_skip_up_to=None, packages_select_build_failed=False, packages_skip_build_finished=False, packages_select_test_failures=False, packages_skip_test_passed=False, packages_select=None, packages_skip=None, packages_select_regex=None, packages_skip_regex=None, packages_start=None, packages_end=None, allow_overriding=[], cmake_args=None, cmake_target=None, cmake_target_skip_unavailable=False, cmake_clean_cache=False, cmake_clean_first=False, cmake_force_configure=False, ament_cmake_args=None, catkin_cmake_args=None, catkin_skip_building_tests=False, mixin_files=None, mixin=None, verb_parser=<colcon_mixin.mixin.mixin_argument.MixinArgumentDecorator object at 0x725dc03997c0>, verb_extension=<colcon_core.verb.build.BuildVerb object at 0x725dc04b17c0>, main=<bound method BuildVerb.main of <colcon_core.verb.build.BuildVerb object at 0x725dc04b17c0>>, mixin_verb=('build',))
[0.417s] Level 1:colcon.colcon_core.package_discovery:discover_packages(colcon_meta) check parameters
[0.417s] Level 1:colcon.colcon_core.package_discovery:discover_packages(recursive) check parameters
[0.417s] Level 1:colcon.colcon_core.package_discovery:discover_packages(ignore) check parameters
[0.417s] Level 1:colcon.colcon_core.package_discovery:discover_packages(path) check parameters
[0.417s] Level 1:colcon.colcon_core.package_discovery:discover_packages(colcon_meta) discover
[0.417s] Level 1:colcon.colcon_core.package_discovery:discover_packages(recursive) discover
[0.417s] INFO:colcon.colcon_core.package_discovery:Crawling recursively for packages in '/home/michele-zarantonello/ws_32_assignments/src'
[0.417s] Level 1:colcon.colcon_core.package_identification:_identify(.) by extensions ['ignore', 'ignore_ament_install']
[0.418s] Level 1:colcon.colcon_core.package_identification:_identify(.) by extension 'ignore'
[0.418s] Level 1:colcon.colcon_core.package_identification:_identify(.) by extension 'ignore_ament_install'
[0.418s] Level 1:colcon.colcon_core.package_identification:_identify(.) by extensions ['colcon_pkg']
[0.418s] Level 1:colcon.colcon_core.package_identification:_identify(.) by extension 'colcon_pkg'
[0.418s] Level 1:colcon.colcon_core.package_identification:_identify(.) by extensions ['colcon_meta']
[0.418s] Level 1:colcon.colcon_core.package_identification:_identify(.) by extension 'colcon_meta'
[0.418s] Level 1:colcon.colcon_core.package_identification:_identify(.) by extensions ['ros']
[0.418s] Level 1:colcon.colcon_core.package_identification:_identify(.) by extension 'ros'
[0.450s] Level 1:colcon.colcon_core.package_identification:_identify(.) by extensions ['cmake', 'python']
[0.450s] Level 1:colcon.colcon_core.package_identification:_identify(.) by extension 'cmake'
[0.450s] Level 1:colcon.colcon_core.package_identification:_identify(.) by extension 'python'
[0.450s] Level 1:colcon.colcon_core.package_identification:_identify(.) by extensions ['python_setup_py']
[0.450s] Level 1:colcon.colcon_core.package_identification:_identify(.) by extension 'python_setup_py'
[0.450s] Level 1:colcon.colcon_core.package_identification:_identify(build) by extensions ['ignore', 'ignore_ament_install']
[0.450s] Level 1:colcon.colcon_core.package_identification:_identify(build) by extension 'ignore'
[0.450s] Level 1:colcon.colcon_core.package_identification:_identify(build) ignored
[0.450s] Level 1:colcon.colcon_core.package_identification:_identify(group_32_apriltag) by extensions ['ignore', 'ignore_ament_install']
[0.451s] Level 1:colcon.colcon_core.package_identification:_identify(group_32_apriltag) by extension 'ignore'
[0.451s] Level 1:colcon.colcon_core.package_identification:_identify(group_32_apriltag) by extension 'ignore_ament_install'
[0.451s] Level 1:colcon.colcon_core.package_identification:_identify(group_32_apriltag) by extensions ['colcon_pkg']
[0.451s] Level 1:colcon.colcon_core.package_identification:_identify(group_32_apriltag) by extension 'colcon_pkg'
[0.451s] Level 1:colcon.colcon_core.package_identification:_identify(group_32_apriltag) by extensions ['colcon_meta']
[0.451s] Level 1:colcon.colcon_core.package_identification:_identify(group_32_apriltag) by extension 'colcon_meta'
[0.451s] Level 1:colcon.colcon_core.package_identification:_identify(group_32_apriltag) by extensions ['ros']
[0.451s] Level 1:colcon.colcon_core.package_identification:_identify(group_32_apriltag) by extension 'ros'
[0.454s] DEBUG:colcon.colcon_core.package_identification:Package 'group_32_apriltag' with type 'ros.ament_cmake' and name 'group_32_apriltag'
[0.454s] Level 1:colcon.colcon_core.package_identification:_identify(group_32_assignment_1) by extensions ['ignore', 'ignore_ament_install']
[0.455s] Level 1:colcon.colcon_core.package_identification:_identify(group_32_assignment_1) by extension 'ignore'
[0.455s] Level 1:colcon.colcon_core.package_identification:_identify(group_32_assignment_1) by extension 'ignore_ament_install'
[0.455s] Level 1:colcon.colcon_core.package_identification:_identify(group_32_assignment_1) by extensions ['colcon_pkg']
[0.455s] Level 1:colcon.colcon_core.package_identification:_identify(group_32_assignment_1) by extension 'colcon_pkg'
[0.455s] Level 1:colcon.colcon_core.package_identification:_identify(group_32_assignment_1) by extensions ['colcon_meta']
[0.455s] Level 1:colcon.colcon_core.package_identification:_identify(group_32_assignment_1) by extension 'colcon_meta'
[0.455s] Level 1:colcon.colcon_core.package_identification:_identify(group_32_assignment_1) by extensions ['ros']
[0.455s] Level 1:colcon.colcon_core.package_identification:_identify(group_32_assignment_1) by extension 'ros'
[0.455s] DEBUG:colcon.colcon_core.package_identification:Package 'group_32_assignment_1' with type 'ros.ament_cmake' and name 'group_32_assignment_1'
[0.456s] Level 1:colcon.colcon_core.package_identification:_identify(install) by extensions ['ignore', 'ignore_ament_install']
[0.456s] Level 1:colcon.colcon_core.package_identification:_identify(install) by extension 'ignore'
[0.456s] Level 1:colcon.colcon_core.package_identification:_identify(install) ignored
[0.456s] Level 1:colcon.colcon_core.package_identification:_identify(ir_2526) by extensions ['ignore', 'ignore_ament_install']
[0.456s] Level 1:colcon.colcon_core.package_identification:_identify(ir_2526) by extension 'ignore'
[0.456s] Level 1:colcon.colcon_core.package_identification:_identify(ir_2526) by extension 'ignore_ament_install'
[0.456s] Level 1:colcon.colcon_core.package_identification:_identify(ir_2526) by extensions ['colcon_pkg']
[0.456s] Level 1:colcon.colcon_core.package_identification:_identify(ir_2526) by extension 'colcon_pkg'
[0.456s] Level 1:colcon.colcon_core.package_identification:_identify(ir_2526) by extensions ['colcon_meta']
[0.456s] Level 1:colcon.colcon_core.package_identification:_identify(ir_2526) by extension 'colcon_meta'
[0.456s] Level 1:colcon.colcon_core.package_identification:_identify(ir_2526) by extensions ['ros']
[0.456s] Level 1:colcon.colcon_core.package_identification:_identify(ir_2526) by extension 'ros'
[0.456s] Level 1:colcon.colcon_core.package_identification:_identify(ir_2526) by extensions ['cmake', 'python']
[0.456s] Level 1:colcon.colcon_core.package_identification:_identify(ir_2526) by extension 'cmake'
[0.456s] Level 1:colcon.colcon_core.package_identification:_identify(ir_2526) by extension 'python'
[0.456s] Level 1:colcon.colcon_core.package_identification:_identify(ir_2526) by extensions ['python_setup_py']
[0.457s] Level 1:colcon.colcon_core.package_identification:_identify(ir_2526) by extension 'python_setup_py'
[0.457s] Level 1:colcon.colcon_core.package_identification:_identify(ir_2526/apriltag_ros) by extensions ['ignore', 'ignore_ament_install']
[0.457s] Level 1:colcon.colcon_core.package_identification:_identify(ir_2526/apriltag_ros) by extension 'ignore'
[0.457s] Level 1:colcon.colcon_core.package_identification:_identify(ir_2526/apriltag_ros) by extension 'ignore_ament_install'
[0.457s] Level 1:colcon.colcon_core.package_identification:_identify(ir_2526/apriltag_ros) by extensions ['colcon_pkg']
[0.457s] Level 1:colcon.colcon_core.package_identification:_identify(ir_2526/apriltag_ros) by extension 'colcon_pkg'
[0.457s] Level 1:colcon.colcon_core.package_identification:_identify(ir_2526/apriltag_ros) by extensions ['colcon_meta']
[0.457s] Level 1:colcon.colcon_core.package_identification:_identify(ir_2526/apriltag_ros) by extension 'colcon_meta'
[0.457s] Level 1:colcon.colcon_core.package_identification:_identify(ir_2526/apriltag_ros) by extensions ['ros']
[0.457s] Level 1:colcon.colcon_core.package_identification:_identify(ir_2526/apriltag_ros) by extension 'ros'
[0.461s] DEBUG:colcon.colcon_core.package_identification:Package 'ir_2526/apriltag_ros' with type 'ros.ament_cmake' and name 'apriltag_ros'
[0.461s] Level 1:colcon.colcon_core.package_identification:_identify(ir_2526/build) by extensions ['ignore', 'ignore_ament_install']
[0.461s] Level 1:colcon.colcon_core.package_identification:_identify(ir_2526/build) by extension 'ignore'
[0.461s] Level 1:colcon.colcon_core.package_identification:_identify(ir_2526/build) ignored
[0.461s] Level 1:colcon.colcon_core.package_identification:_identify(ir_2526/install) by extensions ['ignore', 'ignore_ament_install']
[0.461s] Level 1:colcon.colcon_core.package_identification:_identify(ir_2526/install) by extension 'ignore'
[0.462s] Level 1:colcon.colcon_core.package_identification:_identify(ir_2526/install) ignored
[0.462s] Level 1:colcon.colcon_core.package_identification:_identify(ir_2526/ir_base) by extensions ['ignore', 'ignore_ament_install']
[0.462s] Level 1:colcon.colcon_core.package_identification:_identify(ir_2526/ir_base) by extension 'ignore'
[0.462s] Level 1:colcon.colcon_core.package_identification:_identify(ir_2526/ir_base) by extension 'ignore_ament_install'
[0.462s] Level 1:colcon.colcon_core.package_identification:_identify(ir_2526/ir_base) by extensions ['colcon_pkg']
[0.462s] Level 1:colcon.colcon_core.package_identification:_identify(ir_2526/ir_base) by extension 'colcon_pkg'
[0.462s] Level 1:colcon.colcon_core.package_identification:_identify(ir_2526/ir_base) by extensions ['colcon_meta']
[0.462s] Level 1:colcon.colcon_core.package_identification:_identify(ir_2526/ir_base) by extension 'colcon_meta'
[0.462s] Level 1:colcon.colcon_core.package_identification:_identify(ir_2526/ir_base) by extensions ['ros']
[0.462s] Level 1:colcon.colcon_core.package_identification:_identify(ir_2526/ir_base) by extension 'ros'
[0.463s] DEBUG:colcon.colcon_core.package_identification:Package 'ir_2526/ir_base' with type 'ros.ament_cmake' and name 'ir_base'
[0.463s] Level 1:colcon.colcon_core.package_identification:_identify(ir_2526/ir_desription) by extensions ['ignore', 'ignore_ament_install']
[0.463s] Level 1:colcon.colcon_core.package_identification:_identify(ir_2526/ir_desription) by extension 'ignore'
[0.463s] Level 1:colcon.colcon_core.package_identification:_identify(ir_2526/ir_desription) by extension 'ignore_ament_install'
[0.463s] Level 1:colcon.colcon_core.package_identification:_identify(ir_2526/ir_desription) by extensions ['colcon_pkg']
[0.463s] Level 1:colcon.colcon_core.package_identification:_identify(ir_2526/ir_desription) by extension 'colcon_pkg'
[0.463s] Level 1:colcon.colcon_core.package_identification:_identify(ir_2526/ir_desription) by extensions ['colcon_meta']
[0.463s] Level 1:colcon.colcon_core.package_identification:_identify(ir_2526/ir_desription) by extension 'colcon_meta'
[0.463s] Level 1:colcon.colcon_core.package_identification:_identify(ir_2526/ir_desription) by extensions ['ros']
[0.463s] Level 1:colcon.colcon_core.package_identification:_identify(ir_2526/ir_desription) by extension 'ros'
[0.464s] DEBUG:colcon.colcon_core.package_identification:Package 'ir_2526/ir_desription' with type 'ros.ament_cmake' and name 'ir_desription'
[0.464s] Level 1:colcon.colcon_core.package_identification:_identify(ir_2526/ir_launch) by extensions ['ignore', 'ignore_ament_install']
[0.464s] Level 1:colcon.colcon_core.package_identification:_identify(ir_2526/ir_launch) by extension 'ignore'
[0.464s] Level 1:colcon.colcon_core.package_identification:_identify(ir_2526/ir_launch) by extension 'ignore_ament_install'
[0.464s] Level 1:colcon.colcon_core.package_identification:_identify(ir_2526/ir_launch) by extensions ['colcon_pkg']
[0.464s] Level 1:colcon.colcon_core.package_identification:_identify(ir_2526/ir_launch) by extension 'colcon_pkg'
[0.464s] Level 1:colcon.colcon_core.package_identification:_identify(ir_2526/ir_launch) by extensions ['colcon_meta']
[0.464s] Level 1:colcon.colcon_core.package_identification:_identify(ir_2526/ir_launch) by extension 'colcon_meta'
[0.464s] Level 1:colcon.colcon_core.package_identification:_identify(ir_2526/ir_launch) by extensions ['ros']
[0.464s] Level 1:colcon.colcon_core.package_identification:_identify(ir_2526/ir_launch) by extension 'ros'
[0.465s] DEBUG:colcon.colcon_core.package_identification:Package 'ir_2526/ir_launch' with type 'ros.ament_cmake' and name 'ir_launch'
[0.465s] Level 1:colcon.colcon_core.package_identification:_identify(ir_2526/ir_movit_config) by extensions ['ignore', 'ignore_ament_install']
[0.465s] Level 1:colcon.colcon_core.package_identification:_identify(ir_2526/ir_movit_config) by extension 'ignore'
[0.465s] Level 1:colcon.colcon_core.package_identification:_identify(ir_2526/ir_movit_config) by extension 'ignore_ament_install'
[0.465s] Level 1:colcon.colcon_core.package_identification:_identify(ir_2526/ir_movit_config) by extensions ['colcon_pkg']
[0.465s] Level 1:colcon.colcon_core.package_identification:_identify(ir_2526/ir_movit_config) by extension 'colcon_pkg'
[0.465s] Level 1:colcon.colcon_core.package_identification:_identify(ir_2526/ir_movit_config) by extensions ['colcon_meta']
[0.465s] Level 1:colcon.colcon_core.package_identification:_identify(ir_2526/ir_movit_config) by extension 'colcon_meta'
[0.465s] Level 1:colcon.colcon_core.package_identification:_identify(ir_2526/ir_movit_config) by extensions ['ros']
[0.465s] Level 1:colcon.colcon_core.package_identification:_identify(ir_2526/ir_movit_config) by extension 'ros'
[0.466s] DEBUG:colcon.colcon_core.package_identification:Package 'ir_2526/ir_movit_config' with type 'ros.ament_cmake' and name 'ir_movit_config'
[0.466s] Level 1:colcon.colcon_core.package_identification:_identify(ir_2526/log) by extensions ['ignore', 'ignore_ament_install']
[0.466s] Level 1:colcon.colcon_core.package_identification:_identify(ir_2526/log) by extension 'ignore'
[0.466s] Level 1:colcon.colcon_core.package_identification:_identify(ir_2526/log) ignored
[0.466s] Level 1:colcon.colcon_core.package_identification:_identify(log) by extensions ['ignore', 'ignore_ament_install']
[0.467s] Level 1:colcon.colcon_core.package_identification:_identify(log) by extension 'ignore'
[0.467s] Level 1:colcon.colcon_core.package_identification:_identify(log) ignored
[0.467s] Level 1:colcon.colcon_core.package_discovery:discover_packages(recursive) using defaults
[0.467s] Level 1:colcon.colcon_core.package_discovery:discover_packages(ignore) discover
[0.467s] Level 1:colcon.colcon_core.package_discovery:discover_packages(ignore) using defaults
[0.467s] Level 1:colcon.colcon_core.package_discovery:discover_packages(path) discover
[0.467s] Level 1:colcon.colcon_core.package_discovery:discover_packages(path) using defaults
[0.495s] Level 1:colcon.colcon_core.package_discovery:discover_packages(prefix_path) check parameters
[0.495s] Level 1:colcon.colcon_core.package_discovery:discover_packages(prefix_path) discover
[0.501s] DEBUG:colcon.colcon_installed_package_information.package_discovery:Found 472 installed packages in /opt/ros/jazzy
[0.502s] Level 1:colcon.colcon_core.package_discovery:discover_packages(prefix_path) using defaults
[0.568s] Level 5:colcon.colcon_core.verb:set package 'apriltag_ros' build argument 'cmake_args' from command line to 'None'
[0.568s] Level 5:colcon.colcon_core.verb:set package 'apriltag_ros' build argument 'cmake_target' from command line to 'None'
[0.568s] Level 5:colcon.colcon_core.verb:set package 'apriltag_ros' build argument 'cmake_target_skip_unavailable' from command line to 'False'
[0.568s] Level 5:colcon.colcon_core.verb:set package 'apriltag_ros' build argument 'cmake_clean_cache' from command line to 'False'
[0.568s] Level 5:colcon.colcon_core.verb:set package 'apriltag_ros' build argument 'cmake_clean_first' from command line to 'False'
[0.568s] Level 5:colcon.colcon_core.verb:set package 'apriltag_ros' build argument 'cmake_force_configure' from command line to 'False'
[0.568s] Level 5:colcon.colcon_core.verb:set package 'apriltag_ros' build argument 'ament_cmake_args' from command line to 'None'
[0.568s] Level 5:colcon.colcon_core.verb:set package 'apriltag_ros' build argument 'catkin_cmake_args' from command line to 'None'
[0.568s] Level 5:colcon.colcon_core.verb:set package 'apriltag_ros' build argument 'catkin_skip_building_tests' from command line to 'False'
[0.568s] DEBUG:colcon.colcon_core.verb:Building package 'apriltag_ros' with the following arguments: {'ament_cmake_args': None, 'build_base': '/home/michele-zarantonello/ws_32_assignments/src/build/apriltag_ros', 'catkin_cmake_args': None, 'catkin_skip_building_tests': False, 'cmake_args': None, 'cmake_clean_cache': False, 'cmake_clean_first': False, 'cmake_force_configure': False, 'cmake_target': None, 'cmake_target_skip_unavailable': False, 'install_base': '/home/michele-zarantonello/ws_32_assignments/src/install/apriltag_ros', 'merge_install': False, 'path': '/home/michele-zarantonello/ws_32_assignments/src/ir_2526/apriltag_ros', 'symlink_install': False, 'test_result_base': None}
[0.569s] Level 5:colcon.colcon_core.verb:set package 'group_32_apriltag' build argument 'cmake_args' from command line to 'None'
[0.569s] Level 5:colcon.colcon_core.verb:set package 'group_32_apriltag' build argument 'cmake_target' from command line to 'None'
[0.569s] Level 5:colcon.colcon_core.verb:set package 'group_32_apriltag' build argument 'cmake_target_skip_unavailable' from command line to 'False'
[0.569s] Level 5:colcon.colcon_core.verb:set package 'group_32_apriltag' build argument 'cmake_clean_cache' from command line to 'False'
[0.569s] Level 5:colcon.colcon_core.verb:set package 'group_32_apriltag' build argument 'cmake_clean_first' from command line to 'False'
[0.569s] Level 5:colcon.colcon_core.verb:set package 'group_32_apriltag' build argument 'cmake_force_configure' from command line to 'False'
[0.569s] Level 5:colcon.colcon_core.verb:set package 'group_32_apriltag' build argument 'ament_cmake_args' from command line to 'None'
[0.569s] Level 5:colcon.colcon_core.verb:set package 'group_32_apriltag' build argument 'catkin_cmake_args' from command line to 'None'
[0.569s] Level 5:colcon.colcon_core.verb:set package 'group_32_apriltag' build argument 'catkin_skip_building_tests' from command line to 'False'
[0.569s] DEBUG:colcon.colcon_core.verb:Building package 'group_32_apriltag' with the following arguments: {'ament_cmake_args': None, 'build_base': '/home/michele-zarantonello/ws_32_assignments/src/build/group_32_apriltag', 'catkin_cmake_args': None, 'catkin_skip_building_tests': False, 'cmake_args': None, 'cmake_clean_cache': False, 'cmake_clean_first': False, 'cmake_force_configure': False, 'cmake_target': None, 'cmake_target_skip_unavailable': False, 'install_base': '/home/michele-zarantonello/ws_32_assignments/src/install/group_32_apriltag', 'merge_install': False, 'path': '/home/michele-zarantonello/ws_32_assignments/src/group_32_apriltag', 'symlink_install': False, 'test_result_base': None}
[0.569s] Level 5:colcon.colcon_core.verb:set package 'group_32_assignment_1' build argument 'cmake_args' from command line to 'None'
[0.569s] Level 5:colcon.colcon_core.verb:set package 'group_32_assignment_1' build argument 'cmake_target' from command line to 'None'
[0.569s] Level 5:colcon.colcon_core.verb:set package 'group_32_assignment_1' build argument 'cmake_target_skip_unavailable' from command line to 'False'
[0.569s] Level 5:colcon.colcon_core.verb:set package 'group_32_assignment_1' build argument 'cmake_clean_cache' from command line to 'False'
[0.569s] Level 5:colcon.colcon_core.verb:set package 'group_32_assignment_1' build argument 'cmake_clean_first' from command line to 'False'
[0.569s] Level 5:colcon.colcon_core.verb:set package 'group_32_assignment_1' build argument 'cmake_force_configure' from command line to 'False'
[0.569s] Level 5:colcon.colcon_core.verb:set package 'group_32_assignment_1' build argument 'ament_cmake_args' from command line to 'None'
[0.569s] Level 5:colcon.colcon_core.verb:set package 'group_32_assignment_1' build argument 'catkin_cmake_args' from command line to 'None'
[0.569s] Level 5:colcon.colcon_core.verb:set package 'group_32_assignment_1' build argument 'catkin_skip_building_tests' from command line to 'False'
[0.569s] DEBUG:colcon.colcon_core.verb:Building package 'group_32_assignment_1' with the following arguments: {'ament_cmake_args': None, 'build_base': '/home/michele-zarantonello/ws_32_assignments/src/build/group_32_assignment_1', 'catkin_cmake_args': None, 'catkin_skip_building_tests': False, 'cmake_args': None, 'cmake_clean_cache': False, 'cmake_clean_first': False, 'cmake_force_configure': False, 'cmake_target': None, 'cmake_target_skip_unavailable': False, 'install_base': '/home/michele-zarantonello/ws_32_assignments/src/install/group_32_assignment_1', 'merge_install': False, 'path': '/home/michele-zarantonello/ws_32_assignments/src/group_32_assignment_1', 'symlink_install': False, 'test_result_base': None}
[0.570s] Level 5:colcon.colcon_core.verb:set package 'ir_base' build argument 'cmake_args' from command line to 'None'
[0.570s] Level 5:colcon.colcon_core.verb:set package 'ir_base' build argument 'cmake_target' from command line to 'None'
[0.570s] Level 5:colcon.colcon_core.verb:set package 'ir_base' build argument 'cmake_target_skip_unavailable' from command line to 'False'
[0.570s] Level 5:colcon.colcon_core.verb:set package 'ir_base' build argument 'cmake_clean_cache' from command line to 'False'
[0.570s] Level 5:colcon.colcon_core.verb:set package 'ir_base' build argument 'cmake_clean_first' from command line to 'False'
[0.570s] Level 5:colcon.colcon_core.verb:set package 'ir_base' build argument 'cmake_force_configure' from command line to 'False'
[0.570s] Level 5:colcon.colcon_core.verb:set package 'ir_base' build argument 'ament_cmake_args' from command line to 'None'
[0.570s] Level 5:colcon.colcon_core.verb:set package 'ir_base' build argument 'catkin_cmake_args' from command line to 'None'
[0.570s] Level 5:colcon.colcon_core.verb:set package 'ir_base' build argument 'catkin_skip_building_tests' from command line to 'False'
[0.570s] DEBUG:colcon.colcon_core.verb:Building package 'ir_base' with the following arguments: {'ament_cmake_args': None, 'build_base': '/home/michele-zarantonello/ws_32_assignments/src/build/ir_base', 'catkin_cmake_args': None, 'catkin_skip_building_tests': False, 'cmake_args': None, 'cmake_clean_cache': False, 'cmake_clean_first': False, 'cmake_force_configure': False, 'cmake_target': None, 'cmake_target_skip_unavailable': False, 'install_base': '/home/michele-zarantonello/ws_32_assignments/src/install/ir_base', 'merge_install': False, 'path': '/home/michele-zarantonello/ws_32_assignments/src/ir_2526/ir_base', 'symlink_install': False, 'test_result_base': None}
[0.570s] Level 5:colcon.colcon_core.verb:set package 'ir_desription' build argument 'cmake_args' from command line to 'None'
[0.570s] Level 5:colcon.colcon_core.verb:set package 'ir_desription' build argument 'cmake_target' from command line to 'None'
[0.570s] Level 5:colcon.colcon_core.verb:set package 'ir_desription' build argument 'cmake_target_skip_unavailable' from command line to 'False'
[0.570s] Level 5:colcon.colcon_core.verb:set package 'ir_desription' build argument 'cmake_clean_cache' from command line to 'False'
[0.570s] Level 5:colcon.colcon_core.verb:set package 'ir_desription' build argument 'cmake_clean_first' from command line to 'False'
[0.570s] Level 5:colcon.colcon_core.verb:set package 'ir_desription' build argument 'cmake_force_configure' from command line to 'False'
[0.570s] Level 5:colcon.colcon_core.verb:set package 'ir_desription' build argument 'ament_cmake_args' from command line to 'None'
[0.570s] Level 5:colcon.colcon_core.verb:set package 'ir_desription' build argument 'catkin_cmake_args' from command line to 'None'
[0.570s] Level 5:colcon.colcon_core.verb:set package 'ir_desription' build argument 'catkin_skip_building_tests' from command line to 'False'
[0.570s] DEBUG:colcon.colcon_core.verb:Building package 'ir_desription' with the following arguments: {'ament_cmake_args': None, 'build_base': '/home/michele-zarantonello/ws_32_assignments/src/build/ir_desription', 'catkin_cmake_args': None, 'catkin_skip_building_tests': False, 'cmake_args': None, 'cmake_clean_cache': False, 'cmake_clean_first': False, 'cmake_force_configure': False, 'cmake_target': None, 'cmake_target_skip_unavailable': False, 'install_base': '/home/michele-zarantonello/ws_32_assignments/src/install/ir_desription', 'merge_install': False, 'path': '/home/michele-zarantonello/ws_32_assignments/src/ir_2526/ir_desription', 'symlink_install': False, 'test_result_base': None}
[0.571s] Level 5:colcon.colcon_core.verb:set package 'ir_launch' build argument 'cmake_args' from command line to 'None'
[0.571s] Level 5:colcon.colcon_core.verb:set package 'ir_launch' build argument 'cmake_target' from command line to 'None'
[0.571s] Level 5:colcon.colcon_core.verb:set package 'ir_launch' build argument 'cmake_target_skip_unavailable' from command line to 'False'
[0.571s] Level 5:colcon.colcon_core.verb:set package 'ir_launch' build argument 'cmake_clean_cache' from command line to 'False'
[0.571s] Level 5:colcon.colcon_core.verb:set package 'ir_launch' build argument 'cmake_clean_first' from command line to 'False'
[0.571s] Level 5:colcon.colcon_core.verb:set package 'ir_launch' build argument 'cmake_force_configure' from command line to 'False'
[0.571s] Level 5:colcon.colcon_core.verb:set package 'ir_launch' build argument 'ament_cmake_args' from command line to 'None'
[0.571s] Level 5:colcon.colcon_core.verb:set package 'ir_launch' build argument 'catkin_cmake_args' from command line to 'None'
[0.571s] Level 5:colcon.colcon_core.verb:set package 'ir_launch' build argument 'catkin_skip_building_tests' from command line to 'False'
[0.571s] DEBUG:colcon.colcon_core.verb:Building package 'ir_launch' with the following arguments: {'ament_cmake_args': None, 'build_base': '/home/michele-zarantonello/ws_32_assignments/src/build/ir_launch', 'catkin_cmake_args': None, 'catkin_skip_building_tests': False, 'cmake_args': None, 'cmake_clean_cache': False, 'cmake_clean_first': False, 'cmake_force_configure': False, 'cmake_target': None, 'cmake_target_skip_unavailable': False, 'install_base': '/home/michele-zarantonello/ws_32_assignments/src/install/ir_launch', 'merge_install': False, 'path': '/home/michele-zarantonello/ws_32_assignments/src/ir_2526/ir_launch', 'symlink_install': False, 'test_result_base': None}
[0.571s] Level 5:colcon.colcon_core.verb:set package 'ir_movit_config' build argument 'cmake_args' from command line to 'None'
[0.571s] Level 5:colcon.colcon_core.verb:set package 'ir_movit_config' build argument 'cmake_target' from command line to 'None'
[0.571s] Level 5:colcon.colcon_core.verb:set package 'ir_movit_config' build argument 'cmake_target_skip_unavailable' from command line to 'False'
[0.571s] Level 5:colcon.colcon_core.verb:set package 'ir_movit_config' build argument 'cmake_clean_cache' from command line to 'False'
[0.571s] Level 5:colcon.colcon_core.verb:set package 'ir_movit_config' build argument 'cmake_clean_first' from command line to 'False'
[0.571s] Level 5:colcon.colcon_core.verb:set package 'ir_movit_config' build argument 'cmake_force_configure' from command line to 'False'
[0.571s] Level 5:colcon.colcon_core.verb:set package 'ir_movit_config' build argument 'ament_cmake_args' from command line to 'None'
[0.571s] Level 5:colcon.colcon_core.verb:set package 'ir_movit_config' build argument 'catkin_cmake_args' from command line to 'None'
[0.571s] Level 5:colcon.colcon_core.verb:set package 'ir_movit_config' build argument 'catkin_skip_building_tests' from command line to 'False'
[0.571s] DEBUG:colcon.colcon_core.verb:Building package 'ir_movit_config' with the following arguments: {'ament_cmake_args': None, 'build_base': '/home/michele-zarantonello/ws_32_assignments/src/build/ir_movit_config', 'catkin_cmake_args': None, 'catkin_skip_building_tests': False, 'cmake_args': None, 'cmake_clean_cache': False, 'cmake_clean_first': False, 'cmake_force_configure': False, 'cmake_target': None, 'cmake_target_skip_unavailable': False, 'install_base': '/home/michele-zarantonello/ws_32_assignments/src/install/ir_movit_config', 'merge_install': False, 'path': '/home/michele-zarantonello/ws_32_assignments/src/ir_2526/ir_movit_config', 'symlink_install': False, 'test_result_base': None}
[0.571s] INFO:colcon.colcon_core.executor:Executing jobs using 'parallel' executor
[0.572s] DEBUG:colcon.colcon_parallel_executor.executor.parallel:run_until_complete
[0.573s] INFO:colcon.colcon_ros.task.ament_cmake.build:Building ROS package in '/home/michele-zarantonello/ws_32_assignments/src/ir_2526/ir_desription' with build type 'ament_cmake'
[0.573s] INFO:colcon.colcon_cmake.task.cmake.build:Building CMake package in '/home/michele-zarantonello/ws_32_assignments/src/ir_2526/ir_desription'
[0.578s] INFO:colcon.colcon_core.plugin_system:Skipping extension 'colcon_core.shell.bat': Not used on non-Windows systems
[0.578s] INFO:colcon.colcon_core.shell:Skip shell extension 'powershell' for command environment: Not usable outside of PowerShell
[0.578s] DEBUG:colcon.colcon_core.shell:Skip shell extension 'dsv' for command environment
[0.582s] INFO:colcon.colcon_ros.task.ament_cmake.build:Building ROS package in '/home/michele-zarantonello/ws_32_assignments/src/ir_2526/apriltag_ros' with build type 'ament_cmake'
[0.582s] INFO:colcon.colcon_cmake.task.cmake.build:Building CMake package in '/home/michele-zarantonello/ws_32_assignments/src/ir_2526/apriltag_ros'
[0.582s] INFO:colcon.colcon_core.shell:Skip shell extension 'powershell' for command environment: Not usable outside of PowerShell
[0.582s] DEBUG:colcon.colcon_core.shell:Skip shell extension 'dsv' for command environment
[0.586s] INFO:colcon.colcon_ros.task.ament_cmake.build:Building ROS package in '/home/michele-zarantonello/ws_32_assignments/src/group_32_apriltag' with build type 'ament_cmake'
[0.586s] INFO:colcon.colcon_cmake.task.cmake.build:Building CMake package in '/home/michele-zarantonello/ws_32_assignments/src/group_32_apriltag'
[0.586s] INFO:colcon.colcon_core.shell:Skip shell extension 'powershell' for command environment: Not usable outside of PowerShell
[0.586s] DEBUG:colcon.colcon_core.shell:Skip shell extension 'dsv' for command environment
[0.614s] INFO:colcon.colcon_ros.task.ament_cmake.build:Building ROS package in '/home/michele-zarantonello/ws_32_assignments/src/group_32_assignment_1' with build type 'ament_cmake'
[0.614s] INFO:colcon.colcon_cmake.task.cmake.build:Building CMake package in '/home/michele-zarantonello/ws_32_assignments/src/group_32_assignment_1'
[0.614s] INFO:colcon.colcon_core.shell:Skip shell extension 'powershell' for command environment: Not usable outside of PowerShell
[0.614s] DEBUG:colcon.colcon_core.shell:Skip shell extension 'dsv' for command environment
[0.619s] INFO:colcon.colcon_ros.task.ament_cmake.build:Building ROS package in '/home/michele-zarantonello/ws_32_assignments/src/ir_2526/ir_base' with build type 'ament_cmake'
[0.619s] INFO:colcon.colcon_cmake.task.cmake.build:Building CMake package in '/home/michele-zarantonello/ws_32_assignments/src/ir_2526/ir_base'
[0.619s] INFO:colcon.colcon_core.shell:Skip shell extension 'powershell' for command environment: Not usable outside of PowerShell
[0.619s] DEBUG:colcon.colcon_core.shell:Skip shell extension 'dsv' for command environment
[0.624s] INFO:colcon.colcon_ros.task.ament_cmake.build:Building ROS package in '/home/michele-zarantonello/ws_32_assignments/src/ir_2526/ir_launch' with build type 'ament_cmake'
[0.625s] INFO:colcon.colcon_cmake.task.cmake.build:Building CMake package in '/home/michele-zarantonello/ws_32_assignments/src/ir_2526/ir_launch'
[0.625s] INFO:colcon.colcon_core.shell:Skip shell extension 'powershell' for command environment: Not usable outside of PowerShell
[0.625s] DEBUG:colcon.colcon_core.shell:Skip shell extension 'dsv' for command environment
[0.635s] DEBUG:colcon.colcon_core.event_handler.log_command:Invoking command in '/home/michele-zarantonello/ws_32_assignments/src/build/ir_desription': CMAKE_PREFIX_PATH=${CMAKE_PREFIX_PATH}:/opt/ros/jazzy DEBUGINFOD_URLS=https://debuginfod.ubuntu.com /usr/bin/cmake /home/michele-zarantonello/ws_32_assignments/src/ir_2526/ir_desription -DCMAKE_INSTALL_PREFIX=/home/michele-zarantonello/ws_32_assignments/src/install/ir_desription
[0.641s] DEBUG:colcon.colcon_core.event_handler.log_command:Invoking command in '/home/michele-zarantonello/ws_32_assignments/src/build/apriltag_ros': CMAKE_PREFIX_PATH=${CMAKE_PREFIX_PATH}:/opt/ros/jazzy DEBUGINFOD_URLS=https://debuginfod.ubuntu.com /usr/bin/cmake /home/michele-zarantonello/ws_32_assignments/src/ir_2526/apriltag_ros -DCMAKE_INSTALL_PREFIX=/home/michele-zarantonello/ws_32_assignments/src/install/apriltag_ros
[0.644s] DEBUG:colcon.colcon_core.event_handler.log_command:Invoking command in '/home/michele-zarantonello/ws_32_assignments/src/build/group_32_apriltag': CMAKE_PREFIX_PATH=${CMAKE_PREFIX_PATH}:/opt/ros/jazzy DEBUGINFOD_URLS=https://debuginfod.ubuntu.com /usr/bin/cmake /home/michele-zarantonello/ws_32_assignments/src/group_32_apriltag -DCMAKE_INSTALL_PREFIX=/home/michele-zarantonello/ws_32_assignments/src/install/group_32_apriltag
[0.646s] DEBUG:colcon.colcon_core.event_handler.log_command:Invoking command in '/home/michele-zarantonello/ws_32_assignments/src/build/group_32_assignment_1': CMAKE_PREFIX_PATH=${CMAKE_PREFIX_PATH}:/opt/ros/jazzy DEBUGINFOD_URLS=https://debuginfod.ubuntu.com /usr/bin/cmake /home/michele-zarantonello/ws_32_assignments/src/group_32_assignment_1 -DCMAKE_INSTALL_PREFIX=/home/michele-zarantonello/ws_32_assignments/src/install/group_32_assignment_1
[0.649s] DEBUG:colcon.colcon_core.event_handler.log_command:Invoking command in '/home/michele-zarantonello/ws_32_assignments/src/build/ir_base': CMAKE_PREFIX_PATH=${CMAKE_PREFIX_PATH}:/opt/ros/jazzy DEBUGINFOD_URLS=https://debuginfod.ubuntu.com /usr/bin/cmake /home/michele-zarantonello/ws_32_assignments/src/ir_2526/ir_base -DCMAKE_INSTALL_PREFIX=/home/michele-zarantonello/ws_32_assignments/src/install/ir_base
[0.664s] DEBUG:colcon.colcon_core.event_handler.log_command:Invoking command in '/home/michele-zarantonello/ws_32_assignments/src/build/ir_launch': CMAKE_PREFIX_PATH=${CMAKE_PREFIX_PATH}:/opt/ros/jazzy DEBUGINFOD_URLS=https://debuginfod.ubuntu.com /usr/bin/cmake /home/michele-zarantonello/ws_32_assignments/src/ir_2526/ir_launch -DCMAKE_INSTALL_PREFIX=/home/michele-zarantonello/ws_32_assignments/src/install/ir_launch
[2.412s] DEBUG:colcon.colcon_core.event_handler.log_command:Invoked command in '/home/michele-zarantonello/ws_32_assignments/src/build/ir_desription' returned '0': CMAKE_PREFIX_PATH=${CMAKE_PREFIX_PATH}:/opt/ros/jazzy DEBUGINFOD_URLS=https://debuginfod.ubuntu.com /usr/bin/cmake /home/michele-zarantonello/ws_32_assignments/src/ir_2526/ir_desription -DCMAKE_INSTALL_PREFIX=/home/michele-zarantonello/ws_32_assignments/src/install/ir_desription
[2.413s] DEBUG:colcon.colcon_core.event_handler.log_command:Invoking command in '/home/michele-zarantonello/ws_32_assignments/src/build/ir_desription': CMAKE_PREFIX_PATH=${CMAKE_PREFIX_PATH}:/opt/ros/jazzy DEBUGINFOD_URLS=https://debuginfod.ubuntu.com /usr/bin/cmake --build /home/michele-zarantonello/ws_32_assignments/src/build/ir_desription -- -j8 -l8
[2.414s] DEBUG:colcon.colcon_core.event_handler.log_command:Invoked command in '/home/michele-zarantonello/ws_32_assignments/src/build/group_32_assignment_1' returned '0': CMAKE_PREFIX_PATH=${CMAKE_PREFIX_PATH}:/opt/ros/jazzy DEBUGINFOD_URLS=https://debuginfod.ubuntu.com /usr/bin/cmake /home/michele-zarantonello/ws_32_assignments/src/group_32_assignment_1 -DCMAKE_INSTALL_PREFIX=/home/michele-zarantonello/ws_32_assignments/src/install/group_32_assignment_1
[2.416s] DEBUG:colcon.colcon_core.event_handler.log_command:Invoking command in '/home/michele-zarantonello/ws_32_assignments/src/build/group_32_assignment_1': CMAKE_PREFIX_PATH=${CMAKE_PREFIX_PATH}:/opt/ros/jazzy DEBUGINFOD_URLS=https://debuginfod.ubuntu.com /usr/bin/cmake --build /home/michele-zarantonello/ws_32_assignments/src/build/group_32_assignment_1 -- -j8 -l8
[2.417s] DEBUG:colcon.colcon_core.event_handler.log_command:Invoked command in '/home/michele-zarantonello/ws_32_assignments/src/build/group_32_apriltag' returned '0': CMAKE_PREFIX_PATH=${CMAKE_PREFIX_PATH}:/opt/ros/jazzy DEBUGINFOD_URLS=https://debuginfod.ubuntu.com /usr/bin/cmake /home/michele-zarantonello/ws_32_assignments/src/group_32_apriltag -DCMAKE_INSTALL_PREFIX=/home/michele-zarantonello/ws_32_assignments/src/install/group_32_apriltag
[2.418s] DEBUG:colcon.colcon_core.event_handler.log_command:Invoking command in '/home/michele-zarantonello/ws_32_assignments/src/build/group_32_apriltag': CMAKE_PREFIX_PATH=${CMAKE_PREFIX_PATH}:/opt/ros/jazzy DEBUGINFOD_URLS=https://debuginfod.ubuntu.com /usr/bin/cmake --build /home/michele-zarantonello/ws_32_assignments/src/build/group_32_apriltag -- -j8 -l8
[2.420s] DEBUG:colcon.colcon_core.event_handler.log_command:Invoked command in '/home/michele-zarantonello/ws_32_assignments/src/build/ir_launch' returned '0': CMAKE_PREFIX_PATH=${CMAKE_PREFIX_PATH}:/opt/ros/jazzy DEBUGINFOD_URLS=https://debuginfod.ubuntu.com /usr/bin/cmake /home/michele-zarantonello/ws_32_assignments/src/ir_2526/ir_launch -DCMAKE_INSTALL_PREFIX=/home/michele-zarantonello/ws_32_assignments/src/install/ir_launch
[2.423s] DEBUG:colcon.colcon_core.event_handler.log_command:Invoking command in '/home/michele-zarantonello/ws_32_assignments/src/build/ir_launch': CMAKE_PREFIX_PATH=${CMAKE_PREFIX_PATH}:/opt/ros/jazzy DEBUGINFOD_URLS=https://debuginfod.ubuntu.com /usr/bin/cmake --build /home/michele-zarantonello/ws_32_assignments/src/build/ir_launch -- -j8 -l8
[2.442s] DEBUG:colcon.colcon_core.event_handler.log_command:Invoked command in '/home/michele-zarantonello/ws_32_assignments/src/build/ir_base' returned '0': CMAKE_PREFIX_PATH=${CMAKE_PREFIX_PATH}:/opt/ros/jazzy DEBUGINFOD_URLS=https://debuginfod.ubuntu.com /usr/bin/cmake /home/michele-zarantonello/ws_32_assignments/src/ir_2526/ir_base -DCMAKE_INSTALL_PREFIX=/home/michele-zarantonello/ws_32_assignments/src/install/ir_base
[2.443s] DEBUG:colcon.colcon_core.event_handler.log_command:Invoking command in '/home/michele-zarantonello/ws_32_assignments/src/build/ir_base': CMAKE_PREFIX_PATH=${CMAKE_PREFIX_PATH}:/opt/ros/jazzy DEBUGINFOD_URLS=https://debuginfod.ubuntu.com /usr/bin/cmake --build /home/michele-zarantonello/ws_32_assignments/src/build/ir_base -- -j8 -l8
[2.472s] DEBUG:colcon.colcon_core.event_handler.log_command:Invoked command in '/home/michele-zarantonello/ws_32_assignments/src/build/group_32_assignment_1' returned '0': CMAKE_PREFIX_PATH=${CMAKE_PREFIX_PATH}:/opt/ros/jazzy DEBUGINFOD_URLS=https://debuginfod.ubuntu.com /usr/bin/cmake --build /home/michele-zarantonello/ws_32_assignments/src/build/group_32_assignment_1 -- -j8 -l8
[2.483s] DEBUG:colcon.colcon_core.event_handler.log_command:Invoking command in '/home/michele-zarantonello/ws_32_assignments/src/build/group_32_assignment_1': CMAKE_PREFIX_PATH=${CMAKE_PREFIX_PATH}:/opt/ros/jazzy DEBUGINFOD_URLS=https://debuginfod.ubuntu.com /usr/bin/cmake --install /home/michele-zarantonello/ws_32_assignments/src/build/group_32_assignment_1
[2.484s] DEBUG:colcon.colcon_core.event_handler.log_command:Invoked command in '/home/michele-zarantonello/ws_32_assignments/src/build/ir_desription' returned '0': CMAKE_PREFIX_PATH=${CMAKE_PREFIX_PATH}:/opt/ros/jazzy DEBUGINFOD_URLS=https://debuginfod.ubuntu.com /usr/bin/cmake --build /home/michele-zarantonello/ws_32_assignments/src/build/ir_desription -- -j8 -l8
[2.486s] DEBUG:colcon.colcon_core.event_handler.log_command:Invoking command in '/home/michele-zarantonello/ws_32_assignments/src/build/ir_desription': CMAKE_PREFIX_PATH=${CMAKE_PREFIX_PATH}:/opt/ros/jazzy DEBUGINFOD_URLS=https://debuginfod.ubuntu.com /usr/bin/cmake --install /home/michele-zarantonello/ws_32_assignments/src/build/ir_desription
[2.486s] DEBUG:colcon.colcon_core.event_handler.log_command:Invoked command in '/home/michele-zarantonello/ws_32_assignments/src/build/group_32_apriltag' returned '0': CMAKE_PREFIX_PATH=${CMAKE_PREFIX_PATH}:/opt/ros/jazzy DEBUGINFOD_URLS=https://debuginfod.ubuntu.com /usr/bin/cmake --build /home/michele-zarantonello/ws_32_assignments/src/build/group_32_apriltag -- -j8 -l8
[2.491s] DEBUG:colcon.colcon_core.event_handler.log_command:Invoking command in '/home/michele-zarantonello/ws_32_assignments/src/build/group_32_apriltag': CMAKE_PREFIX_PATH=${CMAKE_PREFIX_PATH}:/opt/ros/jazzy DEBUGINFOD_URLS=https://debuginfod.ubuntu.com /usr/bin/cmake --install /home/michele-zarantonello/ws_32_assignments/src/build/group_32_apriltag
[2.493s] DEBUG:colcon.colcon_core.event_handler.log_command:Invoked command in '/home/michele-zarantonello/ws_32_assignments/src/build/ir_launch' returned '0': CMAKE_PREFIX_PATH=${CMAKE_PREFIX_PATH}:/opt/ros/jazzy DEBUGINFOD_URLS=https://debuginfod.ubuntu.com /usr/bin/cmake --build /home/michele-zarantonello/ws_32_assignments/src/build/ir_launch -- -j8 -l8
[2.494s] DEBUG:colcon.colcon_core.event_handler.log_command:Invoking command in '/home/michele-zarantonello/ws_32_assignments/src/build/ir_launch': CMAKE_PREFIX_PATH=${CMAKE_PREFIX_PATH}:/opt/ros/jazzy DEBUGINFOD_URLS=https://debuginfod.ubuntu.com /usr/bin/cmake --install /home/michele-zarantonello/ws_32_assignments/src/build/ir_launch
[2.499s] DEBUG:colcon.colcon_core.event_handler.log_command:Invoked command in '/home/michele-zarantonello/ws_32_assignments/src/build/ir_base' returned '0': CMAKE_PREFIX_PATH=${CMAKE_PREFIX_PATH}:/opt/ros/jazzy DEBUGINFOD_URLS=https://debuginfod.ubuntu.com /usr/bin/cmake --build /home/michele-zarantonello/ws_32_assignments/src/build/ir_base -- -j8 -l8
[2.508s] DEBUG:colcon.colcon_core.event_handler.log_command:Invoking command in '/home/michele-zarantonello/ws_32_assignments/src/build/ir_base': CMAKE_PREFIX_PATH=${CMAKE_PREFIX_PATH}:/opt/ros/jazzy DEBUGINFOD_URLS=https://debuginfod.ubuntu.com /usr/bin/cmake --install /home/michele-zarantonello/ws_32_assignments/src/build/ir_base
[2.510s] Level 1:colcon.colcon_core.environment:create_environment_scripts_only(group_32_assignment_1)
[2.522s] DEBUG:colcon.colcon_core.event_handler.log_command:Invoked command in '/home/michele-zarantonello/ws_32_assignments/src/build/group_32_assignment_1' returned '0': CMAKE_PREFIX_PATH=${CMAKE_PREFIX_PATH}:/opt/ros/jazzy DEBUGINFOD_URLS=https://debuginfod.ubuntu.com /usr/bin/cmake --install /home/michele-zarantonello/ws_32_assignments/src/build/group_32_assignment_1
[2.539s] Level 1:colcon.colcon_core.environment:checking '/home/michele-zarantonello/ws_32_assignments/src/install/group_32_assignment_1' for CMake module files
[2.542s] Level 1:colcon.colcon_core.environment:checking '/home/michele-zarantonello/ws_32_assignments/src/install/group_32_assignment_1' for CMake config files
[2.545s] Level 1:colcon.colcon_core.shell:create_environment_hook('group_32_assignment_1', 'cmake_prefix_path')
[2.545s] INFO:colcon.colcon_core.shell:Creating environment hook '/home/michele-zarantonello/ws_32_assignments/src/install/group_32_assignment_1/share/group_32_assignment_1/hook/cmake_prefix_path.ps1'
[2.547s] INFO:colcon.colcon_core.shell:Creating environment descriptor '/home/michele-zarantonello/ws_32_assignments/src/install/group_32_assignment_1/share/group_32_assignment_1/hook/cmake_prefix_path.dsv'
[2.549s] INFO:colcon.colcon_core.shell:Creating environment hook '/home/michele-zarantonello/ws_32_assignments/src/install/group_32_assignment_1/share/group_32_assignment_1/hook/cmake_prefix_path.sh'
[2.553s] Level 1:colcon.colcon_core.environment:checking '/home/michele-zarantonello/ws_32_assignments/src/install/group_32_assignment_1/bin'
[2.553s] Level 1:colcon.colcon_core.environment:checking '/home/michele-zarantonello/ws_32_assignments/src/install/group_32_assignment_1/lib/pkgconfig/group_32_assignment_1.pc'
[2.554s] Level 1:colcon.colcon_core.environment:checking '/home/michele-zarantonello/ws_32_assignments/src/install/group_32_assignment_1/lib/python3.12/site-packages'
[2.555s] Level 1:colcon.colcon_core.environment:checking '/home/michele-zarantonello/ws_32_assignments/src/install/group_32_assignment_1/bin'
[2.555s] INFO:colcon.colcon_core.shell:Creating package script '/home/michele-zarantonello/ws_32_assignments/src/install/group_32_assignment_1/share/group_32_assignment_1/package.ps1'
[2.558s] INFO:colcon.colcon_core.shell:Creating package descriptor '/home/michele-zarantonello/ws_32_assignments/src/install/group_32_assignment_1/share/group_32_assignment_1/package.dsv'
[2.560s] INFO:colcon.colcon_core.shell:Creating package script '/home/michele-zarantonello/ws_32_assignments/src/install/group_32_assignment_1/share/group_32_assignment_1/package.sh'
[2.564s] INFO:colcon.colcon_core.shell:Creating package script '/home/michele-zarantonello/ws_32_assignments/src/install/group_32_assignment_1/share/group_32_assignment_1/package.bash'
[2.566s] INFO:colcon.colcon_core.shell:Creating package script '/home/michele-zarantonello/ws_32_assignments/src/install/group_32_assignment_1/share/group_32_assignment_1/package.zsh'
[2.568s] Level 1:colcon.colcon_core.environment:create_file_with_runtime_dependencies(/home/michele-zarantonello/ws_32_assignments/src/install/group_32_assignment_1/share/colcon-core/packages/group_32_assignment_1)
[2.571s] Level 1:colcon.colcon_core.environment:create_environment_scripts_only(group_32_assignment_1)
[2.571s] Level 1:colcon.colcon_core.environment:checking '/home/michele-zarantonello/ws_32_assignments/src/install/group_32_assignment_1' for CMake module files
[2.572s] Level 1:colcon.colcon_core.environment:checking '/home/michele-zarantonello/ws_32_assignments/src/install/group_32_assignment_1' for CMake config files
[2.572s] Level 1:colcon.colcon_core.shell:create_environment_hook('group_32_assignment_1', 'cmake_prefix_path')
[2.572s] INFO:colcon.colcon_core.shell:Creating environment hook '/home/michele-zarantonello/ws_32_assignments/src/install/group_32_assignment_1/share/group_32_assignment_1/hook/cmake_prefix_path.ps1'
[2.573s] INFO:colcon.colcon_core.shell:Creating environment descriptor '/home/michele-zarantonello/ws_32_assignments/src/install/group_32_assignment_1/share/group_32_assignment_1/hook/cmake_prefix_path.dsv'
[2.573s] INFO:colcon.colcon_core.shell:Creating environment hook '/home/michele-zarantonello/ws_32_assignments/src/install/group_32_assignment_1/share/group_32_assignment_1/hook/cmake_prefix_path.sh'
[2.574s] Level 1:colcon.colcon_core.environment:checking '/home/michele-zarantonello/ws_32_assignments/src/install/group_32_assignment_1/bin'
[2.574s] Level 1:colcon.colcon_core.environment:checking '/home/michele-zarantonello/ws_32_assignments/src/install/group_32_assignment_1/lib/pkgconfig/group_32_assignment_1.pc'
[2.575s] Level 1:colcon.colcon_core.environment:checking '/home/michele-zarantonello/ws_32_assignments/src/install/group_32_assignment_1/lib/python3.12/site-packages'
[2.575s] Level 1:colcon.colcon_core.environment:checking '/home/michele-zarantonello/ws_32_assignments/src/install/group_32_assignment_1/bin'
[2.575s] INFO:colcon.colcon_core.shell:Creating package script '/home/michele-zarantonello/ws_32_assignments/src/install/group_32_assignment_1/share/group_32_assignment_1/package.ps1'
[2.576s] INFO:colcon.colcon_core.shell:Creating package descriptor '/home/michele-zarantonello/ws_32_assignments/src/install/group_32_assignment_1/share/group_32_assignment_1/package.dsv'
[2.577s] INFO:colcon.colcon_core.shell:Creating package script '/home/michele-zarantonello/ws_32_assignments/src/install/group_32_assignment_1/share/group_32_assignment_1/package.sh'
[2.577s] INFO:colcon.colcon_core.shell:Creating package script '/home/michele-zarantonello/ws_32_assignments/src/install/group_32_assignment_1/share/group_32_assignment_1/package.bash'
[2.578s] INFO:colcon.colcon_core.shell:Creating package script '/home/michele-zarantonello/ws_32_assignments/src/install/group_32_assignment_1/share/group_32_assignment_1/package.zsh'
[2.578s] Level 1:colcon.colcon_core.environment:create_file_with_runtime_dependencies(/home/michele-zarantonello/ws_32_assignments/src/install/group_32_assignment_1/share/colcon-core/packages/group_32_assignment_1)
[2.580s] Level 1:colcon.colcon_core.environment:create_environment_scripts_only(group_32_apriltag)
[2.580s] Level 1:colcon.colcon_core.environment:checking '/home/michele-zarantonello/ws_32_assignments/src/install/group_32_apriltag' for CMake module files
[2.581s] DEBUG:colcon.colcon_core.event_handler.log_command:Invoked command in '/home/michele-zarantonello/ws_32_assignments/src/build/group_32_apriltag' returned '0': CMAKE_PREFIX_PATH=${CMAKE_PREFIX_PATH}:/opt/ros/jazzy DEBUGINFOD_URLS=https://debuginfod.ubuntu.com /usr/bin/cmake --install /home/michele-zarantonello/ws_32_assignments/src/build/group_32_apriltag
[2.581s] Level 1:colcon.colcon_core.environment:checking '/home/michele-zarantonello/ws_32_assignments/src/install/group_32_apriltag' for CMake config files
[2.581s] Level 1:colcon.colcon_core.shell:create_environment_hook('group_32_apriltag', 'cmake_prefix_path')
[2.582s] INFO:colcon.colcon_core.shell:Creating environment hook '/home/michele-zarantonello/ws_32_assignments/src/install/group_32_apriltag/share/group_32_apriltag/hook/cmake_prefix_path.ps1'
[2.582s] INFO:colcon.colcon_core.shell:Creating environment descriptor '/home/michele-zarantonello/ws_32_assignments/src/install/group_32_apriltag/share/group_32_apriltag/hook/cmake_prefix_path.dsv'
[2.582s] INFO:colcon.colcon_core.shell:Creating environment hook '/home/michele-zarantonello/ws_32_assignments/src/install/group_32_apriltag/share/group_32_apriltag/hook/cmake_prefix_path.sh'
[2.583s] Level 1:colcon.colcon_core.environment:checking '/home/michele-zarantonello/ws_32_assignments/src/install/group_32_apriltag/bin'
[2.583s] Level 1:colcon.colcon_core.environment:checking '/home/michele-zarantonello/ws_32_assignments/src/install/group_32_apriltag/lib/pkgconfig/group_32_apriltag.pc'
[2.583s] Level 1:colcon.colcon_core.environment:checking '/home/michele-zarantonello/ws_32_assignments/src/install/group_32_apriltag/lib/python3.12/site-packages'
[2.584s] Level 1:colcon.colcon_core.environment:checking '/home/michele-zarantonello/ws_32_assignments/src/install/group_32_apriltag/bin'
[2.584s] INFO:colcon.colcon_core.shell:Creating package script '/home/michele-zarantonello/ws_32_assignments/src/install/group_32_apriltag/share/group_32_apriltag/package.ps1'
[2.584s] INFO:colcon.colcon_core.shell:Creating package descriptor '/home/michele-zarantonello/ws_32_assignments/src/install/group_32_apriltag/share/group_32_apriltag/package.dsv'
[2.585s] INFO:colcon.colcon_core.shell:Creating package script '/home/michele-zarantonello/ws_32_assignments/src/install/group_32_apriltag/share/group_32_apriltag/package.sh'
[2.585s] INFO:colcon.colcon_core.shell:Creating package script '/home/michele-zarantonello/ws_32_assignments/src/install/group_32_apriltag/share/group_32_apriltag/package.bash'
[2.586s] INFO:colcon.colcon_core.shell:Creating package script '/home/michele-zarantonello/ws_32_assignments/src/install/group_32_apriltag/share/group_32_apriltag/package.zsh'
[2.586s] Level 1:colcon.colcon_core.environment:create_file_with_runtime_dependencies(/home/michele-zarantonello/ws_32_assignments/src/install/group_32_apriltag/share/colcon-core/packages/group_32_apriltag)
[2.587s] Level 1:colcon.colcon_core.environment:create_environment_scripts_only(group_32_apriltag)
[2.587s] Level 1:colcon.colcon_core.environment:checking '/home/michele-zarantonello/ws_32_assignments/src/install/group_32_apriltag' for CMake module files
[2.588s] Level 1:colcon.colcon_core.environment:checking '/home/michele-zarantonello/ws_32_assignments/src/install/group_32_apriltag' for CMake config files
[2.588s] Level 1:colcon.colcon_core.shell:create_environment_hook('group_32_apriltag', 'cmake_prefix_path')
[2.588s] INFO:colcon.colcon_core.shell:Creating environment hook '/home/michele-zarantonello/ws_32_assignments/src/install/group_32_apriltag/share/group_32_apriltag/hook/cmake_prefix_path.ps1'
[2.588s] INFO:colcon.colcon_core.shell:Creating environment descriptor '/home/michele-zarantonello/ws_32_assignments/src/install/group_32_apriltag/share/group_32_apriltag/hook/cmake_prefix_path.dsv'
[2.589s] INFO:colcon.colcon_core.shell:Creating environment hook '/home/michele-zarantonello/ws_32_assignments/src/install/group_32_apriltag/share/group_32_apriltag/hook/cmake_prefix_path.sh'
[2.589s] Level 1:colcon.colcon_core.environment:checking '/home/michele-zarantonello/ws_32_assignments/src/install/group_32_apriltag/bin'
[2.590s] Level 1:colcon.colcon_core.environment:checking '/home/michele-zarantonello/ws_32_assignments/src/install/group_32_apriltag/lib/pkgconfig/group_32_apriltag.pc'
[2.590s] Level 1:colcon.colcon_core.environment:checking '/home/michele-zarantonello/ws_32_assignments/src/install/group_32_apriltag/lib/python3.12/site-packages'
[2.590s] Level 1:colcon.colcon_core.environment:checking '/home/michele-zarantonello/ws_32_assignments/src/install/group_32_apriltag/bin'
[2.590s] INFO:colcon.colcon_core.shell:Creating package script '/home/michele-zarantonello/ws_32_assignments/src/install/group_32_apriltag/share/group_32_apriltag/package.ps1'
[2.591s] INFO:colcon.colcon_core.shell:Creating package descriptor '/home/michele-zarantonello/ws_32_assignments/src/install/group_32_apriltag/share/group_32_apriltag/package.dsv'
[2.591s] INFO:colcon.colcon_core.shell:Creating package script '/home/michele-zarantonello/ws_32_assignments/src/install/group_32_apriltag/share/group_32_apriltag/package.sh'
[2.591s] INFO:colcon.colcon_core.shell:Creating package script '/home/michele-zarantonello/ws_32_assignments/src/install/group_32_apriltag/share/group_32_apriltag/package.bash'
[2.592s] INFO:colcon.colcon_core.shell:Creating package script '/home/michele-zarantonello/ws_32_assignments/src/install/group_32_apriltag/share/group_32_apriltag/package.zsh'
[2.592s] Level 1:colcon.colcon_core.environment:create_file_with_runtime_dependencies(/home/michele-zarantonello/ws_32_assignments/src/install/group_32_apriltag/share/colcon-core/packages/group_32_apriltag)
[2.592s] Level 1:colcon.colcon_core.environment:create_environment_scripts_only(ir_desription)
[2.593s] Level 1:colcon.colcon_core.environment:checking '/home/michele-zarantonello/ws_32_assignments/src/install/ir_desription' for CMake module files
[2.594s] Level 1:colcon.colcon_core.environment:checking '/home/michele-zarantonello/ws_32_assignments/src/install/ir_desription' for CMake config files
[2.594s] DEBUG:colcon.colcon_core.event_handler.log_command:Invoked command in '/home/michele-zarantonello/ws_32_assignments/src/build/ir_desription' returned '0': CMAKE_PREFIX_PATH=${CMAKE_PREFIX_PATH}:/opt/ros/jazzy DEBUGINFOD_URLS=https://debuginfod.ubuntu.com /usr/bin/cmake --install /home/michele-zarantonello/ws_32_assignments/src/build/ir_desription
[2.594s] Level 1:colcon.colcon_core.shell:create_environment_hook('ir_desription', 'cmake_prefix_path')
[2.595s] INFO:colcon.colcon_core.shell:Creating environment hook '/home/michele-zarantonello/ws_32_assignments/src/install/ir_desription/share/ir_desription/hook/cmake_prefix_path.ps1'
[2.595s] INFO:colcon.colcon_core.shell:Creating environment descriptor '/home/michele-zarantonello/ws_32_assignments/src/install/ir_desription/share/ir_desription/hook/cmake_prefix_path.dsv'
[2.595s] INFO:colcon.colcon_core.shell:Creating environment hook '/home/michele-zarantonello/ws_32_assignments/src/install/ir_desription/share/ir_desription/hook/cmake_prefix_path.sh'
[2.596s] Level 1:colcon.colcon_core.environment:checking '/home/michele-zarantonello/ws_32_assignments/src/install/ir_desription/bin'
[2.596s] Level 1:colcon.colcon_core.environment:checking '/home/michele-zarantonello/ws_32_assignments/src/install/ir_desription/lib/pkgconfig/ir_desription.pc'
[2.596s] Level 1:colcon.colcon_core.environment:checking '/home/michele-zarantonello/ws_32_assignments/src/install/ir_desription/lib/python3.12/site-packages'
[2.596s] Level 1:colcon.colcon_core.environment:checking '/home/michele-zarantonello/ws_32_assignments/src/install/ir_desription/bin'
[2.597s] INFO:colcon.colcon_core.shell:Creating package script '/home/michele-zarantonello/ws_32_assignments/src/install/ir_desription/share/ir_desription/package.ps1'
[2.597s] INFO:colcon.colcon_core.shell:Creating package descriptor '/home/michele-zarantonello/ws_32_assignments/src/install/ir_desription/share/ir_desription/package.dsv'
[2.598s] INFO:colcon.colcon_core.shell:Creating package script '/home/michele-zarantonello/ws_32_assignments/src/install/ir_desription/share/ir_desription/package.sh'
[2.598s] INFO:colcon.colcon_core.shell:Creating package script '/home/michele-zarantonello/ws_32_assignments/src/install/ir_desription/share/ir_desription/package.bash'
[2.598s] INFO:colcon.colcon_core.shell:Creating package script '/home/michele-zarantonello/ws_32_assignments/src/install/ir_desription/share/ir_desription/package.zsh'
[2.598s] Level 1:colcon.colcon_core.environment:create_file_with_runtime_dependencies(/home/michele-zarantonello/ws_32_assignments/src/install/ir_desription/share/colcon-core/packages/ir_desription)
[2.599s] Level 1:colcon.colcon_core.environment:create_environment_scripts_only(ir_desription)
[2.599s] Level 1:colcon.colcon_core.environment:checking '/home/michele-zarantonello/ws_32_assignments/src/install/ir_desription' for CMake module files
[2.600s] Level 1:colcon.colcon_core.environment:checking '/home/michele-zarantonello/ws_32_assignments/src/install/ir_desription' for CMake config files
[2.600s] Level 1:colcon.colcon_core.shell:create_environment_hook('ir_desription', 'cmake_prefix_path')
[2.600s] INFO:colcon.colcon_core.shell:Creating environment hook '/home/michele-zarantonello/ws_32_assignments/src/install/ir_desription/share/ir_desription/hook/cmake_prefix_path.ps1'
[2.601s] INFO:colcon.colcon_core.shell:Creating environment descriptor '/home/michele-zarantonello/ws_32_assignments/src/install/ir_desription/share/ir_desription/hook/cmake_prefix_path.dsv'
[2.601s] INFO:colcon.colcon_core.shell:Creating environment hook '/home/michele-zarantonello/ws_32_assignments/src/install/ir_desription/share/ir_desription/hook/cmake_prefix_path.sh'
[2.602s] Level 1:colcon.colcon_core.environment:checking '/home/michele-zarantonello/ws_32_assignments/src/install/ir_desription/bin'
[2.602s] Level 1:colcon.colcon_core.environment:checking '/home/michele-zarantonello/ws_32_assignments/src/install/ir_desription/lib/pkgconfig/ir_desription.pc'
[2.602s] Level 1:colcon.colcon_core.environment:checking '/home/michele-zarantonello/ws_32_assignments/src/install/ir_desription/lib/python3.12/site-packages'
[2.602s] Level 1:colcon.colcon_core.environment:checking '/home/michele-zarantonello/ws_32_assignments/src/install/ir_desription/bin'
[2.603s] INFO:colcon.colcon_core.shell:Creating package script '/home/michele-zarantonello/ws_32_assignments/src/install/ir_desription/share/ir_desription/package.ps1'
[2.603s] INFO:colcon.colcon_core.shell:Creating package descriptor '/home/michele-zarantonello/ws_32_assignments/src/install/ir_desription/share/ir_desription/package.dsv'
[2.604s] INFO:colcon.colcon_core.shell:Creating package script '/home/michele-zarantonello/ws_32_assignments/src/install/ir_desription/share/ir_desription/package.sh'
[2.604s] INFO:colcon.colcon_core.shell:Creating package script '/home/michele-zarantonello/ws_32_assignments/src/install/ir_desription/share/ir_desription/package.bash'
[2.605s] INFO:colcon.colcon_core.shell:Creating package script '/home/michele-zarantonello/ws_32_assignments/src/install/ir_desription/share/ir_desription/package.zsh'
[2.605s] Level 1:colcon.colcon_core.environment:create_file_with_runtime_dependencies(/home/michele-zarantonello/ws_32_assignments/src/install/ir_desription/share/colcon-core/packages/ir_desription)
[2.605s] Level 1:colcon.colcon_core.environment:create_environment_scripts_only(ir_launch)
[2.606s] Level 1:colcon.colcon_core.environment:checking '/home/michele-zarantonello/ws_32_assignments/src/install/ir_launch' for CMake module files
[2.607s] Level 1:colcon.colcon_core.environment:checking '/home/michele-zarantonello/ws_32_assignments/src/install/ir_launch' for CMake config files
[2.607s] DEBUG:colcon.colcon_core.event_handler.log_command:Invoked command in '/home/michele-zarantonello/ws_32_assignments/src/build/ir_launch' returned '0': CMAKE_PREFIX_PATH=${CMAKE_PREFIX_PATH}:/opt/ros/jazzy DEBUGINFOD_URLS=https://debuginfod.ubuntu.com /usr/bin/cmake --install /home/michele-zarantonello/ws_32_assignments/src/build/ir_launch
[2.607s] Level 1:colcon.colcon_core.shell:create_environment_hook('ir_launch', 'cmake_prefix_path')
[2.608s] INFO:colcon.colcon_core.shell:Creating environment hook '/home/michele-zarantonello/ws_32_assignments/src/install/ir_launch/share/ir_launch/hook/cmake_prefix_path.ps1'
[2.608s] INFO:colcon.colcon_core.shell:Creating environment descriptor '/home/michele-zarantonello/ws_32_assignments/src/install/ir_launch/share/ir_launch/hook/cmake_prefix_path.dsv'
[2.608s] INFO:colcon.colcon_core.shell:Creating environment hook '/home/michele-zarantonello/ws_32_assignments/src/install/ir_launch/share/ir_launch/hook/cmake_prefix_path.sh'
[2.609s] Level 1:colcon.colcon_core.environment:checking '/home/michele-zarantonello/ws_32_assignments/src/install/ir_launch/bin'
[2.610s] Level 1:colcon.colcon_core.environment:checking '/home/michele-zarantonello/ws_32_assignments/src/install/ir_launch/lib/pkgconfig/ir_launch.pc'
[2.610s] Level 1:colcon.colcon_core.environment:checking '/home/michele-zarantonello/ws_32_assignments/src/install/ir_launch/lib/python3.12/site-packages'
[2.610s] Level 1:colcon.colcon_core.environment:checking '/home/michele-zarantonello/ws_32_assignments/src/install/ir_launch/bin'
[2.611s] INFO:colcon.colcon_core.shell:Creating package script '/home/michele-zarantonello/ws_32_assignments/src/install/ir_launch/share/ir_launch/package.ps1'
[2.611s] INFO:colcon.colcon_core.shell:Creating package descriptor '/home/michele-zarantonello/ws_32_assignments/src/install/ir_launch/share/ir_launch/package.dsv'
[2.612s] INFO:colcon.colcon_core.shell:Creating package script '/home/michele-zarantonello/ws_32_assignments/src/install/ir_launch/share/ir_launch/package.sh'
[2.613s] INFO:colcon.colcon_core.shell:Creating package script '/home/michele-zarantonello/ws_32_assignments/src/install/ir_launch/share/ir_launch/package.bash'
[2.613s] INFO:colcon.colcon_core.shell:Creating package script '/home/michele-zarantonello/ws_32_assignments/src/install/ir_launch/share/ir_launch/package.zsh'
[2.614s] Level 1:colcon.colcon_core.environment:create_file_with_runtime_dependencies(/home/michele-zarantonello/ws_32_assignments/src/install/ir_launch/share/colcon-core/packages/ir_launch)
[2.614s] Level 1:colcon.colcon_core.environment:create_environment_scripts_only(ir_launch)
[2.615s] Level 1:colcon.colcon_core.environment:checking '/home/michele-zarantonello/ws_32_assignments/src/install/ir_launch' for CMake module files
[2.615s] Level 1:colcon.colcon_core.environment:checking '/home/michele-zarantonello/ws_32_assignments/src/install/ir_launch' for CMake config files
[2.616s] Level 1:colcon.colcon_core.shell:create_environment_hook('ir_launch', 'cmake_prefix_path')
[2.616s] INFO:colcon.colcon_core.shell:Creating environment hook '/home/michele-zarantonello/ws_32_assignments/src/install/ir_launch/share/ir_launch/hook/cmake_prefix_path.ps1'
[2.617s] INFO:colcon.colcon_core.shell:Creating environment descriptor '/home/michele-zarantonello/ws_32_assignments/src/install/ir_launch/share/ir_launch/hook/cmake_prefix_path.dsv'
[2.618s] INFO:colcon.colcon_core.shell:Creating environment hook '/home/michele-zarantonello/ws_32_assignments/src/install/ir_launch/share/ir_launch/hook/cmake_prefix_path.sh'
[2.618s] Level 1:colcon.colcon_core.environment:checking '/home/michele-zarantonello/ws_32_assignments/src/install/ir_launch/bin'
[2.618s] Level 1:colcon.colcon_core.environment:checking '/home/michele-zarantonello/ws_32_assignments/src/install/ir_launch/lib/pkgconfig/ir_launch.pc'
[2.619s] Level 1:colcon.colcon_core.environment:checking '/home/michele-zarantonello/ws_32_assignments/src/install/ir_launch/lib/python3.12/site-packages'
[2.619s] Level 1:colcon.colcon_core.environment:checking '/home/michele-zarantonello/ws_32_assignments/src/install/ir_launch/bin'
[2.619s] INFO:colcon.colcon_core.shell:Creating package script '/home/michele-zarantonello/ws_32_assignments/src/install/ir_launch/share/ir_launch/package.ps1'
[2.620s] INFO:colcon.colcon_core.shell:Creating package descriptor '/home/michele-zarantonello/ws_32_assignments/src/install/ir_launch/share/ir_launch/package.dsv'
[2.620s] INFO:colcon.colcon_core.shell:Creating package script '/home/michele-zarantonello/ws_32_assignments/src/install/ir_launch/share/ir_launch/package.sh'
[2.621s] INFO:colcon.colcon_core.shell:Creating package script '/home/michele-zarantonello/ws_32_assignments/src/install/ir_launch/share/ir_launch/package.bash'
[2.621s] INFO:colcon.colcon_core.shell:Creating package script '/home/michele-zarantonello/ws_32_assignments/src/install/ir_launch/share/ir_launch/package.zsh'
[2.622s] Level 1:colcon.colcon_core.environment:create_file_with_runtime_dependencies(/home/michele-zarantonello/ws_32_assignments/src/install/ir_launch/share/colcon-core/packages/ir_launch)
[2.622s] INFO:colcon.colcon_ros.task.ament_cmake.build:Building ROS package in '/home/michele-zarantonello/ws_32_assignments/src/ir_2526/ir_movit_config' with build type 'ament_cmake'
[2.622s] INFO:colcon.colcon_cmake.task.cmake.build:Building CMake package in '/home/michele-zarantonello/ws_32_assignments/src/ir_2526/ir_movit_config'
[2.623s] INFO:colcon.colcon_core.shell:Skip shell extension 'powershell' for command environment: Not usable outside of PowerShell
[2.623s] DEBUG:colcon.colcon_core.shell:Skip shell extension 'dsv' for command environment
[2.628s] Level 1:colcon.colcon_core.environment:create_environment_scripts_only(ir_base)
[2.628s] Level 1:colcon.colcon_core.environment:checking '/home/michele-zarantonello/ws_32_assignments/src/install/ir_base' for CMake module files
[2.629s] DEBUG:colcon.colcon_core.event_handler.log_command:Invoked command in '/home/michele-zarantonello/ws_32_assignments/src/build/ir_base' returned '0': CMAKE_PREFIX_PATH=${CMAKE_PREFIX_PATH}:/opt/ros/jazzy DEBUGINFOD_URLS=https://debuginfod.ubuntu.com /usr/bin/cmake --install /home/michele-zarantonello/ws_32_assignments/src/build/ir_base
[2.630s] Level 1:colcon.colcon_core.environment:checking '/home/michele-zarantonello/ws_32_assignments/src/install/ir_base' for CMake config files
[2.630s] Level 1:colcon.colcon_core.shell:create_environment_hook('ir_base', 'cmake_prefix_path')
[2.631s] INFO:colcon.colcon_core.shell:Creating environment hook '/home/michele-zarantonello/ws_32_assignments/src/install/ir_base/share/ir_base/hook/cmake_prefix_path.ps1'
[2.632s] INFO:colcon.colcon_core.shell:Creating environment descriptor '/home/michele-zarantonello/ws_32_assignments/src/install/ir_base/share/ir_base/hook/cmake_prefix_path.dsv'
[2.633s] INFO:colcon.colcon_core.shell:Creating environment hook '/home/michele-zarantonello/ws_32_assignments/src/install/ir_base/share/ir_base/hook/cmake_prefix_path.sh'
[2.634s] Level 1:colcon.colcon_core.environment:checking '/home/michele-zarantonello/ws_32_assignments/src/install/ir_base/bin'
[2.634s] Level 1:colcon.colcon_core.environment:checking '/home/michele-zarantonello/ws_32_assignments/src/install/ir_base/lib/pkgconfig/ir_base.pc'
[2.634s] Level 1:colcon.colcon_core.environment:checking '/home/michele-zarantonello/ws_32_assignments/src/install/ir_base/lib/python3.12/site-packages'
[2.635s] Level 1:colcon.colcon_core.environment:checking '/home/michele-zarantonello/ws_32_assignments/src/install/ir_base/bin'
[2.635s] INFO:colcon.colcon_core.shell:Creating package script '/home/michele-zarantonello/ws_32_assignments/src/install/ir_base/share/ir_base/package.ps1'
[2.636s] INFO:colcon.colcon_core.shell:Creating package descriptor '/home/michele-zarantonello/ws_32_assignments/src/install/ir_base/share/ir_base/package.dsv'
[2.637s] INFO:colcon.colcon_core.shell:Creating package script '/home/michele-zarantonello/ws_32_assignments/src/install/ir_base/share/ir_base/package.sh'
[2.638s] INFO:colcon.colcon_core.shell:Creating package script '/home/michele-zarantonello/ws_32_assignments/src/install/ir_base/share/ir_base/package.bash'
[2.639s] INFO:colcon.colcon_core.shell:Creating package script '/home/michele-zarantonello/ws_32_assignments/src/install/ir_base/share/ir_base/package.zsh'
[2.640s] Level 1:colcon.colcon_core.environment:create_file_with_runtime_dependencies(/home/michele-zarantonello/ws_32_assignments/src/install/ir_base/share/colcon-core/packages/ir_base)
[2.641s] Level 1:colcon.colcon_core.environment:create_environment_scripts_only(ir_base)
[2.641s] Level 1:colcon.colcon_core.environment:checking '/home/michele-zarantonello/ws_32_assignments/src/install/ir_base' for CMake module files
[2.642s] Level 1:colcon.colcon_core.environment:checking '/home/michele-zarantonello/ws_32_assignments/src/install/ir_base' for CMake config files
[2.643s] Level 1:colcon.colcon_core.shell:create_environment_hook('ir_base', 'cmake_prefix_path')
[2.643s] INFO:colcon.colcon_core.shell:Creating environment hook '/home/michele-zarantonello/ws_32_assignments/src/install/ir_base/share/ir_base/hook/cmake_prefix_path.ps1'
[2.644s] INFO:colcon.colcon_core.shell:Creating environment descriptor '/home/michele-zarantonello/ws_32_assignments/src/install/ir_base/share/ir_base/hook/cmake_prefix_path.dsv'
[2.644s] INFO:colcon.colcon_core.shell:Creating environment hook '/home/michele-zarantonello/ws_32_assignments/src/install/ir_base/share/ir_base/hook/cmake_prefix_path.sh'
[2.645s] Level 1:colcon.colcon_core.environment:checking '/home/michele-zarantonello/ws_32_assignments/src/install/ir_base/bin'
[2.645s] Level 1:colcon.colcon_core.environment:checking '/home/michele-zarantonello/ws_32_assignments/src/install/ir_base/lib/pkgconfig/ir_base.pc'
[2.646s] Level 1:colcon.colcon_core.environment:checking '/home/michele-zarantonello/ws_32_assignments/src/install/ir_base/lib/python3.12/site-packages'
[2.646s] Level 1:colcon.colcon_core.environment:checking '/home/michele-zarantonello/ws_32_assignments/src/install/ir_base/bin'
[2.647s] INFO:colcon.colcon_core.shell:Creating package script '/home/michele-zarantonello/ws_32_assignments/src/install/ir_base/share/ir_base/package.ps1'
[2.648s] INFO:colcon.colcon_core.shell:Creating package descriptor '/home/michele-zarantonello/ws_32_assignments/src/install/ir_base/share/ir_base/package.dsv'
[2.649s] INFO:colcon.colcon_core.shell:Creating package script '/home/michele-zarantonello/ws_32_assignments/src/install/ir_base/share/ir_base/package.sh'
[2.650s] INFO:colcon.colcon_core.shell:Creating package script '/home/michele-zarantonello/ws_32_assignments/src/install/ir_base/share/ir_base/package.bash'
[2.650s] INFO:colcon.colcon_core.shell:Creating package script '/home/michele-zarantonello/ws_32_assignments/src/install/ir_base/share/ir_base/package.zsh'
[2.652s] Level 1:colcon.colcon_core.environment:create_file_with_runtime_dependencies(/home/michele-zarantonello/ws_32_assignments/src/install/ir_base/share/colcon-core/packages/ir_base)
[2.658s] DEBUG:colcon.colcon_core.event_handler.log_command:Invoking command in '/home/michele-zarantonello/ws_32_assignments/src/build/ir_movit_config': AMENT_PREFIX_PATH=/home/michele-zarantonello/ws_32_assignments/src/install/ir_desription:${AMENT_PREFIX_PATH} CMAKE_PREFIX_PATH=/home/michele-zarantonello/ws_32_assignments/src/install/ir_desription:/opt/ros/jazzy/opt/gz_sim_vendor:/opt/ros/jazzy/opt/gz_sensors_vendor:/opt/ros/jazzy/opt/gz_physics_vendor:/opt/ros/jazzy/opt/sdformat_vendor:/opt/ros/jazzy/opt/gz_gui_vendor:/opt/ros/jazzy/opt/gz_transport_vendor:/opt/ros/jazzy/opt/gz_rendering_vendor:/opt/ros/jazzy/opt/gz_plugin_vendor:/opt/ros/jazzy/opt/gz_fuel_tools_vendor:/opt/ros/jazzy/opt/gz_msgs_vendor:/opt/ros/jazzy/opt/gz_common_vendor:/opt/ros/jazzy/opt/gz_math_vendor:/opt/ros/jazzy/opt/gz_utils_vendor:/opt/ros/jazzy/opt/gz_tools_vendor:/opt/ros/jazzy/opt/gz_ogre_next_vendor:/opt/ros/jazzy/opt/gz_dartsim_vendor:/opt/ros/jazzy/opt/gz_cmake_vendor:/opt/ros/jazzy DEBUGINFOD_URLS=https://debuginfod.ubuntu.com /usr/bin/cmake /home/michele-zarantonello/ws_32_assignments/src/ir_2526/ir_movit_config -DCMAKE_INSTALL_PREFIX=/home/michele-zarantonello/ws_32_assignments/src/install/ir_movit_config
[3.707s] DEBUG:colcon.colcon_core.event_handler.log_command:Invoked command in '/home/michele-zarantonello/ws_32_assignments/src/build/apriltag_ros' returned '0': CMAKE_PREFIX_PATH=${CMAKE_PREFIX_PATH}:/opt/ros/jazzy DEBUGINFOD_URLS=https://debuginfod.ubuntu.com /usr/bin/cmake /home/michele-zarantonello/ws_32_assignments/src/ir_2526/apriltag_ros -DCMAKE_INSTALL_PREFIX=/home/michele-zarantonello/ws_32_assignments/src/install/apriltag_ros
[3.709s] DEBUG:colcon.colcon_core.event_handler.log_command:Invoking command in '/home/michele-zarantonello/ws_32_assignments/src/build/apriltag_ros': CMAKE_PREFIX_PATH=${CMAKE_PREFIX_PATH}:/opt/ros/jazzy DEBUGINFOD_URLS=https://debuginfod.ubuntu.com /usr/bin/cmake --build /home/michele-zarantonello/ws_32_assignments/src/build/apriltag_ros -- -j8 -l8
[4.281s] DEBUG:colcon.colcon_core.event_handler.log_command:Invoked command in '/home/michele-zarantonello/ws_32_assignments/src/build/ir_movit_config' returned '0': AMENT_PREFIX_PATH=/home/michele-zarantonello/ws_32_assignments/src/install/ir_desription:${AMENT_PREFIX_PATH} CMAKE_PREFIX_PATH=/home/michele-zarantonello/ws_32_assignments/src/install/ir_desription:/opt/ros/jazzy/opt/gz_sim_vendor:/opt/ros/jazzy/opt/gz_sensors_vendor:/opt/ros/jazzy/opt/gz_physics_vendor:/opt/ros/jazzy/opt/sdformat_vendor:/opt/ros/jazzy/opt/gz_gui_vendor:/opt/ros/jazzy/opt/gz_transport_vendor:/opt/ros/jazzy/opt/gz_rendering_vendor:/opt/ros/jazzy/opt/gz_plugin_vendor:/opt/ros/jazzy/opt/gz_fuel_tools_vendor:/opt/ros/jazzy/opt/gz_msgs_vendor:/opt/ros/jazzy/opt/gz_common_vendor:/opt/ros/jazzy/opt/gz_math_vendor:/opt/ros/jazzy/opt/gz_utils_vendor:/opt/ros/jazzy/opt/gz_tools_vendor:/opt/ros/jazzy/opt/gz_ogre_next_vendor:/opt/ros/jazzy/opt/gz_dartsim_vendor:/opt/ros/jazzy/opt/gz_cmake_vendor:/opt/ros/jazzy DEBUGINFOD_URLS=https://debuginfod.ubuntu.com /usr/bin/cmake /home/michele-zarantonello/ws_32_assignments/src/ir_2526/ir_movit_config -DCMAKE_INSTALL_PREFIX=/home/michele-zarantonello/ws_32_assignments/src/install/ir_movit_config
[4.282s] DEBUG:colcon.colcon_core.event_handler.log_command:Invoking command in '/home/michele-zarantonello/ws_32_assignments/src/build/ir_movit_config': AMENT_PREFIX_PATH=/home/michele-zarantonello/ws_32_assignments/src/install/ir_desription:${AMENT_PREFIX_PATH} CMAKE_PREFIX_PATH=/home/michele-zarantonello/ws_32_assignments/src/install/ir_desription:/opt/ros/jazzy/opt/gz_sim_vendor:/opt/ros/jazzy/opt/gz_sensors_vendor:/opt/ros/jazzy/opt/gz_physics_vendor:/opt/ros/jazzy/opt/sdformat_vendor:/opt/ros/jazzy/opt/gz_gui_vendor:/opt/ros/jazzy/opt/gz_transport_vendor:/opt/ros/jazzy/opt/gz_rendering_vendor:/opt/ros/jazzy/opt/gz_plugin_vendor:/opt/ros/jazzy/opt/gz_fuel_tools_vendor:/opt/ros/jazzy/opt/gz_msgs_vendor:/opt/ros/jazzy/opt/gz_common_vendor:/opt/ros/jazzy/opt/gz_math_vendor:/opt/ros/jazzy/opt/gz_utils_vendor:/opt/ros/jazzy/opt/gz_tools_vendor:/opt/ros/jazzy/opt/gz_ogre_next_vendor:/opt/ros/jazzy/opt/gz_dartsim_vendor:/opt/ros/jazzy/opt/gz_cmake_vendor:/opt/ros/jazzy DEBUGINFOD_URLS=https://debuginfod.ubuntu.com /usr/bin/cmake --build /home/michele-zarantonello/ws_32_assignments/src/build/ir_movit_config -- -j8 -l8
[9.788s] DEBUG:colcon.colcon_core.event_handler.log_command:Invoked command in '/home/michele-zarantonello/ws_32_assignments/src/build/ir_movit_config' returned '0': AMENT_PREFIX_PATH=/home/michele-zarantonello/ws_32_assignments/src/install/ir_desription:${AMENT_PREFIX_PATH} CMAKE_PREFIX_PATH=/home/michele-zarantonello/ws_32_assignments/src/install/ir_desription:/opt/ros/jazzy/opt/gz_sim_vendor:/opt/ros/jazzy/opt/gz_sensors_vendor:/opt/ros/jazzy/opt/gz_physics_vendor:/opt/ros/jazzy/opt/sdformat_vendor:/opt/ros/jazzy/opt/gz_gui_vendor:/opt/ros/jazzy/opt/gz_transport_vendor:/opt/ros/jazzy/opt/gz_rendering_vendor:/opt/ros/jazzy/opt/gz_plugin_vendor:/opt/ros/jazzy/opt/gz_fuel_tools_vendor:/opt/ros/jazzy/opt/gz_msgs_vendor:/opt/ros/jazzy/opt/gz_common_vendor:/opt/ros/jazzy/opt/gz_math_vendor:/opt/ros/jazzy/opt/gz_utils_vendor:/opt/ros/jazzy/opt/gz_tools_vendor:/opt/ros/jazzy/opt/gz_ogre_next_vendor:/opt/ros/jazzy/opt/gz_dartsim_vendor:/opt/ros/jazzy/opt/gz_cmake_vendor:/opt/ros/jazzy DEBUGINFOD_URLS=https://debuginfod.ubuntu.com /usr/bin/cmake --build /home/michele-zarantonello/ws_32_assignments/src/build/ir_movit_config -- -j8 -l8
[9.789s] DEBUG:colcon.colcon_core.event_handler.log_command:Invoking command in '/home/michele-zarantonello/ws_32_assignments/src/build/ir_movit_config': AMENT_PREFIX_PATH=/home/michele-zarantonello/ws_32_assignments/src/install/ir_desription:${AMENT_PREFIX_PATH} CMAKE_PREFIX_PATH=/home/michele-zarantonello/ws_32_assignments/src/install/ir_desription:/opt/ros/jazzy/opt/gz_sim_vendor:/opt/ros/jazzy/opt/gz_sensors_vendor:/opt/ros/jazzy/opt/gz_physics_vendor:/opt/ros/jazzy/opt/sdformat_vendor:/opt/ros/jazzy/opt/gz_gui_vendor:/opt/ros/jazzy/opt/gz_transport_vendor:/opt/ros/jazzy/opt/gz_rendering_vendor:/opt/ros/jazzy/opt/gz_plugin_vendor:/opt/ros/jazzy/opt/gz_fuel_tools_vendor:/opt/ros/jazzy/opt/gz_msgs_vendor:/opt/ros/jazzy/opt/gz_common_vendor:/opt/ros/jazzy/opt/gz_math_vendor:/opt/ros/jazzy/opt/gz_utils_vendor:/opt/ros/jazzy/opt/gz_tools_vendor:/opt/ros/jazzy/opt/gz_ogre_next_vendor:/opt/ros/jazzy/opt/gz_dartsim_vendor:/opt/ros/jazzy/opt/gz_cmake_vendor:/opt/ros/jazzy DEBUGINFOD_URLS=https://debuginfod.ubuntu.com /usr/bin/cmake --install /home/michele-zarantonello/ws_32_assignments/src/build/ir_movit_config
[9.810s] Level 1:colcon.colcon_core.environment:create_environment_scripts_only(ir_movit_config)
[9.810s] Level 1:colcon.colcon_core.environment:checking '/home/michele-zarantonello/ws_32_assignments/src/install/ir_movit_config' for CMake module files
[9.811s] DEBUG:colcon.colcon_core.event_handler.log_command:Invoked command in '/home/michele-zarantonello/ws_32_assignments/src/build/ir_movit_config' returned '0': AMENT_PREFIX_PATH=/home/michele-zarantonello/ws_32_assignments/src/install/ir_desription:${AMENT_PREFIX_PATH} CMAKE_PREFIX_PATH=/home/michele-zarantonello/ws_32_assignments/src/install/ir_desription:/opt/ros/jazzy/opt/gz_sim_vendor:/opt/ros/jazzy/opt/gz_sensors_vendor:/opt/ros/jazzy/opt/gz_physics_vendor:/opt/ros/jazzy/opt/sdformat_vendor:/opt/ros/jazzy/opt/gz_gui_vendor:/opt/ros/jazzy/opt/gz_transport_vendor:/opt/ros/jazzy/opt/gz_rendering_vendor:/opt/ros/jazzy/opt/gz_plugin_vendor:/opt/ros/jazzy/opt/gz_fuel_tools_vendor:/opt/ros/jazzy/opt/gz_msgs_vendor:/opt/ros/jazzy/opt/gz_common_vendor:/opt/ros/jazzy/opt/gz_math_vendor:/opt/ros/jazzy/opt/gz_utils_vendor:/opt/ros/jazzy/opt/gz_tools_vendor:/opt/ros/jazzy/opt/gz_ogre_next_vendor:/opt/ros/jazzy/opt/gz_dartsim_vendor:/opt/ros/jazzy/opt/gz_cmake_vendor:/opt/ros/jazzy DEBUGINFOD_URLS=https://debuginfod.ubuntu.com /usr/bin/cmake --install /home/michele-zarantonello/ws_32_assignments/src/build/ir_movit_config
[9.811s] Level 1:colcon.colcon_core.environment:checking '/home/michele-zarantonello/ws_32_assignments/src/install/ir_movit_config' for CMake config files
[9.812s] Level 1:colcon.colcon_core.shell:create_environment_hook('ir_movit_config', 'cmake_prefix_path')
[9.812s] INFO:colcon.colcon_core.shell:Creating environment hook '/home/michele-zarantonello/ws_32_assignments/src/install/ir_movit_config/share/ir_movit_config/hook/cmake_prefix_path.ps1'
[9.812s] INFO:colcon.colcon_core.shell:Creating environment descriptor '/home/michele-zarantonello/ws_32_assignments/src/install/ir_movit_config/share/ir_movit_config/hook/cmake_prefix_path.dsv'
[9.813s] INFO:colcon.colcon_core.shell:Creating environment hook '/home/michele-zarantonello/ws_32_assignments/src/install/ir_movit_config/share/ir_movit_config/hook/cmake_prefix_path.sh'
[9.813s] Level 1:colcon.colcon_core.environment:checking '/home/michele-zarantonello/ws_32_assignments/src/install/ir_movit_config/lib'
[9.814s] Level 1:colcon.colcon_core.environment:checking '/home/michele-zarantonello/ws_32_assignments/src/install/ir_movit_config/bin'
[9.814s] Level 1:colcon.colcon_core.environment:checking '/home/michele-zarantonello/ws_32_assignments/src/install/ir_movit_config/lib/pkgconfig/ir_movit_config.pc'
[9.814s] Level 1:colcon.colcon_core.environment:checking '/home/michele-zarantonello/ws_32_assignments/src/install/ir_movit_config/lib/python3.12/site-packages'
[9.814s] Level 1:colcon.colcon_core.environment:checking '/home/michele-zarantonello/ws_32_assignments/src/install/ir_movit_config/bin'
[9.814s] INFO:colcon.colcon_core.shell:Creating package script '/home/michele-zarantonello/ws_32_assignments/src/install/ir_movit_config/share/ir_movit_config/package.ps1'
[9.815s] INFO:colcon.colcon_core.shell:Creating package descriptor '/home/michele-zarantonello/ws_32_assignments/src/install/ir_movit_config/share/ir_movit_config/package.dsv'
[9.815s] INFO:colcon.colcon_core.shell:Creating package script '/home/michele-zarantonello/ws_32_assignments/src/install/ir_movit_config/share/ir_movit_config/package.sh'
[9.815s] INFO:colcon.colcon_core.shell:Creating package script '/home/michele-zarantonello/ws_32_assignments/src/install/ir_movit_config/share/ir_movit_config/package.bash'
[9.816s] INFO:colcon.colcon_core.shell:Creating package script '/home/michele-zarantonello/ws_32_assignments/src/install/ir_movit_config/share/ir_movit_config/package.zsh'
[9.816s] Level 1:colcon.colcon_core.environment:create_file_with_runtime_dependencies(/home/michele-zarantonello/ws_32_assignments/src/install/ir_movit_config/share/colcon-core/packages/ir_movit_config)
[9.817s] Level 1:colcon.colcon_core.environment:create_environment_scripts_only(ir_movit_config)
[9.817s] Level 1:colcon.colcon_core.environment:checking '/home/michele-zarantonello/ws_32_assignments/src/install/ir_movit_config' for CMake module files
[9.818s] Level 1:colcon.colcon_core.environment:checking '/home/michele-zarantonello/ws_32_assignments/src/install/ir_movit_config' for CMake config files
[9.818s] Level 1:colcon.colcon_core.shell:create_environment_hook('ir_movit_config', 'cmake_prefix_path')
[9.818s] INFO:colcon.colcon_core.shell:Creating environment hook '/home/michele-zarantonello/ws_32_assignments/src/install/ir_movit_config/share/ir_movit_config/hook/cmake_prefix_path.ps1'
[9.819s] INFO:colcon.colcon_core.shell:Creating environment descriptor '/home/michele-zarantonello/ws_32_assignments/src/install/ir_movit_config/share/ir_movit_config/hook/cmake_prefix_path.dsv'
[9.819s] INFO:colcon.colcon_core.shell:Creating environment hook '/home/michele-zarantonello/ws_32_assignments/src/install/ir_movit_config/share/ir_movit_config/hook/cmake_prefix_path.sh'
[9.820s] Level 1:colcon.colcon_core.environment:checking '/home/michele-zarantonello/ws_32_assignments/src/install/ir_movit_config/lib'
[9.820s] Level 1:colcon.colcon_core.environment:checking '/home/michele-zarantonello/ws_32_assignments/src/install/ir_movit_config/bin'
[9.820s] Level 1:colcon.colcon_core.environment:checking '/home/michele-zarantonello/ws_32_assignments/src/install/ir_movit_config/lib/pkgconfig/ir_movit_config.pc'
[9.820s] Level 1:colcon.colcon_core.environment:checking '/home/michele-zarantonello/ws_32_assignments/src/install/ir_movit_config/lib/python3.12/site-packages'
[9.821s] Level 1:colcon.colcon_core.environment:checking '/home/michele-zarantonello/ws_32_assignments/src/install/ir_movit_config/bin'
[9.821s] INFO:colcon.colcon_core.shell:Creating package script '/home/michele-zarantonello/ws_32_assignments/src/install/ir_movit_config/share/ir_movit_config/package.ps1'
[9.821s] INFO:colcon.colcon_core.shell:Creating package descriptor '/home/michele-zarantonello/ws_32_assignments/src/install/ir_movit_config/share/ir_movit_config/package.dsv'
[9.822s] INFO:colcon.colcon_core.shell:Creating package script '/home/michele-zarantonello/ws_32_assignments/src/install/ir_movit_config/share/ir_movit_config/package.sh'
[9.822s] INFO:colcon.colcon_core.shell:Creating package script '/home/michele-zarantonello/ws_32_assignments/src/install/ir_movit_config/share/ir_movit_config/package.bash'
[9.823s] INFO:colcon.colcon_core.shell:Creating package script '/home/michele-zarantonello/ws_32_assignments/src/install/ir_movit_config/share/ir_movit_config/package.zsh'
[9.823s] Level 1:colcon.colcon_core.environment:create_file_with_runtime_dependencies(/home/michele-zarantonello/ws_32_assignments/src/install/ir_movit_config/share/colcon-core/packages/ir_movit_config)
[17.082s] DEBUG:colcon.colcon_core.event_handler.log_command:Invoked command in '/home/michele-zarantonello/ws_32_assignments/src/build/apriltag_ros' returned '0': CMAKE_PREFIX_PATH=${CMAKE_PREFIX_PATH}:/opt/ros/jazzy DEBUGINFOD_URLS=https://debuginfod.ubuntu.com /usr/bin/cmake --build /home/michele-zarantonello/ws_32_assignments/src/build/apriltag_ros -- -j8 -l8
[17.083s] DEBUG:colcon.colcon_core.event_handler.log_command:Invoking command in '/home/michele-zarantonello/ws_32_assignments/src/build/apriltag_ros': CMAKE_PREFIX_PATH=${CMAKE_PREFIX_PATH}:/opt/ros/jazzy DEBUGINFOD_URLS=https://debuginfod.ubuntu.com /usr/bin/cmake --install /home/michele-zarantonello/ws_32_assignments/src/build/apriltag_ros
[17.098s] Level 1:colcon.colcon_core.environment:create_environment_scripts_only(apriltag_ros)
[17.098s] Level 1:colcon.colcon_core.environment:checking '/home/michele-zarantonello/ws_32_assignments/src/install/apriltag_ros' for CMake module files
[17.098s] DEBUG:colcon.colcon_core.event_handler.log_command:Invoked command in '/home/michele-zarantonello/ws_32_assignments/src/build/apriltag_ros' returned '0': CMAKE_PREFIX_PATH=${CMAKE_PREFIX_PATH}:/opt/ros/jazzy DEBUGINFOD_URLS=https://debuginfod.ubuntu.com /usr/bin/cmake --install /home/michele-zarantonello/ws_32_assignments/src/build/apriltag_ros
[17.099s] Level 1:colcon.colcon_core.environment:checking '/home/michele-zarantonello/ws_32_assignments/src/install/apriltag_ros' for CMake config files
[17.099s] Level 1:colcon.colcon_core.shell:create_environment_hook('apriltag_ros', 'cmake_prefix_path')
[17.099s] INFO:colcon.colcon_core.shell:Creating environment hook '/home/michele-zarantonello/ws_32_assignments/src/install/apriltag_ros/share/apriltag_ros/hook/cmake_prefix_path.ps1'
[17.099s] INFO:colcon.colcon_core.shell:Creating environment descriptor '/home/michele-zarantonello/ws_32_assignments/src/install/apriltag_ros/share/apriltag_ros/hook/cmake_prefix_path.dsv'
[17.100s] INFO:colcon.colcon_core.shell:Creating environment hook '/home/michele-zarantonello/ws_32_assignments/src/install/apriltag_ros/share/apriltag_ros/hook/cmake_prefix_path.sh'
[17.100s] Level 1:colcon.colcon_core.environment:checking '/home/michele-zarantonello/ws_32_assignments/src/install/apriltag_ros/lib'
[17.100s] Level 1:colcon.colcon_core.shell:create_environment_hook('apriltag_ros', 'ld_library_path_lib')
[17.100s] INFO:colcon.colcon_core.shell:Creating environment hook '/home/michele-zarantonello/ws_32_assignments/src/install/apriltag_ros/share/apriltag_ros/hook/ld_library_path_lib.ps1'
[17.101s] INFO:colcon.colcon_core.shell:Creating environment descriptor '/home/michele-zarantonello/ws_32_assignments/src/install/apriltag_ros/share/apriltag_ros/hook/ld_library_path_lib.dsv'
[17.101s] INFO:colcon.colcon_core.shell:Creating environment hook '/home/michele-zarantonello/ws_32_assignments/src/install/apriltag_ros/share/apriltag_ros/hook/ld_library_path_lib.sh'
[17.101s] Level 1:colcon.colcon_core.environment:checking '/home/michele-zarantonello/ws_32_assignments/src/install/apriltag_ros/bin'
[17.101s] Level 1:colcon.colcon_core.environment:checking '/home/michele-zarantonello/ws_32_assignments/src/install/apriltag_ros/lib/pkgconfig/apriltag_ros.pc'
[17.102s] Level 1:colcon.colcon_core.environment:checking '/home/michele-zarantonello/ws_32_assignments/src/install/apriltag_ros/lib/python3.12/site-packages'
[17.102s] Level 1:colcon.colcon_core.environment:checking '/home/michele-zarantonello/ws_32_assignments/src/install/apriltag_ros/bin'
[17.102s] INFO:colcon.colcon_core.shell:Creating package script '/home/michele-zarantonello/ws_32_assignments/src/install/apriltag_ros/share/apriltag_ros/package.ps1'
[17.102s] INFO:colcon.colcon_core.shell:Creating package descriptor '/home/michele-zarantonello/ws_32_assignments/src/install/apriltag_ros/share/apriltag_ros/package.dsv'
[17.103s] INFO:colcon.colcon_core.shell:Creating package script '/home/michele-zarantonello/ws_32_assignments/src/install/apriltag_ros/share/apriltag_ros/package.sh'
[17.103s] INFO:colcon.colcon_core.shell:Creating package script '/home/michele-zarantonello/ws_32_assignments/src/install/apriltag_ros/share/apriltag_ros/package.bash'
[17.103s] INFO:colcon.colcon_core.shell:Creating package script '/home/michele-zarantonello/ws_32_assignments/src/install/apriltag_ros/share/apriltag_ros/package.zsh'
[17.104s] Level 1:colcon.colcon_core.environment:create_file_with_runtime_dependencies(/home/michele-zarantonello/ws_32_assignments/src/install/apriltag_ros/share/colcon-core/packages/apriltag_ros)
[17.104s] Level 1:colcon.colcon_core.environment:create_environment_scripts_only(apriltag_ros)
[17.104s] Level 1:colcon.colcon_core.environment:checking '/home/michele-zarantonello/ws_32_assignments/src/install/apriltag_ros' for CMake module files
[17.105s] Level 1:colcon.colcon_core.environment:checking '/home/michele-zarantonello/ws_32_assignments/src/install/apriltag_ros' for CMake config files
[17.105s] Level 1:colcon.colcon_core.shell:create_environment_hook('apriltag_ros', 'cmake_prefix_path')
[17.105s] INFO:colcon.colcon_core.shell:Creating environment hook '/home/michele-zarantonello/ws_32_assignments/src/install/apriltag_ros/share/apriltag_ros/hook/cmake_prefix_path.ps1'
[17.105s] INFO:colcon.colcon_core.shell:Creating environment descriptor '/home/michele-zarantonello/ws_32_assignments/src/install/apriltag_ros/share/apriltag_ros/hook/cmake_prefix_path.dsv'
[17.106s] INFO:colcon.colcon_core.shell:Creating environment hook '/home/michele-zarantonello/ws_32_assignments/src/install/apriltag_ros/share/apriltag_ros/hook/cmake_prefix_path.sh'
[17.106s] Level 1:colcon.colcon_core.environment:checking '/home/michele-zarantonello/ws_32_assignments/src/install/apriltag_ros/lib'
[17.106s] Level 1:colcon.colcon_core.shell:create_environment_hook('apriltag_ros', 'ld_library_path_lib')
[17.106s] INFO:colcon.colcon_core.shell:Creating environment hook '/home/michele-zarantonello/ws_32_assignments/src/install/apriltag_ros/share/apriltag_ros/hook/ld_library_path_lib.ps1'
[17.107s] INFO:colcon.colcon_core.shell:Creating environment descriptor '/home/michele-zarantonello/ws_32_assignments/src/install/apriltag_ros/share/apriltag_ros/hook/ld_library_path_lib.dsv'
[17.107s] INFO:colcon.colcon_core.shell:Creating environment hook '/home/michele-zarantonello/ws_32_assignments/src/install/apriltag_ros/share/apriltag_ros/hook/ld_library_path_lib.sh'
[17.107s] Level 1:colcon.colcon_core.environment:checking '/home/michele-zarantonello/ws_32_assignments/src/install/apriltag_ros/bin'
[17.107s] Level 1:colcon.colcon_core.environment:checking '/home/michele-zarantonello/ws_32_assignments/src/install/apriltag_ros/lib/pkgconfig/apriltag_ros.pc'
[17.108s] Level 1:colcon.colcon_core.environment:checking '/home/michele-zarantonello/ws_32_assignments/src/install/apriltag_ros/lib/python3.12/site-packages'
[17.108s] Level 1:colcon.colcon_core.environment:checking '/home/michele-zarantonello/ws_32_assignments/src/install/apriltag_ros/bin'
[17.108s] INFO:colcon.colcon_core.shell:Creating package script '/home/michele-zarantonello/ws_32_assignments/src/install/apriltag_ros/share/apriltag_ros/package.ps1'
[17.108s] INFO:colcon.colcon_core.shell:Creating package descriptor '/home/michele-zarantonello/ws_32_assignments/src/install/apriltag_ros/share/apriltag_ros/package.dsv'
[17.109s] INFO:colcon.colcon_core.shell:Creating package script '/home/michele-zarantonello/ws_32_assignments/src/install/apriltag_ros/share/apriltag_ros/package.sh'
[17.109s] INFO:colcon.colcon_core.shell:Creating package script '/home/michele-zarantonello/ws_32_assignments/src/install/apriltag_ros/share/apriltag_ros/package.bash'
[17.110s] INFO:colcon.colcon_core.shell:Creating package script '/home/michele-zarantonello/ws_32_assignments/src/install/apriltag_ros/share/apriltag_ros/package.zsh'
[17.110s] Level 1:colcon.colcon_core.environment:create_file_with_runtime_dependencies(/home/michele-zarantonello/ws_32_assignments/src/install/apriltag_ros/share/colcon-core/packages/apriltag_ros)
[17.110s] DEBUG:colcon.colcon_parallel_executor.executor.parallel:closing loop
[17.110s] DEBUG:colcon.colcon_parallel_executor.executor.parallel:loop closed
[17.110s] DEBUG:colcon.colcon_parallel_executor.executor.parallel:run_until_complete finished with '0'
[17.110s] DEBUG:colcon.colcon_core.event_reactor:joining thread
[17.116s] INFO:colcon.colcon_core.plugin_system:Skipping extension 'colcon_notification.desktop_notification.terminal_notifier': Not used on non-Darwin systems
[17.116s] INFO:colcon.colcon_core.plugin_system:Skipping extension 'colcon_notification.desktop_notification.win32': Not used on non-Windows systems
[17.116s] INFO:colcon.colcon_notification.desktop_notification:Sending desktop notification using 'notify2'
[17.136s] DEBUG:colcon.colcon_core.event_reactor:joined thread
[17.136s] INFO:colcon.colcon_core.shell:Creating prefix script '/home/michele-zarantonello/ws_32_assignments/src/install/local_setup.ps1'
[17.138s] INFO:colcon.colcon_core.shell:Creating prefix util module '/home/michele-zarantonello/ws_32_assignments/src/install/_local_setup_util_ps1.py'
[17.139s] INFO:colcon.colcon_core.shell:Creating prefix chain script '/home/michele-zarantonello/ws_32_assignments/src/install/setup.ps1'
[17.141s] INFO:colcon.colcon_core.shell:Creating prefix script '/home/michele-zarantonello/ws_32_assignments/src/install/local_setup.sh'
[17.142s] INFO:colcon.colcon_core.shell:Creating prefix util module '/home/michele-zarantonello/ws_32_assignments/src/install/_local_setup_util_sh.py'
[17.142s] INFO:colcon.colcon_core.shell:Creating prefix chain script '/home/michele-zarantonello/ws_32_assignments/src/install/setup.sh'
[17.144s] INFO:colcon.colcon_core.shell:Creating prefix script '/home/michele-zarantonello/ws_32_assignments/src/install/local_setup.bash'
[17.145s] INFO:colcon.colcon_core.shell:Creating prefix chain script '/home/michele-zarantonello/ws_32_assignments/src/install/setup.bash'
[17.146s] INFO:colcon.colcon_core.shell:Creating prefix script '/home/michele-zarantonello/ws_32_assignments/src/install/local_setup.zsh'
[17.147s] INFO:colcon.colcon_core.shell:Creating prefix chain script '/home/michele-zarantonello/ws_32_assignments/src/install/setup.zsh'
