[0.034s] Invoking command in '/home/michele-zarantonello/ws_32_assignments/build/ir_launch': CMAKE_PREFIX_PATH=${CMAKE_PREFIX_PATH}:/opt/ros/jazzy DEBUGINFOD_URLS=https://debuginfod.ubuntu.com /usr/bin/cmake /home/michele-zarantonello/ws_32_assignments/src/ir_2526/ir_launch -DCMAKE_INSTALL_PREFIX=/home/michele-zarantonello/ws_32_assignments/install/ir_launch
[0.165s] -- The C compiler identification is GNU 13.3.0
[0.252s] -- The CXX compiler identification is GNU 13.3.0
[0.279s] -- Detecting C compiler ABI info
[0.388s] -- Detecting C compiler ABI info - done
[0.407s] -- Check for working C compiler: /usr/bin/cc - skipped
[0.407s] -- Detecting C compile features
[0.408s] -- Detecting C compile features - done
[0.421s] -- Detecting CXX compiler ABI info
[0.544s] -- Detecting CXX compiler ABI info - done
[0.566s] -- Check for working CXX compiler: /usr/bin/c++ - skipped
[0.566s] -- Detecting CXX compile features
[0.567s] -- Detecting CXX compile features - done
[0.574s] -- Found ament_cmake: 2.5.4 (/opt/ros/jazzy/share/ament_cmake/cmake)
[0.797s] -- Found Python3: /usr/bin/python3 (found version "3.12.3") found components: Interpreter 
[1.000s] -- Found ament_lint_auto: 0.17.3 (/opt/ros/jazzy/share/ament_lint_auto/cmake)
[1.158s] -- Added test 'flake8' to check Python code syntax and style conventions
[1.158s] -- Configured 'flake8' exclude dirs and/or files: 
[1.159s] -- Added test 'lint_cmake' to check CMake code style
[1.160s] -- Added test 'pep257' to check Python code against some of the docstring style conventions in PEP 257
[1.161s] -- Added test 'xmllint' to check XML markup files
[1.163s] -- Configuring done (1.1s)
[1.166s] -- Generating done (0.0s)
[1.167s] -- Build files have been written to: /home/michele-zarantonello/ws_32_assignments/build/ir_launch
[1.173s] Invoked command in '/home/michele-zarantonello/ws_32_assignments/build/ir_launch' returned '0': CMAKE_PREFIX_PATH=${CMAKE_PREFIX_PATH}:/opt/ros/jazzy DEBUGINFOD_URLS=https://debuginfod.ubuntu.com /usr/bin/cmake /home/michele-zarantonello/ws_32_assignments/src/ir_2526/ir_launch -DCMAKE_INSTALL_PREFIX=/home/michele-zarantonello/ws_32_assignments/install/ir_launch
[1.174s] Invoking command in '/home/michele-zarantonello/ws_32_assignments/build/ir_launch': CMAKE_PREFIX_PATH=${CMAKE_PREFIX_PATH}:/opt/ros/jazzy DEBUGINFOD_URLS=https://debuginfod.ubuntu.com /usr/bin/cmake --build /home/michele-zarantonello/ws_32_assignments/build/ir_launch -- -j8 -l8
[1.261s] Invoked command in '/home/michele-zarantonello/ws_32_assignments/build/ir_launch' returned '0': CMAKE_PREFIX_PATH=${CMAKE_PREFIX_PATH}:/opt/ros/jazzy DEBUGINFOD_URLS=https://debuginfod.ubuntu.com /usr/bin/cmake --build /home/michele-zarantonello/ws_32_assignments/build/ir_launch -- -j8 -l8
[1.263s] Invoking command in '/home/michele-zarantonello/ws_32_assignments/build/ir_launch': CMAKE_PREFIX_PATH=${CMAKE_PREFIX_PATH}:/opt/ros/jazzy DEBUGINFOD_URLS=https://debuginfod.ubuntu.com /usr/bin/cmake --install /home/michele-zarantonello/ws_32_assignments/build/ir_launch
[1.282s] -- Install configuration: ""
[1.282s] -- Installing: /home/michele-zarantonello/ws_32_assignments/install/ir_launch/share/ament_index/resource_index/package_run_dependencies/ir_launch
[1.282s] -- Installing: /home/michele-zarantonello/ws_32_assignments/install/ir_launch/share/ament_index/resource_index/parent_prefix_path/ir_launch
[1.282s] -- Installing: /home/michele-zarantonello/ws_32_assignments/install/ir_launch/share/ir_launch/environment/ament_prefix_path.sh
[1.282s] -- Installing: /home/michele-zarantonello/ws_32_assignments/install/ir_launch/share/ir_launch/environment/ament_prefix_path.dsv
[1.282s] -- Installing: /home/michele-zarantonello/ws_32_assignments/install/ir_launch/share/ir_launch/environment/path.sh
[1.282s] -- Installing: /home/michele-zarantonello/ws_32_assignments/install/ir_launch/share/ir_launch/environment/path.dsv
[1.282s] -- Installing: /home/michele-zarantonello/ws_32_assignments/install/ir_launch/share/ir_launch/local_setup.bash
[1.283s] -- Installing: /home/michele-zarantonello/ws_32_assignments/install/ir_launch/share/ir_launch/local_setup.sh
[1.283s] -- Installing: /home/michele-zarantonello/ws_32_assignments/install/ir_launch/share/ir_launch/local_setup.zsh
[1.283s] -- Installing: /home/michele-zarantonello/ws_32_assignments/install/ir_launch/share/ir_launch/local_setup.dsv
[1.283s] -- Installing: /home/michele-zarantonello/ws_32_assignments/install/ir_launch/share/ir_launch/package.dsv
[1.283s] -- Installing: /home/michele-zarantonello/ws_32_assignments/install/ir_launch/share/ament_index/resource_index/packages/ir_launch
[1.283s] -- Installing: /home/michele-zarantonello/ws_32_assignments/install/ir_launch/share/ir_launch/cmake/ir_launchConfig.cmake
[1.283s] -- Installing: /home/michele-zarantonello/ws_32_assignments/install/ir_launch/share/ir_launch/cmake/ir_launchConfig-version.cmake
[1.284s] -- Installing: /home/michele-zarantonello/ws_32_assignments/install/ir_launch/share/ir_launch/package.xml
[1.284s] -- Installing: /home/michele-zarantonello/ws_32_assignments/install/ir_launch/share/ir_launch/launch
[1.284s] -- Installing: /home/michele-zarantonello/ws_32_assignments/install/ir_launch/share/ir_launch/launch/assignment_2.launch.py
[1.284s] -- Installing: /home/michele-zarantonello/ws_32_assignments/install/ir_launch/share/ir_launch/launch/exercise_4.launch.py
[1.284s] -- Installing: /home/michele-zarantonello/ws_32_assignments/install/ir_launch/share/ir_launch/launch/assignment_1.launch.py
[1.284s] -- Installing: /home/michele-zarantonello/ws_32_assignments/install/ir_launch/share/ir_launch/launch/spawn_tb3_launch.py
[1.289s] Invoked command in '/home/michele-zarantonello/ws_32_assignments/build/ir_launch' returned '0': CMAKE_PREFIX_PATH=${CMAKE_PREFIX_PATH}:/opt/ros/jazzy DEBUGINFOD_URLS=https://debuginfod.ubuntu.com /usr/bin/cmake --install /home/michele-zarantonello/ws_32_assignments/build/ir_launch
