[0.043s] Invoking command in '/home/michele-zarantonello/my_ws/build/my_launch': CMAKE_PREFIX_PATH=${CMAKE_PREFIX_PATH}:/opt/ros/jazzy DEBUGINFOD_URLS=https://debuginfod.ubuntu.com /usr/bin/cmake --build /home/michele-zarantonello/my_ws/build/my_launch -- -j8 -l8
[0.181s] Invoked command in '/home/michele-zarantonello/my_ws/build/my_launch' returned '0': CMAKE_PREFIX_PATH=${CMAKE_PREFIX_PATH}:/opt/ros/jazzy DEBUGINFOD_URLS=https://debuginfod.ubuntu.com /usr/bin/cmake --build /home/michele-zarantonello/my_ws/build/my_launch -- -j8 -l8
[0.182s] Invoking command in '/home/michele-zarantonello/my_ws/build/my_launch': CMAKE_PREFIX_PATH=${CMAKE_PREFIX_PATH}:/opt/ros/jazzy DEBUGINFOD_URLS=https://debuginfod.ubuntu.com /usr/bin/cmake --install /home/michele-zarantonello/my_ws/build/my_launch
[0.253s] -- Install configuration: ""
[0.254s] -- Up-to-date: /home/michele-zarantonello/my_ws/install/my_launch/share/ament_index/resource_index/package_run_dependencies/my_launch
[0.254s] -- Up-to-date: /home/michele-zarantonello/my_ws/install/my_launch/share/ament_index/resource_index/parent_prefix_path/my_launch
[0.254s] -- Up-to-date: /home/michele-zarantonello/my_ws/install/my_launch/share/my_launch/environment/ament_prefix_path.sh
[0.254s] -- Up-to-date: /home/michele-zarantonello/my_ws/install/my_launch/share/my_launch/environment/ament_prefix_path.dsv
[0.254s] -- Up-to-date: /home/michele-zarantonello/my_ws/install/my_launch/share/my_launch/environment/path.sh
[0.254s] -- Up-to-date: /home/michele-zarantonello/my_ws/install/my_launch/share/my_launch/environment/path.dsv
[0.254s] -- Up-to-date: /home/michele-zarantonello/my_ws/install/my_launch/share/my_launch/local_setup.bash
[0.254s] -- Up-to-date: /home/michele-zarantonello/my_ws/install/my_launch/share/my_launch/local_setup.sh
[0.255s] -- Up-to-date: /home/michele-zarantonello/my_ws/install/my_launch/share/my_launch/local_setup.zsh
[0.256s] -- Up-to-date: /home/michele-zarantonello/my_ws/install/my_launch/share/my_launch/local_setup.dsv
[0.256s] -- Installing: /home/michele-zarantonello/my_ws/install/my_launch/share/my_launch/package.dsv
[0.256s] -- Up-to-date: /home/michele-zarantonello/my_ws/install/my_launch/share/ament_index/resource_index/packages/my_launch
[0.256s] -- Up-to-date: /home/michele-zarantonello/my_ws/install/my_launch/share/my_launch/cmake/my_launchConfig.cmake
[0.256s] -- Up-to-date: /home/michele-zarantonello/my_ws/install/my_launch/share/my_launch/cmake/my_launchConfig-version.cmake
[0.256s] -- Up-to-date: /home/michele-zarantonello/my_ws/install/my_launch/share/my_launch/package.xml
[0.297s] Invoked command in '/home/michele-zarantonello/my_ws/build/my_launch' returned '0': CMAKE_PREFIX_PATH=${CMAKE_PREFIX_PATH}:/opt/ros/jazzy DEBUGINFOD_URLS=https://debuginfod.ubuntu.com /usr/bin/cmake --install /home/michele-zarantonello/my_ws/build/my_launch
