[0.038s] Invoking command in '/home/michele-zarantonello/my_ws/build/group_32_apriltag': CMAKE_PREFIX_PATH=${CMAKE_PREFIX_PATH}:/opt/ros/jazzy DEBUGINFOD_URLS=https://debuginfod.ubuntu.com /usr/bin/cmake /home/michele-zarantonello/my_ws/src/ws_group_32_assignments/group_32_apriltag -DCMAKE_INSTALL_PREFIX=/home/michele-zarantonello/my_ws/install/group_32_apriltag
[0.249s] -- The C compiler identification is GNU 13.3.0
[0.392s] -- The CXX compiler identification is GNU 13.3.0
[0.440s] -- Detecting C compiler ABI info
[0.625s] -- Detecting C compiler ABI info - done
[0.650s] -- Check for working C compiler: /usr/bin/cc - skipped
[0.651s] -- Detecting C compile features
[0.652s] -- Detecting C compile features - done
[0.664s] -- Detecting CXX compiler ABI info
[0.782s] -- Detecting CXX compiler ABI info - done
[0.802s] -- Check for working CXX compiler: /usr/bin/c++ - skipped
[0.802s] -- Detecting CXX compile features
[0.803s] -- Detecting CXX compile features - done
[0.814s] -- Found rclcpp: 28.1.12 (/opt/ros/jazzy/share/rclcpp/cmake)
[1.109s] -- Found Python3: /usr/bin/python3 (found version "3.12.3") found components: Interpreter 
[1.455s] -- Found rosidl_generator_c: 4.6.6 (/opt/ros/jazzy/share/rosidl_generator_c/cmake)
[1.495s] -- Found rosidl_generator_cpp: 4.6.6 (/opt/ros/jazzy/share/rosidl_generator_cpp/cmake)
[1.533s] -- Using all available rosidl_typesupport_c: rosidl_typesupport_fastrtps_c;rosidl_typesupport_introspection_c
[1.572s] -- Using all available rosidl_typesupport_cpp: rosidl_typesupport_fastrtps_cpp;rosidl_typesupport_introspection_cpp
[1.700s] -- Found rmw_implementation_cmake: 7.3.2 (/opt/ros/jazzy/share/rmw_implementation_cmake/cmake)
[1.706s] -- Found rmw_fastrtps_cpp: 8.4.3 (/opt/ros/jazzy/share/rmw_fastrtps_cpp/cmake)
[1.855s] -- Found OpenSSL: /usr/lib/x86_64-linux-gnu/libcrypto.so (found version "3.0.13")  
[1.902s] -- Found FastRTPS: /opt/ros/jazzy/include (Required is at least version "2.13") 
[1.939s] -- Using RMW implementation 'rmw_fastrtps_cpp' as default
[2.065s] -- Found rclcpp_components: 28.1.12 (/opt/ros/jazzy/share/rclcpp_components/cmake)
[2.113s] -- Found sensor_msgs: 5.3.6 (/opt/ros/jazzy/share/sensor_msgs/cmake)
[2.189s] -- Found apriltag_msgs: 2.0.1 (/opt/ros/jazzy/share/apriltag_msgs/cmake)
[2.214s] -- Found tf2_ros: 0.36.14 (/opt/ros/jazzy/share/tf2_ros/cmake)
[2.336s] -- Found image_transport: 5.1.7 (/opt/ros/jazzy/share/image_transport/cmake)
[2.353s] -- Found cv_bridge: 4.1.0 (/opt/ros/jazzy/share/cv_bridge/cmake)
[2.378s] -- Performing Test CMAKE_HAVE_LIBC_PTHREAD
[2.477s] -- Performing Test CMAKE_HAVE_LIBC_PTHREAD - Success
[2.478s] -- Found Threads: TRUE  
[2.481s] -- Found OpenCV: /usr (found version "4.6.0") found components: core calib3d 
[2.492s] -- Found ament_lint_auto: 0.17.3 (/opt/ros/jazzy/share/ament_lint_auto/cmake)
[2.638s] -- Added test 'cppcheck' to perform static code analysis on C / C++ code
[2.638s] -- Configured cppcheck include dirs: 
[2.638s] -- Configured cppcheck exclude dirs and/or files: 
[2.640s] -- Configuring done (2.6s)
[2.664s] -- Generating done (0.0s)
[2.672s] -- Build files have been written to: /home/michele-zarantonello/my_ws/build/group_32_apriltag
[2.686s] Invoked command in '/home/michele-zarantonello/my_ws/build/group_32_apriltag' returned '0': CMAKE_PREFIX_PATH=${CMAKE_PREFIX_PATH}:/opt/ros/jazzy DEBUGINFOD_URLS=https://debuginfod.ubuntu.com /usr/bin/cmake /home/michele-zarantonello/my_ws/src/ws_group_32_assignments/group_32_apriltag -DCMAKE_INSTALL_PREFIX=/home/michele-zarantonello/my_ws/install/group_32_apriltag
[2.686s] Invoking command in '/home/michele-zarantonello/my_ws/build/group_32_apriltag': CMAKE_PREFIX_PATH=${CMAKE_PREFIX_PATH}:/opt/ros/jazzy DEBUGINFOD_URLS=https://debuginfod.ubuntu.com /usr/bin/cmake --build /home/michele-zarantonello/my_ws/build/group_32_apriltag -- -j8 -l8
[2.756s] [ 10%] [32mBuilding CXX object CMakeFiles/conversion.dir/src/conversion.cpp.o[0m
[2.759s] [ 20%] [32mBuilding CXX object CMakeFiles/tags.dir/src/tag_functions.cpp.o[0m
[2.759s] [ 30%] [32mBuilding CXX object CMakeFiles/apriltag_node.dir/rclcpp_components/node_main_apriltag_node.cpp.o[0m
[3.478s] [ 40%] [32m[1mLinking CXX static library libtags.a[0m
[3.591s] [ 40%] Built target tags
[7.707s] [ 50%] [32m[1mLinking CXX static library libconversion.a[0m
[7.783s] [ 50%] Built target conversion
[7.828s] [ 60%] [32mBuilding CXX object CMakeFiles/pose_estimation.dir/src/pose_estimation.cpp.o[0m
[10.689s] [ 70%] [32m[1mLinking CXX executable apriltag_node[0m
[11.107s] [ 70%] Built target apriltag_node
[11.979s] [ 80%] [32m[1mLinking CXX static library libpose_estimation.a[0m
[12.070s] [ 80%] Built target pose_estimation
[12.135s] [ 90%] [32mBuilding CXX object CMakeFiles/AprilTagNode.dir/src/AprilTagNode.cpp.o[0m
[22.431s] [100%] [32m[1mLinking CXX shared library libAprilTagNode.so[0m
[22.893s] [100%] Built target AprilTagNode
[22.904s] Invoked command in '/home/michele-zarantonello/my_ws/build/group_32_apriltag' returned '0': CMAKE_PREFIX_PATH=${CMAKE_PREFIX_PATH}:/opt/ros/jazzy DEBUGINFOD_URLS=https://debuginfod.ubuntu.com /usr/bin/cmake --build /home/michele-zarantonello/my_ws/build/group_32_apriltag -- -j8 -l8
[22.905s] Invoking command in '/home/michele-zarantonello/my_ws/build/group_32_apriltag': CMAKE_PREFIX_PATH=${CMAKE_PREFIX_PATH}:/opt/ros/jazzy DEBUGINFOD_URLS=https://debuginfod.ubuntu.com /usr/bin/cmake --install /home/michele-zarantonello/my_ws/build/group_32_apriltag
[22.913s] -- Install configuration: ""
[22.913s] -- Installing: /home/michele-zarantonello/my_ws/install/group_32_apriltag/lib/group_32_apriltag/apriltag_node
[22.913s] -- Set non-toolchain portion of runtime path of "/home/michele-zarantonello/my_ws/install/group_32_apriltag/lib/group_32_apriltag/apriltag_node" to ""
[22.914s] -- Installing: /home/michele-zarantonello/my_ws/install/group_32_apriltag/share/group_32_apriltag/environment/library_path.sh
[22.914s] -- Installing: /home/michele-zarantonello/my_ws/install/group_32_apriltag/share/group_32_apriltag/environment/library_path.dsv
[22.914s] -- Installing: /home/michele-zarantonello/my_ws/install/group_32_apriltag/lib/libAprilTagNode.so
[22.916s] -- Set non-toolchain portion of runtime path of "/home/michele-zarantonello/my_ws/install/group_32_apriltag/lib/libAprilTagNode.so" to ""
[22.916s] -- Installing: /home/michele-zarantonello/my_ws/install/group_32_apriltag/share/group_32_apriltag/cfg
[22.916s] -- Installing: /home/michele-zarantonello/my_ws/install/group_32_apriltag/share/group_32_apriltag/cfg/qos_overrides.yaml
[22.916s] -- Installing: /home/michele-zarantonello/my_ws/install/group_32_apriltag/share/group_32_apriltag/cfg/tags_36h11.yaml
[22.917s] -- Installing: /home/michele-zarantonello/my_ws/install/group_32_apriltag/share/group_32_apriltag/launch
[22.917s] -- Installing: /home/michele-zarantonello/my_ws/install/group_32_apriltag/share/group_32_apriltag/launch/camera_36h11.launch.yml
[22.917s] -- Installing: /home/michele-zarantonello/my_ws/install/group_32_apriltag/share/ament_index/resource_index/package_run_dependencies/group_32_apriltag
[22.917s] -- Installing: /home/michele-zarantonello/my_ws/install/group_32_apriltag/share/ament_index/resource_index/parent_prefix_path/group_32_apriltag
[22.917s] -- Installing: /home/michele-zarantonello/my_ws/install/group_32_apriltag/share/group_32_apriltag/environment/ament_prefix_path.sh
[22.917s] -- Installing: /home/michele-zarantonello/my_ws/install/group_32_apriltag/share/group_32_apriltag/environment/ament_prefix_path.dsv
[22.917s] -- Installing: /home/michele-zarantonello/my_ws/install/group_32_apriltag/share/group_32_apriltag/environment/path.sh
[22.917s] -- Installing: /home/michele-zarantonello/my_ws/install/group_32_apriltag/share/group_32_apriltag/environment/path.dsv
[22.917s] -- Installing: /home/michele-zarantonello/my_ws/install/group_32_apriltag/share/group_32_apriltag/local_setup.bash
[22.918s] -- Installing: /home/michele-zarantonello/my_ws/install/group_32_apriltag/share/group_32_apriltag/local_setup.sh
[22.918s] -- Installing: /home/michele-zarantonello/my_ws/install/group_32_apriltag/share/group_32_apriltag/local_setup.zsh
[22.918s] -- Installing: /home/michele-zarantonello/my_ws/install/group_32_apriltag/share/group_32_apriltag/local_setup.dsv
[22.918s] -- Installing: /home/michele-zarantonello/my_ws/install/group_32_apriltag/share/group_32_apriltag/package.dsv
[22.918s] -- Installing: /home/michele-zarantonello/my_ws/install/group_32_apriltag/share/ament_index/resource_index/packages/group_32_apriltag
[22.918s] -- Installing: /home/michele-zarantonello/my_ws/install/group_32_apriltag/share/ament_index/resource_index/rclcpp_components/group_32_apriltag
[22.918s] -- Installing: /home/michele-zarantonello/my_ws/install/group_32_apriltag/share/group_32_apriltag/cmake/group_32_apriltagConfig.cmake
[22.918s] -- Installing: /home/michele-zarantonello/my_ws/install/group_32_apriltag/share/group_32_apriltag/cmake/group_32_apriltagConfig-version.cmake
[22.918s] -- Installing: /home/michele-zarantonello/my_ws/install/group_32_apriltag/share/group_32_apriltag/package.xml
[22.920s] Invoked command in '/home/michele-zarantonello/my_ws/build/group_32_apriltag' returned '0': CMAKE_PREFIX_PATH=${CMAKE_PREFIX_PATH}:/opt/ros/jazzy DEBUGINFOD_URLS=https://debuginfod.ubuntu.com /usr/bin/cmake --install /home/michele-zarantonello/my_ws/build/group_32_apriltag
