[ 20%] Built target manage_navigation_nodes
[ 40%] Built target manage_localization_nodes
[ 60%] Built target init_pose_publisher
[ 80%] Built target table_detection
[100%] Built target nav2pose
-- Install configuration: ""
-- Up-to-date: /home/michele-zarantonello/my_ws/install/group_32_navigation/lib/group_32_navigation/init_pose_publisher
-- Up-to-date: /home/michele-zarantonello/my_ws/install/group_32_navigation/lib/group_32_navigation/nav2pose
-- Up-to-date: /home/michele-zarantonello/my_ws/install/group_32_navigation/lib/group_32_navigation/manage_localization_nodes
-- Up-to-date: /home/michele-zarantonello/my_ws/install/group_32_navigation/lib/group_32_navigation/manage_navigation_nodes
-- Up-to-date: /home/michele-zarantonello/my_ws/install/group_32_navigation/lib/group_32_navigation/table_detection
-- Up-to-date: /home/michele-zarantonello/my_ws/install/group_32_navigation/share/ament_index/resource_index/package_run_dependencies/group_32_navigation
-- Up-to-date: /home/michele-zarantonello/my_ws/install/group_32_navigation/share/ament_index/resource_index/parent_prefix_path/group_32_navigation
-- Up-to-date: /home/michele-zarantonello/my_ws/install/group_32_navigation/share/group_32_navigation/environment/ament_prefix_path.sh
-- Up-to-date: /home/michele-zarantonello/my_ws/install/group_32_navigation/share/group_32_navigation/environment/ament_prefix_path.dsv
-- Up-to-date: /home/michele-zarantonello/my_ws/install/group_32_navigation/share/group_32_navigation/environment/path.sh
-- Up-to-date: /home/michele-zarantonello/my_ws/install/group_32_navigation/share/group_32_navigation/environment/path.dsv
-- Up-to-date: /home/michele-zarantonello/my_ws/install/group_32_navigation/share/group_32_navigation/local_setup.bash
-- Up-to-date: /home/michele-zarantonello/my_ws/install/group_32_navigation/share/group_32_navigation/local_setup.sh
-- Up-to-date: /home/michele-zarantonello/my_ws/install/group_32_navigation/share/group_32_navigation/local_setup.zsh
-- Up-to-date: /home/michele-zarantonello/my_ws/install/group_32_navigation/share/group_32_navigation/local_setup.dsv
-- Installing: /home/michele-zarantonello/my_ws/install/group_32_navigation/share/group_32_navigation/package.dsv
-- Up-to-date: /home/michele-zarantonello/my_ws/install/group_32_navigation/share/ament_index/resource_index/packages/group_32_navigation
-- Up-to-date: /home/michele-zarantonello/my_ws/install/group_32_navigation/share/group_32_navigation/cmake/group_32_navigationConfig.cmake
-- Up-to-date: /home/michele-zarantonello/my_ws/install/group_32_navigation/share/group_32_navigation/cmake/group_32_navigationConfig-version.cmake
-- Up-to-date: /home/michele-zarantonello/my_ws/install/group_32_navigation/share/group_32_navigation/package.xml
