[0.048s] Invoking command in '/home/michele-zarantonello/my_ws/build/group_32_navigation': CMAKE_PREFIX_PATH=${CMAKE_PREFIX_PATH}:/opt/ros/jazzy DEBUGINFOD_URLS=https://debuginfod.ubuntu.com /usr/bin/cmake --build /home/michele-zarantonello/my_ws/build/group_32_navigation -- -j8 -l8
[0.231s] [ 20%] Built target manage_navigation_nodes
[0.231s] [ 40%] Built target manage_localization_nodes
[0.231s] [ 60%] Built target init_pose_publisher
[0.231s] [ 80%] Built target table_detection
[0.232s] [100%] Built target nav2pose
[0.300s] Invoked command in '/home/michele-zarantonello/my_ws/build/group_32_navigation' returned '0': CMAKE_PREFIX_PATH=${CMAKE_PREFIX_PATH}:/opt/ros/jazzy DEBUGINFOD_URLS=https://debuginfod.ubuntu.com /usr/bin/cmake --build /home/michele-zarantonello/my_ws/build/group_32_navigation -- -j8 -l8
[0.300s] Invoking command in '/home/michele-zarantonello/my_ws/build/group_32_navigation': CMAKE_PREFIX_PATH=${CMAKE_PREFIX_PATH}:/opt/ros/jazzy DEBUGINFOD_URLS=https://debuginfod.ubuntu.com /usr/bin/cmake --install /home/michele-zarantonello/my_ws/build/group_32_navigation
[0.314s] -- Install configuration: ""
[0.315s] -- Up-to-date: /home/michele-zarantonello/my_ws/install/group_32_navigation/lib/group_32_navigation/init_pose_publisher
[0.315s] -- Up-to-date: /home/michele-zarantonello/my_ws/install/group_32_navigation/lib/group_32_navigation/nav2pose
[0.315s] -- Up-to-date: /home/michele-zarantonello/my_ws/install/group_32_navigation/lib/group_32_navigation/manage_localization_nodes
[0.316s] -- Up-to-date: /home/michele-zarantonello/my_ws/install/group_32_navigation/lib/group_32_navigation/manage_navigation_nodes
[0.316s] -- Up-to-date: /home/michele-zarantonello/my_ws/install/group_32_navigation/lib/group_32_navigation/table_detection
[0.316s] -- Up-to-date: /home/michele-zarantonello/my_ws/install/group_32_navigation/share/ament_index/resource_index/package_run_dependencies/group_32_navigation
[0.317s] -- Up-to-date: /home/michele-zarantonello/my_ws/install/group_32_navigation/share/ament_index/resource_index/parent_prefix_path/group_32_navigation
[0.317s] -- Up-to-date: /home/michele-zarantonello/my_ws/install/group_32_navigation/share/group_32_navigation/environment/ament_prefix_path.sh
[0.317s] -- Up-to-date: /home/michele-zarantonello/my_ws/install/group_32_navigation/share/group_32_navigation/environment/ament_prefix_path.dsv
[0.318s] -- Up-to-date: /home/michele-zarantonello/my_ws/install/group_32_navigation/share/group_32_navigation/environment/path.sh
[0.318s] -- Up-to-date: /home/michele-zarantonello/my_ws/install/group_32_navigation/share/group_32_navigation/environment/path.dsv
[0.318s] -- Up-to-date: /home/michele-zarantonello/my_ws/install/group_32_navigation/share/group_32_navigation/local_setup.bash
[0.318s] -- Up-to-date: /home/michele-zarantonello/my_ws/install/group_32_navigation/share/group_32_navigation/local_setup.sh
[0.318s] -- Up-to-date: /home/michele-zarantonello/my_ws/install/group_32_navigation/share/group_32_navigation/local_setup.zsh
[0.318s] -- Up-to-date: /home/michele-zarantonello/my_ws/install/group_32_navigation/share/group_32_navigation/local_setup.dsv
[0.318s] -- Installing: /home/michele-zarantonello/my_ws/install/group_32_navigation/share/group_32_navigation/package.dsv
[0.319s] -- Up-to-date: /home/michele-zarantonello/my_ws/install/group_32_navigation/share/ament_index/resource_index/packages/group_32_navigation
[0.319s] -- Up-to-date: /home/michele-zarantonello/my_ws/install/group_32_navigation/share/group_32_navigation/cmake/group_32_navigationConfig.cmake
[0.319s] -- Up-to-date: /home/michele-zarantonello/my_ws/install/group_32_navigation/share/group_32_navigation/cmake/group_32_navigationConfig-version.cmake
[0.319s] -- Up-to-date: /home/michele-zarantonello/my_ws/install/group_32_navigation/share/group_32_navigation/package.xml
[0.324s] Invoked command in '/home/michele-zarantonello/my_ws/build/group_32_navigation' returned '0': CMAKE_PREFIX_PATH=${CMAKE_PREFIX_PATH}:/opt/ros/jazzy DEBUGINFOD_URLS=https://debuginfod.ubuntu.com /usr/bin/cmake --install /home/michele-zarantonello/my_ws/build/group_32_navigation
