-- The C compiler identification is GNU 13.3.0
-- The CXX compiler identification is GNU 13.3.0
-- Detecting C compiler ABI info
-- Detecting C compiler ABI info - done
-- Check for working C compiler: /usr/bin/cc - skipped
-- Detecting C compile features
-- Detecting C compile features - done
-- Detecting CXX compiler ABI info
-- Detecting CXX compiler ABI info - done
-- Check for working CXX compiler: /usr/bin/c++ - skipped
-- Detecting CXX compile features
-- Detecting CXX compile features - done
-- Found ament_cmake: 2.5.4 (/opt/ros/jazzy/share/ament_cmake/cmake)
-- Found Python3: /usr/bin/python3 (found version "3.12.3") found components: Interpreter 
-- Found geometry_msgs: 5.3.6 (/opt/ros/jazzy/share/geometry_msgs/cmake)
-- Found rosidl_generator_c: 4.6.6 (/opt/ros/jazzy/share/rosidl_generator_c/cmake)
-- Found rosidl_generator_cpp: 4.6.6 (/opt/ros/jazzy/share/rosidl_generator_cpp/cmake)
-- Using all available rosidl_typesupport_c: rosidl_typesupport_fastrtps_c;rosidl_typesupport_introspection_c
-- Using all available rosidl_typesupport_cpp: rosidl_typesupport_fastrtps_cpp;rosidl_typesupport_introspection_cpp
-- Found rclcpp: 28.1.12 (/opt/ros/jazzy/share/rclcpp/cmake)
-- Found rmw_implementation_cmake: 7.3.2 (/opt/ros/jazzy/share/rmw_implementation_cmake/cmake)
-- Found rmw_fastrtps_cpp: 8.4.3 (/opt/ros/jazzy/share/rmw_fastrtps_cpp/cmake)
-- Found OpenSSL: /usr/lib/x86_64-linux-gnu/libcrypto.so (found version "3.0.13")  
-- Found FastRTPS: /opt/ros/jazzy/include (Required is at least version "2.13") 
-- Using RMW implementation 'rmw_fastrtps_cpp' as default
-- Found nav2_msgs: 1.3.8 (/opt/ros/jazzy/share/nav2_msgs/cmake)
-- Found tf2: 0.36.14 (/opt/ros/jazzy/share/tf2/cmake)
-- Found tf2_ros: 0.36.14 (/opt/ros/jazzy/share/tf2_ros/cmake)
-- Found sensor_msgs: 5.3.6 (/opt/ros/jazzy/share/sensor_msgs/cmake)
-- Found tf2_geometry_msgs: 0.36.14 (/opt/ros/jazzy/share/tf2_geometry_msgs/cmake)
-- Found eigen3_cmake_module: 0.3.0 (/opt/ros/jazzy/share/eigen3_cmake_module/cmake)
-- Found Eigen3: TRUE (found version "3.4.0") 
-- Ensuring Eigen3 include directory is part of orocos-kdl CMake target
-- Found ament_lint_auto: 0.17.3 (/opt/ros/jazzy/share/ament_lint_auto/cmake)
-- Added test 'cppcheck' to perform static code analysis on C / C++ code
-- Configured cppcheck include dirs: 
-- Configured cppcheck exclude dirs and/or files: 
-- Added test 'lint_cmake' to check CMake code style
-- Added test 'uncrustify' to check C / C++ code style
-- Configured uncrustify additional arguments: 
-- Added test 'xmllint' to check XML markup files
-- Configuring done (2.5s)
-- Generating done (0.0s)
-- Build files have been written to: /home/michele-zarantonello/my_ws/build/group_32_navigation
[ 10%] [32mBuilding CXX object CMakeFiles/manage_localization_nodes.dir/src/manage_localization_nodes.cpp.o[0m
[ 40%] [32mBuilding CXX object CMakeFiles/init_pose_publisher.dir/src/init_pose_publisher.cpp.o[0m
[ 40%] [32mBuilding CXX object CMakeFiles/nav2pose.dir/src/nav2pose.cpp.o[0m
[ 40%] [32mBuilding CXX object CMakeFiles/table_detection.dir/src/table_detection.cpp.o[0m
[ 50%] [32mBuilding CXX object CMakeFiles/manage_navigation_nodes.dir/src/manage_navigation_nodes.cpp.o[0m
[ 60%] [32m[1mLinking CXX executable manage_localization_nodes[0m
[ 70%] [32m[1mLinking CXX executable manage_navigation_nodes[0m
[ 70%] Built target manage_localization_nodes
[ 70%] Built target manage_navigation_nodes
[ 80%] [32m[1mLinking CXX executable nav2pose[0m
[ 80%] Built target nav2pose
[ 90%] [32m[1mLinking CXX executable init_pose_publisher[0m
[ 90%] Built target init_pose_publisher
[100%] [32m[1mLinking CXX executable table_detection[0m
[100%] Built target table_detection
-- Install configuration: ""
-- Installing: /home/michele-zarantonello/my_ws/install/group_32_navigation/lib/group_32_navigation/init_pose_publisher
-- Set non-toolchain portion of runtime path of "/home/michele-zarantonello/my_ws/install/group_32_navigation/lib/group_32_navigation/init_pose_publisher" to ""
-- Installing: /home/michele-zarantonello/my_ws/install/group_32_navigation/lib/group_32_navigation/nav2pose
-- Set non-toolchain portion of runtime path of "/home/michele-zarantonello/my_ws/install/group_32_navigation/lib/group_32_navigation/nav2pose" to ""
-- Installing: /home/michele-zarantonello/my_ws/install/group_32_navigation/lib/group_32_navigation/manage_localization_nodes
-- Set non-toolchain portion of runtime path of "/home/michele-zarantonello/my_ws/install/group_32_navigation/lib/group_32_navigation/manage_localization_nodes" to ""
-- Installing: /home/michele-zarantonello/my_ws/install/group_32_navigation/lib/group_32_navigation/manage_navigation_nodes
-- Set non-toolchain portion of runtime path of "/home/michele-zarantonello/my_ws/install/group_32_navigation/lib/group_32_navigation/manage_navigation_nodes" to ""
-- Installing: /home/michele-zarantonello/my_ws/install/group_32_navigation/lib/group_32_navigation/table_detection
-- Set non-toolchain portion of runtime path of "/home/michele-zarantonello/my_ws/install/group_32_navigation/lib/group_32_navigation/table_detection" to ""
-- Installing: /home/michele-zarantonello/my_ws/install/group_32_navigation/share/ament_index/resource_index/package_run_dependencies/group_32_navigation
-- Installing: /home/michele-zarantonello/my_ws/install/group_32_navigation/share/ament_index/resource_index/parent_prefix_path/group_32_navigation
-- Installing: /home/michele-zarantonello/my_ws/install/group_32_navigation/share/group_32_navigation/environment/ament_prefix_path.sh
-- Installing: /home/michele-zarantonello/my_ws/install/group_32_navigation/share/group_32_navigation/environment/ament_prefix_path.dsv
-- Installing: /home/michele-zarantonello/my_ws/install/group_32_navigation/share/group_32_navigation/environment/path.sh
-- Installing: /home/michele-zarantonello/my_ws/install/group_32_navigation/share/group_32_navigation/environment/path.dsv
-- Installing: /home/michele-zarantonello/my_ws/install/group_32_navigation/share/group_32_navigation/local_setup.bash
-- Installing: /home/michele-zarantonello/my_ws/install/group_32_navigation/share/group_32_navigation/local_setup.sh
-- Installing: /home/michele-zarantonello/my_ws/install/group_32_navigation/share/group_32_navigation/local_setup.zsh
-- Installing: /home/michele-zarantonello/my_ws/install/group_32_navigation/share/group_32_navigation/local_setup.dsv
-- Installing: /home/michele-zarantonello/my_ws/install/group_32_navigation/share/group_32_navigation/package.dsv
-- Installing: /home/michele-zarantonello/my_ws/install/group_32_navigation/share/ament_index/resource_index/packages/group_32_navigation
-- Installing: /home/michele-zarantonello/my_ws/install/group_32_navigation/share/group_32_navigation/cmake/group_32_navigationConfig.cmake
-- Installing: /home/michele-zarantonello/my_ws/install/group_32_navigation/share/group_32_navigation/cmake/group_32_navigationConfig-version.cmake
-- Installing: /home/michele-zarantonello/my_ws/install/group_32_navigation/share/group_32_navigation/package.xml
