[0.041s] Invoking command in '/home/michele-zarantonello/my_ws/build/group_32_navigation': CMAKE_PREFIX_PATH=${CMAKE_PREFIX_PATH}:/opt/ros/jazzy DEBUGINFOD_URLS=https://debuginfod.ubuntu.com /usr/bin/cmake /home/michele-zarantonello/my_ws/src/ws_group_32_assignments/group_32_navigation -DCMAKE_INSTALL_PREFIX=/home/michele-zarantonello/my_ws/install/group_32_navigation
[0.235s] -- The C compiler identification is GNU 13.3.0
[0.380s] -- The CXX compiler identification is GNU 13.3.0
[0.430s] -- Detecting C compiler ABI info
[0.611s] -- Detecting C compiler ABI info - done
[0.638s] -- Check for working C compiler: /usr/bin/cc - skipped
[0.638s] -- Detecting C compile features
[0.639s] -- Detecting C compile features - done
[0.651s] -- Detecting CXX compiler ABI info
[0.799s] -- Detecting CXX compiler ABI info - done
[0.811s] -- Check for working CXX compiler: /usr/bin/c++ - skipped
[0.811s] -- Detecting CXX compile features
[0.812s] -- Detecting CXX compile features - done
[0.822s] -- Found ament_cmake: 2.5.4 (/opt/ros/jazzy/share/ament_cmake/cmake)
[1.113s] -- Found Python3: /usr/bin/python3 (found version "3.12.3") found components: Interpreter 
[1.362s] -- Found geometry_msgs: 5.3.6 (/opt/ros/jazzy/share/geometry_msgs/cmake)
[1.443s] -- Found rosidl_generator_c: 4.6.6 (/opt/ros/jazzy/share/rosidl_generator_c/cmake)
[1.466s] -- Found rosidl_generator_cpp: 4.6.6 (/opt/ros/jazzy/share/rosidl_generator_cpp/cmake)
[1.508s] -- Using all available rosidl_typesupport_c: rosidl_typesupport_fastrtps_c;rosidl_typesupport_introspection_c
[1.540s] -- Using all available rosidl_typesupport_cpp: rosidl_typesupport_fastrtps_cpp;rosidl_typesupport_introspection_cpp
[1.616s] -- Found rclcpp: 28.1.12 (/opt/ros/jazzy/share/rclcpp/cmake)
[1.728s] -- Found rmw_implementation_cmake: 7.3.2 (/opt/ros/jazzy/share/rmw_implementation_cmake/cmake)
[1.733s] -- Found rmw_fastrtps_cpp: 8.4.3 (/opt/ros/jazzy/share/rmw_fastrtps_cpp/cmake)
[1.878s] -- Found OpenSSL: /usr/lib/x86_64-linux-gnu/libcrypto.so (found version "3.0.13")  
[1.910s] -- Found FastRTPS: /opt/ros/jazzy/include (Required is at least version "2.13") 
[1.946s] -- Using RMW implementation 'rmw_fastrtps_cpp' as default
[2.059s] -- Found nav2_msgs: 1.3.8 (/opt/ros/jazzy/share/nav2_msgs/cmake)
[2.247s] -- Found tf2: 0.36.14 (/opt/ros/jazzy/share/tf2/cmake)
[2.254s] -- Found tf2_ros: 0.36.14 (/opt/ros/jazzy/share/tf2_ros/cmake)
[2.379s] -- Found sensor_msgs: 5.3.6 (/opt/ros/jazzy/share/sensor_msgs/cmake)
[2.412s] -- Found tf2_geometry_msgs: 0.36.14 (/opt/ros/jazzy/share/tf2_geometry_msgs/cmake)
[2.436s] -- Found eigen3_cmake_module: 0.3.0 (/opt/ros/jazzy/share/eigen3_cmake_module/cmake)
[2.437s] -- Found Eigen3: TRUE (found version "3.4.0") 
[2.437s] -- Ensuring Eigen3 include directory is part of orocos-kdl CMake target
[2.455s] -- Found ament_lint_auto: 0.17.3 (/opt/ros/jazzy/share/ament_lint_auto/cmake)
[2.584s] -- Added test 'cppcheck' to perform static code analysis on C / C++ code
[2.585s] -- Configured cppcheck include dirs: 
[2.585s] -- Configured cppcheck exclude dirs and/or files: 
[2.587s] -- Added test 'lint_cmake' to check CMake code style
[2.589s] -- Added test 'uncrustify' to check C / C++ code style
[2.589s] -- Configured uncrustify additional arguments: 
[2.590s] -- Added test 'xmllint' to check XML markup files
[2.593s] -- Configuring done (2.5s)
[2.640s] -- Generating done (0.0s)
[2.652s] -- Build files have been written to: /home/michele-zarantonello/my_ws/build/group_32_navigation
[2.665s] Invoked command in '/home/michele-zarantonello/my_ws/build/group_32_navigation' returned '0': CMAKE_PREFIX_PATH=${CMAKE_PREFIX_PATH}:/opt/ros/jazzy DEBUGINFOD_URLS=https://debuginfod.ubuntu.com /usr/bin/cmake /home/michele-zarantonello/my_ws/src/ws_group_32_assignments/group_32_navigation -DCMAKE_INSTALL_PREFIX=/home/michele-zarantonello/my_ws/install/group_32_navigation
[2.666s] Invoking command in '/home/michele-zarantonello/my_ws/build/group_32_navigation': CMAKE_PREFIX_PATH=${CMAKE_PREFIX_PATH}:/opt/ros/jazzy DEBUGINFOD_URLS=https://debuginfod.ubuntu.com /usr/bin/cmake --build /home/michele-zarantonello/my_ws/build/group_32_navigation -- -j8 -l8
[2.730s] [ 10%] [32mBuilding CXX object CMakeFiles/manage_localization_nodes.dir/src/manage_localization_nodes.cpp.o[0m
[2.730s] [ 40%] [32mBuilding CXX object CMakeFiles/init_pose_publisher.dir/src/init_pose_publisher.cpp.o[0m
[2.730s] [ 40%] [32mBuilding CXX object CMakeFiles/nav2pose.dir/src/nav2pose.cpp.o[0m
[2.733s] [ 40%] [32mBuilding CXX object CMakeFiles/table_detection.dir/src/table_detection.cpp.o[0m
[2.733s] [ 50%] [32mBuilding CXX object CMakeFiles/manage_navigation_nodes.dir/src/manage_navigation_nodes.cpp.o[0m
[11.725s] [ 60%] [32m[1mLinking CXX executable manage_localization_nodes[0m
[11.846s] [ 70%] [32m[1mLinking CXX executable manage_navigation_nodes[0m
[12.297s] [ 70%] Built target manage_localization_nodes
[12.373s] [ 70%] Built target manage_navigation_nodes
[14.796s] [ 80%] [32m[1mLinking CXX executable nav2pose[0m
[15.304s] [ 80%] Built target nav2pose
[18.300s] [ 90%] [32m[1mLinking CXX executable init_pose_publisher[0m
[18.804s] [ 90%] Built target init_pose_publisher
[19.135s] [100%] [32m[1mLinking CXX executable table_detection[0m
[19.790s] [100%] Built target table_detection
[19.813s] Invoked command in '/home/michele-zarantonello/my_ws/build/group_32_navigation' returned '0': CMAKE_PREFIX_PATH=${CMAKE_PREFIX_PATH}:/opt/ros/jazzy DEBUGINFOD_URLS=https://debuginfod.ubuntu.com /usr/bin/cmake --build /home/michele-zarantonello/my_ws/build/group_32_navigation -- -j8 -l8
[19.814s] Invoking command in '/home/michele-zarantonello/my_ws/build/group_32_navigation': CMAKE_PREFIX_PATH=${CMAKE_PREFIX_PATH}:/opt/ros/jazzy DEBUGINFOD_URLS=https://debuginfod.ubuntu.com /usr/bin/cmake --install /home/michele-zarantonello/my_ws/build/group_32_navigation
[19.823s] -- Install configuration: ""
[19.823s] -- Installing: /home/michele-zarantonello/my_ws/install/group_32_navigation/lib/group_32_navigation/init_pose_publisher
[19.827s] -- Set non-toolchain portion of runtime path of "/home/michele-zarantonello/my_ws/install/group_32_navigation/lib/group_32_navigation/init_pose_publisher" to ""
[19.827s] -- Installing: /home/michele-zarantonello/my_ws/install/group_32_navigation/lib/group_32_navigation/nav2pose
[19.829s] -- Set non-toolchain portion of runtime path of "/home/michele-zarantonello/my_ws/install/group_32_navigation/lib/group_32_navigation/nav2pose" to ""
[19.829s] -- Installing: /home/michele-zarantonello/my_ws/install/group_32_navigation/lib/group_32_navigation/manage_localization_nodes
[19.830s] -- Set non-toolchain portion of runtime path of "/home/michele-zarantonello/my_ws/install/group_32_navigation/lib/group_32_navigation/manage_localization_nodes" to ""
[19.831s] -- Installing: /home/michele-zarantonello/my_ws/install/group_32_navigation/lib/group_32_navigation/manage_navigation_nodes
[19.832s] -- Set non-toolchain portion of runtime path of "/home/michele-zarantonello/my_ws/install/group_32_navigation/lib/group_32_navigation/manage_navigation_nodes" to ""
[19.832s] -- Installing: /home/michele-zarantonello/my_ws/install/group_32_navigation/lib/group_32_navigation/table_detection
[19.836s] -- Set non-toolchain portion of runtime path of "/home/michele-zarantonello/my_ws/install/group_32_navigation/lib/group_32_navigation/table_detection" to ""
[19.836s] -- Installing: /home/michele-zarantonello/my_ws/install/group_32_navigation/share/ament_index/resource_index/package_run_dependencies/group_32_navigation
[19.836s] -- Installing: /home/michele-zarantonello/my_ws/install/group_32_navigation/share/ament_index/resource_index/parent_prefix_path/group_32_navigation
[19.836s] -- Installing: /home/michele-zarantonello/my_ws/install/group_32_navigation/share/group_32_navigation/environment/ament_prefix_path.sh
[19.836s] -- Installing: /home/michele-zarantonello/my_ws/install/group_32_navigation/share/group_32_navigation/environment/ament_prefix_path.dsv
[19.837s] -- Installing: /home/michele-zarantonello/my_ws/install/group_32_navigation/share/group_32_navigation/environment/path.sh
[19.837s] -- Installing: /home/michele-zarantonello/my_ws/install/group_32_navigation/share/group_32_navigation/environment/path.dsv
[19.837s] -- Installing: /home/michele-zarantonello/my_ws/install/group_32_navigation/share/group_32_navigation/local_setup.bash
[19.837s] -- Installing: /home/michele-zarantonello/my_ws/install/group_32_navigation/share/group_32_navigation/local_setup.sh
[19.837s] -- Installing: /home/michele-zarantonello/my_ws/install/group_32_navigation/share/group_32_navigation/local_setup.zsh
[19.837s] -- Installing: /home/michele-zarantonello/my_ws/install/group_32_navigation/share/group_32_navigation/local_setup.dsv
[19.837s] -- Installing: /home/michele-zarantonello/my_ws/install/group_32_navigation/share/group_32_navigation/package.dsv
[19.838s] -- Installing: /home/michele-zarantonello/my_ws/install/group_32_navigation/share/ament_index/resource_index/packages/group_32_navigation
[19.838s] -- Installing: /home/michele-zarantonello/my_ws/install/group_32_navigation/share/group_32_navigation/cmake/group_32_navigationConfig.cmake
[19.838s] -- Installing: /home/michele-zarantonello/my_ws/install/group_32_navigation/share/group_32_navigation/cmake/group_32_navigationConfig-version.cmake
[19.838s] -- Installing: /home/michele-zarantonello/my_ws/install/group_32_navigation/share/group_32_navigation/package.xml
[19.842s] Invoked command in '/home/michele-zarantonello/my_ws/build/group_32_navigation' returned '0': CMAKE_PREFIX_PATH=${CMAKE_PREFIX_PATH}:/opt/ros/jazzy DEBUGINFOD_URLS=https://debuginfod.ubuntu.com /usr/bin/cmake --install /home/michele-zarantonello/my_ws/build/group_32_navigation
