[0.043s] Invoking command in '/home/michele-zarantonello/my_ws/build/group_32_launch': CMAKE_PREFIX_PATH=${CMAKE_PREFIX_PATH}:/opt/ros/jazzy DEBUGINFOD_URLS=https://debuginfod.ubuntu.com /usr/bin/cmake --build /home/michele-zarantonello/my_ws/build/group_32_launch -- -j8 -l8
[0.147s] Invoked command in '/home/michele-zarantonello/my_ws/build/group_32_launch' returned '0': CMAKE_PREFIX_PATH=${CMAKE_PREFIX_PATH}:/opt/ros/jazzy DEBUGINFOD_URLS=https://debuginfod.ubuntu.com /usr/bin/cmake --build /home/michele-zarantonello/my_ws/build/group_32_launch -- -j8 -l8
[0.150s] Invoking command in '/home/michele-zarantonello/my_ws/build/group_32_launch': CMAKE_PREFIX_PATH=${CMAKE_PREFIX_PATH}:/opt/ros/jazzy DEBUGINFOD_URLS=https://debuginfod.ubuntu.com /usr/bin/cmake --install /home/michele-zarantonello/my_ws/build/group_32_launch
[0.171s] -- Install configuration: ""
[0.171s] -- Up-to-date: /home/michele-zarantonello/my_ws/install/group_32_launch/share/group_32_launch/launch
[0.171s] -- Up-to-date: /home/michele-zarantonello/my_ws/install/group_32_launch/share/group_32_launch/launch/my_launch.launch.py
[0.172s] -- Up-to-date: /home/michele-zarantonello/my_ws/install/group_32_launch/share/ament_index/resource_index/package_run_dependencies/group_32_launch
[0.172s] -- Up-to-date: /home/michele-zarantonello/my_ws/install/group_32_launch/share/ament_index/resource_index/parent_prefix_path/group_32_launch
[0.176s] -- Up-to-date: /home/michele-zarantonello/my_ws/install/group_32_launch/share/group_32_launch/environment/ament_prefix_path.sh
[0.176s] -- Up-to-date: /home/michele-zarantonello/my_ws/install/group_32_launch/share/group_32_launch/environment/ament_prefix_path.dsv
[0.176s] -- Up-to-date: /home/michele-zarantonello/my_ws/install/group_32_launch/share/group_32_launch/environment/path.sh
[0.176s] -- Up-to-date: /home/michele-zarantonello/my_ws/install/group_32_launch/share/group_32_launch/environment/path.dsv
[0.177s] -- Up-to-date: /home/michele-zarantonello/my_ws/install/group_32_launch/share/group_32_launch/local_setup.bash
[0.177s] -- Up-to-date: /home/michele-zarantonello/my_ws/install/group_32_launch/share/group_32_launch/local_setup.sh
[0.177s] -- Up-to-date: /home/michele-zarantonello/my_ws/install/group_32_launch/share/group_32_launch/local_setup.zsh
[0.178s] -- Up-to-date: /home/michele-zarantonello/my_ws/install/group_32_launch/share/group_32_launch/local_setup.dsv
[0.178s] -- Up-to-date: /home/michele-zarantonello/my_ws/install/group_32_launch/share/group_32_launch/package.dsv
[0.179s] -- Up-to-date: /home/michele-zarantonello/my_ws/install/group_32_launch/share/ament_index/resource_index/packages/group_32_launch
[0.179s] -- Up-to-date: /home/michele-zarantonello/my_ws/install/group_32_launch/share/group_32_launch/cmake/group_32_launchConfig.cmake
[0.179s] -- Up-to-date: /home/michele-zarantonello/my_ws/install/group_32_launch/share/group_32_launch/cmake/group_32_launchConfig-version.cmake
[0.180s] -- Up-to-date: /home/michele-zarantonello/my_ws/install/group_32_launch/share/group_32_launch/package.xml
[0.216s] Invoked command in '/home/michele-zarantonello/my_ws/build/group_32_launch' returned '0': CMAKE_PREFIX_PATH=${CMAKE_PREFIX_PATH}:/opt/ros/jazzy DEBUGINFOD_URLS=https://debuginfod.ubuntu.com /usr/bin/cmake --install /home/michele-zarantonello/my_ws/build/group_32_launch
