[0.052s] Invoking command in '/home/michele-zarantonello/my_ws/build/assignment_1': CMAKE_PREFIX_PATH=${CMAKE_PREFIX_PATH}:/opt/ros/jazzy DEBUGINFOD_URLS=https://debuginfod.ubuntu.com /usr/bin/cmake --build /home/michele-zarantonello/my_ws/build/assignment_1 -- -j8 -l8
[0.127s] Invoked command in '/home/michele-zarantonello/my_ws/build/assignment_1' returned '0': CMAKE_PREFIX_PATH=${CMAKE_PREFIX_PATH}:/opt/ros/jazzy DEBUGINFOD_URLS=https://debuginfod.ubuntu.com /usr/bin/cmake --build /home/michele-zarantonello/my_ws/build/assignment_1 -- -j8 -l8
[0.130s] Invoking command in '/home/michele-zarantonello/my_ws/build/assignment_1': CMAKE_PREFIX_PATH=${CMAKE_PREFIX_PATH}:/opt/ros/jazzy DEBUGINFOD_URLS=https://debuginfod.ubuntu.com /usr/bin/cmake --install /home/michele-zarantonello/my_ws/build/assignment_1
[0.160s] -- Install configuration: ""
[0.160s] -- Up-to-date: /home/michele-zarantonello/my_ws/install/assignment_1/share/ament_index/resource_index/package_run_dependencies/assignment_1
[0.160s] -- Up-to-date: /home/michele-zarantonello/my_ws/install/assignment_1/share/ament_index/resource_index/parent_prefix_path/assignment_1
[0.160s] -- Up-to-date: /home/michele-zarantonello/my_ws/install/assignment_1/share/assignment_1/environment/ament_prefix_path.sh
[0.161s] -- Up-to-date: /home/michele-zarantonello/my_ws/install/assignment_1/share/assignment_1/environment/ament_prefix_path.dsv
[0.161s] -- Up-to-date: /home/michele-zarantonello/my_ws/install/assignment_1/share/assignment_1/environment/path.sh
[0.161s] -- Up-to-date: /home/michele-zarantonello/my_ws/install/assignment_1/share/assignment_1/environment/path.dsv
[0.161s] -- Up-to-date: /home/michele-zarantonello/my_ws/install/assignment_1/share/assignment_1/local_setup.bash
[0.161s] -- Up-to-date: /home/michele-zarantonello/my_ws/install/assignment_1/share/assignment_1/local_setup.sh
[0.161s] -- Up-to-date: /home/michele-zarantonello/my_ws/install/assignment_1/share/assignment_1/local_setup.zsh
[0.161s] -- Up-to-date: /home/michele-zarantonello/my_ws/install/assignment_1/share/assignment_1/local_setup.dsv
[0.161s] -- Installing: /home/michele-zarantonello/my_ws/install/assignment_1/share/assignment_1/package.dsv
[0.162s] -- Up-to-date: /home/michele-zarantonello/my_ws/install/assignment_1/share/ament_index/resource_index/packages/assignment_1
[0.162s] -- Up-to-date: /home/michele-zarantonello/my_ws/install/assignment_1/share/assignment_1/cmake/assignment_1Config.cmake
[0.162s] -- Up-to-date: /home/michele-zarantonello/my_ws/install/assignment_1/share/assignment_1/cmake/assignment_1Config-version.cmake
[0.162s] -- Up-to-date: /home/michele-zarantonello/my_ws/install/assignment_1/share/assignment_1/package.xml
[0.207s] Invoked command in '/home/michele-zarantonello/my_ws/build/assignment_1' returned '0': CMAKE_PREFIX_PATH=${CMAKE_PREFIX_PATH}:/opt/ros/jazzy DEBUGINFOD_URLS=https://debuginfod.ubuntu.com /usr/bin/cmake --install /home/michele-zarantonello/my_ws/build/assignment_1
