[0.044s] Invoking command in '/home/michele-zarantonello/my_ws/build/ir_desription': CMAKE_PREFIX_PATH=${CMAKE_PREFIX_PATH}:/opt/ros/jazzy DEBUGINFOD_URLS=https://debuginfod.ubuntu.com /usr/bin/cmake /home/michele-zarantonello/my_ws/src/ir_2526/ir_desription -DCMAKE_INSTALL_PREFIX=/home/michele-zarantonello/my_ws/install/ir_desription
[0.215s] -- The C compiler identification is GNU 13.3.0
[0.454s] -- The CXX compiler identification is GNU 13.3.0
[0.477s] -- Detecting C compiler ABI info
[0.591s] -- Detecting C compiler ABI info - done
[0.612s] -- Check for working C compiler: /usr/bin/cc - skipped
[0.612s] -- Detecting C compile features
[0.613s] -- Detecting C compile features - done
[0.624s] -- Detecting CXX compiler ABI info
[0.743s] -- Detecting CXX compiler ABI info - done
[0.756s] -- Check for working CXX compiler: /usr/bin/c++ - skipped
[0.756s] -- Detecting CXX compile features
[0.756s] -- Detecting CXX compile features - done
[0.767s] -- Found ament_cmake: 2.5.4 (/opt/ros/jazzy/share/ament_cmake/cmake)
[0.960s] -- Found Python3: /usr/bin/python3 (found version "3.12.3") found components: Interpreter 
[1.152s] -- Found ament_lint_auto: 0.17.3 (/opt/ros/jazzy/share/ament_lint_auto/cmake)
[1.314s] -- Added test 'lint_cmake' to check CMake code style
[1.317s] -- Added test 'xmllint' to check XML markup files
[1.319s] -- Configuring done (1.3s)
[1.321s] -- Generating done (0.0s)
[1.324s] -- Build files have been written to: /home/michele-zarantonello/my_ws/build/ir_desription
[1.334s] Invoked command in '/home/michele-zarantonello/my_ws/build/ir_desription' returned '0': CMAKE_PREFIX_PATH=${CMAKE_PREFIX_PATH}:/opt/ros/jazzy DEBUGINFOD_URLS=https://debuginfod.ubuntu.com /usr/bin/cmake /home/michele-zarantonello/my_ws/src/ir_2526/ir_desription -DCMAKE_INSTALL_PREFIX=/home/michele-zarantonello/my_ws/install/ir_desription
[1.335s] Invoking command in '/home/michele-zarantonello/my_ws/build/ir_desription': CMAKE_PREFIX_PATH=${CMAKE_PREFIX_PATH}:/opt/ros/jazzy DEBUGINFOD_URLS=https://debuginfod.ubuntu.com /usr/bin/cmake --build /home/michele-zarantonello/my_ws/build/ir_desription -- -j8 -l8
[1.382s] Invoked command in '/home/michele-zarantonello/my_ws/build/ir_desription' returned '0': CMAKE_PREFIX_PATH=${CMAKE_PREFIX_PATH}:/opt/ros/jazzy DEBUGINFOD_URLS=https://debuginfod.ubuntu.com /usr/bin/cmake --build /home/michele-zarantonello/my_ws/build/ir_desription -- -j8 -l8
[1.383s] Invoking command in '/home/michele-zarantonello/my_ws/build/ir_desription': CMAKE_PREFIX_PATH=${CMAKE_PREFIX_PATH}:/opt/ros/jazzy DEBUGINFOD_URLS=https://debuginfod.ubuntu.com /usr/bin/cmake --install /home/michele-zarantonello/my_ws/build/ir_desription
[1.393s] -- Install configuration: ""
[1.393s] -- Installing: /home/michele-zarantonello/my_ws/install/ir_desription/share/ament_index/resource_index/package_run_dependencies/ir_desription
[1.393s] -- Installing: /home/michele-zarantonello/my_ws/install/ir_desription/share/ament_index/resource_index/parent_prefix_path/ir_desription
[1.393s] -- Installing: /home/michele-zarantonello/my_ws/install/ir_desription/share/ir_desription/environment/ament_prefix_path.sh
[1.393s] -- Installing: /home/michele-zarantonello/my_ws/install/ir_desription/share/ir_desription/environment/ament_prefix_path.dsv
[1.393s] -- Installing: /home/michele-zarantonello/my_ws/install/ir_desription/share/ir_desription/environment/path.sh
[1.394s] -- Installing: /home/michele-zarantonello/my_ws/install/ir_desription/share/ir_desription/environment/path.dsv
[1.394s] -- Installing: /home/michele-zarantonello/my_ws/install/ir_desription/share/ir_desription/local_setup.bash
[1.394s] -- Installing: /home/michele-zarantonello/my_ws/install/ir_desription/share/ir_desription/local_setup.sh
[1.394s] -- Installing: /home/michele-zarantonello/my_ws/install/ir_desription/share/ir_desription/local_setup.zsh
[1.394s] -- Installing: /home/michele-zarantonello/my_ws/install/ir_desription/share/ir_desription/local_setup.dsv
[1.394s] -- Installing: /home/michele-zarantonello/my_ws/install/ir_desription/share/ir_desription/package.dsv
[1.394s] -- Installing: /home/michele-zarantonello/my_ws/install/ir_desription/share/ament_index/resource_index/packages/ir_desription
[1.394s] -- Installing: /home/michele-zarantonello/my_ws/install/ir_desription/share/ir_desription/cmake/ir_desriptionConfig.cmake
[1.394s] -- Installing: /home/michele-zarantonello/my_ws/install/ir_desription/share/ir_desription/cmake/ir_desriptionConfig-version.cmake
[1.394s] -- Installing: /home/michele-zarantonello/my_ws/install/ir_desription/share/ir_desription/package.xml
[1.395s] -- Installing: /home/michele-zarantonello/my_ws/install/ir_desription/share/ir_desription/meshes
[1.395s] -- Installing: /home/michele-zarantonello/my_ws/install/ir_desription/share/ir_desription/meshes/ur5
[1.395s] -- Installing: /home/michele-zarantonello/my_ws/install/ir_desription/share/ir_desription/meshes/ur5/visual
[1.395s] -- Installing: /home/michele-zarantonello/my_ws/install/ir_desription/share/ir_desription/meshes/ur5/visual/shoulder.dae
[1.395s] -- Installing: /home/michele-zarantonello/my_ws/install/ir_desription/share/ir_desription/meshes/ur5/visual/wrist2.dae
[1.396s] -- Installing: /home/michele-zarantonello/my_ws/install/ir_desription/share/ir_desription/meshes/ur5/visual/forearm.dae
[1.397s] -- Installing: /home/michele-zarantonello/my_ws/install/ir_desription/share/ir_desription/meshes/ur5/visual/base.dae
[1.398s] -- Installing: /home/michele-zarantonello/my_ws/install/ir_desription/share/ir_desription/meshes/ur5/visual/upperarm.dae
[1.399s] -- Installing: /home/michele-zarantonello/my_ws/install/ir_desription/share/ir_desription/meshes/ur5/visual/wrist1.dae
[1.400s] -- Installing: /home/michele-zarantonello/my_ws/install/ir_desription/share/ir_desription/meshes/ur5/visual/wrist3.dae
[1.400s] -- Installing: /home/michele-zarantonello/my_ws/install/ir_desription/share/ir_desription/meshes/ur5/collision
[1.401s] -- Installing: /home/michele-zarantonello/my_ws/install/ir_desription/share/ir_desription/meshes/ur5/collision/shoulder.stl
[1.401s] -- Installing: /home/michele-zarantonello/my_ws/install/ir_desription/share/ir_desription/meshes/ur5/collision/wrist2.stl
[1.401s] -- Installing: /home/michele-zarantonello/my_ws/install/ir_desription/share/ir_desription/meshes/ur5/collision/wrist1.stl
[1.401s] -- Installing: /home/michele-zarantonello/my_ws/install/ir_desription/share/ir_desription/meshes/ur5/collision/upperarm.stl
[1.401s] -- Installing: /home/michele-zarantonello/my_ws/install/ir_desription/share/ir_desription/meshes/ur5/collision/wrist3.stl
[1.401s] -- Installing: /home/michele-zarantonello/my_ws/install/ir_desription/share/ir_desription/meshes/ur5/collision/forearm.stl
[1.401s] -- Installing: /home/michele-zarantonello/my_ws/install/ir_desription/share/ir_desription/meshes/ur5/collision/base.stl
[1.401s] -- Installing: /home/michele-zarantonello/my_ws/install/ir_desription/share/ir_desription/config
[1.401s] -- Installing: /home/michele-zarantonello/my_ws/install/ir_desription/share/ir_desription/config/ur5
[1.402s] -- Installing: /home/michele-zarantonello/my_ws/install/ir_desription/share/ir_desription/config/ur5/default_kinematics.yaml
[1.402s] -- Installing: /home/michele-zarantonello/my_ws/install/ir_desription/share/ir_desription/config/ur5/physical_parameters.yaml
[1.402s] -- Installing: /home/michele-zarantonello/my_ws/install/ir_desription/share/ir_desription/config/ur5/joint_limits.yaml
[1.402s] -- Installing: /home/michele-zarantonello/my_ws/install/ir_desription/share/ir_desription/config/ur5/visual_parameters.yaml
[1.402s] -- Installing: /home/michele-zarantonello/my_ws/install/ir_desription/share/ir_desription/config/initial_positions.yaml
[1.402s] -- Installing: /home/michele-zarantonello/my_ws/install/ir_desription/share/ir_desription/urdf
[1.402s] -- Installing: /home/michele-zarantonello/my_ws/install/ir_desription/share/ir_desription/urdf/ur_gripper_backup.urdf
[1.402s] -- Installing: /home/michele-zarantonello/my_ws/install/ir_desription/share/ir_desription/urdf/robotiq_d.urdf
[1.402s] -- Installing: /home/michele-zarantonello/my_ws/install/ir_desription/share/ir_desription/urdf/ros2_control_mock_hardware.xacro
[1.403s] -- Installing: /home/michele-zarantonello/my_ws/install/ir_desription/share/ir_desription/urdf/original.urdf
[1.403s] -- Installing: /home/michele-zarantonello/my_ws/install/ir_desription/share/ir_desription/urdf/ur_macro.xacro
[1.403s] -- Installing: /home/michele-zarantonello/my_ws/install/ir_desription/share/ir_desription/urdf/ur.urdf.xacro
[1.403s] -- Installing: /home/michele-zarantonello/my_ws/install/ir_desription/share/ir_desription/urdf/ur_gripper.urdf.xacro
[1.403s] -- Installing: /home/michele-zarantonello/my_ws/install/ir_desription/share/ir_desription/urdf/ur_gripper_base.urdf
[1.403s] -- Installing: /home/michele-zarantonello/my_ws/install/ir_desription/share/ir_desription/urdf/ur_mocked.urdf.xacro
[1.403s] -- Installing: /home/michele-zarantonello/my_ws/install/ir_desription/share/ir_desription/urdf/inc
[1.403s] -- Installing: /home/michele-zarantonello/my_ws/install/ir_desription/share/ir_desription/urdf/inc/ur_common.xacro
[1.403s] -- Installing: /home/michele-zarantonello/my_ws/install/ir_desription/share/ir_desription/urdf/inc/ur_sensors.xacro
[1.403s] -- Installing: /home/michele-zarantonello/my_ws/install/ir_desription/share/ir_desription/urdf/inc/ur_joint_control.xacro
[1.404s] -- Installing: /home/michele-zarantonello/my_ws/install/ir_desription/share/ir_desription/urdf/inc/ur_transmissions.xacro
[1.404s] -- Installing: /home/michele-zarantonello/my_ws/install/ir_desription/share/ir_desription/urdf/ur_gripper.urdf
[1.404s] -- Installing: /home/michele-zarantonello/my_ws/install/ir_desription/share/ir_desription/urdf/ur_gz.ros2_control.xacro
[1.425s] Invoked command in '/home/michele-zarantonello/my_ws/build/ir_desription' returned '0': CMAKE_PREFIX_PATH=${CMAKE_PREFIX_PATH}:/opt/ros/jazzy DEBUGINFOD_URLS=https://debuginfod.ubuntu.com /usr/bin/cmake --install /home/michele-zarantonello/my_ws/build/ir_desription
