[0.031s] Invoking command in '/home/michele-zarantonello/ws_32_assignments/build/ir_movit_config': AMENT_PREFIX_PATH=/home/michele-zarantonello/ws_32_assignments/install/ir_desription:${AMENT_PREFIX_PATH} CMAKE_PREFIX_PATH=/home/michele-zarantonello/ws_32_assignments/install/ir_desription:/opt/ros/jazzy/opt/gz_sim_vendor:/opt/ros/jazzy/opt/gz_sensors_vendor:/opt/ros/jazzy/opt/gz_physics_vendor:/opt/ros/jazzy/opt/sdformat_vendor:/opt/ros/jazzy/opt/gz_gui_vendor:/opt/ros/jazzy/opt/gz_transport_vendor:/opt/ros/jazzy/opt/gz_rendering_vendor:/opt/ros/jazzy/opt/gz_plugin_vendor:/opt/ros/jazzy/opt/gz_fuel_tools_vendor:/opt/ros/jazzy/opt/gz_msgs_vendor:/opt/ros/jazzy/opt/gz_common_vendor:/opt/ros/jazzy/opt/gz_math_vendor:/opt/ros/jazzy/opt/gz_utils_vendor:/opt/ros/jazzy/opt/gz_tools_vendor:/opt/ros/jazzy/opt/gz_ogre_next_vendor:/opt/ros/jazzy/opt/gz_dartsim_vendor:/opt/ros/jazzy/opt/gz_cmake_vendor:/opt/ros/jazzy DEBUGINFOD_URLS=https://debuginfod.ubuntu.com /usr/bin/cmake /home/michele-zarantonello/ws_32_assignments/src/ir_2526/ir_movit_config -DCMAKE_INSTALL_PREFIX=/home/michele-zarantonello/ws_32_assignments/install/ir_movit_config
[0.090s] -- The C compiler identification is GNU 13.3.0
[0.154s] -- The CXX compiler identification is GNU 13.3.0
[0.172s] -- Detecting C compiler ABI info
[0.261s] -- Detecting C compiler ABI info - done
[0.271s] -- Check for working C compiler: /usr/bin/cc - skipped
[0.271s] -- Detecting C compile features
[0.272s] -- Detecting C compile features - done
[0.281s] -- Detecting CXX compiler ABI info
[0.374s] -- Detecting CXX compiler ABI info - done
[0.384s] -- Check for working CXX compiler: /usr/bin/c++ - skipped
[0.385s] -- Detecting CXX compile features
[0.385s] -- Detecting CXX compile features - done
[0.389s] -- Found ament_cmake: 2.5.4 (/opt/ros/jazzy/share/ament_cmake/cmake)
[0.545s] -- Found Python3: /usr/bin/python3 (found version "3.12.3") found components: Interpreter 
[0.682s] -- Found rclcpp: 28.1.12 (/opt/ros/jazzy/share/rclcpp/cmake)
[0.742s] -- Found rosidl_generator_c: 4.6.6 (/opt/ros/jazzy/share/rosidl_generator_c/cmake)
[0.764s] -- Found rosidl_generator_cpp: 4.6.6 (/opt/ros/jazzy/share/rosidl_generator_cpp/cmake)
[0.786s] -- Using all available rosidl_typesupport_c: rosidl_typesupport_fastrtps_c;rosidl_typesupport_introspection_c
[0.811s] -- Using all available rosidl_typesupport_cpp: rosidl_typesupport_fastrtps_cpp;rosidl_typesupport_introspection_cpp
[0.920s] -- Found rmw_implementation_cmake: 7.3.2 (/opt/ros/jazzy/share/rmw_implementation_cmake/cmake)
[0.925s] -- Found rmw_fastrtps_cpp: 8.4.3 (/opt/ros/jazzy/share/rmw_fastrtps_cpp/cmake)
[1.019s] -- Found OpenSSL: /usr/lib/x86_64-linux-gnu/libcrypto.so (found version "3.0.13")  
[1.046s] -- Found FastRTPS: /opt/ros/jazzy/include (Required is at least version "2.13") 
[1.072s] -- Using RMW implementation 'rmw_fastrtps_cpp' as default
[1.175s] -- Found sensor_msgs: 5.3.6 (/opt/ros/jazzy/share/sensor_msgs/cmake)
[1.377s] -- Configuring done (1.3s)
[1.390s] -- Generating done (0.0s)
[1.395s] -- Build files have been written to: /home/michele-zarantonello/ws_32_assignments/build/ir_movit_config
[1.409s] Invoked command in '/home/michele-zarantonello/ws_32_assignments/build/ir_movit_config' returned '0': AMENT_PREFIX_PATH=/home/michele-zarantonello/ws_32_assignments/install/ir_desription:${AMENT_PREFIX_PATH} CMAKE_PREFIX_PATH=/home/michele-zarantonello/ws_32_assignments/install/ir_desription:/opt/ros/jazzy/opt/gz_sim_vendor:/opt/ros/jazzy/opt/gz_sensors_vendor:/opt/ros/jazzy/opt/gz_physics_vendor:/opt/ros/jazzy/opt/sdformat_vendor:/opt/ros/jazzy/opt/gz_gui_vendor:/opt/ros/jazzy/opt/gz_transport_vendor:/opt/ros/jazzy/opt/gz_rendering_vendor:/opt/ros/jazzy/opt/gz_plugin_vendor:/opt/ros/jazzy/opt/gz_fuel_tools_vendor:/opt/ros/jazzy/opt/gz_msgs_vendor:/opt/ros/jazzy/opt/gz_common_vendor:/opt/ros/jazzy/opt/gz_math_vendor:/opt/ros/jazzy/opt/gz_utils_vendor:/opt/ros/jazzy/opt/gz_tools_vendor:/opt/ros/jazzy/opt/gz_ogre_next_vendor:/opt/ros/jazzy/opt/gz_dartsim_vendor:/opt/ros/jazzy/opt/gz_cmake_vendor:/opt/ros/jazzy DEBUGINFOD_URLS=https://debuginfod.ubuntu.com /usr/bin/cmake /home/michele-zarantonello/ws_32_assignments/src/ir_2526/ir_movit_config -DCMAKE_INSTALL_PREFIX=/home/michele-zarantonello/ws_32_assignments/install/ir_movit_config
[1.411s] Invoking command in '/home/michele-zarantonello/ws_32_assignments/build/ir_movit_config': AMENT_PREFIX_PATH=/home/michele-zarantonello/ws_32_assignments/install/ir_desription:${AMENT_PREFIX_PATH} CMAKE_PREFIX_PATH=/home/michele-zarantonello/ws_32_assignments/install/ir_desription:/opt/ros/jazzy/opt/gz_sim_vendor:/opt/ros/jazzy/opt/gz_sensors_vendor:/opt/ros/jazzy/opt/gz_physics_vendor:/opt/ros/jazzy/opt/sdformat_vendor:/opt/ros/jazzy/opt/gz_gui_vendor:/opt/ros/jazzy/opt/gz_transport_vendor:/opt/ros/jazzy/opt/gz_rendering_vendor:/opt/ros/jazzy/opt/gz_plugin_vendor:/opt/ros/jazzy/opt/gz_fuel_tools_vendor:/opt/ros/jazzy/opt/gz_msgs_vendor:/opt/ros/jazzy/opt/gz_common_vendor:/opt/ros/jazzy/opt/gz_math_vendor:/opt/ros/jazzy/opt/gz_utils_vendor:/opt/ros/jazzy/opt/gz_tools_vendor:/opt/ros/jazzy/opt/gz_ogre_next_vendor:/opt/ros/jazzy/opt/gz_dartsim_vendor:/opt/ros/jazzy/opt/gz_cmake_vendor:/opt/ros/jazzy DEBUGINFOD_URLS=https://debuginfod.ubuntu.com /usr/bin/cmake --build /home/michele-zarantonello/ws_32_assignments/build/ir_movit_config -- -j8 -l8
[1.474s] [ 50%] [32mBuilding CXX object CMakeFiles/short_joint_state_publisher.dir/src/short_joint_state_publisher.cpp.o[0m
[6.699s] [100%] [32m[1mLinking CXX executable short_joint_state_publisher[0m
[6.927s] [100%] Built target short_joint_state_publisher
[6.939s] Invoked command in '/home/michele-zarantonello/ws_32_assignments/build/ir_movit_config' returned '0': AMENT_PREFIX_PATH=/home/michele-zarantonello/ws_32_assignments/install/ir_desription:${AMENT_PREFIX_PATH} CMAKE_PREFIX_PATH=/home/michele-zarantonello/ws_32_assignments/install/ir_desription:/opt/ros/jazzy/opt/gz_sim_vendor:/opt/ros/jazzy/opt/gz_sensors_vendor:/opt/ros/jazzy/opt/gz_physics_vendor:/opt/ros/jazzy/opt/sdformat_vendor:/opt/ros/jazzy/opt/gz_gui_vendor:/opt/ros/jazzy/opt/gz_transport_vendor:/opt/ros/jazzy/opt/gz_rendering_vendor:/opt/ros/jazzy/opt/gz_plugin_vendor:/opt/ros/jazzy/opt/gz_fuel_tools_vendor:/opt/ros/jazzy/opt/gz_msgs_vendor:/opt/ros/jazzy/opt/gz_common_vendor:/opt/ros/jazzy/opt/gz_math_vendor:/opt/ros/jazzy/opt/gz_utils_vendor:/opt/ros/jazzy/opt/gz_tools_vendor:/opt/ros/jazzy/opt/gz_ogre_next_vendor:/opt/ros/jazzy/opt/gz_dartsim_vendor:/opt/ros/jazzy/opt/gz_cmake_vendor:/opt/ros/jazzy DEBUGINFOD_URLS=https://debuginfod.ubuntu.com /usr/bin/cmake --build /home/michele-zarantonello/ws_32_assignments/build/ir_movit_config -- -j8 -l8
[6.940s] Invoking command in '/home/michele-zarantonello/ws_32_assignments/build/ir_movit_config': AMENT_PREFIX_PATH=/home/michele-zarantonello/ws_32_assignments/install/ir_desription:${AMENT_PREFIX_PATH} CMAKE_PREFIX_PATH=/home/michele-zarantonello/ws_32_assignments/install/ir_desription:/opt/ros/jazzy/opt/gz_sim_vendor:/opt/ros/jazzy/opt/gz_sensors_vendor:/opt/ros/jazzy/opt/gz_physics_vendor:/opt/ros/jazzy/opt/sdformat_vendor:/opt/ros/jazzy/opt/gz_gui_vendor:/opt/ros/jazzy/opt/gz_transport_vendor:/opt/ros/jazzy/opt/gz_rendering_vendor:/opt/ros/jazzy/opt/gz_plugin_vendor:/opt/ros/jazzy/opt/gz_fuel_tools_vendor:/opt/ros/jazzy/opt/gz_msgs_vendor:/opt/ros/jazzy/opt/gz_common_vendor:/opt/ros/jazzy/opt/gz_math_vendor:/opt/ros/jazzy/opt/gz_utils_vendor:/opt/ros/jazzy/opt/gz_tools_vendor:/opt/ros/jazzy/opt/gz_ogre_next_vendor:/opt/ros/jazzy/opt/gz_dartsim_vendor:/opt/ros/jazzy/opt/gz_cmake_vendor:/opt/ros/jazzy DEBUGINFOD_URLS=https://debuginfod.ubuntu.com /usr/bin/cmake --install /home/michele-zarantonello/ws_32_assignments/build/ir_movit_config
[6.949s] -- Install configuration: ""
[6.949s] -- Installing: /home/michele-zarantonello/ws_32_assignments/install/ir_movit_config/share/ament_index/resource_index/package_run_dependencies/ir_movit_config
[6.949s] -- Installing: /home/michele-zarantonello/ws_32_assignments/install/ir_movit_config/share/ament_index/resource_index/parent_prefix_path/ir_movit_config
[6.950s] -- Installing: /home/michele-zarantonello/ws_32_assignments/install/ir_movit_config/share/ir_movit_config/environment/ament_prefix_path.sh
[6.950s] -- Installing: /home/michele-zarantonello/ws_32_assignments/install/ir_movit_config/share/ir_movit_config/environment/ament_prefix_path.dsv
[6.950s] -- Installing: /home/michele-zarantonello/ws_32_assignments/install/ir_movit_config/share/ir_movit_config/environment/path.sh
[6.950s] -- Installing: /home/michele-zarantonello/ws_32_assignments/install/ir_movit_config/share/ir_movit_config/environment/path.dsv
[6.951s] -- Installing: /home/michele-zarantonello/ws_32_assignments/install/ir_movit_config/share/ir_movit_config/local_setup.bash
[6.951s] -- Installing: /home/michele-zarantonello/ws_32_assignments/install/ir_movit_config/share/ir_movit_config/local_setup.sh
[6.951s] -- Installing: /home/michele-zarantonello/ws_32_assignments/install/ir_movit_config/share/ir_movit_config/local_setup.zsh
[6.951s] -- Installing: /home/michele-zarantonello/ws_32_assignments/install/ir_movit_config/share/ir_movit_config/local_setup.dsv
[6.951s] -- Installing: /home/michele-zarantonello/ws_32_assignments/install/ir_movit_config/share/ir_movit_config/package.dsv
[6.951s] -- Installing: /home/michele-zarantonello/ws_32_assignments/install/ir_movit_config/share/ament_index/resource_index/packages/ir_movit_config
[6.952s] -- Installing: /home/michele-zarantonello/ws_32_assignments/install/ir_movit_config/share/ir_movit_config/cmake/ir_movit_configConfig.cmake
[6.952s] -- Installing: /home/michele-zarantonello/ws_32_assignments/install/ir_movit_config/share/ir_movit_config/cmake/ir_movit_configConfig-version.cmake
[6.952s] -- Installing: /home/michele-zarantonello/ws_32_assignments/install/ir_movit_config/share/ir_movit_config/package.xml
[6.952s] -- Installing: /home/michele-zarantonello/ws_32_assignments/install/ir_movit_config/share/ir_movit_config/launch
[6.952s] -- Installing: /home/michele-zarantonello/ws_32_assignments/install/ir_movit_config/share/ir_movit_config/launch/ir_ur.py
[6.953s] -- Installing: /home/michele-zarantonello/ws_32_assignments/install/ir_movit_config/share/ir_movit_config/launch/gazebo.launch.py
[6.953s] -- Installing: /home/michele-zarantonello/ws_32_assignments/install/ir_movit_config/share/ir_movit_config/launch/fake_hw.launch.py
[6.953s] -- Installing: /home/michele-zarantonello/ws_32_assignments/install/ir_movit_config/share/ir_movit_config/launch/simulation_complete.launch.py
[6.953s] -- Installing: /home/michele-zarantonello/ws_32_assignments/install/ir_movit_config/share/ir_movit_config/launch/tmp.py
[6.953s] -- Installing: /home/michele-zarantonello/ws_32_assignments/install/ir_movit_config/share/ir_movit_config/launch/ir_movit.launch.py
[6.954s] -- Installing: /home/michele-zarantonello/ws_32_assignments/install/ir_movit_config/share/ir_movit_config/launch/ir_base.launch.py
[6.954s] -- Installing: /home/michele-zarantonello/ws_32_assignments/install/ir_movit_config/share/ir_movit_config/launch/test.launch.py
[6.954s] -- Installing: /home/michele-zarantonello/ws_32_assignments/install/ir_movit_config/share/ir_movit_config/config
[6.954s] -- Installing: /home/michele-zarantonello/ws_32_assignments/install/ir_movit_config/share/ir_movit_config/config/controllers.yaml
[6.954s] -- Installing: /home/michele-zarantonello/ws_32_assignments/install/ir_movit_config/share/ir_movit_config/config/moveit_controllers.yaml
[6.954s] -- Installing: /home/michele-zarantonello/ws_32_assignments/install/ir_movit_config/share/ir_movit_config/config/ur_gripper.srdf
[6.955s] -- Installing: /home/michele-zarantonello/ws_32_assignments/install/ir_movit_config/share/ir_movit_config/config/old_ros2_controllers.yaml
[6.955s] -- Installing: /home/michele-zarantonello/ws_32_assignments/install/ir_movit_config/share/ir_movit_config/config/joint_limits_old.yaml
[6.955s] -- Installing: /home/michele-zarantonello/ws_32_assignments/install/ir_movit_config/share/ir_movit_config/config/ros2_controllers.yaml
[6.955s] -- Installing: /home/michele-zarantonello/ws_32_assignments/install/ir_movit_config/share/ir_movit_config/config/ur_gripper.urdf.xacro
[6.955s] -- Installing: /home/michele-zarantonello/ws_32_assignments/install/ir_movit_config/share/ir_movit_config/config/ur_servo.yaml
[6.956s] -- Installing: /home/michele-zarantonello/ws_32_assignments/install/ir_movit_config/share/ir_movit_config/config/joint_limits.yaml
[6.956s] -- Installing: /home/michele-zarantonello/ws_32_assignments/install/ir_movit_config/share/ir_movit_config/config/moveit_config.yaml
[6.956s] -- Installing: /home/michele-zarantonello/ws_32_assignments/install/ir_movit_config/share/ir_movit_config/config/moveit.rviz
[6.956s] -- Installing: /home/michele-zarantonello/ws_32_assignments/install/ir_movit_config/share/ir_movit_config/config/r_controller.yaml
[6.956s] -- Installing: /home/michele-zarantonello/ws_32_assignments/install/ir_movit_config/share/ir_movit_config/config/initial_positions.yaml
[6.956s] -- Installing: /home/michele-zarantonello/ws_32_assignments/install/ir_movit_config/share/ir_movit_config/config/kinematics.yaml
[6.957s] -- Installing: /home/michele-zarantonello/ws_32_assignments/install/ir_movit_config/share/ir_movit_config/config/robot_with_environment.urdf.xacro
[6.957s] -- Installing: /home/michele-zarantonello/ws_32_assignments/install/ir_movit_config/share/ir_movit_config/config/fake_joint_driver.yaml
[6.957s] -- Installing: /home/michele-zarantonello/ws_32_assignments/install/ir_movit_config/share/ir_movit_config/config/pilz_cartesian_limits.yaml
[6.957s] -- Installing: /home/michele-zarantonello/ws_32_assignments/install/ir_movit_config/share/ir_movit_config/config/ur_gripper.ros2_control.xacro
[6.957s] -- Installing: /home/michele-zarantonello/ws_32_assignments/install/ir_movit_config/share/ir_movit_config/.setup_assistant
[6.957s] -- Up-to-date: /home/michele-zarantonello/ws_32_assignments/install/ir_movit_config/share/ir_movit_config/config
[6.957s] -- Up-to-date: /home/michele-zarantonello/ws_32_assignments/install/ir_movit_config/share/ir_movit_config/config/controllers.yaml
[6.958s] -- Up-to-date: /home/michele-zarantonello/ws_32_assignments/install/ir_movit_config/share/ir_movit_config/config/moveit_controllers.yaml
[6.958s] -- Up-to-date: /home/michele-zarantonello/ws_32_assignments/install/ir_movit_config/share/ir_movit_config/config/ur_gripper.srdf
[6.958s] -- Up-to-date: /home/michele-zarantonello/ws_32_assignments/install/ir_movit_config/share/ir_movit_config/config/old_ros2_controllers.yaml
[6.958s] -- Up-to-date: /home/michele-zarantonello/ws_32_assignments/install/ir_movit_config/share/ir_movit_config/config/joint_limits_old.yaml
[6.958s] -- Up-to-date: /home/michele-zarantonello/ws_32_assignments/install/ir_movit_config/share/ir_movit_config/config/ros2_controllers.yaml
[6.958s] -- Up-to-date: /home/michele-zarantonello/ws_32_assignments/install/ir_movit_config/share/ir_movit_config/config/ur_gripper.urdf.xacro
[6.958s] -- Up-to-date: /home/michele-zarantonello/ws_32_assignments/install/ir_movit_config/share/ir_movit_config/config/ur_servo.yaml
[6.959s] -- Up-to-date: /home/michele-zarantonello/ws_32_assignments/install/ir_movit_config/share/ir_movit_config/config/joint_limits.yaml
[6.959s] -- Up-to-date: /home/michele-zarantonello/ws_32_assignments/install/ir_movit_config/share/ir_movit_config/config/moveit_config.yaml
[6.959s] -- Up-to-date: /home/michele-zarantonello/ws_32_assignments/install/ir_movit_config/share/ir_movit_config/config/moveit.rviz
[6.959s] -- Up-to-date: /home/michele-zarantonello/ws_32_assignments/install/ir_movit_config/share/ir_movit_config/config/r_controller.yaml
[6.959s] -- Up-to-date: /home/michele-zarantonello/ws_32_assignments/install/ir_movit_config/share/ir_movit_config/config/initial_positions.yaml
[6.960s] -- Up-to-date: /home/michele-zarantonello/ws_32_assignments/install/ir_movit_config/share/ir_movit_config/config/kinematics.yaml
[6.960s] -- Up-to-date: /home/michele-zarantonello/ws_32_assignments/install/ir_movit_config/share/ir_movit_config/config/robot_with_environment.urdf.xacro
[6.960s] -- Up-to-date: /home/michele-zarantonello/ws_32_assignments/install/ir_movit_config/share/ir_movit_config/config/fake_joint_driver.yaml
[6.960s] -- Up-to-date: /home/michele-zarantonello/ws_32_assignments/install/ir_movit_config/share/ir_movit_config/config/pilz_cartesian_limits.yaml
[6.960s] -- Up-to-date: /home/michele-zarantonello/ws_32_assignments/install/ir_movit_config/share/ir_movit_config/config/ur_gripper.ros2_control.xacro
[6.960s] -- Installing: /home/michele-zarantonello/ws_32_assignments/install/ir_movit_config/lib/ir_movit_config/short_joint_state_publisher
[6.960s] -- Set non-toolchain portion of runtime path of "/home/michele-zarantonello/ws_32_assignments/install/ir_movit_config/lib/ir_movit_config/short_joint_state_publisher" to ""
[6.963s] Invoked command in '/home/michele-zarantonello/ws_32_assignments/build/ir_movit_config' returned '0': AMENT_PREFIX_PATH=/home/michele-zarantonello/ws_32_assignments/install/ir_desription:${AMENT_PREFIX_PATH} CMAKE_PREFIX_PATH=/home/michele-zarantonello/ws_32_assignments/install/ir_desription:/opt/ros/jazzy/opt/gz_sim_vendor:/opt/ros/jazzy/opt/gz_sensors_vendor:/opt/ros/jazzy/opt/gz_physics_vendor:/opt/ros/jazzy/opt/sdformat_vendor:/opt/ros/jazzy/opt/gz_gui_vendor:/opt/ros/jazzy/opt/gz_transport_vendor:/opt/ros/jazzy/opt/gz_rendering_vendor:/opt/ros/jazzy/opt/gz_plugin_vendor:/opt/ros/jazzy/opt/gz_fuel_tools_vendor:/opt/ros/jazzy/opt/gz_msgs_vendor:/opt/ros/jazzy/opt/gz_common_vendor:/opt/ros/jazzy/opt/gz_math_vendor:/opt/ros/jazzy/opt/gz_utils_vendor:/opt/ros/jazzy/opt/gz_tools_vendor:/opt/ros/jazzy/opt/gz_ogre_next_vendor:/opt/ros/jazzy/opt/gz_dartsim_vendor:/opt/ros/jazzy/opt/gz_cmake_vendor:/opt/ros/jazzy DEBUGINFOD_URLS=https://debuginfod.ubuntu.com /usr/bin/cmake --install /home/michele-zarantonello/ws_32_assignments/build/ir_movit_config
