[0.044s] Invoking command in '/home/michele-zarantonello/my_ws/build/ir_launch': CMAKE_PREFIX_PATH=${CMAKE_PREFIX_PATH}:/opt/ros/jazzy DEBUGINFOD_URLS=https://debuginfod.ubuntu.com /usr/bin/cmake /home/michele-zarantonello/my_ws/src/ir_2526/ir_launch -DCMAKE_INSTALL_PREFIX=/home/michele-zarantonello/my_ws/install/ir_launch
[0.206s] -- The C compiler identification is GNU 13.3.0
[0.419s] -- The CXX compiler identification is GNU 13.3.0
[0.453s] -- Detecting C compiler ABI info
[0.562s] -- Detecting C compiler ABI info - done
[0.575s] -- Check for working C compiler: /usr/bin/cc - skipped
[0.575s] -- Detecting C compile features
[0.576s] -- Detecting C compile features - done
[0.587s] -- Detecting CXX compiler ABI info
[0.708s] -- Detecting CXX compiler ABI info - done
[0.734s] -- Check for working CXX compiler: /usr/bin/c++ - skipped
[0.735s] -- Detecting CXX compile features
[0.736s] -- Detecting CXX compile features - done
[0.748s] -- Found ament_cmake: 2.5.4 (/opt/ros/jazzy/share/ament_cmake/cmake)
[0.948s] -- Found Python3: /usr/bin/python3 (found version "3.12.3") found components: Interpreter 
[1.132s] -- Found ament_lint_auto: 0.17.3 (/opt/ros/jazzy/share/ament_lint_auto/cmake)
[1.293s] -- Added test 'flake8' to check Python code syntax and style conventions
[1.293s] -- Configured 'flake8' exclude dirs and/or files: 
[1.294s] -- Added test 'lint_cmake' to check CMake code style
[1.295s] -- Added test 'pep257' to check Python code against some of the docstring style conventions in PEP 257
[1.297s] -- Added test 'xmllint' to check XML markup files
[1.299s] -- Configuring done (1.3s)
[1.301s] -- Generating done (0.0s)
[1.303s] -- Build files have been written to: /home/michele-zarantonello/my_ws/build/ir_launch
[1.312s] Invoked command in '/home/michele-zarantonello/my_ws/build/ir_launch' returned '0': CMAKE_PREFIX_PATH=${CMAKE_PREFIX_PATH}:/opt/ros/jazzy DEBUGINFOD_URLS=https://debuginfod.ubuntu.com /usr/bin/cmake /home/michele-zarantonello/my_ws/src/ir_2526/ir_launch -DCMAKE_INSTALL_PREFIX=/home/michele-zarantonello/my_ws/install/ir_launch
[1.314s] Invoking command in '/home/michele-zarantonello/my_ws/build/ir_launch': CMAKE_PREFIX_PATH=${CMAKE_PREFIX_PATH}:/opt/ros/jazzy DEBUGINFOD_URLS=https://debuginfod.ubuntu.com /usr/bin/cmake --build /home/michele-zarantonello/my_ws/build/ir_launch -- -j8 -l8
[1.352s] Invoked command in '/home/michele-zarantonello/my_ws/build/ir_launch' returned '0': CMAKE_PREFIX_PATH=${CMAKE_PREFIX_PATH}:/opt/ros/jazzy DEBUGINFOD_URLS=https://debuginfod.ubuntu.com /usr/bin/cmake --build /home/michele-zarantonello/my_ws/build/ir_launch -- -j8 -l8
[1.361s] Invoking command in '/home/michele-zarantonello/my_ws/build/ir_launch': CMAKE_PREFIX_PATH=${CMAKE_PREFIX_PATH}:/opt/ros/jazzy DEBUGINFOD_URLS=https://debuginfod.ubuntu.com /usr/bin/cmake --install /home/michele-zarantonello/my_ws/build/ir_launch
[1.369s] -- Install configuration: ""
[1.369s] -- Installing: /home/michele-zarantonello/my_ws/install/ir_launch/share/ament_index/resource_index/package_run_dependencies/ir_launch
[1.369s] -- Installing: /home/michele-zarantonello/my_ws/install/ir_launch/share/ament_index/resource_index/parent_prefix_path/ir_launch
[1.369s] -- Installing: /home/michele-zarantonello/my_ws/install/ir_launch/share/ir_launch/environment/ament_prefix_path.sh
[1.370s] -- Installing: /home/michele-zarantonello/my_ws/install/ir_launch/share/ir_launch/environment/ament_prefix_path.dsv
[1.370s] -- Installing: /home/michele-zarantonello/my_ws/install/ir_launch/share/ir_launch/environment/path.sh
[1.370s] -- Installing: /home/michele-zarantonello/my_ws/install/ir_launch/share/ir_launch/environment/path.dsv
[1.370s] -- Installing: /home/michele-zarantonello/my_ws/install/ir_launch/share/ir_launch/local_setup.bash
[1.370s] -- Installing: /home/michele-zarantonello/my_ws/install/ir_launch/share/ir_launch/local_setup.sh
[1.370s] -- Installing: /home/michele-zarantonello/my_ws/install/ir_launch/share/ir_launch/local_setup.zsh
[1.370s] -- Installing: /home/michele-zarantonello/my_ws/install/ir_launch/share/ir_launch/local_setup.dsv
[1.371s] -- Installing: /home/michele-zarantonello/my_ws/install/ir_launch/share/ir_launch/package.dsv
[1.371s] -- Installing: /home/michele-zarantonello/my_ws/install/ir_launch/share/ament_index/resource_index/packages/ir_launch
[1.371s] -- Installing: /home/michele-zarantonello/my_ws/install/ir_launch/share/ir_launch/cmake/ir_launchConfig.cmake
[1.371s] -- Installing: /home/michele-zarantonello/my_ws/install/ir_launch/share/ir_launch/cmake/ir_launchConfig-version.cmake
[1.371s] -- Installing: /home/michele-zarantonello/my_ws/install/ir_launch/share/ir_launch/package.xml
[1.371s] -- Installing: /home/michele-zarantonello/my_ws/install/ir_launch/share/ir_launch/launch
[1.371s] -- Installing: /home/michele-zarantonello/my_ws/install/ir_launch/share/ir_launch/launch/assignment_2.launch.py
[1.371s] -- Installing: /home/michele-zarantonello/my_ws/install/ir_launch/share/ir_launch/launch/exercise_4.launch.py
[1.372s] -- Installing: /home/michele-zarantonello/my_ws/install/ir_launch/share/ir_launch/launch/assignment_1.launch.py
[1.372s] -- Installing: /home/michele-zarantonello/my_ws/install/ir_launch/share/ir_launch/launch/spawn_tb3_launch.py
[1.373s] Invoked command in '/home/michele-zarantonello/my_ws/build/ir_launch' returned '0': CMAKE_PREFIX_PATH=${CMAKE_PREFIX_PATH}:/opt/ros/jazzy DEBUGINFOD_URLS=https://debuginfod.ubuntu.com /usr/bin/cmake --install /home/michele-zarantonello/my_ws/build/ir_launch
