[0.050s] Invoking command in '/home/michele-zarantonello/my_ws/build/assignment_1': CMAKE_PREFIX_PATH=${CMAKE_PREFIX_PATH}:/opt/ros/jazzy DEBUGINFOD_URLS=https://debuginfod.ubuntu.com /usr/bin/cmake /home/michele-zarantonello/my_ws/src/assignment_1 -DCMAKE_INSTALL_PREFIX=/home/michele-zarantonello/my_ws/install/assignment_1
[0.156s] -- The C compiler identification is GNU 13.3.0
[0.225s] -- The CXX compiler identification is GNU 13.3.0
[0.248s] -- Detecting C compiler ABI info
[0.358s] -- Detecting C compiler ABI info - done
[0.369s] -- Check for working C compiler: /usr/bin/cc - skipped
[0.369s] -- Detecting C compile features
[0.369s] -- Detecting C compile features - done
[0.378s] -- Detecting CXX compiler ABI info
[0.482s] -- Detecting CXX compiler ABI info - done
[0.493s] -- Check for working CXX compiler: /usr/bin/c++ - skipped
[0.493s] -- Detecting CXX compile features
[0.494s] -- Detecting CXX compile features - done
[0.498s] -- Found ament_cmake: 2.5.4 (/opt/ros/jazzy/share/ament_cmake/cmake)
[0.663s] -- Found Python3: /usr/bin/python3 (found version "3.12.3") found components: Interpreter 
[0.786s] -- Found ament_lint_auto: 0.17.3 (/opt/ros/jazzy/share/ament_lint_auto/cmake)
[0.907s] -- Added test 'cppcheck' to perform static code analysis on C / C++ code
[0.907s] -- Configured cppcheck include dirs: 
[0.908s] -- Configured cppcheck exclude dirs and/or files: 
[0.909s] -- Added test 'lint_cmake' to check CMake code style
[0.911s] -- Added test 'uncrustify' to check C / C++ code style
[0.911s] -- Configured uncrustify additional arguments: 
[0.912s] -- Added test 'xmllint' to check XML markup files
[0.914s] -- Configuring done (0.8s)
[0.917s] -- Generating done (0.0s)
[0.919s] -- Build files have been written to: /home/michele-zarantonello/my_ws/build/assignment_1
[0.924s] Invoked command in '/home/michele-zarantonello/my_ws/build/assignment_1' returned '0': CMAKE_PREFIX_PATH=${CMAKE_PREFIX_PATH}:/opt/ros/jazzy DEBUGINFOD_URLS=https://debuginfod.ubuntu.com /usr/bin/cmake /home/michele-zarantonello/my_ws/src/assignment_1 -DCMAKE_INSTALL_PREFIX=/home/michele-zarantonello/my_ws/install/assignment_1
[0.925s] Invoking command in '/home/michele-zarantonello/my_ws/build/assignment_1': CMAKE_PREFIX_PATH=${CMAKE_PREFIX_PATH}:/opt/ros/jazzy DEBUGINFOD_URLS=https://debuginfod.ubuntu.com /usr/bin/cmake --build /home/michele-zarantonello/my_ws/build/assignment_1 -- -j8 -l8
[0.961s] Invoked command in '/home/michele-zarantonello/my_ws/build/assignment_1' returned '0': CMAKE_PREFIX_PATH=${CMAKE_PREFIX_PATH}:/opt/ros/jazzy DEBUGINFOD_URLS=https://debuginfod.ubuntu.com /usr/bin/cmake --build /home/michele-zarantonello/my_ws/build/assignment_1 -- -j8 -l8
[0.962s] Invoking command in '/home/michele-zarantonello/my_ws/build/assignment_1': CMAKE_PREFIX_PATH=${CMAKE_PREFIX_PATH}:/opt/ros/jazzy DEBUGINFOD_URLS=https://debuginfod.ubuntu.com /usr/bin/cmake --install /home/michele-zarantonello/my_ws/build/assignment_1
[0.970s] -- Install configuration: ""
[0.970s] -- Installing: /home/michele-zarantonello/my_ws/install/assignment_1/share/ament_index/resource_index/package_run_dependencies/assignment_1
[0.970s] -- Installing: /home/michele-zarantonello/my_ws/install/assignment_1/share/ament_index/resource_index/parent_prefix_path/assignment_1
[0.970s] -- Installing: /home/michele-zarantonello/my_ws/install/assignment_1/share/assignment_1/environment/ament_prefix_path.sh
[0.970s] -- Installing: /home/michele-zarantonello/my_ws/install/assignment_1/share/assignment_1/environment/ament_prefix_path.dsv
[0.970s] -- Installing: /home/michele-zarantonello/my_ws/install/assignment_1/share/assignment_1/environment/path.sh
[0.970s] -- Installing: /home/michele-zarantonello/my_ws/install/assignment_1/share/assignment_1/environment/path.dsv
[0.971s] -- Installing: /home/michele-zarantonello/my_ws/install/assignment_1/share/assignment_1/local_setup.bash
[0.971s] -- Installing: /home/michele-zarantonello/my_ws/install/assignment_1/share/assignment_1/local_setup.sh
[0.971s] -- Installing: /home/michele-zarantonello/my_ws/install/assignment_1/share/assignment_1/local_setup.zsh
[0.971s] -- Installing: /home/michele-zarantonello/my_ws/install/assignment_1/share/assignment_1/local_setup.dsv
[0.971s] -- Installing: /home/michele-zarantonello/my_ws/install/assignment_1/share/assignment_1/package.dsv
[0.971s] -- Installing: /home/michele-zarantonello/my_ws/install/assignment_1/share/ament_index/resource_index/packages/assignment_1
[0.971s] -- Installing: /home/michele-zarantonello/my_ws/install/assignment_1/share/assignment_1/cmake/assignment_1Config.cmake
[0.971s] -- Installing: /home/michele-zarantonello/my_ws/install/assignment_1/share/assignment_1/cmake/assignment_1Config-version.cmake
[0.971s] -- Installing: /home/michele-zarantonello/my_ws/install/assignment_1/share/assignment_1/package.xml
[0.973s] Invoked command in '/home/michele-zarantonello/my_ws/build/assignment_1' returned '0': CMAKE_PREFIX_PATH=${CMAKE_PREFIX_PATH}:/opt/ros/jazzy DEBUGINFOD_URLS=https://debuginfod.ubuntu.com /usr/bin/cmake --install /home/michele-zarantonello/my_ws/build/assignment_1
