[0.058s] Invoking command in '/home/michele-zarantonello/ws_32_assignments/src/build/apriltag_ros': CMAKE_PREFIX_PATH=${CMAKE_PREFIX_PATH}:/opt/ros/jazzy DEBUGINFOD_URLS=https://debuginfod.ubuntu.com /usr/bin/cmake /home/michele-zarantonello/ws_32_assignments/src/ir_2526/apriltag_ros -DCMAKE_INSTALL_PREFIX=/home/michele-zarantonello/ws_32_assignments/src/install/apriltag_ros
[0.252s] -- The C compiler identification is GNU 13.3.0
[0.443s] -- The CXX compiler identification is GNU 13.3.0
[0.480s] -- Detecting C compiler ABI info
[0.692s] -- Detecting C compiler ABI info - done
[0.727s] -- Check for working C compiler: /usr/bin/cc - skipped
[0.728s] -- Detecting C compile features
[0.728s] -- Detecting C compile features - done
[0.749s] -- Detecting CXX compiler ABI info
[0.931s] -- Detecting CXX compiler ABI info - done
[0.955s] -- Check for working CXX compiler: /usr/bin/c++ - skipped
[0.955s] -- Detecting CXX compile features
[0.956s] -- Detecting CXX compile features - done
[0.965s] -- Found rclcpp: 28.1.12 (/opt/ros/jazzy/share/rclcpp/cmake)
[1.301s] -- Found Python3: /usr/bin/python3 (found version "3.12.3") found components: Interpreter 
[1.682s] -- Found rosidl_generator_c: 4.6.6 (/opt/ros/jazzy/share/rosidl_generator_c/cmake)
[1.744s] -- Found rosidl_generator_cpp: 4.6.6 (/opt/ros/jazzy/share/rosidl_generator_cpp/cmake)
[1.800s] -- Using all available rosidl_typesupport_c: rosidl_typesupport_fastrtps_c;rosidl_typesupport_introspection_c
[1.853s] -- Using all available rosidl_typesupport_cpp: rosidl_typesupport_fastrtps_cpp;rosidl_typesupport_introspection_cpp
[2.034s] -- Found rmw_implementation_cmake: 7.3.2 (/opt/ros/jazzy/share/rmw_implementation_cmake/cmake)
[2.041s] -- Found rmw_fastrtps_cpp: 8.4.3 (/opt/ros/jazzy/share/rmw_fastrtps_cpp/cmake)
[2.193s] -- Found OpenSSL: /usr/lib/x86_64-linux-gnu/libcrypto.so (found version "3.0.13")  
[2.228s] -- Found FastRTPS: /opt/ros/jazzy/include (Required is at least version "2.13") 
[2.263s] -- Using RMW implementation 'rmw_fastrtps_cpp' as default
[2.398s] -- Found rclcpp_components: 28.1.12 (/opt/ros/jazzy/share/rclcpp_components/cmake)
[2.459s] -- Found sensor_msgs: 5.3.6 (/opt/ros/jazzy/share/sensor_msgs/cmake)
[2.553s] -- Found apriltag_msgs: 2.0.1 (/opt/ros/jazzy/share/apriltag_msgs/cmake)
[2.591s] -- Found tf2_ros: 0.36.14 (/opt/ros/jazzy/share/tf2_ros/cmake)
[2.747s] -- Found image_transport: 5.1.7 (/opt/ros/jazzy/share/image_transport/cmake)
[2.774s] -- Found cv_bridge: 4.1.0 (/opt/ros/jazzy/share/cv_bridge/cmake)
[2.801s] -- Performing Test CMAKE_HAVE_LIBC_PTHREAD
[2.900s] -- Performing Test CMAKE_HAVE_LIBC_PTHREAD - Success
[2.901s] -- Found Threads: TRUE  
[2.903s] -- Found OpenCV: /usr (found version "4.6.0") found components: core calib3d 
[2.921s] -- Found ament_lint_auto: 0.17.3 (/opt/ros/jazzy/share/ament_lint_auto/cmake)
[3.066s] -- Added test 'cppcheck' to perform static code analysis on C / C++ code
[3.066s] -- Configured cppcheck include dirs: 
[3.066s] -- Configured cppcheck exclude dirs and/or files: 
[3.067s] -- Configuring done (3.0s)
[3.098s] -- Generating done (0.0s)
[3.107s] -- Build files have been written to: /home/michele-zarantonello/ws_32_assignments/src/build/apriltag_ros
[3.124s] Invoked command in '/home/michele-zarantonello/ws_32_assignments/src/build/apriltag_ros' returned '0': CMAKE_PREFIX_PATH=${CMAKE_PREFIX_PATH}:/opt/ros/jazzy DEBUGINFOD_URLS=https://debuginfod.ubuntu.com /usr/bin/cmake /home/michele-zarantonello/ws_32_assignments/src/ir_2526/apriltag_ros -DCMAKE_INSTALL_PREFIX=/home/michele-zarantonello/ws_32_assignments/src/install/apriltag_ros
[3.126s] Invoking command in '/home/michele-zarantonello/ws_32_assignments/src/build/apriltag_ros': CMAKE_PREFIX_PATH=${CMAKE_PREFIX_PATH}:/opt/ros/jazzy DEBUGINFOD_URLS=https://debuginfod.ubuntu.com /usr/bin/cmake --build /home/michele-zarantonello/ws_32_assignments/src/build/apriltag_ros -- -j8 -l8
[3.188s] [ 30%] [32mBuilding CXX object CMakeFiles/apriltag_node.dir/rclcpp_components/node_main_apriltag_node.cpp.o[0m
[3.188s] [ 30%] [32mBuilding CXX object CMakeFiles/tags.dir/src/tag_functions.cpp.o[0m
[3.188s] [ 30%] [32mBuilding CXX object CMakeFiles/conversion.dir/src/conversion.cpp.o[0m
[3.643s] [ 40%] [32m[1mLinking CXX static library libtags.a[0m
[3.689s] [ 40%] Built target tags
[5.355s] [ 50%] [32m[1mLinking CXX static library libconversion.a[0m
[5.392s] [ 50%] Built target conversion
[5.414s] [ 60%] [32mBuilding CXX object CMakeFiles/pose_estimation.dir/src/pose_estimation.cpp.o[0m
[7.263s] [ 70%] [32m[1mLinking CXX executable apriltag_node[0m
[7.497s] [ 70%] Built target apriltag_node
[7.581s] [ 80%] [32m[1mLinking CXX static library libpose_estimation.a[0m
[7.617s] [ 80%] Built target pose_estimation
[7.642s] [ 90%] [32mBuilding CXX object CMakeFiles/AprilTagNode.dir/src/AprilTagNode.cpp.o[0m
[15.935s] [100%] [32m[1mLinking CXX shared library libAprilTagNode.so[0m
[16.488s] [100%] Built target AprilTagNode
[16.499s] Invoked command in '/home/michele-zarantonello/ws_32_assignments/src/build/apriltag_ros' returned '0': CMAKE_PREFIX_PATH=${CMAKE_PREFIX_PATH}:/opt/ros/jazzy DEBUGINFOD_URLS=https://debuginfod.ubuntu.com /usr/bin/cmake --build /home/michele-zarantonello/ws_32_assignments/src/build/apriltag_ros -- -j8 -l8
[16.501s] Invoking command in '/home/michele-zarantonello/ws_32_assignments/src/build/apriltag_ros': CMAKE_PREFIX_PATH=${CMAKE_PREFIX_PATH}:/opt/ros/jazzy DEBUGINFOD_URLS=https://debuginfod.ubuntu.com /usr/bin/cmake --install /home/michele-zarantonello/ws_32_assignments/src/build/apriltag_ros
[16.508s] -- Install configuration: ""
[16.508s] -- Installing: /home/michele-zarantonello/ws_32_assignments/src/install/apriltag_ros/lib/apriltag_ros/apriltag_node
[16.508s] -- Set non-toolchain portion of runtime path of "/home/michele-zarantonello/ws_32_assignments/src/install/apriltag_ros/lib/apriltag_ros/apriltag_node" to ""
[16.509s] -- Installing: /home/michele-zarantonello/ws_32_assignments/src/install/apriltag_ros/share/apriltag_ros/environment/library_path.sh
[16.509s] -- Installing: /home/michele-zarantonello/ws_32_assignments/src/install/apriltag_ros/share/apriltag_ros/environment/library_path.dsv
[16.509s] -- Installing: /home/michele-zarantonello/ws_32_assignments/src/install/apriltag_ros/lib/libAprilTagNode.so
[16.511s] -- Set non-toolchain portion of runtime path of "/home/michele-zarantonello/ws_32_assignments/src/install/apriltag_ros/lib/libAprilTagNode.so" to ""
[16.511s] -- Installing: /home/michele-zarantonello/ws_32_assignments/src/install/apriltag_ros/share/apriltag_ros/cfg
[16.511s] -- Installing: /home/michele-zarantonello/ws_32_assignments/src/install/apriltag_ros/share/apriltag_ros/cfg/qos_overrides.yaml
[16.512s] -- Installing: /home/michele-zarantonello/ws_32_assignments/src/install/apriltag_ros/share/apriltag_ros/cfg/tags_36h11.yaml
[16.512s] -- Installing: /home/michele-zarantonello/ws_32_assignments/src/install/apriltag_ros/share/apriltag_ros/launch
[16.512s] -- Installing: /home/michele-zarantonello/ws_32_assignments/src/install/apriltag_ros/share/apriltag_ros/launch/camera_36h11.launch.yml
[16.512s] -- Installing: /home/michele-zarantonello/ws_32_assignments/src/install/apriltag_ros/share/ament_index/resource_index/package_run_dependencies/apriltag_ros
[16.512s] -- Installing: /home/michele-zarantonello/ws_32_assignments/src/install/apriltag_ros/share/ament_index/resource_index/parent_prefix_path/apriltag_ros
[16.512s] -- Installing: /home/michele-zarantonello/ws_32_assignments/src/install/apriltag_ros/share/apriltag_ros/environment/ament_prefix_path.sh
[16.512s] -- Installing: /home/michele-zarantonello/ws_32_assignments/src/install/apriltag_ros/share/apriltag_ros/environment/ament_prefix_path.dsv
[16.513s] -- Installing: /home/michele-zarantonello/ws_32_assignments/src/install/apriltag_ros/share/apriltag_ros/environment/path.sh
[16.513s] -- Installing: /home/michele-zarantonello/ws_32_assignments/src/install/apriltag_ros/share/apriltag_ros/environment/path.dsv
[16.513s] -- Installing: /home/michele-zarantonello/ws_32_assignments/src/install/apriltag_ros/share/apriltag_ros/local_setup.bash
[16.513s] -- Installing: /home/michele-zarantonello/ws_32_assignments/src/install/apriltag_ros/share/apriltag_ros/local_setup.sh
[16.513s] -- Installing: /home/michele-zarantonello/ws_32_assignments/src/install/apriltag_ros/share/apriltag_ros/local_setup.zsh
[16.513s] -- Installing: /home/michele-zarantonello/ws_32_assignments/src/install/apriltag_ros/share/apriltag_ros/local_setup.dsv
[16.513s] -- Installing: /home/michele-zarantonello/ws_32_assignments/src/install/apriltag_ros/share/apriltag_ros/package.dsv
[16.513s] -- Installing: /home/michele-zarantonello/ws_32_assignments/src/install/apriltag_ros/share/ament_index/resource_index/packages/apriltag_ros
[16.513s] -- Installing: /home/michele-zarantonello/ws_32_assignments/src/install/apriltag_ros/share/ament_index/resource_index/rclcpp_components/apriltag_ros
[16.513s] -- Installing: /home/michele-zarantonello/ws_32_assignments/src/install/apriltag_ros/share/apriltag_ros/cmake/apriltag_rosConfig.cmake
[16.514s] -- Installing: /home/michele-zarantonello/ws_32_assignments/src/install/apriltag_ros/share/apriltag_ros/cmake/apriltag_rosConfig-version.cmake
[16.514s] -- Installing: /home/michele-zarantonello/ws_32_assignments/src/install/apriltag_ros/share/apriltag_ros/package.xml
[16.516s] Invoked command in '/home/michele-zarantonello/ws_32_assignments/src/build/apriltag_ros' returned '0': CMAKE_PREFIX_PATH=${CMAKE_PREFIX_PATH}:/opt/ros/jazzy DEBUGINFOD_URLS=https://debuginfod.ubuntu.com /usr/bin/cmake --install /home/michele-zarantonello/ws_32_assignments/src/build/apriltag_ros
