[0.067s] Invoking command in '/home/michele-zarantonello/my_ws/build/my_navigation': CMAKE_PREFIX_PATH=${CMAKE_PREFIX_PATH}:/opt/ros/jazzy DEBUGINFOD_URLS=https://debuginfod.ubuntu.com /usr/bin/cmake --build /home/michele-zarantonello/my_ws/build/my_navigation -- -j8 -l8
[0.248s] [ 25%] Built target init_pose_publisher
[0.248s] [ 50%] Built target manage_navigation_nodes
[0.248s] [ 75%] Built target manage_localization_nodes
[0.249s] [ 87%] [32mBuilding CXX object CMakeFiles/nav2pose.dir/src/nav2pose.cpp.o[0m
[5.298s] [100%] [32m[1mLinking CXX executable nav2pose[0m
[5.547s] [100%] Built target nav2pose
[5.561s] Invoked command in '/home/michele-zarantonello/my_ws/build/my_navigation' returned '0': CMAKE_PREFIX_PATH=${CMAKE_PREFIX_PATH}:/opt/ros/jazzy DEBUGINFOD_URLS=https://debuginfod.ubuntu.com /usr/bin/cmake --build /home/michele-zarantonello/my_ws/build/my_navigation -- -j8 -l8
[5.563s] Invoking command in '/home/michele-zarantonello/my_ws/build/my_navigation': CMAKE_PREFIX_PATH=${CMAKE_PREFIX_PATH}:/opt/ros/jazzy DEBUGINFOD_URLS=https://debuginfod.ubuntu.com /usr/bin/cmake --install /home/michele-zarantonello/my_ws/build/my_navigation
[5.573s] -- Install configuration: ""
[5.573s] -- Up-to-date: /home/michele-zarantonello/my_ws/install/my_navigation/lib/my_navigation/init_pose_publisher
[5.574s] -- Installing: /home/michele-zarantonello/my_ws/install/my_navigation/lib/my_navigation/nav2pose
[5.575s] -- Set non-toolchain portion of runtime path of "/home/michele-zarantonello/my_ws/install/my_navigation/lib/my_navigation/nav2pose" to ""
[5.575s] -- Up-to-date: /home/michele-zarantonello/my_ws/install/my_navigation/lib/my_navigation/manage_localization_nodes
[5.575s] -- Up-to-date: /home/michele-zarantonello/my_ws/install/my_navigation/lib/my_navigation/manage_navigation_nodes
[5.575s] -- Up-to-date: /home/michele-zarantonello/my_ws/install/my_navigation/share/ament_index/resource_index/package_run_dependencies/my_navigation
[5.575s] -- Up-to-date: /home/michele-zarantonello/my_ws/install/my_navigation/share/ament_index/resource_index/parent_prefix_path/my_navigation
[5.576s] -- Up-to-date: /home/michele-zarantonello/my_ws/install/my_navigation/share/my_navigation/environment/ament_prefix_path.sh
[5.576s] -- Up-to-date: /home/michele-zarantonello/my_ws/install/my_navigation/share/my_navigation/environment/ament_prefix_path.dsv
[5.576s] -- Up-to-date: /home/michele-zarantonello/my_ws/install/my_navigation/share/my_navigation/environment/path.sh
[5.576s] -- Up-to-date: /home/michele-zarantonello/my_ws/install/my_navigation/share/my_navigation/environment/path.dsv
[5.576s] -- Up-to-date: /home/michele-zarantonello/my_ws/install/my_navigation/share/my_navigation/local_setup.bash
[5.576s] -- Up-to-date: /home/michele-zarantonello/my_ws/install/my_navigation/share/my_navigation/local_setup.sh
[5.576s] -- Up-to-date: /home/michele-zarantonello/my_ws/install/my_navigation/share/my_navigation/local_setup.zsh
[5.576s] -- Up-to-date: /home/michele-zarantonello/my_ws/install/my_navigation/share/my_navigation/local_setup.dsv
[5.576s] -- Installing: /home/michele-zarantonello/my_ws/install/my_navigation/share/my_navigation/package.dsv
[5.576s] -- Up-to-date: /home/michele-zarantonello/my_ws/install/my_navigation/share/ament_index/resource_index/packages/my_navigation
[5.576s] -- Up-to-date: /home/michele-zarantonello/my_ws/install/my_navigation/share/my_navigation/cmake/my_navigationConfig.cmake
[5.576s] -- Up-to-date: /home/michele-zarantonello/my_ws/install/my_navigation/share/my_navigation/cmake/my_navigationConfig-version.cmake
[5.577s] -- Up-to-date: /home/michele-zarantonello/my_ws/install/my_navigation/share/my_navigation/package.xml
[5.577s] Invoked command in '/home/michele-zarantonello/my_ws/build/my_navigation' returned '0': CMAKE_PREFIX_PATH=${CMAKE_PREFIX_PATH}:/opt/ros/jazzy DEBUGINFOD_URLS=https://debuginfod.ubuntu.com /usr/bin/cmake --install /home/michele-zarantonello/my_ws/build/my_navigation
