[0.062s] Invoking command in '/home/michele-zarantonello/ws_32_assignments/src/build/ir_desription': CMAKE_PREFIX_PATH=${CMAKE_PREFIX_PATH}:/opt/ros/jazzy DEBUGINFOD_URLS=https://debuginfod.ubuntu.com /usr/bin/cmake /home/michele-zarantonello/ws_32_assignments/src/ir_2526/ir_desription -DCMAKE_INSTALL_PREFIX=/home/michele-zarantonello/ws_32_assignments/src/install/ir_desription
[0.262s] -- The C compiler identification is GNU 13.3.0
[0.453s] -- The CXX compiler identification is GNU 13.3.0
[0.490s] -- Detecting C compiler ABI info
[0.678s] -- Detecting C compiler ABI info - done
[0.735s] -- Check for working C compiler: /usr/bin/cc - skipped
[0.735s] -- Detecting C compile features
[0.735s] -- Detecting C compile features - done
[0.759s] -- Detecting CXX compiler ABI info
[0.938s] -- Detecting CXX compiler ABI info - done
[0.977s] -- Check for working CXX compiler: /usr/bin/c++ - skipped
[0.977s] -- Detecting CXX compile features
[0.978s] -- Detecting CXX compile features - done
[0.985s] -- Found ament_cmake: 2.5.4 (/opt/ros/jazzy/share/ament_cmake/cmake)
[1.296s] -- Found Python3: /usr/bin/python3 (found version "3.12.3") found components: Interpreter 
[1.575s] -- Found ament_lint_auto: 0.17.3 (/opt/ros/jazzy/share/ament_lint_auto/cmake)
[1.806s] -- Added test 'lint_cmake' to check CMake code style
[1.810s] -- Added test 'xmllint' to check XML markup files
[1.813s] -- Configuring done (1.7s)
[1.820s] -- Generating done (0.0s)
[1.824s] -- Build files have been written to: /home/michele-zarantonello/ws_32_assignments/src/build/ir_desription
[1.838s] Invoked command in '/home/michele-zarantonello/ws_32_assignments/src/build/ir_desription' returned '0': CMAKE_PREFIX_PATH=${CMAKE_PREFIX_PATH}:/opt/ros/jazzy DEBUGINFOD_URLS=https://debuginfod.ubuntu.com /usr/bin/cmake /home/michele-zarantonello/ws_32_assignments/src/ir_2526/ir_desription -DCMAKE_INSTALL_PREFIX=/home/michele-zarantonello/ws_32_assignments/src/install/ir_desription
[1.839s] Invoking command in '/home/michele-zarantonello/ws_32_assignments/src/build/ir_desription': CMAKE_PREFIX_PATH=${CMAKE_PREFIX_PATH}:/opt/ros/jazzy DEBUGINFOD_URLS=https://debuginfod.ubuntu.com /usr/bin/cmake --build /home/michele-zarantonello/ws_32_assignments/src/build/ir_desription -- -j8 -l8
[1.911s] Invoked command in '/home/michele-zarantonello/ws_32_assignments/src/build/ir_desription' returned '0': CMAKE_PREFIX_PATH=${CMAKE_PREFIX_PATH}:/opt/ros/jazzy DEBUGINFOD_URLS=https://debuginfod.ubuntu.com /usr/bin/cmake --build /home/michele-zarantonello/ws_32_assignments/src/build/ir_desription -- -j8 -l8
[1.912s] Invoking command in '/home/michele-zarantonello/ws_32_assignments/src/build/ir_desription': CMAKE_PREFIX_PATH=${CMAKE_PREFIX_PATH}:/opt/ros/jazzy DEBUGINFOD_URLS=https://debuginfod.ubuntu.com /usr/bin/cmake --install /home/michele-zarantonello/ws_32_assignments/src/build/ir_desription
[1.932s] -- Install configuration: ""
[1.933s] -- Installing: /home/michele-zarantonello/ws_32_assignments/src/install/ir_desription/share/ament_index/resource_index/package_run_dependencies/ir_desription
[1.937s] -- Installing: /home/michele-zarantonello/ws_32_assignments/src/install/ir_desription/share/ament_index/resource_index/parent_prefix_path/ir_desription
[1.938s] -- Installing: /home/michele-zarantonello/ws_32_assignments/src/install/ir_desription/share/ir_desription/environment/ament_prefix_path.sh
[1.938s] -- Installing: /home/michele-zarantonello/ws_32_assignments/src/install/ir_desription/share/ir_desription/environment/ament_prefix_path.dsv
[1.938s] -- Installing: /home/michele-zarantonello/ws_32_assignments/src/install/ir_desription/share/ir_desription/environment/path.sh
[1.938s] -- Installing: /home/michele-zarantonello/ws_32_assignments/src/install/ir_desription/share/ir_desription/environment/path.dsv
[1.938s] -- Installing: /home/michele-zarantonello/ws_32_assignments/src/install/ir_desription/share/ir_desription/local_setup.bash
[1.939s] -- Installing: /home/michele-zarantonello/ws_32_assignments/src/install/ir_desription/share/ir_desription/local_setup.sh
[1.939s] -- Installing: /home/michele-zarantonello/ws_32_assignments/src/install/ir_desription/share/ir_desription/local_setup.zsh
[1.939s] -- Installing: /home/michele-zarantonello/ws_32_assignments/src/install/ir_desription/share/ir_desription/local_setup.dsv
[1.940s] -- Installing: /home/michele-zarantonello/ws_32_assignments/src/install/ir_desription/share/ir_desription/package.dsv
[1.940s] -- Installing: /home/michele-zarantonello/ws_32_assignments/src/install/ir_desription/share/ament_index/resource_index/packages/ir_desription
[1.940s] -- Installing: /home/michele-zarantonello/ws_32_assignments/src/install/ir_desription/share/ir_desription/cmake/ir_desriptionConfig.cmake
[1.940s] -- Installing: /home/michele-zarantonello/ws_32_assignments/src/install/ir_desription/share/ir_desription/cmake/ir_desriptionConfig-version.cmake
[1.940s] -- Installing: /home/michele-zarantonello/ws_32_assignments/src/install/ir_desription/share/ir_desription/package.xml
[1.941s] -- Installing: /home/michele-zarantonello/ws_32_assignments/src/install/ir_desription/share/ir_desription/meshes
[1.941s] -- Installing: /home/michele-zarantonello/ws_32_assignments/src/install/ir_desription/share/ir_desription/meshes/ur5
[1.942s] -- Installing: /home/michele-zarantonello/ws_32_assignments/src/install/ir_desription/share/ir_desription/meshes/ur5/visual
[1.942s] -- Installing: /home/michele-zarantonello/ws_32_assignments/src/install/ir_desription/share/ir_desription/meshes/ur5/visual/shoulder.dae
[1.946s] -- Installing: /home/michele-zarantonello/ws_32_assignments/src/install/ir_desription/share/ir_desription/meshes/ur5/visual/wrist2.dae
[1.950s] -- Installing: /home/michele-zarantonello/ws_32_assignments/src/install/ir_desription/share/ir_desription/meshes/ur5/visual/forearm.dae
[1.952s] -- Installing: /home/michele-zarantonello/ws_32_assignments/src/install/ir_desription/share/ir_desription/meshes/ur5/visual/base.dae
[1.953s] -- Installing: /home/michele-zarantonello/ws_32_assignments/src/install/ir_desription/share/ir_desription/meshes/ur5/visual/upperarm.dae
[1.959s] -- Installing: /home/michele-zarantonello/ws_32_assignments/src/install/ir_desription/share/ir_desription/meshes/ur5/visual/wrist1.dae
[1.959s] -- Installing: /home/michele-zarantonello/ws_32_assignments/src/install/ir_desription/share/ir_desription/meshes/ur5/visual/wrist3.dae
[1.960s] -- Installing: /home/michele-zarantonello/ws_32_assignments/src/install/ir_desription/share/ir_desription/meshes/ur5/collision
[1.960s] -- Installing: /home/michele-zarantonello/ws_32_assignments/src/install/ir_desription/share/ir_desription/meshes/ur5/collision/shoulder.stl
[1.962s] -- Installing: /home/michele-zarantonello/ws_32_assignments/src/install/ir_desription/share/ir_desription/meshes/ur5/collision/wrist2.stl
[1.966s] -- Installing: /home/michele-zarantonello/ws_32_assignments/src/install/ir_desription/share/ir_desription/meshes/ur5/collision/wrist1.stl
[1.966s] -- Installing: /home/michele-zarantonello/ws_32_assignments/src/install/ir_desription/share/ir_desription/meshes/ur5/collision/upperarm.stl
[1.968s] -- Installing: /home/michele-zarantonello/ws_32_assignments/src/install/ir_desription/share/ir_desription/meshes/ur5/collision/wrist3.stl
[1.968s] -- Installing: /home/michele-zarantonello/ws_32_assignments/src/install/ir_desription/share/ir_desription/meshes/ur5/collision/forearm.stl
[1.970s] -- Installing: /home/michele-zarantonello/ws_32_assignments/src/install/ir_desription/share/ir_desription/meshes/ur5/collision/base.stl
[1.970s] -- Installing: /home/michele-zarantonello/ws_32_assignments/src/install/ir_desription/share/ir_desription/config
[1.971s] -- Installing: /home/michele-zarantonello/ws_32_assignments/src/install/ir_desription/share/ir_desription/config/ur5
[1.971s] -- Installing: /home/michele-zarantonello/ws_32_assignments/src/install/ir_desription/share/ir_desription/config/ur5/default_kinematics.yaml
[1.971s] -- Installing: /home/michele-zarantonello/ws_32_assignments/src/install/ir_desription/share/ir_desription/config/ur5/physical_parameters.yaml
[1.972s] -- Installing: /home/michele-zarantonello/ws_32_assignments/src/install/ir_desription/share/ir_desription/config/ur5/joint_limits.yaml
[1.973s] -- Installing: /home/michele-zarantonello/ws_32_assignments/src/install/ir_desription/share/ir_desription/config/ur5/visual_parameters.yaml
[1.973s] -- Installing: /home/michele-zarantonello/ws_32_assignments/src/install/ir_desription/share/ir_desription/config/initial_positions.yaml
[1.973s] -- Installing: /home/michele-zarantonello/ws_32_assignments/src/install/ir_desription/share/ir_desription/urdf
[1.974s] -- Installing: /home/michele-zarantonello/ws_32_assignments/src/install/ir_desription/share/ir_desription/urdf/ur_gripper_backup.urdf
[1.975s] -- Installing: /home/michele-zarantonello/ws_32_assignments/src/install/ir_desription/share/ir_desription/urdf/robotiq_d.urdf
[1.976s] -- Installing: /home/michele-zarantonello/ws_32_assignments/src/install/ir_desription/share/ir_desription/urdf/ros2_control_mock_hardware.xacro
[1.976s] -- Installing: /home/michele-zarantonello/ws_32_assignments/src/install/ir_desription/share/ir_desription/urdf/original.urdf
[1.976s] -- Installing: /home/michele-zarantonello/ws_32_assignments/src/install/ir_desription/share/ir_desription/urdf/ur_macro.xacro
[1.976s] -- Installing: /home/michele-zarantonello/ws_32_assignments/src/install/ir_desription/share/ir_desription/urdf/ur.urdf.xacro
[1.976s] -- Installing: /home/michele-zarantonello/ws_32_assignments/src/install/ir_desription/share/ir_desription/urdf/ur_gripper.urdf.xacro
[1.976s] -- Installing: /home/michele-zarantonello/ws_32_assignments/src/install/ir_desription/share/ir_desription/urdf/ur_gripper_base.urdf
[1.977s] -- Installing: /home/michele-zarantonello/ws_32_assignments/src/install/ir_desription/share/ir_desription/urdf/ur_mocked.urdf.xacro
[1.977s] -- Installing: /home/michele-zarantonello/ws_32_assignments/src/install/ir_desription/share/ir_desription/urdf/inc
[1.977s] -- Installing: /home/michele-zarantonello/ws_32_assignments/src/install/ir_desription/share/ir_desription/urdf/inc/ur_common.xacro
[1.977s] -- Installing: /home/michele-zarantonello/ws_32_assignments/src/install/ir_desription/share/ir_desription/urdf/inc/ur_sensors.xacro
[1.978s] -- Installing: /home/michele-zarantonello/ws_32_assignments/src/install/ir_desription/share/ir_desription/urdf/inc/ur_joint_control.xacro
[1.978s] -- Installing: /home/michele-zarantonello/ws_32_assignments/src/install/ir_desription/share/ir_desription/urdf/inc/ur_transmissions.xacro
[1.981s] -- Installing: /home/michele-zarantonello/ws_32_assignments/src/install/ir_desription/share/ir_desription/urdf/ur_gripper.urdf
[1.983s] -- Installing: /home/michele-zarantonello/ws_32_assignments/src/install/ir_desription/share/ir_desription/urdf/ur_gz.ros2_control.xacro
[2.020s] Invoked command in '/home/michele-zarantonello/ws_32_assignments/src/build/ir_desription' returned '0': CMAKE_PREFIX_PATH=${CMAKE_PREFIX_PATH}:/opt/ros/jazzy DEBUGINFOD_URLS=https://debuginfod.ubuntu.com /usr/bin/cmake --install /home/michele-zarantonello/ws_32_assignments/src/build/ir_desription
