[0.029s] Invoking command in '/home/michele-zarantonello/ws_32_assignments/src/build/ir_base': CMAKE_PREFIX_PATH=${CMAKE_PREFIX_PATH}:/opt/ros/jazzy DEBUGINFOD_URLS=https://debuginfod.ubuntu.com /usr/bin/cmake /home/michele-zarantonello/ws_32_assignments/src/ir_2526/ir_base -DCMAKE_INSTALL_PREFIX=/home/michele-zarantonello/ws_32_assignments/src/install/ir_base
[0.202s] -- The C compiler identification is GNU 13.3.0
[0.406s] -- The CXX compiler identification is GNU 13.3.0
[0.443s] -- Detecting C compiler ABI info
[0.630s] -- Detecting C compiler ABI info - done
[0.681s] -- Check for working C compiler: /usr/bin/cc - skipped
[0.696s] -- Detecting C compile features
[0.696s] -- Detecting C compile features - done
[0.713s] -- Detecting CXX compiler ABI info
[0.892s] -- Detecting CXX compiler ABI info - done
[0.913s] -- Check for working CXX compiler: /usr/bin/c++ - skipped
[0.913s] -- Detecting CXX compile features
[0.914s] -- Detecting CXX compile features - done
[0.922s] -- Found ament_cmake: 2.5.4 (/opt/ros/jazzy/share/ament_cmake/cmake)
[1.242s] -- Found Python3: /usr/bin/python3 (found version "3.12.3") found components: Interpreter 
[1.528s] -- Found ament_lint_auto: 0.17.3 (/opt/ros/jazzy/share/ament_lint_auto/cmake)
[1.782s] -- Added test 'flake8' to check Python code syntax and style conventions
[1.782s] -- Configured 'flake8' exclude dirs and/or files: 
[1.782s] -- Added test 'lint_cmake' to check CMake code style
[1.784s] -- Added test 'pep257' to check Python code against some of the docstring style conventions in PEP 257
[1.802s] -- Added test 'xmllint' to check XML markup files
[1.803s] -- Configuring done (1.8s)
[1.807s] -- Generating done (0.0s)
[1.810s] -- Build files have been written to: /home/michele-zarantonello/ws_32_assignments/src/build/ir_base
[1.822s] Invoked command in '/home/michele-zarantonello/ws_32_assignments/src/build/ir_base' returned '0': CMAKE_PREFIX_PATH=${CMAKE_PREFIX_PATH}:/opt/ros/jazzy DEBUGINFOD_URLS=https://debuginfod.ubuntu.com /usr/bin/cmake /home/michele-zarantonello/ws_32_assignments/src/ir_2526/ir_base -DCMAKE_INSTALL_PREFIX=/home/michele-zarantonello/ws_32_assignments/src/install/ir_base
[1.823s] Invoking command in '/home/michele-zarantonello/ws_32_assignments/src/build/ir_base': CMAKE_PREFIX_PATH=${CMAKE_PREFIX_PATH}:/opt/ros/jazzy DEBUGINFOD_URLS=https://debuginfod.ubuntu.com /usr/bin/cmake --build /home/michele-zarantonello/ws_32_assignments/src/build/ir_base -- -j8 -l8
[1.880s] Invoked command in '/home/michele-zarantonello/ws_32_assignments/src/build/ir_base' returned '0': CMAKE_PREFIX_PATH=${CMAKE_PREFIX_PATH}:/opt/ros/jazzy DEBUGINFOD_URLS=https://debuginfod.ubuntu.com /usr/bin/cmake --build /home/michele-zarantonello/ws_32_assignments/src/build/ir_base -- -j8 -l8
[1.888s] Invoking command in '/home/michele-zarantonello/ws_32_assignments/src/build/ir_base': CMAKE_PREFIX_PATH=${CMAKE_PREFIX_PATH}:/opt/ros/jazzy DEBUGINFOD_URLS=https://debuginfod.ubuntu.com /usr/bin/cmake --install /home/michele-zarantonello/ws_32_assignments/src/build/ir_base
[1.905s] -- Install configuration: ""
[1.905s] -- Installing: /home/michele-zarantonello/ws_32_assignments/src/install/ir_base/share/ament_index/resource_index/package_run_dependencies/ir_base
[1.905s] -- Installing: /home/michele-zarantonello/ws_32_assignments/src/install/ir_base/share/ament_index/resource_index/parent_prefix_path/ir_base
[1.905s] -- Installing: /home/michele-zarantonello/ws_32_assignments/src/install/ir_base/share/ir_base/environment/ament_prefix_path.sh
[1.905s] -- Installing: /home/michele-zarantonello/ws_32_assignments/src/install/ir_base/share/ir_base/environment/ament_prefix_path.dsv
[1.905s] -- Installing: /home/michele-zarantonello/ws_32_assignments/src/install/ir_base/share/ir_base/environment/path.sh
[1.906s] -- Installing: /home/michele-zarantonello/ws_32_assignments/src/install/ir_base/share/ir_base/environment/path.dsv
[1.906s] -- Installing: /home/michele-zarantonello/ws_32_assignments/src/install/ir_base/share/ir_base/local_setup.bash
[1.906s] -- Installing: /home/michele-zarantonello/ws_32_assignments/src/install/ir_base/share/ir_base/local_setup.sh
[1.906s] -- Installing: /home/michele-zarantonello/ws_32_assignments/src/install/ir_base/share/ir_base/local_setup.zsh
[1.906s] -- Installing: /home/michele-zarantonello/ws_32_assignments/src/install/ir_base/share/ir_base/local_setup.dsv
[1.907s] -- Installing: /home/michele-zarantonello/ws_32_assignments/src/install/ir_base/share/ir_base/package.dsv
[1.907s] -- Installing: /home/michele-zarantonello/ws_32_assignments/src/install/ir_base/share/ament_index/resource_index/packages/ir_base
[1.907s] -- Installing: /home/michele-zarantonello/ws_32_assignments/src/install/ir_base/share/ir_base/cmake/ir_baseConfig.cmake
[1.907s] -- Installing: /home/michele-zarantonello/ws_32_assignments/src/install/ir_base/share/ir_base/cmake/ir_baseConfig-version.cmake
[1.907s] -- Installing: /home/michele-zarantonello/ws_32_assignments/src/install/ir_base/share/ir_base/package.xml
[1.908s] -- Installing: /home/michele-zarantonello/ws_32_assignments/src/install/ir_base/share/ir_base/launch
[1.908s] -- Installing: /home/michele-zarantonello/ws_32_assignments/src/install/ir_base/share/ir_base/launch/ir_arena.launch.py
[1.908s] -- Installing: /home/michele-zarantonello/ws_32_assignments/src/install/ir_base/share/ir_base/launch/ir_arena_turtle.launch.py
[1.908s] -- Installing: /home/michele-zarantonello/ws_32_assignments/src/install/ir_base/share/ir_base/worlds
[1.908s] -- Installing: /home/michele-zarantonello/ws_32_assignments/src/install/ir_base/share/ir_base/worlds/iaslab_empty.sdf.xacro
[1.908s] -- Installing: /home/michele-zarantonello/ws_32_assignments/src/install/ir_base/share/ir_base/worlds/empy.sdf
[1.909s] -- Installing: /home/michele-zarantonello/ws_32_assignments/src/install/ir_base/share/ir_base/worlds/iaslab_camera_tables.sdf
[1.910s] -- Installing: /home/michele-zarantonello/ws_32_assignments/src/install/ir_base/share/ir_base/worlds/iaslab_ur.sdf
[1.910s] -- Installing: /home/michele-zarantonello/ws_32_assignments/src/install/ir_base/share/ir_base/worlds/apples_world.sdf.xacro
[1.910s] -- Installing: /home/michele-zarantonello/ws_32_assignments/src/install/ir_base/share/ir_base/worlds/iaslab_nav.sdf
[1.910s] -- Installing: /home/michele-zarantonello/ws_32_assignments/src/install/ir_base/share/ir_base/worlds/iaslab_empty.sdf
[1.910s] -- Installing: /home/michele-zarantonello/ws_32_assignments/src/install/ir_base/share/ir_base/worlds/iaslab_empty_ur.sdf.xacro
[1.911s] -- Installing: /home/michele-zarantonello/ws_32_assignments/src/install/ir_base/share/ir_base/worlds/iaslab_ur.sdf.xacro
[1.911s] -- Installing: /home/michele-zarantonello/ws_32_assignments/src/install/ir_base/share/ir_base/worlds/iaslab.sdf.xacro
[1.911s] -- Installing: /home/michele-zarantonello/ws_32_assignments/src/install/ir_base/share/ir_base/params
[1.911s] -- Installing: /home/michele-zarantonello/ws_32_assignments/src/install/ir_base/share/ir_base/params/nav2_params.yaml
[1.912s] -- Installing: /home/michele-zarantonello/ws_32_assignments/src/install/ir_base/share/ir_base/params/turtlebot3_waffle_bridge.yaml
[1.914s] -- Installing: /home/michele-zarantonello/ws_32_assignments/src/install/ir_base/share/ir_base/params/ur_bridge.yaml
[1.915s] -- Installing: /home/michele-zarantonello/ws_32_assignments/src/install/ir_base/share/ir_base/maps
[1.915s] -- Installing: /home/michele-zarantonello/ws_32_assignments/src/install/ir_base/share/ir_base/maps/lab_map.yaml
[1.916s] -- Installing: /home/michele-zarantonello/ws_32_assignments/src/install/ir_base/share/ir_base/maps/lab_map.pgm
[1.916s] -- Installing: /home/michele-zarantonello/ws_32_assignments/src/install/ir_base/share/ir_base/models
[1.916s] -- Installing: /home/michele-zarantonello/ws_32_assignments/src/install/ir_base/share/ir_base/models/build
[1.917s] -- Installing: /home/michele-zarantonello/ws_32_assignments/src/install/ir_base/share/ir_base/models/build/.built_by
[1.917s] -- Installing: /home/michele-zarantonello/ws_32_assignments/src/install/ir_base/share/ir_base/models/build/COLCON_IGNORE
[1.918s] -- Installing: /home/michele-zarantonello/ws_32_assignments/src/install/ir_base/share/ir_base/models/artag
[1.918s] -- Installing: /home/michele-zarantonello/ws_32_assignments/src/install/ir_base/share/ir_base/models/artag/materials
[1.918s] -- Installing: /home/michele-zarantonello/ws_32_assignments/src/install/ir_base/share/ir_base/models/artag/materials/scripts
[1.919s] -- Installing: /home/michele-zarantonello/ws_32_assignments/src/install/ir_base/share/ir_base/models/artag/materials/scripts/artag1.material
[1.919s] -- Installing: /home/michele-zarantonello/ws_32_assignments/src/install/ir_base/share/ir_base/models/artag/materials/scripts/artag15.material
[1.921s] -- Installing: /home/michele-zarantonello/ws_32_assignments/src/install/ir_base/share/ir_base/models/artag/materials/scripts/artag6.material
[1.921s] -- Installing: /home/michele-zarantonello/ws_32_assignments/src/install/ir_base/share/ir_base/models/artag/materials/scripts/artag8.material
[1.922s] -- Installing: /home/michele-zarantonello/ws_32_assignments/src/install/ir_base/share/ir_base/models/artag/materials/scripts/artag11.material
[1.923s] -- Installing: /home/michele-zarantonello/ws_32_assignments/src/install/ir_base/share/ir_base/models/artag/materials/scripts/artag12.material
[1.923s] -- Installing: /home/michele-zarantonello/ws_32_assignments/src/install/ir_base/share/ir_base/models/artag/materials/scripts/artag4.material
[1.923s] -- Installing: /home/michele-zarantonello/ws_32_assignments/src/install/ir_base/share/ir_base/models/artag/materials/scripts/artag5.material
[1.923s] -- Installing: /home/michele-zarantonello/ws_32_assignments/src/install/ir_base/share/ir_base/models/artag/materials/scripts/artag9.material
[1.923s] -- Installing: /home/michele-zarantonello/ws_32_assignments/src/install/ir_base/share/ir_base/models/artag/materials/scripts/artag10.material
[1.924s] -- Installing: /home/michele-zarantonello/ws_32_assignments/src/install/ir_base/share/ir_base/models/artag/materials/scripts/artag3.material
[1.924s] -- Installing: /home/michele-zarantonello/ws_32_assignments/src/install/ir_base/share/ir_base/models/artag/materials/scripts/artag0.material
[1.925s] -- Installing: /home/michele-zarantonello/ws_32_assignments/src/install/ir_base/share/ir_base/models/artag/materials/scripts/artag14.material
[1.925s] -- Installing: /home/michele-zarantonello/ws_32_assignments/src/install/ir_base/share/ir_base/models/artag/materials/scripts/artag7.material
[1.926s] -- Installing: /home/michele-zarantonello/ws_32_assignments/src/install/ir_base/share/ir_base/models/artag/materials/scripts/artag13.material
[1.926s] -- Installing: /home/michele-zarantonello/ws_32_assignments/src/install/ir_base/share/ir_base/models/artag/materials/scripts/artag2.material
[1.927s] -- Installing: /home/michele-zarantonello/ws_32_assignments/src/install/ir_base/share/ir_base/models/artag/materials/textures
[1.928s] -- Installing: /home/michele-zarantonello/ws_32_assignments/src/install/ir_base/share/ir_base/models/artag/materials/textures/tag36_11_00011.png
[1.928s] -- Installing: /home/michele-zarantonello/ws_32_assignments/src/install/ir_base/share/ir_base/models/artag/materials/textures/tag36_11_00004.png
[1.928s] -- Installing: /home/michele-zarantonello/ws_32_assignments/src/install/ir_base/share/ir_base/models/artag/materials/textures/tag36_11_00007.png
[1.929s] -- Installing: /home/michele-zarantonello/ws_32_assignments/src/install/ir_base/share/ir_base/models/artag/materials/textures/tag36_11_00012.png
[1.930s] -- Installing: /home/michele-zarantonello/ws_32_assignments/src/install/ir_base/share/ir_base/models/artag/materials/textures/tag36_11_00008.png
[1.930s] -- Installing: /home/michele-zarantonello/ws_32_assignments/src/install/ir_base/share/ir_base/models/artag/materials/textures/tag36_11_00005.png
[1.930s] -- Installing: /home/michele-zarantonello/ws_32_assignments/src/install/ir_base/share/ir_base/models/artag/materials/textures/tag36_11_00014.png
[1.930s] -- Installing: /home/michele-zarantonello/ws_32_assignments/src/install/ir_base/share/ir_base/models/artag/materials/textures/tag36_11_00013.png
[1.931s] -- Installing: /home/michele-zarantonello/ws_32_assignments/src/install/ir_base/share/ir_base/models/artag/materials/textures/tag36_11_00100.png
[1.931s] -- Installing: /home/michele-zarantonello/ws_32_assignments/src/install/ir_base/share/ir_base/models/artag/materials/textures/tag36_11_00006.png
[1.931s] -- Installing: /home/michele-zarantonello/ws_32_assignments/src/install/ir_base/share/ir_base/models/artag/materials/textures/tag36_11_00002.png
[1.931s] -- Installing: /home/michele-zarantonello/ws_32_assignments/src/install/ir_base/share/ir_base/models/artag/materials/textures/tag36_11_00010.png
[1.934s] -- Installing: /home/michele-zarantonello/ws_32_assignments/src/install/ir_base/share/ir_base/models/artag/materials/textures/tag36_11_00015.png
[1.935s] -- Installing: /home/michele-zarantonello/ws_32_assignments/src/install/ir_base/share/ir_base/models/artag/materials/textures/tag36_11_00001.png
[1.936s] -- Installing: /home/michele-zarantonello/ws_32_assignments/src/install/ir_base/share/ir_base/models/artag/materials/textures/tag36_11_00000.png
[1.937s] -- Installing: /home/michele-zarantonello/ws_32_assignments/src/install/ir_base/share/ir_base/models/artag/materials/textures/tag36_11_00009.png
[1.937s] -- Installing: /home/michele-zarantonello/ws_32_assignments/src/install/ir_base/share/ir_base/models/artag/materials/textures/tag36_11_00101.png
[1.937s] -- Installing: /home/michele-zarantonello/ws_32_assignments/src/install/ir_base/share/ir_base/models/artag/materials/textures/tag36_11_00003.png
[1.937s] -- Installing: /home/michele-zarantonello/ws_32_assignments/src/install/ir_base/share/ir_base/models/artag/model.config
[1.937s] -- Installing: /home/michele-zarantonello/ws_32_assignments/src/install/ir_base/share/ir_base/models/artag/model.sdf
[1.938s] -- Installing: /home/michele-zarantonello/ws_32_assignments/src/install/ir_base/share/ir_base/models/log
[1.938s] -- Installing: /home/michele-zarantonello/ws_32_assignments/src/install/ir_base/share/ir_base/models/log/latest_build
[1.938s] -- Installing: /home/michele-zarantonello/ws_32_assignments/src/install/ir_base/share/ir_base/models/log/build_2025-09-05_12-18-28
[1.938s] -- Installing: /home/michele-zarantonello/ws_32_assignments/src/install/ir_base/share/ir_base/models/log/build_2025-09-05_12-18-28/events.log
[1.938s] -- Installing: /home/michele-zarantonello/ws_32_assignments/src/install/ir_base/share/ir_base/models/log/build_2025-09-05_12-18-28/logger_all.log
[1.938s] -- Installing: /home/michele-zarantonello/ws_32_assignments/src/install/ir_base/share/ir_base/models/log/build_2025-09-05_12-40-06
[1.938s] -- Installing: /home/michele-zarantonello/ws_32_assignments/src/install/ir_base/share/ir_base/models/log/build_2025-09-05_12-40-06/events.log
[1.939s] -- Installing: /home/michele-zarantonello/ws_32_assignments/src/install/ir_base/share/ir_base/models/log/build_2025-09-05_12-40-06/logger_all.log
[1.939s] -- Installing: /home/michele-zarantonello/ws_32_assignments/src/install/ir_base/share/ir_base/models/log/build_2025-09-05_12-15-26
[1.939s] -- Installing: /home/michele-zarantonello/ws_32_assignments/src/install/ir_base/share/ir_base/models/log/build_2025-09-05_12-15-26/events.log
[1.939s] -- Installing: /home/michele-zarantonello/ws_32_assignments/src/install/ir_base/share/ir_base/models/log/build_2025-09-05_12-15-26/logger_all.log
[1.939s] -- Installing: /home/michele-zarantonello/ws_32_assignments/src/install/ir_base/share/ir_base/models/log/build_2025-09-05_11-54-02
[1.939s] -- Installing: /home/michele-zarantonello/ws_32_assignments/src/install/ir_base/share/ir_base/models/log/build_2025-09-05_11-54-02/events.log
[1.939s] -- Installing: /home/michele-zarantonello/ws_32_assignments/src/install/ir_base/share/ir_base/models/log/build_2025-09-05_11-54-02/logger_all.log
[1.939s] -- Installing: /home/michele-zarantonello/ws_32_assignments/src/install/ir_base/share/ir_base/models/log/build_2025-09-05_12-23-38
[1.939s] -- Installing: /home/michele-zarantonello/ws_32_assignments/src/install/ir_base/share/ir_base/models/log/build_2025-09-05_12-23-38/events.log
[1.940s] -- Installing: /home/michele-zarantonello/ws_32_assignments/src/install/ir_base/share/ir_base/models/log/build_2025-09-05_12-23-38/logger_all.log
[1.940s] -- Installing: /home/michele-zarantonello/ws_32_assignments/src/install/ir_base/share/ir_base/models/log/build_2025-09-05_12-17-19
[1.940s] -- Installing: /home/michele-zarantonello/ws_32_assignments/src/install/ir_base/share/ir_base/models/log/build_2025-09-05_12-17-19/events.log
[1.940s] -- Installing: /home/michele-zarantonello/ws_32_assignments/src/install/ir_base/share/ir_base/models/log/build_2025-09-05_12-17-19/logger_all.log
[1.940s] -- Installing: /home/michele-zarantonello/ws_32_assignments/src/install/ir_base/share/ir_base/models/log/latest
[1.940s] -- Installing: /home/michele-zarantonello/ws_32_assignments/src/install/ir_base/share/ir_base/models/log/build_2025-09-05_12-03-44
[1.941s] -- Installing: /home/michele-zarantonello/ws_32_assignments/src/install/ir_base/share/ir_base/models/log/build_2025-09-05_12-03-44/events.log
[1.941s] -- Installing: /home/michele-zarantonello/ws_32_assignments/src/install/ir_base/share/ir_base/models/log/build_2025-09-05_12-03-44/logger_all.log
[1.941s] -- Installing: /home/michele-zarantonello/ws_32_assignments/src/install/ir_base/share/ir_base/models/log/COLCON_IGNORE
[1.941s] -- Installing: /home/michele-zarantonello/ws_32_assignments/src/install/ir_base/share/ir_base/models/log/build_2025-09-05_12-04-38
[1.941s] -- Installing: /home/michele-zarantonello/ws_32_assignments/src/install/ir_base/share/ir_base/models/log/build_2025-09-05_12-04-38/events.log
[1.941s] -- Installing: /home/michele-zarantonello/ws_32_assignments/src/install/ir_base/share/ir_base/models/log/build_2025-09-05_12-04-38/logger_all.log
[1.941s] -- Installing: /home/michele-zarantonello/ws_32_assignments/src/install/ir_base/share/ir_base/models/log/build_2025-09-05_12-40-26
[1.941s] -- Installing: /home/michele-zarantonello/ws_32_assignments/src/install/ir_base/share/ir_base/models/log/build_2025-09-05_12-40-26/events.log
[1.941s] -- Installing: /home/michele-zarantonello/ws_32_assignments/src/install/ir_base/share/ir_base/models/log/build_2025-09-05_12-40-26/logger_all.log
[1.942s] -- Installing: /home/michele-zarantonello/ws_32_assignments/src/install/ir_base/share/ir_base/models/install
[1.942s] -- Installing: /home/michele-zarantonello/ws_32_assignments/src/install/ir_base/share/ir_base/models/install/_local_setup_util_sh.py
[1.942s] -- Installing: /home/michele-zarantonello/ws_32_assignments/src/install/ir_base/share/ir_base/models/install/setup.sh
[1.942s] -- Installing: /home/michele-zarantonello/ws_32_assignments/src/install/ir_base/share/ir_base/models/install/_local_setup_util_ps1.py
[1.942s] -- Installing: /home/michele-zarantonello/ws_32_assignments/src/install/ir_base/share/ir_base/models/install/setup.bash
[1.943s] -- Installing: /home/michele-zarantonello/ws_32_assignments/src/install/ir_base/share/ir_base/models/install/local_setup.bash
[1.943s] -- Installing: /home/michele-zarantonello/ws_32_assignments/src/install/ir_base/share/ir_base/models/install/.colcon_install_layout
[1.943s] -- Installing: /home/michele-zarantonello/ws_32_assignments/src/install/ir_base/share/ir_base/models/install/local_setup.zsh
[1.943s] -- Installing: /home/michele-zarantonello/ws_32_assignments/src/install/ir_base/share/ir_base/models/install/setup.zsh
[1.943s] -- Installing: /home/michele-zarantonello/ws_32_assignments/src/install/ir_base/share/ir_base/models/install/COLCON_IGNORE
[1.944s] -- Installing: /home/michele-zarantonello/ws_32_assignments/src/install/ir_base/share/ir_base/models/install/local_setup.sh
[1.944s] -- Installing: /home/michele-zarantonello/ws_32_assignments/src/install/ir_base/share/ir_base/models/install/setup.ps1
[1.944s] -- Installing: /home/michele-zarantonello/ws_32_assignments/src/install/ir_base/share/ir_base/models/install/local_setup.ps1
[1.944s] -- Installing: /home/michele-zarantonello/ws_32_assignments/src/install/ir_base/share/ir_base/models/docks
[1.944s] -- Installing: /home/michele-zarantonello/ws_32_assignments/src/install/ir_base/share/ir_base/models/docks/loading_station_0
[1.944s] -- Installing: /home/michele-zarantonello/ws_32_assignments/src/install/ir_base/share/ir_base/models/docks/loading_station_0/model.config
[1.944s] -- Installing: /home/michele-zarantonello/ws_32_assignments/src/install/ir_base/share/ir_base/models/docks/loading_station_0/model.sdf
[1.944s] -- Installing: /home/michele-zarantonello/ws_32_assignments/src/install/ir_base/share/ir_base/models/docks/unloading_station_0
[1.944s] -- Installing: /home/michele-zarantonello/ws_32_assignments/src/install/ir_base/share/ir_base/models/docks/unloading_station_0/model.config
[1.944s] -- Installing: /home/michele-zarantonello/ws_32_assignments/src/install/ir_base/share/ir_base/models/docks/unloading_station_0/model.sdf
[1.944s] -- Installing: /home/michele-zarantonello/ws_32_assignments/src/install/ir_base/share/ir_base/models/docks/loading_station_1
[1.945s] -- Installing: /home/michele-zarantonello/ws_32_assignments/src/install/ir_base/share/ir_base/models/docks/loading_station_1/model.config
[1.945s] -- Installing: /home/michele-zarantonello/ws_32_assignments/src/install/ir_base/share/ir_base/models/docks/loading_station_1/model.sdf
[1.945s] -- Installing: /home/michele-zarantonello/ws_32_assignments/src/install/ir_base/share/ir_base/models/cafe_table
[1.945s] -- Installing: /home/michele-zarantonello/ws_32_assignments/src/install/ir_base/share/ir_base/models/cafe_table/materials
[1.945s] -- Installing: /home/michele-zarantonello/ws_32_assignments/src/install/ir_base/share/ir_base/models/cafe_table/materials/textures
[1.945s] -- Installing: /home/michele-zarantonello/ws_32_assignments/src/install/ir_base/share/ir_base/models/cafe_table/materials/textures/Wood_Floor_Dark.jpg
[1.945s] -- Installing: /home/michele-zarantonello/ws_32_assignments/src/install/ir_base/share/ir_base/models/cafe_table/materials/textures/Maple.jpg
[1.946s] -- Installing: /home/michele-zarantonello/ws_32_assignments/src/install/ir_base/share/ir_base/models/cafe_table/model.config
[1.946s] -- Installing: /home/michele-zarantonello/ws_32_assignments/src/install/ir_base/share/ir_base/models/cafe_table/meshes
[1.946s] -- Installing: /home/michele-zarantonello/ws_32_assignments/src/install/ir_base/share/ir_base/models/cafe_table/meshes/cafe_table.dae
[1.946s] -- Installing: /home/michele-zarantonello/ws_32_assignments/src/install/ir_base/share/ir_base/models/cafe_table/model-1_4.sdf
[1.947s] -- Installing: /home/michele-zarantonello/ws_32_assignments/src/install/ir_base/share/ir_base/models/cafe_table/model.sdf
[1.947s] -- Installing: /home/michele-zarantonello/ws_32_assignments/src/install/ir_base/share/ir_base/models/walls
[1.947s] -- Installing: /home/michele-zarantonello/ws_32_assignments/src/install/ir_base/share/ir_base/models/walls/arena_walls
[1.947s] -- Installing: /home/michele-zarantonello/ws_32_assignments/src/install/ir_base/share/ir_base/models/walls/arena_walls/model.config
[1.947s] -- Installing: /home/michele-zarantonello/ws_32_assignments/src/install/ir_base/share/ir_base/models/walls/arena_walls/meshes
[1.947s] -- Installing: /home/michele-zarantonello/ws_32_assignments/src/install/ir_base/share/ir_base/models/walls/arena_walls/meshes/arena.dae
[1.947s] -- Installing: /home/michele-zarantonello/ws_32_assignments/src/install/ir_base/share/ir_base/models/walls/arena_walls/model.sdf
[1.948s] -- Installing: /home/michele-zarantonello/ws_32_assignments/src/install/ir_base/share/ir_base/models/objects
[1.948s] -- Installing: /home/michele-zarantonello/ws_32_assignments/src/install/ir_base/share/ir_base/models/objects/Hexagon
[1.948s] -- Installing: /home/michele-zarantonello/ws_32_assignments/src/install/ir_base/share/ir_base/models/objects/Hexagon/model.config
[1.949s] -- Installing: /home/michele-zarantonello/ws_32_assignments/src/install/ir_base/share/ir_base/models/objects/Hexagon/meshes
[1.949s] -- Installing: /home/michele-zarantonello/ws_32_assignments/src/install/ir_base/share/ir_base/models/objects/Hexagon/meshes/hexagon.dae
[1.949s] -- Installing: /home/michele-zarantonello/ws_32_assignments/src/install/ir_base/share/ir_base/models/objects/Hexagon/model.sdf
[1.949s] -- Installing: /home/michele-zarantonello/ws_32_assignments/src/install/ir_base/share/ir_base/models/objects/OctagonSmall
[1.949s] -- Installing: /home/michele-zarantonello/ws_32_assignments/src/install/ir_base/share/ir_base/models/objects/OctagonSmall/model.config
[1.949s] -- Installing: /home/michele-zarantonello/ws_32_assignments/src/install/ir_base/share/ir_base/models/objects/OctagonSmall/meshes
[1.949s] -- Installing: /home/michele-zarantonello/ws_32_assignments/src/install/ir_base/share/ir_base/models/objects/OctagonSmall/meshes/octagon_small.dae
[1.949s] -- Installing: /home/michele-zarantonello/ws_32_assignments/src/install/ir_base/share/ir_base/models/objects/OctagonSmall/model.sdf
[1.949s] -- Installing: /home/michele-zarantonello/ws_32_assignments/src/install/ir_base/share/ir_base/models/objects/OctagonBig
[1.949s] -- Installing: /home/michele-zarantonello/ws_32_assignments/src/install/ir_base/share/ir_base/models/objects/OctagonBig/model.config
[1.950s] -- Installing: /home/michele-zarantonello/ws_32_assignments/src/install/ir_base/share/ir_base/models/objects/OctagonBig/meshes
[1.950s] -- Installing: /home/michele-zarantonello/ws_32_assignments/src/install/ir_base/share/ir_base/models/objects/OctagonBig/meshes/octagon_big.dae
[1.950s] -- Installing: /home/michele-zarantonello/ws_32_assignments/src/install/ir_base/share/ir_base/models/objects/OctagonBig/model.sdf
[1.950s] -- Installing: /home/michele-zarantonello/ws_32_assignments/src/install/ir_base/share/ir_base/models/objects/Triangle
[1.950s] -- Installing: /home/michele-zarantonello/ws_32_assignments/src/install/ir_base/share/ir_base/models/objects/Triangle/model.config
[1.950s] -- Installing: /home/michele-zarantonello/ws_32_assignments/src/install/ir_base/share/ir_base/models/objects/Triangle/meshes
[1.950s] -- Installing: /home/michele-zarantonello/ws_32_assignments/src/install/ir_base/share/ir_base/models/objects/Triangle/meshes/triangle.dae
[1.950s] -- Installing: /home/michele-zarantonello/ws_32_assignments/src/install/ir_base/share/ir_base/models/objects/Triangle/meshes/triangle_centered.stl
[1.950s] -- Installing: /home/michele-zarantonello/ws_32_assignments/src/install/ir_base/share/ir_base/models/objects/Triangle/model.sdf
[1.950s] -- Installing: /home/michele-zarantonello/ws_32_assignments/src/install/ir_base/share/ir_base/rviz
[1.950s] -- Installing: /home/michele-zarantonello/ws_32_assignments/src/install/ir_base/share/ir_base/rviz/exercise_4.rviz
[1.950s] -- Installing: /home/michele-zarantonello/ws_32_assignments/src/install/ir_base/share/ir_base/urdf
[1.951s] -- Installing: /home/michele-zarantonello/ws_32_assignments/src/install/ir_base/share/ir_base/urdf/camera.urdf
[1.951s] -- Installing: /home/michele-zarantonello/ws_32_assignments/src/install/ir_base/share/ir_base/urdf/turtlebot3_waffle.urdf
[2.009s] Invoked command in '/home/michele-zarantonello/ws_32_assignments/src/build/ir_base' returned '0': CMAKE_PREFIX_PATH=${CMAKE_PREFIX_PATH}:/opt/ros/jazzy DEBUGINFOD_URLS=https://debuginfod.ubuntu.com /usr/bin/cmake --install /home/michele-zarantonello/ws_32_assignments/src/build/ir_base
