[ 20%] Built target tags
[ 40%] Built target conversion
[ 60%] Built target apriltag_node
[ 80%] Built target pose_estimation
[100%] Built target AprilTagNode
-- Install configuration: ""
-- Up-to-date: /home/michele-zarantonello/my_ws/install/group_32_apriltag/lib/group_32_apriltag/apriltag_node
-- Up-to-date: /home/michele-zarantonello/my_ws/install/group_32_apriltag/share/group_32_apriltag/environment/library_path.sh
-- Up-to-date: /home/michele-zarantonello/my_ws/install/group_32_apriltag/share/group_32_apriltag/environment/library_path.dsv
-- Up-to-date: /home/michele-zarantonello/my_ws/install/group_32_apriltag/lib/libAprilTagNode.so
-- Up-to-date: /home/michele-zarantonello/my_ws/install/group_32_apriltag/share/group_32_apriltag/cfg
-- Up-to-date: /home/michele-zarantonello/my_ws/install/group_32_apriltag/share/group_32_apriltag/cfg/qos_overrides.yaml
-- Up-to-date: /home/michele-zarantonello/my_ws/install/group_32_apriltag/share/group_32_apriltag/cfg/tags_36h11.yaml
-- Up-to-date: /home/michele-zarantonello/my_ws/install/group_32_apriltag/share/group_32_apriltag/launch
-- Up-to-date: /home/michele-zarantonello/my_ws/install/group_32_apriltag/share/group_32_apriltag/launch/camera_36h11.launch.yml
-- Up-to-date: /home/michele-zarantonello/my_ws/install/group_32_apriltag/share/ament_index/resource_index/package_run_dependencies/group_32_apriltag
-- Up-to-date: /home/michele-zarantonello/my_ws/install/group_32_apriltag/share/ament_index/resource_index/parent_prefix_path/group_32_apriltag
-- Up-to-date: /home/michele-zarantonello/my_ws/install/group_32_apriltag/share/group_32_apriltag/environment/ament_prefix_path.sh
-- Up-to-date: /home/michele-zarantonello/my_ws/install/group_32_apriltag/share/group_32_apriltag/environment/ament_prefix_path.dsv
-- Up-to-date: /home/michele-zarantonello/my_ws/install/group_32_apriltag/share/group_32_apriltag/environment/path.sh
-- Up-to-date: /home/michele-zarantonello/my_ws/install/group_32_apriltag/share/group_32_apriltag/environment/path.dsv
-- Up-to-date: /home/michele-zarantonello/my_ws/install/group_32_apriltag/share/group_32_apriltag/local_setup.bash
-- Up-to-date: /home/michele-zarantonello/my_ws/install/group_32_apriltag/share/group_32_apriltag/local_setup.sh
-- Up-to-date: /home/michele-zarantonello/my_ws/install/group_32_apriltag/share/group_32_apriltag/local_setup.zsh
-- Up-to-date: /home/michele-zarantonello/my_ws/install/group_32_apriltag/share/group_32_apriltag/local_setup.dsv
-- Installing: /home/michele-zarantonello/my_ws/install/group_32_apriltag/share/group_32_apriltag/package.dsv
-- Up-to-date: /home/michele-zarantonello/my_ws/install/group_32_apriltag/share/ament_index/resource_index/packages/group_32_apriltag
-- Up-to-date: /home/michele-zarantonello/my_ws/install/group_32_apriltag/share/ament_index/resource_index/rclcpp_components/group_32_apriltag
-- Up-to-date: /home/michele-zarantonello/my_ws/install/group_32_apriltag/share/group_32_apriltag/cmake/group_32_apriltagConfig.cmake
-- Up-to-date: /home/michele-zarantonello/my_ws/install/group_32_apriltag/share/group_32_apriltag/cmake/group_32_apriltagConfig-version.cmake
-- Up-to-date: /home/michele-zarantonello/my_ws/install/group_32_apriltag/share/group_32_apriltag/package.xml
