[0.050s] Invoking command in '/home/michele-zarantonello/my_ws/build/group_32_apriltag': CMAKE_PREFIX_PATH=${CMAKE_PREFIX_PATH}:/opt/ros/jazzy DEBUGINFOD_URLS=https://debuginfod.ubuntu.com /usr/bin/cmake --build /home/michele-zarantonello/my_ws/build/group_32_apriltag -- -j8 -l8
[0.177s] [ 20%] Built target tags
[0.274s] [ 40%] Built target conversion
[0.279s] [ 60%] Built target apriltag_node
[0.279s] [ 80%] Built target pose_estimation
[0.281s] [100%] Built target AprilTagNode
[0.331s] Invoked command in '/home/michele-zarantonello/my_ws/build/group_32_apriltag' returned '0': CMAKE_PREFIX_PATH=${CMAKE_PREFIX_PATH}:/opt/ros/jazzy DEBUGINFOD_URLS=https://debuginfod.ubuntu.com /usr/bin/cmake --build /home/michele-zarantonello/my_ws/build/group_32_apriltag -- -j8 -l8
[0.332s] Invoking command in '/home/michele-zarantonello/my_ws/build/group_32_apriltag': CMAKE_PREFIX_PATH=${CMAKE_PREFIX_PATH}:/opt/ros/jazzy DEBUGINFOD_URLS=https://debuginfod.ubuntu.com /usr/bin/cmake --install /home/michele-zarantonello/my_ws/build/group_32_apriltag
[0.355s] -- Install configuration: ""
[0.355s] -- Up-to-date: /home/michele-zarantonello/my_ws/install/group_32_apriltag/lib/group_32_apriltag/apriltag_node
[0.355s] -- Up-to-date: /home/michele-zarantonello/my_ws/install/group_32_apriltag/share/group_32_apriltag/environment/library_path.sh
[0.356s] -- Up-to-date: /home/michele-zarantonello/my_ws/install/group_32_apriltag/share/group_32_apriltag/environment/library_path.dsv
[0.356s] -- Up-to-date: /home/michele-zarantonello/my_ws/install/group_32_apriltag/lib/libAprilTagNode.so
[0.356s] -- Up-to-date: /home/michele-zarantonello/my_ws/install/group_32_apriltag/share/group_32_apriltag/cfg
[0.356s] -- Up-to-date: /home/michele-zarantonello/my_ws/install/group_32_apriltag/share/group_32_apriltag/cfg/qos_overrides.yaml
[0.357s] -- Up-to-date: /home/michele-zarantonello/my_ws/install/group_32_apriltag/share/group_32_apriltag/cfg/tags_36h11.yaml
[0.357s] -- Up-to-date: /home/michele-zarantonello/my_ws/install/group_32_apriltag/share/group_32_apriltag/launch
[0.357s] -- Up-to-date: /home/michele-zarantonello/my_ws/install/group_32_apriltag/share/group_32_apriltag/launch/camera_36h11.launch.yml
[0.357s] -- Up-to-date: /home/michele-zarantonello/my_ws/install/group_32_apriltag/share/ament_index/resource_index/package_run_dependencies/group_32_apriltag
[0.357s] -- Up-to-date: /home/michele-zarantonello/my_ws/install/group_32_apriltag/share/ament_index/resource_index/parent_prefix_path/group_32_apriltag
[0.358s] -- Up-to-date: /home/michele-zarantonello/my_ws/install/group_32_apriltag/share/group_32_apriltag/environment/ament_prefix_path.sh
[0.358s] -- Up-to-date: /home/michele-zarantonello/my_ws/install/group_32_apriltag/share/group_32_apriltag/environment/ament_prefix_path.dsv
[0.358s] -- Up-to-date: /home/michele-zarantonello/my_ws/install/group_32_apriltag/share/group_32_apriltag/environment/path.sh
[0.358s] -- Up-to-date: /home/michele-zarantonello/my_ws/install/group_32_apriltag/share/group_32_apriltag/environment/path.dsv
[0.359s] -- Up-to-date: /home/michele-zarantonello/my_ws/install/group_32_apriltag/share/group_32_apriltag/local_setup.bash
[0.359s] -- Up-to-date: /home/michele-zarantonello/my_ws/install/group_32_apriltag/share/group_32_apriltag/local_setup.sh
[0.359s] -- Up-to-date: /home/michele-zarantonello/my_ws/install/group_32_apriltag/share/group_32_apriltag/local_setup.zsh
[0.359s] -- Up-to-date: /home/michele-zarantonello/my_ws/install/group_32_apriltag/share/group_32_apriltag/local_setup.dsv
[0.359s] -- Installing: /home/michele-zarantonello/my_ws/install/group_32_apriltag/share/group_32_apriltag/package.dsv
[0.359s] -- Up-to-date: /home/michele-zarantonello/my_ws/install/group_32_apriltag/share/ament_index/resource_index/packages/group_32_apriltag
[0.359s] -- Up-to-date: /home/michele-zarantonello/my_ws/install/group_32_apriltag/share/ament_index/resource_index/rclcpp_components/group_32_apriltag
[0.359s] -- Up-to-date: /home/michele-zarantonello/my_ws/install/group_32_apriltag/share/group_32_apriltag/cmake/group_32_apriltagConfig.cmake
[0.360s] -- Up-to-date: /home/michele-zarantonello/my_ws/install/group_32_apriltag/share/group_32_apriltag/cmake/group_32_apriltagConfig-version.cmake
[0.362s] -- Up-to-date: /home/michele-zarantonello/my_ws/install/group_32_apriltag/share/group_32_apriltag/package.xml
[0.403s] Invoked command in '/home/michele-zarantonello/my_ws/build/group_32_apriltag' returned '0': CMAKE_PREFIX_PATH=${CMAKE_PREFIX_PATH}:/opt/ros/jazzy DEBUGINFOD_URLS=https://debuginfod.ubuntu.com /usr/bin/cmake --install /home/michele-zarantonello/my_ws/build/group_32_apriltag
