[0.038s] Invoking command in '/home/michele-zarantonello/my_ws/build/ir_launch': CMAKE_PREFIX_PATH=${CMAKE_PREFIX_PATH}:/opt/ros/jazzy DEBUGINFOD_URLS=https://debuginfod.ubuntu.com /usr/bin/cmake --build /home/michele-zarantonello/my_ws/build/ir_launch -- -j8 -l8
[0.138s] Invoked command in '/home/michele-zarantonello/my_ws/build/ir_launch' returned '0': CMAKE_PREFIX_PATH=${CMAKE_PREFIX_PATH}:/opt/ros/jazzy DEBUGINFOD_URLS=https://debuginfod.ubuntu.com /usr/bin/cmake --build /home/michele-zarantonello/my_ws/build/ir_launch -- -j8 -l8
[0.141s] Invoking command in '/home/michele-zarantonello/my_ws/build/ir_launch': CMAKE_PREFIX_PATH=${CMAKE_PREFIX_PATH}:/opt/ros/jazzy DEBUGINFOD_URLS=https://debuginfod.ubuntu.com /usr/bin/cmake --install /home/michele-zarantonello/my_ws/build/ir_launch
[0.168s] -- Install configuration: ""
[0.169s] -- Up-to-date: /home/michele-zarantonello/my_ws/install/ir_launch/share/ament_index/resource_index/package_run_dependencies/ir_launch
[0.170s] -- Up-to-date: /home/michele-zarantonello/my_ws/install/ir_launch/share/ament_index/resource_index/parent_prefix_path/ir_launch
[0.172s] -- Up-to-date: /home/michele-zarantonello/my_ws/install/ir_launch/share/ir_launch/environment/ament_prefix_path.sh
[0.172s] -- Up-to-date: /home/michele-zarantonello/my_ws/install/ir_launch/share/ir_launch/environment/ament_prefix_path.dsv
[0.172s] -- Up-to-date: /home/michele-zarantonello/my_ws/install/ir_launch/share/ir_launch/environment/path.sh
[0.173s] -- Up-to-date: /home/michele-zarantonello/my_ws/install/ir_launch/share/ir_launch/environment/path.dsv
[0.173s] -- Up-to-date: /home/michele-zarantonello/my_ws/install/ir_launch/share/ir_launch/local_setup.bash
[0.173s] -- Up-to-date: /home/michele-zarantonello/my_ws/install/ir_launch/share/ir_launch/local_setup.sh
[0.173s] -- Up-to-date: /home/michele-zarantonello/my_ws/install/ir_launch/share/ir_launch/local_setup.zsh
[0.173s] -- Up-to-date: /home/michele-zarantonello/my_ws/install/ir_launch/share/ir_launch/local_setup.dsv
[0.173s] -- Installing: /home/michele-zarantonello/my_ws/install/ir_launch/share/ir_launch/package.dsv
[0.173s] -- Up-to-date: /home/michele-zarantonello/my_ws/install/ir_launch/share/ament_index/resource_index/packages/ir_launch
[0.174s] -- Up-to-date: /home/michele-zarantonello/my_ws/install/ir_launch/share/ir_launch/cmake/ir_launchConfig.cmake
[0.174s] -- Up-to-date: /home/michele-zarantonello/my_ws/install/ir_launch/share/ir_launch/cmake/ir_launchConfig-version.cmake
[0.174s] -- Up-to-date: /home/michele-zarantonello/my_ws/install/ir_launch/share/ir_launch/package.xml
[0.174s] -- Up-to-date: /home/michele-zarantonello/my_ws/install/ir_launch/share/ir_launch/launch
[0.174s] -- Up-to-date: /home/michele-zarantonello/my_ws/install/ir_launch/share/ir_launch/launch/assignment_2.launch.py
[0.174s] -- Up-to-date: /home/michele-zarantonello/my_ws/install/ir_launch/share/ir_launch/launch/exercise_4.launch.py
[0.174s] -- Up-to-date: /home/michele-zarantonello/my_ws/install/ir_launch/share/ir_launch/launch/assignment_1.launch.py
[0.175s] -- Up-to-date: /home/michele-zarantonello/my_ws/install/ir_launch/share/ir_launch/launch/spawn_tb3_launch.py
[0.228s] Invoked command in '/home/michele-zarantonello/my_ws/build/ir_launch' returned '0': CMAKE_PREFIX_PATH=${CMAKE_PREFIX_PATH}:/opt/ros/jazzy DEBUGINFOD_URLS=https://debuginfod.ubuntu.com /usr/bin/cmake --install /home/michele-zarantonello/my_ws/build/ir_launch
