[0.059s] Invoking command in '/home/michele-zarantonello/my_ws/build/my_navigation': CMAKE_PREFIX_PATH=${CMAKE_PREFIX_PATH}:/opt/ros/jazzy DEBUGINFOD_URLS=https://debuginfod.ubuntu.com /usr/bin/cmake --build /home/michele-zarantonello/my_ws/build/my_navigation -- -j8 -l8
[0.260s] [ 25%] Built target manage_navigation_nodes
[0.260s] [ 50%] [32mBuilding CXX object CMakeFiles/nav2pose.dir/src/nav2pose.cpp.o[0m
[0.260s] [ 62%] Built target init_pose_publisher
[0.261s] [ 87%] Built target manage_localization_nodes
[3.371s] [01m[K/home/michele-zarantonello/my_ws/src/my_assignment_1/my_navigation/src/nav2pose.cpp:[m[K In constructor ‘[01m[KNav2ActionClient::[01;32m[KNav2ActionClient[m[K()[m[K’:
[3.371s] [01m[K/home/michele-zarantonello/my_ws/src/my_assignment_1/my_navigation/src/nav2pose.cpp:22:42:[m[K [01;31m[Kerror: [m[Kunable to find numeric literal operator ‘[01m[Koperator""ms[m[K’
[3.371s]    22 |         timer_ = this->create_wall_timer([01;31m[K1000ms[m[K, std::bind(&Navigation::on_timer, this));
[3.371s]       |                                          [01;31m[K^~~~~~[m[K
[3.371s] [01m[K/home/michele-zarantonello/my_ws/src/my_assignment_1/my_navigation/src/nav2pose.cpp:22:61:[m[K [01;31m[Kerror: [m[K‘[01m[KNavigation[m[K’ has not been declared
[3.372s]    22 |         timer_ = this->create_wall_timer(1000ms, std::bind(&[01;31m[KNavigation[m[K::on_timer, this));
[3.372s]       |                                                             [01;31m[K^~~~~~~~~~[m[K
[3.372s] [01m[K/home/michele-zarantonello/my_ws/src/my_assignment_1/my_navigation/src/nav2pose.cpp:[m[K In member function ‘[01m[Kvoid Nav2ActionClient::[01;32m[Ksend_goal[m[K()[m[K’:
[3.372s] [01m[K/home/michele-zarantonello/my_ws/src/my_assignment_1/my_navigation/src/nav2pose.cpp:40:17:[m[K [01;31m[Kerror: [m[Kunable to find numeric literal operator ‘[01m[Koperator""s[m[K’
[3.372s]    40 |                 [01;31m[K1s[m[K                        // timeout
[3.372s]       |                 [01;31m[K^~[m[K
[3.373s] [01m[K/home/michele-zarantonello/my_ws/src/my_assignment_1/my_navigation/src/nav2pose.cpp:74:17:[m[K [01;31m[Kerror: [m[Kunable to find numeric literal operator ‘[01m[Koperator""s[m[K’
[3.373s]    74 |                 [01;31m[K1s[m[K                        // timeout
[3.373s]       |                 [01;31m[K^~[m[K
[5.383s] gmake[2]: *** [CMakeFiles/nav2pose.dir/build.make:76: CMakeFiles/nav2pose.dir/src/nav2pose.cpp.o] Error 1
[5.384s] gmake[1]: *** [CMakeFiles/Makefile2:221: CMakeFiles/nav2pose.dir/all] Error 2
[5.384s] gmake: *** [Makefile:146: all] Error 2
[5.386s] Invoked command in '/home/michele-zarantonello/my_ws/build/my_navigation' returned '2': CMAKE_PREFIX_PATH=${CMAKE_PREFIX_PATH}:/opt/ros/jazzy DEBUGINFOD_URLS=https://debuginfod.ubuntu.com /usr/bin/cmake --build /home/michele-zarantonello/my_ws/build/my_navigation -- -j8 -l8
