[0.043s] Invoking command in '/home/michele-zarantonello/my_ws/build/ir_base': CMAKE_PREFIX_PATH=${CMAKE_PREFIX_PATH}:/opt/ros/jazzy DEBUGINFOD_URLS=https://debuginfod.ubuntu.com /usr/bin/cmake --build /home/michele-zarantonello/my_ws/build/ir_base -- -j8 -l8
[0.161s] Invoked command in '/home/michele-zarantonello/my_ws/build/ir_base' returned '0': CMAKE_PREFIX_PATH=${CMAKE_PREFIX_PATH}:/opt/ros/jazzy DEBUGINFOD_URLS=https://debuginfod.ubuntu.com /usr/bin/cmake --build /home/michele-zarantonello/my_ws/build/ir_base -- -j8 -l8
[0.162s] Invoking command in '/home/michele-zarantonello/my_ws/build/ir_base': CMAKE_PREFIX_PATH=${CMAKE_PREFIX_PATH}:/opt/ros/jazzy DEBUGINFOD_URLS=https://debuginfod.ubuntu.com /usr/bin/cmake --install /home/michele-zarantonello/my_ws/build/ir_base
[0.181s] -- Install configuration: ""
[0.186s] -- Up-to-date: /home/michele-zarantonello/my_ws/install/ir_base/share/ament_index/resource_index/package_run_dependencies/ir_base
[0.187s] -- Up-to-date: /home/michele-zarantonello/my_ws/install/ir_base/share/ament_index/resource_index/parent_prefix_path/ir_base
[0.188s] -- Up-to-date: /home/michele-zarantonello/my_ws/install/ir_base/share/ir_base/environment/ament_prefix_path.sh
[0.188s] -- Up-to-date: /home/michele-zarantonello/my_ws/install/ir_base/share/ir_base/environment/ament_prefix_path.dsv
[0.188s] -- Up-to-date: /home/michele-zarantonello/my_ws/install/ir_base/share/ir_base/environment/path.sh
[0.188s] -- Up-to-date: /home/michele-zarantonello/my_ws/install/ir_base/share/ir_base/environment/path.dsv
[0.188s] -- Up-to-date: /home/michele-zarantonello/my_ws/install/ir_base/share/ir_base/local_setup.bash
[0.189s] -- Up-to-date: /home/michele-zarantonello/my_ws/install/ir_base/share/ir_base/local_setup.sh
[0.189s] -- Up-to-date: /home/michele-zarantonello/my_ws/install/ir_base/share/ir_base/local_setup.zsh
[0.189s] -- Up-to-date: /home/michele-zarantonello/my_ws/install/ir_base/share/ir_base/local_setup.dsv
[0.189s] -- Installing: /home/michele-zarantonello/my_ws/install/ir_base/share/ir_base/package.dsv
[0.190s] -- Up-to-date: /home/michele-zarantonello/my_ws/install/ir_base/share/ament_index/resource_index/packages/ir_base
[0.191s] -- Up-to-date: /home/michele-zarantonello/my_ws/install/ir_base/share/ir_base/cmake/ir_baseConfig.cmake
[0.191s] -- Up-to-date: /home/michele-zarantonello/my_ws/install/ir_base/share/ir_base/cmake/ir_baseConfig-version.cmake
[0.192s] -- Up-to-date: /home/michele-zarantonello/my_ws/install/ir_base/share/ir_base/package.xml
[0.192s] -- Up-to-date: /home/michele-zarantonello/my_ws/install/ir_base/share/ir_base/launch
[0.193s] -- Up-to-date: /home/michele-zarantonello/my_ws/install/ir_base/share/ir_base/launch/ir_arena.launch.py
[0.193s] -- Up-to-date: /home/michele-zarantonello/my_ws/install/ir_base/share/ir_base/launch/ir_arena_turtle.launch.py
[0.193s] -- Up-to-date: /home/michele-zarantonello/my_ws/install/ir_base/share/ir_base/worlds
[0.199s] -- Up-to-date: /home/michele-zarantonello/my_ws/install/ir_base/share/ir_base/worlds/iaslab_empty.sdf.xacro
[0.200s] -- Up-to-date: /home/michele-zarantonello/my_ws/install/ir_base/share/ir_base/worlds/empy.sdf
[0.200s] -- Up-to-date: /home/michele-zarantonello/my_ws/install/ir_base/share/ir_base/worlds/iaslab_camera_tables.sdf
[0.209s] -- Up-to-date: /home/michele-zarantonello/my_ws/install/ir_base/share/ir_base/worlds/iaslab_ur.sdf
[0.209s] -- Up-to-date: /home/michele-zarantonello/my_ws/install/ir_base/share/ir_base/worlds/apples_world.sdf.xacro
[0.209s] -- Up-to-date: /home/michele-zarantonello/my_ws/install/ir_base/share/ir_base/worlds/iaslab_nav.sdf
[0.209s] -- Up-to-date: /home/michele-zarantonello/my_ws/install/ir_base/share/ir_base/worlds/iaslab_empty.sdf
[0.210s] -- Up-to-date: /home/michele-zarantonello/my_ws/install/ir_base/share/ir_base/worlds/iaslab_empty_ur.sdf.xacro
[0.210s] -- Up-to-date: /home/michele-zarantonello/my_ws/install/ir_base/share/ir_base/worlds/iaslab_ur.sdf.xacro
[0.210s] -- Up-to-date: /home/michele-zarantonello/my_ws/install/ir_base/share/ir_base/worlds/iaslab.sdf.xacro
[0.210s] -- Up-to-date: /home/michele-zarantonello/my_ws/install/ir_base/share/ir_base/params
[0.220s] -- Up-to-date: /home/michele-zarantonello/my_ws/install/ir_base/share/ir_base/params/nav2_params.yaml
[0.221s] -- Up-to-date: /home/michele-zarantonello/my_ws/install/ir_base/share/ir_base/params/turtlebot3_waffle_bridge.yaml
[0.221s] -- Up-to-date: /home/michele-zarantonello/my_ws/install/ir_base/share/ir_base/params/ur_bridge.yaml
[0.221s] -- Up-to-date: /home/michele-zarantonello/my_ws/install/ir_base/share/ir_base/maps
[0.221s] -- Up-to-date: /home/michele-zarantonello/my_ws/install/ir_base/share/ir_base/maps/lab_map.yaml
[0.221s] -- Up-to-date: /home/michele-zarantonello/my_ws/install/ir_base/share/ir_base/maps/lab_map.pgm
[0.222s] -- Up-to-date: /home/michele-zarantonello/my_ws/install/ir_base/share/ir_base/models
[0.222s] -- Up-to-date: /home/michele-zarantonello/my_ws/install/ir_base/share/ir_base/models/build
[0.222s] -- Up-to-date: /home/michele-zarantonello/my_ws/install/ir_base/share/ir_base/models/build/.built_by
[0.222s] -- Up-to-date: /home/michele-zarantonello/my_ws/install/ir_base/share/ir_base/models/build/COLCON_IGNORE
[0.222s] -- Up-to-date: /home/michele-zarantonello/my_ws/install/ir_base/share/ir_base/models/artag
[0.222s] -- Up-to-date: /home/michele-zarantonello/my_ws/install/ir_base/share/ir_base/models/artag/materials
[0.222s] -- Up-to-date: /home/michele-zarantonello/my_ws/install/ir_base/share/ir_base/models/artag/materials/scripts
[0.223s] -- Up-to-date: /home/michele-zarantonello/my_ws/install/ir_base/share/ir_base/models/artag/materials/scripts/artag1.material
[0.223s] -- Up-to-date: /home/michele-zarantonello/my_ws/install/ir_base/share/ir_base/models/artag/materials/scripts/artag15.material
[0.223s] -- Up-to-date: /home/michele-zarantonello/my_ws/install/ir_base/share/ir_base/models/artag/materials/scripts/artag6.material
[0.223s] -- Up-to-date: /home/michele-zarantonello/my_ws/install/ir_base/share/ir_base/models/artag/materials/scripts/artag8.material
[0.224s] -- Up-to-date: /home/michele-zarantonello/my_ws/install/ir_base/share/ir_base/models/artag/materials/scripts/artag11.material
[0.224s] -- Up-to-date: /home/michele-zarantonello/my_ws/install/ir_base/share/ir_base/models/artag/materials/scripts/artag12.material
[0.224s] -- Up-to-date: /home/michele-zarantonello/my_ws/install/ir_base/share/ir_base/models/artag/materials/scripts/artag4.material
[0.224s] -- Up-to-date: /home/michele-zarantonello/my_ws/install/ir_base/share/ir_base/models/artag/materials/scripts/artag5.material
[0.224s] -- Up-to-date: /home/michele-zarantonello/my_ws/install/ir_base/share/ir_base/models/artag/materials/scripts/artag9.material
[0.224s] -- Up-to-date: /home/michele-zarantonello/my_ws/install/ir_base/share/ir_base/models/artag/materials/scripts/artag10.material
[0.225s] -- Up-to-date: /home/michele-zarantonello/my_ws/install/ir_base/share/ir_base/models/artag/materials/scripts/artag3.material
[0.225s] -- Up-to-date: /home/michele-zarantonello/my_ws/install/ir_base/share/ir_base/models/artag/materials/scripts/artag0.material
[0.225s] -- Up-to-date: /home/michele-zarantonello/my_ws/install/ir_base/share/ir_base/models/artag/materials/scripts/artag14.material
[0.225s] -- Up-to-date: /home/michele-zarantonello/my_ws/install/ir_base/share/ir_base/models/artag/materials/scripts/artag7.material
[0.225s] -- Up-to-date: /home/michele-zarantonello/my_ws/install/ir_base/share/ir_base/models/artag/materials/scripts/artag13.material
[0.225s] -- Up-to-date: /home/michele-zarantonello/my_ws/install/ir_base/share/ir_base/models/artag/materials/scripts/artag2.material
[0.225s] -- Up-to-date: /home/michele-zarantonello/my_ws/install/ir_base/share/ir_base/models/artag/materials/textures
[0.231s] -- Up-to-date: /home/michele-zarantonello/my_ws/install/ir_base/share/ir_base/models/artag/materials/textures/tag36_11_00011.png
[0.231s] -- Up-to-date: /home/michele-zarantonello/my_ws/install/ir_base/share/ir_base/models/artag/materials/textures/tag36_11_00004.png
[0.231s] -- Up-to-date: /home/michele-zarantonello/my_ws/install/ir_base/share/ir_base/models/artag/materials/textures/tag36_11_00007.png
[0.231s] -- Up-to-date: /home/michele-zarantonello/my_ws/install/ir_base/share/ir_base/models/artag/materials/textures/tag36_11_00012.png
[0.231s] -- Up-to-date: /home/michele-zarantonello/my_ws/install/ir_base/share/ir_base/models/artag/materials/textures/tag36_11_00008.png
[0.232s] -- Up-to-date: /home/michele-zarantonello/my_ws/install/ir_base/share/ir_base/models/artag/materials/textures/tag36_11_00005.png
[0.232s] -- Up-to-date: /home/michele-zarantonello/my_ws/install/ir_base/share/ir_base/models/artag/materials/textures/tag36_11_00014.png
[0.232s] -- Up-to-date: /home/michele-zarantonello/my_ws/install/ir_base/share/ir_base/models/artag/materials/textures/tag36_11_00013.png
[0.232s] -- Up-to-date: /home/michele-zarantonello/my_ws/install/ir_base/share/ir_base/models/artag/materials/textures/tag36_11_00100.png
[0.232s] -- Up-to-date: /home/michele-zarantonello/my_ws/install/ir_base/share/ir_base/models/artag/materials/textures/tag36_11_00006.png
[0.235s] -- Up-to-date: /home/michele-zarantonello/my_ws/install/ir_base/share/ir_base/models/artag/materials/textures/tag36_11_00002.png
[0.236s] -- Up-to-date: /home/michele-zarantonello/my_ws/install/ir_base/share/ir_base/models/artag/materials/textures/tag36_11_00010.png
[0.236s] -- Up-to-date: /home/michele-zarantonello/my_ws/install/ir_base/share/ir_base/models/artag/materials/textures/tag36_11_00015.png
[0.236s] -- Up-to-date: /home/michele-zarantonello/my_ws/install/ir_base/share/ir_base/models/artag/materials/textures/tag36_11_00001.png
[0.236s] -- Up-to-date: /home/michele-zarantonello/my_ws/install/ir_base/share/ir_base/models/artag/materials/textures/tag36_11_00000.png
[0.236s] -- Up-to-date: /home/michele-zarantonello/my_ws/install/ir_base/share/ir_base/models/artag/materials/textures/tag36_11_00009.png
[0.236s] -- Up-to-date: /home/michele-zarantonello/my_ws/install/ir_base/share/ir_base/models/artag/materials/textures/tag36_11_00101.png
[0.237s] -- Up-to-date: /home/michele-zarantonello/my_ws/install/ir_base/share/ir_base/models/artag/materials/textures/tag36_11_00003.png
[0.237s] -- Up-to-date: /home/michele-zarantonello/my_ws/install/ir_base/share/ir_base/models/artag/model.config
[0.237s] -- Up-to-date: /home/michele-zarantonello/my_ws/install/ir_base/share/ir_base/models/artag/model.sdf
[0.237s] -- Up-to-date: /home/michele-zarantonello/my_ws/install/ir_base/share/ir_base/models/log
[0.237s] -- Up-to-date: /home/michele-zarantonello/my_ws/install/ir_base/share/ir_base/models/log/latest_build
[0.238s] -- Up-to-date: /home/michele-zarantonello/my_ws/install/ir_base/share/ir_base/models/log/build_2025-09-05_12-18-28
[0.238s] -- Up-to-date: /home/michele-zarantonello/my_ws/install/ir_base/share/ir_base/models/log/build_2025-09-05_12-18-28/events.log
[0.240s] -- Up-to-date: /home/michele-zarantonello/my_ws/install/ir_base/share/ir_base/models/log/build_2025-09-05_12-18-28/logger_all.log
[0.241s] -- Up-to-date: /home/michele-zarantonello/my_ws/install/ir_base/share/ir_base/models/log/build_2025-09-05_12-40-06
[0.241s] -- Up-to-date: /home/michele-zarantonello/my_ws/install/ir_base/share/ir_base/models/log/build_2025-09-05_12-40-06/events.log
[0.241s] -- Up-to-date: /home/michele-zarantonello/my_ws/install/ir_base/share/ir_base/models/log/build_2025-09-05_12-40-06/logger_all.log
[0.241s] -- Up-to-date: /home/michele-zarantonello/my_ws/install/ir_base/share/ir_base/models/log/build_2025-09-05_12-15-26
[0.241s] -- Up-to-date: /home/michele-zarantonello/my_ws/install/ir_base/share/ir_base/models/log/build_2025-09-05_12-15-26/events.log
[0.242s] -- Up-to-date: /home/michele-zarantonello/my_ws/install/ir_base/share/ir_base/models/log/build_2025-09-05_12-15-26/logger_all.log
[0.242s] -- Up-to-date: /home/michele-zarantonello/my_ws/install/ir_base/share/ir_base/models/log/build_2025-09-05_11-54-02
[0.242s] -- Up-to-date: /home/michele-zarantonello/my_ws/install/ir_base/share/ir_base/models/log/build_2025-09-05_11-54-02/events.log
[0.242s] -- Up-to-date: /home/michele-zarantonello/my_ws/install/ir_base/share/ir_base/models/log/build_2025-09-05_11-54-02/logger_all.log
[0.244s] -- Up-to-date: /home/michele-zarantonello/my_ws/install/ir_base/share/ir_base/models/log/build_2025-09-05_12-23-38
[0.244s] -- Up-to-date: /home/michele-zarantonello/my_ws/install/ir_base/share/ir_base/models/log/build_2025-09-05_12-23-38/events.log
[0.244s] -- Up-to-date: /home/michele-zarantonello/my_ws/install/ir_base/share/ir_base/models/log/build_2025-09-05_12-23-38/logger_all.log
[0.244s] -- Up-to-date: /home/michele-zarantonello/my_ws/install/ir_base/share/ir_base/models/log/build_2025-09-05_12-17-19
[0.244s] -- Up-to-date: /home/michele-zarantonello/my_ws/install/ir_base/share/ir_base/models/log/build_2025-09-05_12-17-19/events.log
[0.244s] -- Up-to-date: /home/michele-zarantonello/my_ws/install/ir_base/share/ir_base/models/log/build_2025-09-05_12-17-19/logger_all.log
[0.244s] -- Up-to-date: /home/michele-zarantonello/my_ws/install/ir_base/share/ir_base/models/log/latest
[0.245s] -- Up-to-date: /home/michele-zarantonello/my_ws/install/ir_base/share/ir_base/models/log/build_2025-09-05_12-03-44
[0.246s] -- Up-to-date: /home/michele-zarantonello/my_ws/install/ir_base/share/ir_base/models/log/build_2025-09-05_12-03-44/events.log
[0.246s] -- Up-to-date: /home/michele-zarantonello/my_ws/install/ir_base/share/ir_base/models/log/build_2025-09-05_12-03-44/logger_all.log
[0.247s] -- Up-to-date: /home/michele-zarantonello/my_ws/install/ir_base/share/ir_base/models/log/COLCON_IGNORE
[0.247s] -- Up-to-date: /home/michele-zarantonello/my_ws/install/ir_base/share/ir_base/models/log/build_2025-09-05_12-04-38
[0.247s] -- Up-to-date: /home/michele-zarantonello/my_ws/install/ir_base/share/ir_base/models/log/build_2025-09-05_12-04-38/events.log
[0.247s] -- Up-to-date: /home/michele-zarantonello/my_ws/install/ir_base/share/ir_base/models/log/build_2025-09-05_12-04-38/logger_all.log
[0.252s] -- Up-to-date: /home/michele-zarantonello/my_ws/install/ir_base/share/ir_base/models/log/build_2025-09-05_12-40-26
[0.252s] -- Up-to-date: /home/michele-zarantonello/my_ws/install/ir_base/share/ir_base/models/log/build_2025-09-05_12-40-26/events.log
[0.252s] -- Up-to-date: /home/michele-zarantonello/my_ws/install/ir_base/share/ir_base/models/log/build_2025-09-05_12-40-26/logger_all.log
[0.252s] -- Up-to-date: /home/michele-zarantonello/my_ws/install/ir_base/share/ir_base/models/install
[0.252s] -- Up-to-date: /home/michele-zarantonello/my_ws/install/ir_base/share/ir_base/models/install/_local_setup_util_sh.py
[0.253s] -- Up-to-date: /home/michele-zarantonello/my_ws/install/ir_base/share/ir_base/models/install/setup.sh
[0.253s] -- Up-to-date: /home/michele-zarantonello/my_ws/install/ir_base/share/ir_base/models/install/_local_setup_util_ps1.py
[0.253s] -- Up-to-date: /home/michele-zarantonello/my_ws/install/ir_base/share/ir_base/models/install/setup.bash
[0.253s] -- Up-to-date: /home/michele-zarantonello/my_ws/install/ir_base/share/ir_base/models/install/local_setup.bash
[0.253s] -- Up-to-date: /home/michele-zarantonello/my_ws/install/ir_base/share/ir_base/models/install/.colcon_install_layout
[0.253s] -- Up-to-date: /home/michele-zarantonello/my_ws/install/ir_base/share/ir_base/models/install/local_setup.zsh
[0.253s] -- Up-to-date: /home/michele-zarantonello/my_ws/install/ir_base/share/ir_base/models/install/setup.zsh
[0.254s] -- Up-to-date: /home/michele-zarantonello/my_ws/install/ir_base/share/ir_base/models/install/COLCON_IGNORE
[0.254s] -- Up-to-date: /home/michele-zarantonello/my_ws/install/ir_base/share/ir_base/models/install/local_setup.sh
[0.254s] -- Up-to-date: /home/michele-zarantonello/my_ws/install/ir_base/share/ir_base/models/install/setup.ps1
[0.254s] -- Up-to-date: /home/michele-zarantonello/my_ws/install/ir_base/share/ir_base/models/install/local_setup.ps1
[0.255s] -- Up-to-date: /home/michele-zarantonello/my_ws/install/ir_base/share/ir_base/models/docks
[0.255s] -- Up-to-date: /home/michele-zarantonello/my_ws/install/ir_base/share/ir_base/models/docks/loading_station_0
[0.255s] -- Up-to-date: /home/michele-zarantonello/my_ws/install/ir_base/share/ir_base/models/docks/loading_station_0/model.config
[0.256s] -- Up-to-date: /home/michele-zarantonello/my_ws/install/ir_base/share/ir_base/models/docks/loading_station_0/model.sdf
[0.256s] -- Up-to-date: /home/michele-zarantonello/my_ws/install/ir_base/share/ir_base/models/docks/unloading_station_0
[0.256s] -- Up-to-date: /home/michele-zarantonello/my_ws/install/ir_base/share/ir_base/models/docks/unloading_station_0/model.config
[0.257s] -- Up-to-date: /home/michele-zarantonello/my_ws/install/ir_base/share/ir_base/models/docks/unloading_station_0/model.sdf
[0.257s] -- Up-to-date: /home/michele-zarantonello/my_ws/install/ir_base/share/ir_base/models/docks/loading_station_1
[0.257s] -- Up-to-date: /home/michele-zarantonello/my_ws/install/ir_base/share/ir_base/models/docks/loading_station_1/model.config
[0.258s] -- Up-to-date: /home/michele-zarantonello/my_ws/install/ir_base/share/ir_base/models/docks/loading_station_1/model.sdf
[0.258s] -- Up-to-date: /home/michele-zarantonello/my_ws/install/ir_base/share/ir_base/models/cafe_table
[0.258s] -- Up-to-date: /home/michele-zarantonello/my_ws/install/ir_base/share/ir_base/models/cafe_table/materials
[0.258s] -- Up-to-date: /home/michele-zarantonello/my_ws/install/ir_base/share/ir_base/models/cafe_table/materials/textures
[0.259s] -- Up-to-date: /home/michele-zarantonello/my_ws/install/ir_base/share/ir_base/models/cafe_table/materials/textures/Wood_Floor_Dark.jpg
[0.259s] -- Up-to-date: /home/michele-zarantonello/my_ws/install/ir_base/share/ir_base/models/cafe_table/materials/textures/Maple.jpg
[0.259s] -- Up-to-date: /home/michele-zarantonello/my_ws/install/ir_base/share/ir_base/models/cafe_table/model.config
[0.259s] -- Up-to-date: /home/michele-zarantonello/my_ws/install/ir_base/share/ir_base/models/cafe_table/meshes
[0.259s] -- Up-to-date: /home/michele-zarantonello/my_ws/install/ir_base/share/ir_base/models/cafe_table/meshes/cafe_table.dae
[0.271s] -- Up-to-date: /home/michele-zarantonello/my_ws/install/ir_base/share/ir_base/models/cafe_table/model-1_4.sdf
[0.271s] -- Up-to-date: /home/michele-zarantonello/my_ws/install/ir_base/share/ir_base/models/cafe_table/model.sdf
[0.272s] -- Up-to-date: /home/michele-zarantonello/my_ws/install/ir_base/share/ir_base/models/walls
[0.273s] -- Up-to-date: /home/michele-zarantonello/my_ws/install/ir_base/share/ir_base/models/walls/arena_walls
[0.273s] -- Up-to-date: /home/michele-zarantonello/my_ws/install/ir_base/share/ir_base/models/walls/arena_walls/model.config
[0.274s] -- Up-to-date: /home/michele-zarantonello/my_ws/install/ir_base/share/ir_base/models/walls/arena_walls/meshes
[0.274s] -- Up-to-date: /home/michele-zarantonello/my_ws/install/ir_base/share/ir_base/models/walls/arena_walls/meshes/arena.dae
[0.275s] -- Up-to-date: /home/michele-zarantonello/my_ws/install/ir_base/share/ir_base/models/walls/arena_walls/model.sdf
[0.275s] -- Up-to-date: /home/michele-zarantonello/my_ws/install/ir_base/share/ir_base/models/objects
[0.275s] -- Up-to-date: /home/michele-zarantonello/my_ws/install/ir_base/share/ir_base/models/objects/Hexagon
[0.275s] -- Up-to-date: /home/michele-zarantonello/my_ws/install/ir_base/share/ir_base/models/objects/Hexagon/model.config
[0.276s] -- Up-to-date: /home/michele-zarantonello/my_ws/install/ir_base/share/ir_base/models/objects/Hexagon/meshes
[0.276s] -- Up-to-date: /home/michele-zarantonello/my_ws/install/ir_base/share/ir_base/models/objects/Hexagon/meshes/hexagon.dae
[0.276s] -- Up-to-date: /home/michele-zarantonello/my_ws/install/ir_base/share/ir_base/models/objects/Hexagon/model.sdf
[0.277s] -- Up-to-date: /home/michele-zarantonello/my_ws/install/ir_base/share/ir_base/models/objects/OctagonSmall
[0.277s] -- Up-to-date: /home/michele-zarantonello/my_ws/install/ir_base/share/ir_base/models/objects/OctagonSmall/model.config
[0.277s] -- Up-to-date: /home/michele-zarantonello/my_ws/install/ir_base/share/ir_base/models/objects/OctagonSmall/meshes
[0.278s] -- Up-to-date: /home/michele-zarantonello/my_ws/install/ir_base/share/ir_base/models/objects/OctagonSmall/meshes/octagon_small.dae
[0.278s] -- Up-to-date: /home/michele-zarantonello/my_ws/install/ir_base/share/ir_base/models/objects/OctagonSmall/model.sdf
[0.278s] -- Up-to-date: /home/michele-zarantonello/my_ws/install/ir_base/share/ir_base/models/objects/OctagonBig
[0.279s] -- Up-to-date: /home/michele-zarantonello/my_ws/install/ir_base/share/ir_base/models/objects/OctagonBig/model.config
[0.279s] -- Up-to-date: /home/michele-zarantonello/my_ws/install/ir_base/share/ir_base/models/objects/OctagonBig/meshes
[0.280s] -- Up-to-date: /home/michele-zarantonello/my_ws/install/ir_base/share/ir_base/models/objects/OctagonBig/meshes/octagon_big.dae
[0.280s] -- Up-to-date: /home/michele-zarantonello/my_ws/install/ir_base/share/ir_base/models/objects/OctagonBig/model.sdf
[0.280s] -- Up-to-date: /home/michele-zarantonello/my_ws/install/ir_base/share/ir_base/models/objects/Triangle
[0.280s] -- Up-to-date: /home/michele-zarantonello/my_ws/install/ir_base/share/ir_base/models/objects/Triangle/model.config
[0.281s] -- Up-to-date: /home/michele-zarantonello/my_ws/install/ir_base/share/ir_base/models/objects/Triangle/meshes
[0.281s] -- Up-to-date: /home/michele-zarantonello/my_ws/install/ir_base/share/ir_base/models/objects/Triangle/meshes/triangle.dae
[0.281s] -- Up-to-date: /home/michele-zarantonello/my_ws/install/ir_base/share/ir_base/models/objects/Triangle/meshes/triangle_centered.stl
[0.281s] -- Up-to-date: /home/michele-zarantonello/my_ws/install/ir_base/share/ir_base/models/objects/Triangle/model.sdf
[0.282s] -- Up-to-date: /home/michele-zarantonello/my_ws/install/ir_base/share/ir_base/rviz
[0.282s] -- Up-to-date: /home/michele-zarantonello/my_ws/install/ir_base/share/ir_base/rviz/exercise_4.rviz
[0.282s] -- Up-to-date: /home/michele-zarantonello/my_ws/install/ir_base/share/ir_base/urdf
[0.282s] -- Up-to-date: /home/michele-zarantonello/my_ws/install/ir_base/share/ir_base/urdf/camera.urdf
[0.282s] -- Up-to-date: /home/michele-zarantonello/my_ws/install/ir_base/share/ir_base/urdf/turtlebot3_waffle.urdf
[0.309s] Invoked command in '/home/michele-zarantonello/my_ws/build/ir_base' returned '0': CMAKE_PREFIX_PATH=${CMAKE_PREFIX_PATH}:/opt/ros/jazzy DEBUGINFOD_URLS=https://debuginfod.ubuntu.com /usr/bin/cmake --install /home/michele-zarantonello/my_ws/build/ir_base
