[0.051s] Invoking command in '/home/michele-zarantonello/my_ws/build/my_apriltag': CMAKE_PREFIX_PATH=${CMAKE_PREFIX_PATH}:/opt/ros/jazzy DEBUGINFOD_URLS=https://debuginfod.ubuntu.com /usr/bin/cmake --build /home/michele-zarantonello/my_ws/build/my_apriltag -- -j8 -l8
[0.224s] [ 20%] Built target tags
[0.230s] [ 40%] Built target conversion
[0.231s] [ 60%] Built target apriltag_node
[0.292s] [ 80%] Built target pose_estimation
[0.298s] [100%] Built target AprilTagNode
[0.367s] Invoked command in '/home/michele-zarantonello/my_ws/build/my_apriltag' returned '0': CMAKE_PREFIX_PATH=${CMAKE_PREFIX_PATH}:/opt/ros/jazzy DEBUGINFOD_URLS=https://debuginfod.ubuntu.com /usr/bin/cmake --build /home/michele-zarantonello/my_ws/build/my_apriltag -- -j8 -l8
[0.368s] Invoking command in '/home/michele-zarantonello/my_ws/build/my_apriltag': CMAKE_PREFIX_PATH=${CMAKE_PREFIX_PATH}:/opt/ros/jazzy DEBUGINFOD_URLS=https://debuginfod.ubuntu.com /usr/bin/cmake --install /home/michele-zarantonello/my_ws/build/my_apriltag
[0.397s] -- Install configuration: ""
[0.397s] -- Up-to-date: /home/michele-zarantonello/my_ws/install/my_apriltag/lib/my_apriltag/apriltag_node
[0.397s] -- Up-to-date: /home/michele-zarantonello/my_ws/install/my_apriltag/share/my_apriltag/environment/library_path.sh
[0.397s] -- Up-to-date: /home/michele-zarantonello/my_ws/install/my_apriltag/share/my_apriltag/environment/library_path.dsv
[0.397s] -- Up-to-date: /home/michele-zarantonello/my_ws/install/my_apriltag/lib/libAprilTagNode.so
[0.397s] -- Up-to-date: /home/michele-zarantonello/my_ws/install/my_apriltag/share/my_apriltag/cfg
[0.397s] -- Up-to-date: /home/michele-zarantonello/my_ws/install/my_apriltag/share/my_apriltag/cfg/qos_overrides.yaml
[0.398s] -- Up-to-date: /home/michele-zarantonello/my_ws/install/my_apriltag/share/my_apriltag/cfg/tags_36h11.yaml
[0.398s] -- Up-to-date: /home/michele-zarantonello/my_ws/install/my_apriltag/share/my_apriltag/launch
[0.398s] -- Up-to-date: /home/michele-zarantonello/my_ws/install/my_apriltag/share/my_apriltag/launch/camera_36h11.launch.yml
[0.399s] -- Up-to-date: /home/michele-zarantonello/my_ws/install/my_apriltag/share/ament_index/resource_index/package_run_dependencies/my_apriltag
[0.400s] -- Up-to-date: /home/michele-zarantonello/my_ws/install/my_apriltag/share/ament_index/resource_index/parent_prefix_path/my_apriltag
[0.400s] -- Up-to-date: /home/michele-zarantonello/my_ws/install/my_apriltag/share/my_apriltag/environment/ament_prefix_path.sh
[0.400s] -- Up-to-date: /home/michele-zarantonello/my_ws/install/my_apriltag/share/my_apriltag/environment/ament_prefix_path.dsv
[0.400s] -- Up-to-date: /home/michele-zarantonello/my_ws/install/my_apriltag/share/my_apriltag/environment/path.sh
[0.401s] -- Up-to-date: /home/michele-zarantonello/my_ws/install/my_apriltag/share/my_apriltag/environment/path.dsv
[0.401s] -- Up-to-date: /home/michele-zarantonello/my_ws/install/my_apriltag/share/my_apriltag/local_setup.bash
[0.401s] -- Up-to-date: /home/michele-zarantonello/my_ws/install/my_apriltag/share/my_apriltag/local_setup.sh
[0.402s] -- Up-to-date: /home/michele-zarantonello/my_ws/install/my_apriltag/share/my_apriltag/local_setup.zsh
[0.402s] -- Up-to-date: /home/michele-zarantonello/my_ws/install/my_apriltag/share/my_apriltag/local_setup.dsv
[0.402s] -- Installing: /home/michele-zarantonello/my_ws/install/my_apriltag/share/my_apriltag/package.dsv
[0.403s] -- Up-to-date: /home/michele-zarantonello/my_ws/install/my_apriltag/share/ament_index/resource_index/packages/my_apriltag
[0.404s] -- Up-to-date: /home/michele-zarantonello/my_ws/install/my_apriltag/share/ament_index/resource_index/rclcpp_components/my_apriltag
[0.404s] -- Up-to-date: /home/michele-zarantonello/my_ws/install/my_apriltag/share/my_apriltag/cmake/my_apriltagConfig.cmake
[0.407s] -- Up-to-date: /home/michele-zarantonello/my_ws/install/my_apriltag/share/my_apriltag/cmake/my_apriltagConfig-version.cmake
[0.408s] -- Up-to-date: /home/michele-zarantonello/my_ws/install/my_apriltag/share/my_apriltag/package.xml
[0.430s] Invoked command in '/home/michele-zarantonello/my_ws/build/my_apriltag' returned '0': CMAKE_PREFIX_PATH=${CMAKE_PREFIX_PATH}:/opt/ros/jazzy DEBUGINFOD_URLS=https://debuginfod.ubuntu.com /usr/bin/cmake --install /home/michele-zarantonello/my_ws/build/my_apriltag
