[0.078s] Invoking command in '/home/michele-zarantonello/my_ws/build/my_navigation': CMAKE_PREFIX_PATH=${CMAKE_PREFIX_PATH}:/opt/ros/jazzy DEBUGINFOD_URLS=https://debuginfod.ubuntu.com /usr/bin/cmake --build /home/michele-zarantonello/my_ws/build/my_navigation -- -j8 -l8
[0.306s] [ 25%] Built target init_pose_publisher
[0.306s] [ 37%] [32mBuilding CXX object CMakeFiles/nav2pose.dir/src/nav2pose.cpp.o[0m
[0.306s] [ 62%] Built target manage_localization_nodes
[0.306s] [ 87%] Built target manage_navigation_nodes
[3.675s] [01m[K/home/michele-zarantonello/my_ws/src/my_assignment_1/my_navigation/src/nav2pose.cpp:[m[K In member function ‘[01m[Kvoid Nav2ActionClient::[01;32m[Ksend_goal[m[K()[m[K’:
[3.675s] [01m[K/home/michele-zarantonello/my_ws/src/my_assignment_1/my_navigation/src/nav2pose.cpp:37:13:[m[K [01;31m[Kerror: [m[K‘[01m[Ktf_buffer_[m[K’ was not declared in this scope
[3.675s]    37 |             [01;31m[Ktf_buffer_[m[K->waitForTransform(
[3.675s]       |             [01;31m[K^~~~~~~~~~[m[K
[3.676s] [01m[K/home/michele-zarantonello/my_ws/src/my_assignment_1/my_navigation/src/nav2pose.cpp:41:13:[m[K [01;31m[Kerror: [m[Kunable to find numeric literal operator ‘[01m[Koperator""s[m[K’
[3.676s]    41 |             [01;31m[K1s[m[K                        // timeout
[3.676s]       |             [01;31m[K^~[m[K
[3.686s] [01m[K/home/michele-zarantonello/my_ws/src/my_assignment_1/my_navigation/src/nav2pose.cpp:63:13:[m[K [01;31m[Kerror: [m[K‘[01m[Ktf_buffer_[m[K’ was not declared in this scope
[3.686s]    63 |             [01;31m[Ktf_buffer_[m[K->waitForTransform(
[3.687s]       |             [01;31m[K^~~~~~~~~~[m[K
[3.687s] [01m[K/home/michele-zarantonello/my_ws/src/my_assignment_1/my_navigation/src/nav2pose.cpp:67:13:[m[K [01;31m[Kerror: [m[Kunable to find numeric literal operator ‘[01m[Koperator""s[m[K’
[3.687s]    67 |             [01;31m[K1s[m[K                        // timeout
[3.687s]       |             [01;31m[K^~[m[K
[4.960s] gmake[2]: *** [CMakeFiles/nav2pose.dir/build.make:76: CMakeFiles/nav2pose.dir/src/nav2pose.cpp.o] Error 1
[4.960s] gmake[1]: *** [CMakeFiles/Makefile2:221: CMakeFiles/nav2pose.dir/all] Error 2
[4.960s] gmake: *** [Makefile:146: all] Error 2
[4.962s] Invoked command in '/home/michele-zarantonello/my_ws/build/my_navigation' returned '2': CMAKE_PREFIX_PATH=${CMAKE_PREFIX_PATH}:/opt/ros/jazzy DEBUGINFOD_URLS=https://debuginfod.ubuntu.com /usr/bin/cmake --build /home/michele-zarantonello/my_ws/build/my_navigation -- -j8 -l8
