[0.043s] Invoking command in '/home/michele-zarantonello/ws_32_assignments/build/ir_desription': CMAKE_PREFIX_PATH=${CMAKE_PREFIX_PATH}:/opt/ros/jazzy DEBUGINFOD_URLS=https://debuginfod.ubuntu.com /usr/bin/cmake /home/michele-zarantonello/ws_32_assignments/src/ir_2526/ir_desription -DCMAKE_INSTALL_PREFIX=/home/michele-zarantonello/ws_32_assignments/install/ir_desription
[0.183s] -- The C compiler identification is GNU 13.3.0
[0.274s] -- The CXX compiler identification is GNU 13.3.0
[0.295s] -- Detecting C compiler ABI info
[0.406s] -- Detecting C compiler ABI info - done
[0.424s] -- Check for working C compiler: /usr/bin/cc - skipped
[0.424s] -- Detecting C compile features
[0.425s] -- Detecting C compile features - done
[0.437s] -- Detecting CXX compiler ABI info
[0.563s] -- Detecting CXX compiler ABI info - done
[0.585s] -- Check for working CXX compiler: /usr/bin/c++ - skipped
[0.585s] -- Detecting CXX compile features
[0.586s] -- Detecting CXX compile features - done
[0.592s] -- Found ament_cmake: 2.5.4 (/opt/ros/jazzy/share/ament_cmake/cmake)
[0.808s] -- Found Python3: /usr/bin/python3 (found version "3.12.3") found components: Interpreter 
[0.986s] -- Found ament_lint_auto: 0.17.3 (/opt/ros/jazzy/share/ament_lint_auto/cmake)
[1.144s] -- Added test 'lint_cmake' to check CMake code style
[1.147s] -- Added test 'xmllint' to check XML markup files
[1.148s] -- Configuring done (1.1s)
[1.151s] -- Generating done (0.0s)
[1.153s] -- Build files have been written to: /home/michele-zarantonello/ws_32_assignments/build/ir_desription
[1.158s] Invoked command in '/home/michele-zarantonello/ws_32_assignments/build/ir_desription' returned '0': CMAKE_PREFIX_PATH=${CMAKE_PREFIX_PATH}:/opt/ros/jazzy DEBUGINFOD_URLS=https://debuginfod.ubuntu.com /usr/bin/cmake /home/michele-zarantonello/ws_32_assignments/src/ir_2526/ir_desription -DCMAKE_INSTALL_PREFIX=/home/michele-zarantonello/ws_32_assignments/install/ir_desription
[1.160s] Invoking command in '/home/michele-zarantonello/ws_32_assignments/build/ir_desription': CMAKE_PREFIX_PATH=${CMAKE_PREFIX_PATH}:/opt/ros/jazzy DEBUGINFOD_URLS=https://debuginfod.ubuntu.com /usr/bin/cmake --build /home/michele-zarantonello/ws_32_assignments/build/ir_desription -- -j8 -l8
[1.200s] Invoked command in '/home/michele-zarantonello/ws_32_assignments/build/ir_desription' returned '0': CMAKE_PREFIX_PATH=${CMAKE_PREFIX_PATH}:/opt/ros/jazzy DEBUGINFOD_URLS=https://debuginfod.ubuntu.com /usr/bin/cmake --build /home/michele-zarantonello/ws_32_assignments/build/ir_desription -- -j8 -l8
[1.210s] Invoking command in '/home/michele-zarantonello/ws_32_assignments/build/ir_desription': CMAKE_PREFIX_PATH=${CMAKE_PREFIX_PATH}:/opt/ros/jazzy DEBUGINFOD_URLS=https://debuginfod.ubuntu.com /usr/bin/cmake --install /home/michele-zarantonello/ws_32_assignments/build/ir_desription
[1.223s] -- Install configuration: ""
[1.223s] -- Installing: /home/michele-zarantonello/ws_32_assignments/install/ir_desription/share/ament_index/resource_index/package_run_dependencies/ir_desription
[1.223s] -- Installing: /home/michele-zarantonello/ws_32_assignments/install/ir_desription/share/ament_index/resource_index/parent_prefix_path/ir_desription
[1.223s] -- Installing: /home/michele-zarantonello/ws_32_assignments/install/ir_desription/share/ir_desription/environment/ament_prefix_path.sh
[1.224s] -- Installing: /home/michele-zarantonello/ws_32_assignments/install/ir_desription/share/ir_desription/environment/ament_prefix_path.dsv
[1.224s] -- Installing: /home/michele-zarantonello/ws_32_assignments/install/ir_desription/share/ir_desription/environment/path.sh
[1.224s] -- Installing: /home/michele-zarantonello/ws_32_assignments/install/ir_desription/share/ir_desription/environment/path.dsv
[1.224s] -- Installing: /home/michele-zarantonello/ws_32_assignments/install/ir_desription/share/ir_desription/local_setup.bash
[1.224s] -- Installing: /home/michele-zarantonello/ws_32_assignments/install/ir_desription/share/ir_desription/local_setup.sh
[1.224s] -- Installing: /home/michele-zarantonello/ws_32_assignments/install/ir_desription/share/ir_desription/local_setup.zsh
[1.225s] -- Installing: /home/michele-zarantonello/ws_32_assignments/install/ir_desription/share/ir_desription/local_setup.dsv
[1.225s] -- Installing: /home/michele-zarantonello/ws_32_assignments/install/ir_desription/share/ir_desription/package.dsv
[1.225s] -- Installing: /home/michele-zarantonello/ws_32_assignments/install/ir_desription/share/ament_index/resource_index/packages/ir_desription
[1.225s] -- Installing: /home/michele-zarantonello/ws_32_assignments/install/ir_desription/share/ir_desription/cmake/ir_desriptionConfig.cmake
[1.225s] -- Installing: /home/michele-zarantonello/ws_32_assignments/install/ir_desription/share/ir_desription/cmake/ir_desriptionConfig-version.cmake
[1.225s] -- Installing: /home/michele-zarantonello/ws_32_assignments/install/ir_desription/share/ir_desription/package.xml
[1.226s] -- Installing: /home/michele-zarantonello/ws_32_assignments/install/ir_desription/share/ir_desription/meshes
[1.226s] -- Installing: /home/michele-zarantonello/ws_32_assignments/install/ir_desription/share/ir_desription/meshes/ur5
[1.226s] -- Installing: /home/michele-zarantonello/ws_32_assignments/install/ir_desription/share/ir_desription/meshes/ur5/visual
[1.226s] -- Installing: /home/michele-zarantonello/ws_32_assignments/install/ir_desription/share/ir_desription/meshes/ur5/visual/shoulder.dae
[1.227s] -- Installing: /home/michele-zarantonello/ws_32_assignments/install/ir_desription/share/ir_desription/meshes/ur5/visual/wrist2.dae
[1.228s] -- Installing: /home/michele-zarantonello/ws_32_assignments/install/ir_desription/share/ir_desription/meshes/ur5/visual/forearm.dae
[1.230s] -- Installing: /home/michele-zarantonello/ws_32_assignments/install/ir_desription/share/ir_desription/meshes/ur5/visual/base.dae
[1.231s] -- Installing: /home/michele-zarantonello/ws_32_assignments/install/ir_desription/share/ir_desription/meshes/ur5/visual/upperarm.dae
[1.231s] -- Installing: /home/michele-zarantonello/ws_32_assignments/install/ir_desription/share/ir_desription/meshes/ur5/visual/wrist1.dae
[1.232s] -- Installing: /home/michele-zarantonello/ws_32_assignments/install/ir_desription/share/ir_desription/meshes/ur5/visual/wrist3.dae
[1.232s] -- Installing: /home/michele-zarantonello/ws_32_assignments/install/ir_desription/share/ir_desription/meshes/ur5/collision
[1.232s] -- Installing: /home/michele-zarantonello/ws_32_assignments/install/ir_desription/share/ir_desription/meshes/ur5/collision/shoulder.stl
[1.232s] -- Installing: /home/michele-zarantonello/ws_32_assignments/install/ir_desription/share/ir_desription/meshes/ur5/collision/wrist2.stl
[1.233s] -- Installing: /home/michele-zarantonello/ws_32_assignments/install/ir_desription/share/ir_desription/meshes/ur5/collision/wrist1.stl
[1.233s] -- Installing: /home/michele-zarantonello/ws_32_assignments/install/ir_desription/share/ir_desription/meshes/ur5/collision/upperarm.stl
[1.236s] -- Installing: /home/michele-zarantonello/ws_32_assignments/install/ir_desription/share/ir_desription/meshes/ur5/collision/wrist3.stl
[1.237s] -- Installing: /home/michele-zarantonello/ws_32_assignments/install/ir_desription/share/ir_desription/meshes/ur5/collision/forearm.stl
[1.237s] -- Installing: /home/michele-zarantonello/ws_32_assignments/install/ir_desription/share/ir_desription/meshes/ur5/collision/base.stl
[1.238s] -- Installing: /home/michele-zarantonello/ws_32_assignments/install/ir_desription/share/ir_desription/config
[1.238s] -- Installing: /home/michele-zarantonello/ws_32_assignments/install/ir_desription/share/ir_desription/config/ur5
[1.238s] -- Installing: /home/michele-zarantonello/ws_32_assignments/install/ir_desription/share/ir_desription/config/ur5/default_kinematics.yaml
[1.239s] -- Installing: /home/michele-zarantonello/ws_32_assignments/install/ir_desription/share/ir_desription/config/ur5/physical_parameters.yaml
[1.239s] -- Installing: /home/michele-zarantonello/ws_32_assignments/install/ir_desription/share/ir_desription/config/ur5/joint_limits.yaml
[1.240s] -- Installing: /home/michele-zarantonello/ws_32_assignments/install/ir_desription/share/ir_desription/config/ur5/visual_parameters.yaml
[1.240s] -- Installing: /home/michele-zarantonello/ws_32_assignments/install/ir_desription/share/ir_desription/config/initial_positions.yaml
[1.241s] -- Installing: /home/michele-zarantonello/ws_32_assignments/install/ir_desription/share/ir_desription/urdf
[1.241s] -- Installing: /home/michele-zarantonello/ws_32_assignments/install/ir_desription/share/ir_desription/urdf/ur_gripper_backup.urdf
[1.248s] -- Installing: /home/michele-zarantonello/ws_32_assignments/install/ir_desription/share/ir_desription/urdf/robotiq_d.urdf
[1.248s] -- Installing: /home/michele-zarantonello/ws_32_assignments/install/ir_desription/share/ir_desription/urdf/ros2_control_mock_hardware.xacro
[1.248s] -- Installing: /home/michele-zarantonello/ws_32_assignments/install/ir_desription/share/ir_desription/urdf/original.urdf
[1.248s] -- Installing: /home/michele-zarantonello/ws_32_assignments/install/ir_desription/share/ir_desription/urdf/ur_macro.xacro
[1.248s] -- Installing: /home/michele-zarantonello/ws_32_assignments/install/ir_desription/share/ir_desription/urdf/ur.urdf.xacro
[1.248s] -- Installing: /home/michele-zarantonello/ws_32_assignments/install/ir_desription/share/ir_desription/urdf/ur_gripper.urdf.xacro
[1.249s] -- Installing: /home/michele-zarantonello/ws_32_assignments/install/ir_desription/share/ir_desription/urdf/ur_gripper_base.urdf
[1.249s] -- Installing: /home/michele-zarantonello/ws_32_assignments/install/ir_desription/share/ir_desription/urdf/ur_mocked.urdf.xacro
[1.249s] -- Installing: /home/michele-zarantonello/ws_32_assignments/install/ir_desription/share/ir_desription/urdf/inc
[1.249s] -- Installing: /home/michele-zarantonello/ws_32_assignments/install/ir_desription/share/ir_desription/urdf/inc/ur_common.xacro
[1.249s] -- Installing: /home/michele-zarantonello/ws_32_assignments/install/ir_desription/share/ir_desription/urdf/inc/ur_sensors.xacro
[1.249s] -- Installing: /home/michele-zarantonello/ws_32_assignments/install/ir_desription/share/ir_desription/urdf/inc/ur_joint_control.xacro
[1.249s] -- Installing: /home/michele-zarantonello/ws_32_assignments/install/ir_desription/share/ir_desription/urdf/inc/ur_transmissions.xacro
[1.249s] -- Installing: /home/michele-zarantonello/ws_32_assignments/install/ir_desription/share/ir_desription/urdf/ur_gripper.urdf
[1.250s] -- Installing: /home/michele-zarantonello/ws_32_assignments/install/ir_desription/share/ir_desription/urdf/ur_gz.ros2_control.xacro
[1.252s] Invoked command in '/home/michele-zarantonello/ws_32_assignments/build/ir_desription' returned '0': CMAKE_PREFIX_PATH=${CMAKE_PREFIX_PATH}:/opt/ros/jazzy DEBUGINFOD_URLS=https://debuginfod.ubuntu.com /usr/bin/cmake --install /home/michele-zarantonello/ws_32_assignments/build/ir_desription
