[0.045s] Invoking command in '/home/michele-zarantonello/my_ws/build/apriltag_ros': CMAKE_PREFIX_PATH=${CMAKE_PREFIX_PATH}:/opt/ros/jazzy DEBUGINFOD_URLS=https://debuginfod.ubuntu.com /usr/bin/cmake --build /home/michele-zarantonello/my_ws/build/apriltag_ros -- -j8 -l8
[0.164s] [ 20%] Built target apriltag_node
[0.165s] [ 40%] Built target conversion
[0.168s] [ 60%] Built target tags
[0.243s] [ 80%] Built target pose_estimation
[0.252s] [100%] Built target AprilTagNode
[0.320s] Invoked command in '/home/michele-zarantonello/my_ws/build/apriltag_ros' returned '0': CMAKE_PREFIX_PATH=${CMAKE_PREFIX_PATH}:/opt/ros/jazzy DEBUGINFOD_URLS=https://debuginfod.ubuntu.com /usr/bin/cmake --build /home/michele-zarantonello/my_ws/build/apriltag_ros -- -j8 -l8
[0.321s] Invoking command in '/home/michele-zarantonello/my_ws/build/apriltag_ros': CMAKE_PREFIX_PATH=${CMAKE_PREFIX_PATH}:/opt/ros/jazzy DEBUGINFOD_URLS=https://debuginfod.ubuntu.com /usr/bin/cmake --install /home/michele-zarantonello/my_ws/build/apriltag_ros
[0.333s] -- Install configuration: ""
[0.339s] -- Up-to-date: /home/michele-zarantonello/my_ws/install/apriltag_ros/lib/apriltag_ros/apriltag_node
[0.340s] -- Up-to-date: /home/michele-zarantonello/my_ws/install/apriltag_ros/share/apriltag_ros/environment/library_path.sh
[0.341s] -- Up-to-date: /home/michele-zarantonello/my_ws/install/apriltag_ros/share/apriltag_ros/environment/library_path.dsv
[0.342s] -- Up-to-date: /home/michele-zarantonello/my_ws/install/apriltag_ros/lib/libAprilTagNode.so
[0.342s] -- Up-to-date: /home/michele-zarantonello/my_ws/install/apriltag_ros/share/apriltag_ros/cfg
[0.342s] -- Up-to-date: /home/michele-zarantonello/my_ws/install/apriltag_ros/share/apriltag_ros/cfg/qos_overrides.yaml
[0.343s] -- Up-to-date: /home/michele-zarantonello/my_ws/install/apriltag_ros/share/apriltag_ros/cfg/tags_36h11.yaml
[0.343s] -- Up-to-date: /home/michele-zarantonello/my_ws/install/apriltag_ros/share/apriltag_ros/launch
[0.343s] -- Up-to-date: /home/michele-zarantonello/my_ws/install/apriltag_ros/share/apriltag_ros/launch/camera_36h11.launch.yml
[0.343s] -- Up-to-date: /home/michele-zarantonello/my_ws/install/apriltag_ros/share/ament_index/resource_index/package_run_dependencies/apriltag_ros
[0.343s] -- Up-to-date: /home/michele-zarantonello/my_ws/install/apriltag_ros/share/ament_index/resource_index/parent_prefix_path/apriltag_ros
[0.343s] -- Up-to-date: /home/michele-zarantonello/my_ws/install/apriltag_ros/share/apriltag_ros/environment/ament_prefix_path.sh
[0.343s] -- Up-to-date: /home/michele-zarantonello/my_ws/install/apriltag_ros/share/apriltag_ros/environment/ament_prefix_path.dsv
[0.343s] -- Up-to-date: /home/michele-zarantonello/my_ws/install/apriltag_ros/share/apriltag_ros/environment/path.sh
[0.343s] -- Up-to-date: /home/michele-zarantonello/my_ws/install/apriltag_ros/share/apriltag_ros/environment/path.dsv
[0.343s] -- Up-to-date: /home/michele-zarantonello/my_ws/install/apriltag_ros/share/apriltag_ros/local_setup.bash
[0.344s] -- Up-to-date: /home/michele-zarantonello/my_ws/install/apriltag_ros/share/apriltag_ros/local_setup.sh
[0.345s] -- Up-to-date: /home/michele-zarantonello/my_ws/install/apriltag_ros/share/apriltag_ros/local_setup.zsh
[0.345s] -- Up-to-date: /home/michele-zarantonello/my_ws/install/apriltag_ros/share/apriltag_ros/local_setup.dsv
[0.345s] -- Installing: /home/michele-zarantonello/my_ws/install/apriltag_ros/share/apriltag_ros/package.dsv
[0.345s] -- Up-to-date: /home/michele-zarantonello/my_ws/install/apriltag_ros/share/ament_index/resource_index/packages/apriltag_ros
[0.345s] -- Up-to-date: /home/michele-zarantonello/my_ws/install/apriltag_ros/share/ament_index/resource_index/rclcpp_components/apriltag_ros
[0.345s] -- Up-to-date: /home/michele-zarantonello/my_ws/install/apriltag_ros/share/apriltag_ros/cmake/apriltag_rosConfig.cmake
[0.346s] -- Up-to-date: /home/michele-zarantonello/my_ws/install/apriltag_ros/share/apriltag_ros/cmake/apriltag_rosConfig-version.cmake
[0.346s] -- Up-to-date: /home/michele-zarantonello/my_ws/install/apriltag_ros/share/apriltag_ros/package.xml
[0.370s] Invoked command in '/home/michele-zarantonello/my_ws/build/apriltag_ros' returned '0': CMAKE_PREFIX_PATH=${CMAKE_PREFIX_PATH}:/opt/ros/jazzy DEBUGINFOD_URLS=https://debuginfod.ubuntu.com /usr/bin/cmake --install /home/michele-zarantonello/my_ws/build/apriltag_ros
