[0.042s] Invoking command in '/home/michele-zarantonello/my_ws/build/apriltag_ros': CMAKE_PREFIX_PATH=${CMAKE_PREFIX_PATH}:/opt/ros/jazzy DEBUGINFOD_URLS=https://debuginfod.ubuntu.com /usr/bin/cmake --build /home/michele-zarantonello/my_ws/build/apriltag_ros -- -j8 -l8
[0.166s] [ 20%] Built target tags
[0.214s] [ 40%] Built target conversion
[0.215s] [ 60%] Built target apriltag_node
[0.290s] [ 80%] Built target pose_estimation
[0.304s] [100%] Built target AprilTagNode
[0.377s] Invoked command in '/home/michele-zarantonello/my_ws/build/apriltag_ros' returned '0': CMAKE_PREFIX_PATH=${CMAKE_PREFIX_PATH}:/opt/ros/jazzy DEBUGINFOD_URLS=https://debuginfod.ubuntu.com /usr/bin/cmake --build /home/michele-zarantonello/my_ws/build/apriltag_ros -- -j8 -l8
[0.380s] Invoking command in '/home/michele-zarantonello/my_ws/build/apriltag_ros': CMAKE_PREFIX_PATH=${CMAKE_PREFIX_PATH}:/opt/ros/jazzy DEBUGINFOD_URLS=https://debuginfod.ubuntu.com /usr/bin/cmake --install /home/michele-zarantonello/my_ws/build/apriltag_ros
[0.387s] -- Install configuration: ""
[0.387s] -- Up-to-date: /home/michele-zarantonello/my_ws/install/apriltag_ros/lib/apriltag_ros/apriltag_node
[0.387s] -- Up-to-date: /home/michele-zarantonello/my_ws/install/apriltag_ros/share/apriltag_ros/environment/library_path.sh
[0.387s] -- Up-to-date: /home/michele-zarantonello/my_ws/install/apriltag_ros/share/apriltag_ros/environment/library_path.dsv
[0.388s] -- Up-to-date: /home/michele-zarantonello/my_ws/install/apriltag_ros/lib/libAprilTagNode.so
[0.388s] -- Up-to-date: /home/michele-zarantonello/my_ws/install/apriltag_ros/share/apriltag_ros/cfg
[0.388s] -- Up-to-date: /home/michele-zarantonello/my_ws/install/apriltag_ros/share/apriltag_ros/cfg/qos_overrides.yaml
[0.389s] -- Up-to-date: /home/michele-zarantonello/my_ws/install/apriltag_ros/share/apriltag_ros/cfg/tags_36h11.yaml
[0.389s] -- Up-to-date: /home/michele-zarantonello/my_ws/install/apriltag_ros/share/apriltag_ros/launch
[0.389s] -- Up-to-date: /home/michele-zarantonello/my_ws/install/apriltag_ros/share/apriltag_ros/launch/camera_36h11.launch.yml
[0.389s] -- Up-to-date: /home/michele-zarantonello/my_ws/install/apriltag_ros/share/ament_index/resource_index/package_run_dependencies/apriltag_ros
[0.389s] -- Up-to-date: /home/michele-zarantonello/my_ws/install/apriltag_ros/share/ament_index/resource_index/parent_prefix_path/apriltag_ros
[0.390s] -- Up-to-date: /home/michele-zarantonello/my_ws/install/apriltag_ros/share/apriltag_ros/environment/ament_prefix_path.sh
[0.390s] -- Up-to-date: /home/michele-zarantonello/my_ws/install/apriltag_ros/share/apriltag_ros/environment/ament_prefix_path.dsv
[0.390s] -- Up-to-date: /home/michele-zarantonello/my_ws/install/apriltag_ros/share/apriltag_ros/environment/path.sh
[0.390s] -- Up-to-date: /home/michele-zarantonello/my_ws/install/apriltag_ros/share/apriltag_ros/environment/path.dsv
[0.390s] -- Up-to-date: /home/michele-zarantonello/my_ws/install/apriltag_ros/share/apriltag_ros/local_setup.bash
[0.390s] -- Up-to-date: /home/michele-zarantonello/my_ws/install/apriltag_ros/share/apriltag_ros/local_setup.sh
[0.391s] -- Up-to-date: /home/michele-zarantonello/my_ws/install/apriltag_ros/share/apriltag_ros/local_setup.zsh
[0.391s] -- Up-to-date: /home/michele-zarantonello/my_ws/install/apriltag_ros/share/apriltag_ros/local_setup.dsv
[0.391s] -- Installing: /home/michele-zarantonello/my_ws/install/apriltag_ros/share/apriltag_ros/package.dsv
[0.399s] -- Up-to-date: /home/michele-zarantonello/my_ws/install/apriltag_ros/share/ament_index/resource_index/packages/apriltag_ros
[0.399s] -- Up-to-date: /home/michele-zarantonello/my_ws/install/apriltag_ros/share/ament_index/resource_index/rclcpp_components/apriltag_ros
[0.399s] -- Up-to-date: /home/michele-zarantonello/my_ws/install/apriltag_ros/share/apriltag_ros/cmake/apriltag_rosConfig.cmake
[0.399s] -- Up-to-date: /home/michele-zarantonello/my_ws/install/apriltag_ros/share/apriltag_ros/cmake/apriltag_rosConfig-version.cmake
[0.400s] -- Up-to-date: /home/michele-zarantonello/my_ws/install/apriltag_ros/share/apriltag_ros/package.xml
[0.400s] Invoked command in '/home/michele-zarantonello/my_ws/build/apriltag_ros' returned '0': CMAKE_PREFIX_PATH=${CMAKE_PREFIX_PATH}:/opt/ros/jazzy DEBUGINFOD_URLS=https://debuginfod.ubuntu.com /usr/bin/cmake --install /home/michele-zarantonello/my_ws/build/apriltag_ros
