[0.040s] Invoking command in '/home/michele-zarantonello/my_ws/build/my_launch': CMAKE_PREFIX_PATH=${CMAKE_PREFIX_PATH}:/opt/ros/jazzy DEBUGINFOD_URLS=https://debuginfod.ubuntu.com /usr/bin/cmake --build /home/michele-zarantonello/my_ws/build/my_launch -- -j8 -l8
[0.091s] -- Found ament_cmake: 2.5.4 (/opt/ros/jazzy/share/ament_cmake/cmake)
[0.506s] -- Found ament_lint_auto: 0.17.3 (/opt/ros/jazzy/share/ament_lint_auto/cmake)
[0.635s] -- Added test 'flake8' to check Python code syntax and style conventions
[0.635s] -- Configured 'flake8' exclude dirs and/or files: 
[0.637s] -- Added test 'lint_cmake' to check CMake code style
[0.637s] -- Added test 'pep257' to check Python code against some of the docstring style conventions in PEP 257
[0.640s] -- Added test 'xmllint' to check XML markup files
[0.642s] -- Configuring done (0.6s)
[0.648s] -- Generating done (0.0s)
[0.651s] -- Build files have been written to: /home/michele-zarantonello/my_ws/build/my_launch
[0.674s] Invoked command in '/home/michele-zarantonello/my_ws/build/my_launch' returned '0': CMAKE_PREFIX_PATH=${CMAKE_PREFIX_PATH}:/opt/ros/jazzy DEBUGINFOD_URLS=https://debuginfod.ubuntu.com /usr/bin/cmake --build /home/michele-zarantonello/my_ws/build/my_launch -- -j8 -l8
[0.675s] Invoking command in '/home/michele-zarantonello/my_ws/build/my_launch': CMAKE_PREFIX_PATH=${CMAKE_PREFIX_PATH}:/opt/ros/jazzy DEBUGINFOD_URLS=https://debuginfod.ubuntu.com /usr/bin/cmake --install /home/michele-zarantonello/my_ws/build/my_launch
[0.683s] -- Install configuration: ""
[0.683s] -- Installing: /home/michele-zarantonello/my_ws/install/my_launch/share/my_launch/launch
[0.683s] -- Installing: /home/michele-zarantonello/my_ws/install/my_launch/share/my_launch/launch/my_launch.launch.py
[0.683s] -- Up-to-date: /home/michele-zarantonello/my_ws/install/my_launch/share/ament_index/resource_index/package_run_dependencies/my_launch
[0.683s] -- Installing: /home/michele-zarantonello/my_ws/install/my_launch/share/ament_index/resource_index/parent_prefix_path/my_launch
[0.683s] -- Up-to-date: /home/michele-zarantonello/my_ws/install/my_launch/share/my_launch/environment/ament_prefix_path.sh
[0.683s] -- Up-to-date: /home/michele-zarantonello/my_ws/install/my_launch/share/my_launch/environment/ament_prefix_path.dsv
[0.683s] -- Up-to-date: /home/michele-zarantonello/my_ws/install/my_launch/share/my_launch/environment/path.sh
[0.684s] -- Up-to-date: /home/michele-zarantonello/my_ws/install/my_launch/share/my_launch/environment/path.dsv
[0.684s] -- Up-to-date: /home/michele-zarantonello/my_ws/install/my_launch/share/my_launch/local_setup.bash
[0.684s] -- Up-to-date: /home/michele-zarantonello/my_ws/install/my_launch/share/my_launch/local_setup.sh
[0.684s] -- Up-to-date: /home/michele-zarantonello/my_ws/install/my_launch/share/my_launch/local_setup.zsh
[0.684s] -- Up-to-date: /home/michele-zarantonello/my_ws/install/my_launch/share/my_launch/local_setup.dsv
[0.684s] -- Installing: /home/michele-zarantonello/my_ws/install/my_launch/share/my_launch/package.dsv
[0.684s] -- Up-to-date: /home/michele-zarantonello/my_ws/install/my_launch/share/ament_index/resource_index/packages/my_launch
[0.684s] -- Up-to-date: /home/michele-zarantonello/my_ws/install/my_launch/share/my_launch/cmake/my_launchConfig.cmake
[0.684s] -- Up-to-date: /home/michele-zarantonello/my_ws/install/my_launch/share/my_launch/cmake/my_launchConfig-version.cmake
[0.684s] -- Up-to-date: /home/michele-zarantonello/my_ws/install/my_launch/share/my_launch/package.xml
[0.685s] Invoked command in '/home/michele-zarantonello/my_ws/build/my_launch' returned '0': CMAKE_PREFIX_PATH=${CMAKE_PREFIX_PATH}:/opt/ros/jazzy DEBUGINFOD_URLS=https://debuginfod.ubuntu.com /usr/bin/cmake --install /home/michele-zarantonello/my_ws/build/my_launch
