-- Found ament_cmake: 2.5.4 (/opt/ros/jazzy/share/ament_cmake/cmake)
-- Found geometry_msgs: 5.3.6 (/opt/ros/jazzy/share/geometry_msgs/cmake)
-- Found rosidl_generator_c: 4.6.6 (/opt/ros/jazzy/share/rosidl_generator_c/cmake)
-- Found rosidl_generator_cpp: 4.6.6 (/opt/ros/jazzy/share/rosidl_generator_cpp/cmake)
-- Using all available rosidl_typesupport_c: rosidl_typesupport_fastrtps_c;rosidl_typesupport_introspection_c
-- Using all available rosidl_typesupport_cpp: rosidl_typesupport_fastrtps_cpp;rosidl_typesupport_introspection_cpp
-- Found rclcpp: 28.1.12 (/opt/ros/jazzy/share/rclcpp/cmake)
-- Found rmw_implementation_cmake: 7.3.2 (/opt/ros/jazzy/share/rmw_implementation_cmake/cmake)
-- Found rmw_fastrtps_cpp: 8.4.3 (/opt/ros/jazzy/share/rmw_fastrtps_cpp/cmake)
-- Using RMW implementation 'rmw_fastrtps_cpp' as default
-- Found nav2_msgs: 1.3.8 (/opt/ros/jazzy/share/nav2_msgs/cmake)
-- Found tf2: 0.36.14 (/opt/ros/jazzy/share/tf2/cmake)
-- Found tf2_ros: 0.36.14 (/opt/ros/jazzy/share/tf2_ros/cmake)
-- Found sensor_msgs: 5.3.6 (/opt/ros/jazzy/share/sensor_msgs/cmake)
-- Found ament_lint_auto: 0.17.3 (/opt/ros/jazzy/share/ament_lint_auto/cmake)
-- Added test 'cppcheck' to perform static code analysis on C / C++ code
-- Configured cppcheck include dirs: 
-- Configured cppcheck exclude dirs and/or files: 
-- Added test 'lint_cmake' to check CMake code style
-- Added test 'uncrustify' to check C / C++ code style
-- Configured uncrustify additional arguments: 
-- Added test 'xmllint' to check XML markup files
-- Configuring done (1.3s)
-- Generating done (0.0s)
-- Build files have been written to: /home/michele-zarantonello/my_ws/build/my_navigation
[ 16%] [32mBuilding CXX object CMakeFiles/manage_navigation_nodes.dir/src/manage_navigation_nodes.cpp.o[0m
[ 33%] [32mBuilding CXX object CMakeFiles/manage_localization_nodes.dir/src/manage_localization_nodes.cpp.o[0m
[ 66%] Built target init_pose_publisher
[ 83%] [32m[1mLinking CXX executable manage_localization_nodes[0m
[100%] [32m[1mLinking CXX executable manage_navigation_nodes[0m
[100%] Built target manage_localization_nodes
[100%] Built target manage_navigation_nodes
-- Install configuration: ""
-- Up-to-date: /home/michele-zarantonello/my_ws/install/my_navigation/lib/my_navigation/init_pose_publisher
-- Installing: /home/michele-zarantonello/my_ws/install/my_navigation/lib/my_navigation/manage_localization_nodes
-- Set non-toolchain portion of runtime path of "/home/michele-zarantonello/my_ws/install/my_navigation/lib/my_navigation/manage_localization_nodes" to ""
-- Installing: /home/michele-zarantonello/my_ws/install/my_navigation/lib/my_navigation/manage_navigation_nodes
-- Set non-toolchain portion of runtime path of "/home/michele-zarantonello/my_ws/install/my_navigation/lib/my_navigation/manage_navigation_nodes" to ""
-- Up-to-date: /home/michele-zarantonello/my_ws/install/my_navigation/share/ament_index/resource_index/package_run_dependencies/my_navigation
-- Up-to-date: /home/michele-zarantonello/my_ws/install/my_navigation/share/ament_index/resource_index/parent_prefix_path/my_navigation
-- Up-to-date: /home/michele-zarantonello/my_ws/install/my_navigation/share/my_navigation/environment/ament_prefix_path.sh
-- Up-to-date: /home/michele-zarantonello/my_ws/install/my_navigation/share/my_navigation/environment/ament_prefix_path.dsv
-- Up-to-date: /home/michele-zarantonello/my_ws/install/my_navigation/share/my_navigation/environment/path.sh
-- Up-to-date: /home/michele-zarantonello/my_ws/install/my_navigation/share/my_navigation/environment/path.dsv
-- Up-to-date: /home/michele-zarantonello/my_ws/install/my_navigation/share/my_navigation/local_setup.bash
-- Up-to-date: /home/michele-zarantonello/my_ws/install/my_navigation/share/my_navigation/local_setup.sh
-- Up-to-date: /home/michele-zarantonello/my_ws/install/my_navigation/share/my_navigation/local_setup.zsh
-- Up-to-date: /home/michele-zarantonello/my_ws/install/my_navigation/share/my_navigation/local_setup.dsv
-- Installing: /home/michele-zarantonello/my_ws/install/my_navigation/share/my_navigation/package.dsv
-- Up-to-date: /home/michele-zarantonello/my_ws/install/my_navigation/share/ament_index/resource_index/packages/my_navigation
-- Up-to-date: /home/michele-zarantonello/my_ws/install/my_navigation/share/my_navigation/cmake/my_navigationConfig.cmake
-- Up-to-date: /home/michele-zarantonello/my_ws/install/my_navigation/share/my_navigation/cmake/my_navigationConfig-version.cmake
-- Up-to-date: /home/michele-zarantonello/my_ws/install/my_navigation/share/my_navigation/package.xml
