-- The C compiler identification is GNU 13.3.0
-- The CXX compiler identification is GNU 13.3.0
-- Detecting C compiler ABI info
-- Detecting C compiler ABI info - done
-- Check for working C compiler: /usr/bin/cc - skipped
-- Detecting C compile features
-- Detecting C compile features - done
-- Detecting CXX compiler ABI info
-- Detecting CXX compiler ABI info - done
-- Check for working CXX compiler: /usr/bin/c++ - skipped
-- Detecting CXX compile features
-- Detecting CXX compile features - done
-- Found ament_cmake: 2.5.4 (/opt/ros/jazzy/share/ament_cmake/cmake)
-- Found Python3: /usr/bin/python3 (found version "3.12.3") found components: Interpreter 
-- Found ament_lint_auto: 0.17.3 (/opt/ros/jazzy/share/ament_lint_auto/cmake)
-- Added test 'cppcheck' to perform static code analysis on C / C++ code
-- Configured cppcheck include dirs: 
-- Configured cppcheck exclude dirs and/or files: 
-- Added test 'lint_cmake' to check CMake code style
-- Added test 'uncrustify' to check C / C++ code style
-- Configured uncrustify additional arguments: 
-- Added test 'xmllint' to check XML markup files
-- Configuring done (1.7s)
-- Generating done (0.0s)
-- Build files have been written to: /home/michele-zarantonello/ws_32_assignments/src/build/group_32_assignment_1
-- Install configuration: ""
-- Installing: /home/michele-zarantonello/ws_32_assignments/src/install/group_32_assignment_1/share/ament_index/resource_index/package_run_dependencies/group_32_assignment_1
-- Installing: /home/michele-zarantonello/ws_32_assignments/src/install/group_32_assignment_1/share/ament_index/resource_index/parent_prefix_path/group_32_assignment_1
-- Installing: /home/michele-zarantonello/ws_32_assignments/src/install/group_32_assignment_1/share/group_32_assignment_1/environment/ament_prefix_path.sh
-- Installing: /home/michele-zarantonello/ws_32_assignments/src/install/group_32_assignment_1/share/group_32_assignment_1/environment/ament_prefix_path.dsv
-- Installing: /home/michele-zarantonello/ws_32_assignments/src/install/group_32_assignment_1/share/group_32_assignment_1/environment/path.sh
-- Installing: /home/michele-zarantonello/ws_32_assignments/src/install/group_32_assignment_1/share/group_32_assignment_1/environment/path.dsv
-- Installing: /home/michele-zarantonello/ws_32_assignments/src/install/group_32_assignment_1/share/group_32_assignment_1/local_setup.bash
-- Installing: /home/michele-zarantonello/ws_32_assignments/src/install/group_32_assignment_1/share/group_32_assignment_1/local_setup.sh
-- Installing: /home/michele-zarantonello/ws_32_assignments/src/install/group_32_assignment_1/share/group_32_assignment_1/local_setup.zsh
-- Installing: /home/michele-zarantonello/ws_32_assignments/src/install/group_32_assignment_1/share/group_32_assignment_1/local_setup.dsv
-- Installing: /home/michele-zarantonello/ws_32_assignments/src/install/group_32_assignment_1/share/group_32_assignment_1/package.dsv
-- Installing: /home/michele-zarantonello/ws_32_assignments/src/install/group_32_assignment_1/share/ament_index/resource_index/packages/group_32_assignment_1
-- Installing: /home/michele-zarantonello/ws_32_assignments/src/install/group_32_assignment_1/share/group_32_assignment_1/cmake/group_32_assignment_1Config.cmake
-- Installing: /home/michele-zarantonello/ws_32_assignments/src/install/group_32_assignment_1/share/group_32_assignment_1/cmake/group_32_assignment_1Config-version.cmake
-- Installing: /home/michele-zarantonello/ws_32_assignments/src/install/group_32_assignment_1/share/group_32_assignment_1/package.xml
