[0.032s] Invoking command in '/home/michele-zarantonello/ws_32_assignments/src/build/group_32_assignment_1': CMAKE_PREFIX_PATH=${CMAKE_PREFIX_PATH}:/opt/ros/jazzy DEBUGINFOD_URLS=https://debuginfod.ubuntu.com /usr/bin/cmake /home/michele-zarantonello/ws_32_assignments/src/group_32_assignment_1 -DCMAKE_INSTALL_PREFIX=/home/michele-zarantonello/ws_32_assignments/src/install/group_32_assignment_1
[0.226s] -- The C compiler identification is GNU 13.3.0
[0.412s] -- The CXX compiler identification is GNU 13.3.0
[0.449s] -- Detecting C compiler ABI info
[0.672s] -- Detecting C compiler ABI info - done
[0.703s] -- Check for working C compiler: /usr/bin/cc - skipped
[0.703s] -- Detecting C compile features
[0.705s] -- Detecting C compile features - done
[0.720s] -- Detecting CXX compiler ABI info
[0.893s] -- Detecting CXX compiler ABI info - done
[0.919s] -- Check for working CXX compiler: /usr/bin/c++ - skipped
[0.920s] -- Detecting CXX compile features
[0.920s] -- Detecting CXX compile features - done
[0.926s] -- Found ament_cmake: 2.5.4 (/opt/ros/jazzy/share/ament_cmake/cmake)
[1.236s] -- Found Python3: /usr/bin/python3 (found version "3.12.3") found components: Interpreter 
[1.513s] -- Found ament_lint_auto: 0.17.3 (/opt/ros/jazzy/share/ament_lint_auto/cmake)
[1.764s] -- Added test 'cppcheck' to perform static code analysis on C / C++ code
[1.764s] -- Configured cppcheck include dirs: 
[1.764s] -- Configured cppcheck exclude dirs and/or files: 
[1.765s] -- Added test 'lint_cmake' to check CMake code style
[1.767s] -- Added test 'uncrustify' to check C / C++ code style
[1.767s] -- Configured uncrustify additional arguments: 
[1.769s] -- Added test 'xmllint' to check XML markup files
[1.775s] -- Configuring done (1.7s)
[1.778s] -- Generating done (0.0s)
[1.787s] -- Build files have been written to: /home/michele-zarantonello/ws_32_assignments/src/build/group_32_assignment_1
[1.800s] Invoked command in '/home/michele-zarantonello/ws_32_assignments/src/build/group_32_assignment_1' returned '0': CMAKE_PREFIX_PATH=${CMAKE_PREFIX_PATH}:/opt/ros/jazzy DEBUGINFOD_URLS=https://debuginfod.ubuntu.com /usr/bin/cmake /home/michele-zarantonello/ws_32_assignments/src/group_32_assignment_1 -DCMAKE_INSTALL_PREFIX=/home/michele-zarantonello/ws_32_assignments/src/install/group_32_assignment_1
[1.802s] Invoking command in '/home/michele-zarantonello/ws_32_assignments/src/build/group_32_assignment_1': CMAKE_PREFIX_PATH=${CMAKE_PREFIX_PATH}:/opt/ros/jazzy DEBUGINFOD_URLS=https://debuginfod.ubuntu.com /usr/bin/cmake --build /home/michele-zarantonello/ws_32_assignments/src/build/group_32_assignment_1 -- -j8 -l8
[1.858s] Invoked command in '/home/michele-zarantonello/ws_32_assignments/src/build/group_32_assignment_1' returned '0': CMAKE_PREFIX_PATH=${CMAKE_PREFIX_PATH}:/opt/ros/jazzy DEBUGINFOD_URLS=https://debuginfod.ubuntu.com /usr/bin/cmake --build /home/michele-zarantonello/ws_32_assignments/src/build/group_32_assignment_1 -- -j8 -l8
[1.869s] Invoking command in '/home/michele-zarantonello/ws_32_assignments/src/build/group_32_assignment_1': CMAKE_PREFIX_PATH=${CMAKE_PREFIX_PATH}:/opt/ros/jazzy DEBUGINFOD_URLS=https://debuginfod.ubuntu.com /usr/bin/cmake --install /home/michele-zarantonello/ws_32_assignments/src/build/group_32_assignment_1
[1.883s] -- Install configuration: ""
[1.886s] -- Installing: /home/michele-zarantonello/ws_32_assignments/src/install/group_32_assignment_1/share/ament_index/resource_index/package_run_dependencies/group_32_assignment_1
[1.887s] -- Installing: /home/michele-zarantonello/ws_32_assignments/src/install/group_32_assignment_1/share/ament_index/resource_index/parent_prefix_path/group_32_assignment_1
[1.887s] -- Installing: /home/michele-zarantonello/ws_32_assignments/src/install/group_32_assignment_1/share/group_32_assignment_1/environment/ament_prefix_path.sh
[1.887s] -- Installing: /home/michele-zarantonello/ws_32_assignments/src/install/group_32_assignment_1/share/group_32_assignment_1/environment/ament_prefix_path.dsv
[1.888s] -- Installing: /home/michele-zarantonello/ws_32_assignments/src/install/group_32_assignment_1/share/group_32_assignment_1/environment/path.sh
[1.888s] -- Installing: /home/michele-zarantonello/ws_32_assignments/src/install/group_32_assignment_1/share/group_32_assignment_1/environment/path.dsv
[1.888s] -- Installing: /home/michele-zarantonello/ws_32_assignments/src/install/group_32_assignment_1/share/group_32_assignment_1/local_setup.bash
[1.889s] -- Installing: /home/michele-zarantonello/ws_32_assignments/src/install/group_32_assignment_1/share/group_32_assignment_1/local_setup.sh
[1.890s] -- Installing: /home/michele-zarantonello/ws_32_assignments/src/install/group_32_assignment_1/share/group_32_assignment_1/local_setup.zsh
[1.891s] -- Installing: /home/michele-zarantonello/ws_32_assignments/src/install/group_32_assignment_1/share/group_32_assignment_1/local_setup.dsv
[1.891s] -- Installing: /home/michele-zarantonello/ws_32_assignments/src/install/group_32_assignment_1/share/group_32_assignment_1/package.dsv
[1.892s] -- Installing: /home/michele-zarantonello/ws_32_assignments/src/install/group_32_assignment_1/share/ament_index/resource_index/packages/group_32_assignment_1
[1.892s] -- Installing: /home/michele-zarantonello/ws_32_assignments/src/install/group_32_assignment_1/share/group_32_assignment_1/cmake/group_32_assignment_1Config.cmake
[1.893s] -- Installing: /home/michele-zarantonello/ws_32_assignments/src/install/group_32_assignment_1/share/group_32_assignment_1/cmake/group_32_assignment_1Config-version.cmake
[1.893s] -- Installing: /home/michele-zarantonello/ws_32_assignments/src/install/group_32_assignment_1/share/group_32_assignment_1/package.xml
[1.908s] Invoked command in '/home/michele-zarantonello/ws_32_assignments/src/build/group_32_assignment_1' returned '0': CMAKE_PREFIX_PATH=${CMAKE_PREFIX_PATH}:/opt/ros/jazzy DEBUGINFOD_URLS=https://debuginfod.ubuntu.com /usr/bin/cmake --install /home/michele-zarantonello/ws_32_assignments/src/build/group_32_assignment_1
