[0.039s] Invoking command in '/home/michele-zarantonello/my_ws/build/ir_desription': CMAKE_PREFIX_PATH=${CMAKE_PREFIX_PATH}:/opt/ros/jazzy DEBUGINFOD_URLS=https://debuginfod.ubuntu.com /usr/bin/cmake --build /home/michele-zarantonello/my_ws/build/ir_desription -- -j8 -l8
[0.115s] Invoked command in '/home/michele-zarantonello/my_ws/build/ir_desription' returned '0': CMAKE_PREFIX_PATH=${CMAKE_PREFIX_PATH}:/opt/ros/jazzy DEBUGINFOD_URLS=https://debuginfod.ubuntu.com /usr/bin/cmake --build /home/michele-zarantonello/my_ws/build/ir_desription -- -j8 -l8
[0.138s] Invoking command in '/home/michele-zarantonello/my_ws/build/ir_desription': CMAKE_PREFIX_PATH=${CMAKE_PREFIX_PATH}:/opt/ros/jazzy DEBUGINFOD_URLS=https://debuginfod.ubuntu.com /usr/bin/cmake --install /home/michele-zarantonello/my_ws/build/ir_desription
[0.154s] -- Install configuration: ""
[0.154s] -- Up-to-date: /home/michele-zarantonello/my_ws/install/ir_desription/share/ament_index/resource_index/package_run_dependencies/ir_desription
[0.154s] -- Up-to-date: /home/michele-zarantonello/my_ws/install/ir_desription/share/ament_index/resource_index/parent_prefix_path/ir_desription
[0.155s] -- Up-to-date: /home/michele-zarantonello/my_ws/install/ir_desription/share/ir_desription/environment/ament_prefix_path.sh
[0.155s] -- Up-to-date: /home/michele-zarantonello/my_ws/install/ir_desription/share/ir_desription/environment/ament_prefix_path.dsv
[0.155s] -- Up-to-date: /home/michele-zarantonello/my_ws/install/ir_desription/share/ir_desription/environment/path.sh
[0.155s] -- Up-to-date: /home/michele-zarantonello/my_ws/install/ir_desription/share/ir_desription/environment/path.dsv
[0.155s] -- Up-to-date: /home/michele-zarantonello/my_ws/install/ir_desription/share/ir_desription/local_setup.bash
[0.156s] -- Up-to-date: /home/michele-zarantonello/my_ws/install/ir_desription/share/ir_desription/local_setup.sh
[0.156s] -- Up-to-date: /home/michele-zarantonello/my_ws/install/ir_desription/share/ir_desription/local_setup.zsh
[0.156s] -- Up-to-date: /home/michele-zarantonello/my_ws/install/ir_desription/share/ir_desription/local_setup.dsv
[0.156s] -- Installing: /home/michele-zarantonello/my_ws/install/ir_desription/share/ir_desription/package.dsv
[0.156s] -- Up-to-date: /home/michele-zarantonello/my_ws/install/ir_desription/share/ament_index/resource_index/packages/ir_desription
[0.156s] -- Up-to-date: /home/michele-zarantonello/my_ws/install/ir_desription/share/ir_desription/cmake/ir_desriptionConfig.cmake
[0.157s] -- Up-to-date: /home/michele-zarantonello/my_ws/install/ir_desription/share/ir_desription/cmake/ir_desriptionConfig-version.cmake
[0.157s] -- Up-to-date: /home/michele-zarantonello/my_ws/install/ir_desription/share/ir_desription/package.xml
[0.157s] -- Up-to-date: /home/michele-zarantonello/my_ws/install/ir_desription/share/ir_desription/meshes
[0.157s] -- Up-to-date: /home/michele-zarantonello/my_ws/install/ir_desription/share/ir_desription/meshes/ur5
[0.157s] -- Up-to-date: /home/michele-zarantonello/my_ws/install/ir_desription/share/ir_desription/meshes/ur5/visual
[0.157s] -- Up-to-date: /home/michele-zarantonello/my_ws/install/ir_desription/share/ir_desription/meshes/ur5/visual/shoulder.dae
[0.157s] -- Up-to-date: /home/michele-zarantonello/my_ws/install/ir_desription/share/ir_desription/meshes/ur5/visual/wrist2.dae
[0.158s] -- Up-to-date: /home/michele-zarantonello/my_ws/install/ir_desription/share/ir_desription/meshes/ur5/visual/forearm.dae
[0.158s] -- Up-to-date: /home/michele-zarantonello/my_ws/install/ir_desription/share/ir_desription/meshes/ur5/visual/base.dae
[0.158s] -- Up-to-date: /home/michele-zarantonello/my_ws/install/ir_desription/share/ir_desription/meshes/ur5/visual/upperarm.dae
[0.158s] -- Up-to-date: /home/michele-zarantonello/my_ws/install/ir_desription/share/ir_desription/meshes/ur5/visual/wrist1.dae
[0.158s] -- Up-to-date: /home/michele-zarantonello/my_ws/install/ir_desription/share/ir_desription/meshes/ur5/visual/wrist3.dae
[0.159s] -- Up-to-date: /home/michele-zarantonello/my_ws/install/ir_desription/share/ir_desription/meshes/ur5/collision
[0.159s] -- Up-to-date: /home/michele-zarantonello/my_ws/install/ir_desription/share/ir_desription/meshes/ur5/collision/shoulder.stl
[0.159s] -- Up-to-date: /home/michele-zarantonello/my_ws/install/ir_desription/share/ir_desription/meshes/ur5/collision/wrist2.stl
[0.159s] -- Up-to-date: /home/michele-zarantonello/my_ws/install/ir_desription/share/ir_desription/meshes/ur5/collision/wrist1.stl
[0.159s] -- Up-to-date: /home/michele-zarantonello/my_ws/install/ir_desription/share/ir_desription/meshes/ur5/collision/upperarm.stl
[0.159s] -- Up-to-date: /home/michele-zarantonello/my_ws/install/ir_desription/share/ir_desription/meshes/ur5/collision/wrist3.stl
[0.159s] -- Up-to-date: /home/michele-zarantonello/my_ws/install/ir_desription/share/ir_desription/meshes/ur5/collision/forearm.stl
[0.160s] -- Up-to-date: /home/michele-zarantonello/my_ws/install/ir_desription/share/ir_desription/meshes/ur5/collision/base.stl
[0.160s] -- Up-to-date: /home/michele-zarantonello/my_ws/install/ir_desription/share/ir_desription/config
[0.160s] -- Up-to-date: /home/michele-zarantonello/my_ws/install/ir_desription/share/ir_desription/config/ur5
[0.160s] -- Up-to-date: /home/michele-zarantonello/my_ws/install/ir_desription/share/ir_desription/config/ur5/default_kinematics.yaml
[0.161s] -- Up-to-date: /home/michele-zarantonello/my_ws/install/ir_desription/share/ir_desription/config/ur5/physical_parameters.yaml
[0.161s] -- Up-to-date: /home/michele-zarantonello/my_ws/install/ir_desription/share/ir_desription/config/ur5/joint_limits.yaml
[0.162s] -- Up-to-date: /home/michele-zarantonello/my_ws/install/ir_desription/share/ir_desription/config/ur5/visual_parameters.yaml
[0.162s] -- Up-to-date: /home/michele-zarantonello/my_ws/install/ir_desription/share/ir_desription/config/initial_positions.yaml
[0.162s] -- Up-to-date: /home/michele-zarantonello/my_ws/install/ir_desription/share/ir_desription/urdf
[0.162s] -- Up-to-date: /home/michele-zarantonello/my_ws/install/ir_desription/share/ir_desription/urdf/ur_gripper_backup.urdf
[0.162s] -- Up-to-date: /home/michele-zarantonello/my_ws/install/ir_desription/share/ir_desription/urdf/robotiq_d.urdf
[0.162s] -- Up-to-date: /home/michele-zarantonello/my_ws/install/ir_desription/share/ir_desription/urdf/ros2_control_mock_hardware.xacro
[0.162s] -- Up-to-date: /home/michele-zarantonello/my_ws/install/ir_desription/share/ir_desription/urdf/original.urdf
[0.163s] -- Up-to-date: /home/michele-zarantonello/my_ws/install/ir_desription/share/ir_desription/urdf/ur_macro.xacro
[0.163s] -- Up-to-date: /home/michele-zarantonello/my_ws/install/ir_desription/share/ir_desription/urdf/ur.urdf.xacro
[0.163s] -- Up-to-date: /home/michele-zarantonello/my_ws/install/ir_desription/share/ir_desription/urdf/ur_gripper.urdf.xacro
[0.163s] -- Up-to-date: /home/michele-zarantonello/my_ws/install/ir_desription/share/ir_desription/urdf/ur_gripper_base.urdf
[0.163s] -- Up-to-date: /home/michele-zarantonello/my_ws/install/ir_desription/share/ir_desription/urdf/ur_mocked.urdf.xacro
[0.164s] -- Up-to-date: /home/michele-zarantonello/my_ws/install/ir_desription/share/ir_desription/urdf/inc
[0.165s] -- Up-to-date: /home/michele-zarantonello/my_ws/install/ir_desription/share/ir_desription/urdf/inc/ur_common.xacro
[0.166s] -- Up-to-date: /home/michele-zarantonello/my_ws/install/ir_desription/share/ir_desription/urdf/inc/ur_sensors.xacro
[0.166s] -- Up-to-date: /home/michele-zarantonello/my_ws/install/ir_desription/share/ir_desription/urdf/inc/ur_joint_control.xacro
[0.166s] -- Up-to-date: /home/michele-zarantonello/my_ws/install/ir_desription/share/ir_desription/urdf/inc/ur_transmissions.xacro
[0.166s] -- Up-to-date: /home/michele-zarantonello/my_ws/install/ir_desription/share/ir_desription/urdf/ur_gripper.urdf
[0.167s] -- Up-to-date: /home/michele-zarantonello/my_ws/install/ir_desription/share/ir_desription/urdf/ur_gz.ros2_control.xacro
[0.171s] Invoked command in '/home/michele-zarantonello/my_ws/build/ir_desription' returned '0': CMAKE_PREFIX_PATH=${CMAKE_PREFIX_PATH}:/opt/ros/jazzy DEBUGINFOD_URLS=https://debuginfod.ubuntu.com /usr/bin/cmake --install /home/michele-zarantonello/my_ws/build/ir_desription
