[0.038s] Invoking command in '/home/michele-zarantonello/my_ws/build/apriltag_ros': CMAKE_PREFIX_PATH=${CMAKE_PREFIX_PATH}:/opt/ros/jazzy DEBUGINFOD_URLS=https://debuginfod.ubuntu.com /usr/bin/cmake /home/michele-zarantonello/my_ws/src/ir_2526/apriltag_ros -DCMAKE_INSTALL_PREFIX=/home/michele-zarantonello/my_ws/install/apriltag_ros
[0.217s] -- The C compiler identification is GNU 13.3.0
[0.443s] -- The CXX compiler identification is GNU 13.3.0
[0.466s] -- Detecting C compiler ABI info
[0.570s] -- Detecting C compiler ABI info - done
[0.584s] -- Check for working C compiler: /usr/bin/cc - skipped
[0.584s] -- Detecting C compile features
[0.585s] -- Detecting C compile features - done
[0.596s] -- Detecting CXX compiler ABI info
[0.717s] -- Detecting CXX compiler ABI info - done
[0.743s] -- Check for working CXX compiler: /usr/bin/c++ - skipped
[0.744s] -- Detecting CXX compile features
[0.745s] -- Detecting CXX compile features - done
[0.755s] -- Found rclcpp: 28.1.12 (/opt/ros/jazzy/share/rclcpp/cmake)
[0.954s] -- Found Python3: /usr/bin/python3 (found version "3.12.3") found components: Interpreter 
[1.214s] -- Found rosidl_generator_c: 4.6.6 (/opt/ros/jazzy/share/rosidl_generator_c/cmake)
[1.243s] -- Found rosidl_generator_cpp: 4.6.6 (/opt/ros/jazzy/share/rosidl_generator_cpp/cmake)
[1.290s] -- Using all available rosidl_typesupport_c: rosidl_typesupport_fastrtps_c;rosidl_typesupport_introspection_c
[1.338s] -- Using all available rosidl_typesupport_cpp: rosidl_typesupport_fastrtps_cpp;rosidl_typesupport_introspection_cpp
[1.488s] -- Found rmw_implementation_cmake: 7.3.2 (/opt/ros/jazzy/share/rmw_implementation_cmake/cmake)
[1.494s] -- Found rmw_fastrtps_cpp: 8.4.3 (/opt/ros/jazzy/share/rmw_fastrtps_cpp/cmake)
[1.610s] -- Found OpenSSL: /usr/lib/x86_64-linux-gnu/libcrypto.so (found version "3.0.13")  
[1.635s] -- Found FastRTPS: /opt/ros/jazzy/include (Required is at least version "2.13") 
[1.661s] -- Using RMW implementation 'rmw_fastrtps_cpp' as default
[1.773s] -- Found rclcpp_components: 28.1.12 (/opt/ros/jazzy/share/rclcpp_components/cmake)
[1.830s] -- Found sensor_msgs: 5.3.6 (/opt/ros/jazzy/share/sensor_msgs/cmake)
[1.921s] -- Found apriltag_msgs: 2.0.1 (/opt/ros/jazzy/share/apriltag_msgs/cmake)
[1.944s] -- Found tf2_ros: 0.36.14 (/opt/ros/jazzy/share/tf2_ros/cmake)
[2.081s] -- Found image_transport: 5.1.7 (/opt/ros/jazzy/share/image_transport/cmake)
[2.098s] -- Found cv_bridge: 4.1.0 (/opt/ros/jazzy/share/cv_bridge/cmake)
[2.126s] -- Performing Test CMAKE_HAVE_LIBC_PTHREAD
[2.223s] -- Performing Test CMAKE_HAVE_LIBC_PTHREAD - Success
[2.224s] -- Found Threads: TRUE  
[2.227s] -- Found OpenCV: /usr (found version "4.6.0") found components: core calib3d 
[2.243s] -- Found ament_lint_auto: 0.17.3 (/opt/ros/jazzy/share/ament_lint_auto/cmake)
[2.372s] -- Added test 'cppcheck' to perform static code analysis on C / C++ code
[2.372s] -- Configured cppcheck include dirs: 
[2.373s] -- Configured cppcheck exclude dirs and/or files: 
[2.374s] -- Configuring done (2.3s)
[2.402s] -- Generating done (0.0s)
[2.413s] -- Build files have been written to: /home/michele-zarantonello/my_ws/build/apriltag_ros
[2.427s] Invoked command in '/home/michele-zarantonello/my_ws/build/apriltag_ros' returned '0': CMAKE_PREFIX_PATH=${CMAKE_PREFIX_PATH}:/opt/ros/jazzy DEBUGINFOD_URLS=https://debuginfod.ubuntu.com /usr/bin/cmake /home/michele-zarantonello/my_ws/src/ir_2526/apriltag_ros -DCMAKE_INSTALL_PREFIX=/home/michele-zarantonello/my_ws/install/apriltag_ros
[2.428s] Invoking command in '/home/michele-zarantonello/my_ws/build/apriltag_ros': CMAKE_PREFIX_PATH=${CMAKE_PREFIX_PATH}:/opt/ros/jazzy DEBUGINFOD_URLS=https://debuginfod.ubuntu.com /usr/bin/cmake --build /home/michele-zarantonello/my_ws/build/apriltag_ros -- -j8 -l8
[2.476s] [ 10%] [32mBuilding CXX object CMakeFiles/tags.dir/src/tag_functions.cpp.o[0m
[2.477s] [ 20%] [32mBuilding CXX object CMakeFiles/conversion.dir/src/conversion.cpp.o[0m
[2.477s] [ 30%] [32mBuilding CXX object CMakeFiles/apriltag_node.dir/rclcpp_components/node_main_apriltag_node.cpp.o[0m
[2.929s] [ 40%] [32m[1mLinking CXX static library libtags.a[0m
[2.964s] [ 40%] Built target tags
[4.624s] [ 50%] [32m[1mLinking CXX static library libconversion.a[0m
[4.666s] [ 50%] Built target conversion
[4.688s] [ 60%] [32mBuilding CXX object CMakeFiles/pose_estimation.dir/src/pose_estimation.cpp.o[0m
[6.349s] [ 70%] [32m[1mLinking CXX executable apriltag_node[0m
[6.577s] [ 70%] Built target apriltag_node
[6.732s] [ 80%] [32m[1mLinking CXX static library libpose_estimation.a[0m
[6.769s] [ 80%] Built target pose_estimation
[6.789s] [ 90%] [32mBuilding CXX object CMakeFiles/AprilTagNode.dir/src/AprilTagNode.cpp.o[0m
[14.752s] [100%] [32m[1mLinking CXX shared library libAprilTagNode.so[0m
[15.282s] [100%] Built target AprilTagNode
[15.296s] Invoked command in '/home/michele-zarantonello/my_ws/build/apriltag_ros' returned '0': CMAKE_PREFIX_PATH=${CMAKE_PREFIX_PATH}:/opt/ros/jazzy DEBUGINFOD_URLS=https://debuginfod.ubuntu.com /usr/bin/cmake --build /home/michele-zarantonello/my_ws/build/apriltag_ros -- -j8 -l8
[15.297s] Invoking command in '/home/michele-zarantonello/my_ws/build/apriltag_ros': CMAKE_PREFIX_PATH=${CMAKE_PREFIX_PATH}:/opt/ros/jazzy DEBUGINFOD_URLS=https://debuginfod.ubuntu.com /usr/bin/cmake --install /home/michele-zarantonello/my_ws/build/apriltag_ros
[15.306s] -- Install configuration: ""
[15.307s] -- Installing: /home/michele-zarantonello/my_ws/install/apriltag_ros/lib/apriltag_ros/apriltag_node
[15.307s] -- Set non-toolchain portion of runtime path of "/home/michele-zarantonello/my_ws/install/apriltag_ros/lib/apriltag_ros/apriltag_node" to ""
[15.308s] -- Installing: /home/michele-zarantonello/my_ws/install/apriltag_ros/share/apriltag_ros/environment/library_path.sh
[15.308s] -- Installing: /home/michele-zarantonello/my_ws/install/apriltag_ros/share/apriltag_ros/environment/library_path.dsv
[15.308s] -- Installing: /home/michele-zarantonello/my_ws/install/apriltag_ros/lib/libAprilTagNode.so
[15.312s] -- Set non-toolchain portion of runtime path of "/home/michele-zarantonello/my_ws/install/apriltag_ros/lib/libAprilTagNode.so" to ""
[15.312s] -- Installing: /home/michele-zarantonello/my_ws/install/apriltag_ros/share/apriltag_ros/cfg
[15.312s] -- Installing: /home/michele-zarantonello/my_ws/install/apriltag_ros/share/apriltag_ros/cfg/qos_overrides.yaml
[15.312s] -- Installing: /home/michele-zarantonello/my_ws/install/apriltag_ros/share/apriltag_ros/cfg/tags_36h11.yaml
[15.312s] -- Installing: /home/michele-zarantonello/my_ws/install/apriltag_ros/share/apriltag_ros/launch
[15.312s] -- Installing: /home/michele-zarantonello/my_ws/install/apriltag_ros/share/apriltag_ros/launch/camera_36h11.launch.yml
[15.312s] -- Installing: /home/michele-zarantonello/my_ws/install/apriltag_ros/share/ament_index/resource_index/package_run_dependencies/apriltag_ros
[15.312s] -- Installing: /home/michele-zarantonello/my_ws/install/apriltag_ros/share/ament_index/resource_index/parent_prefix_path/apriltag_ros
[15.312s] -- Installing: /home/michele-zarantonello/my_ws/install/apriltag_ros/share/apriltag_ros/environment/ament_prefix_path.sh
[15.313s] -- Installing: /home/michele-zarantonello/my_ws/install/apriltag_ros/share/apriltag_ros/environment/ament_prefix_path.dsv
[15.313s] -- Installing: /home/michele-zarantonello/my_ws/install/apriltag_ros/share/apriltag_ros/environment/path.sh
[15.313s] -- Installing: /home/michele-zarantonello/my_ws/install/apriltag_ros/share/apriltag_ros/environment/path.dsv
[15.313s] -- Installing: /home/michele-zarantonello/my_ws/install/apriltag_ros/share/apriltag_ros/local_setup.bash
[15.313s] -- Installing: /home/michele-zarantonello/my_ws/install/apriltag_ros/share/apriltag_ros/local_setup.sh
[15.313s] -- Installing: /home/michele-zarantonello/my_ws/install/apriltag_ros/share/apriltag_ros/local_setup.zsh
[15.313s] -- Installing: /home/michele-zarantonello/my_ws/install/apriltag_ros/share/apriltag_ros/local_setup.dsv
[15.313s] -- Installing: /home/michele-zarantonello/my_ws/install/apriltag_ros/share/apriltag_ros/package.dsv
[15.313s] -- Installing: /home/michele-zarantonello/my_ws/install/apriltag_ros/share/ament_index/resource_index/packages/apriltag_ros
[15.313s] -- Installing: /home/michele-zarantonello/my_ws/install/apriltag_ros/share/ament_index/resource_index/rclcpp_components/apriltag_ros
[15.314s] -- Installing: /home/michele-zarantonello/my_ws/install/apriltag_ros/share/apriltag_ros/cmake/apriltag_rosConfig.cmake
[15.314s] -- Installing: /home/michele-zarantonello/my_ws/install/apriltag_ros/share/apriltag_ros/cmake/apriltag_rosConfig-version.cmake
[15.314s] -- Installing: /home/michele-zarantonello/my_ws/install/apriltag_ros/share/apriltag_ros/package.xml
[15.315s] Invoked command in '/home/michele-zarantonello/my_ws/build/apriltag_ros' returned '0': CMAKE_PREFIX_PATH=${CMAKE_PREFIX_PATH}:/opt/ros/jazzy DEBUGINFOD_URLS=https://debuginfod.ubuntu.com /usr/bin/cmake --install /home/michele-zarantonello/my_ws/build/apriltag_ros
