[0.041s] Invoking command in '/home/michele-zarantonello/ws_32_assignments/build/apriltag_ros': CMAKE_PREFIX_PATH=${CMAKE_PREFIX_PATH}:/opt/ros/jazzy DEBUGINFOD_URLS=https://debuginfod.ubuntu.com /usr/bin/cmake /home/michele-zarantonello/ws_32_assignments/src/ir_2526/apriltag_ros -DCMAKE_INSTALL_PREFIX=/home/michele-zarantonello/ws_32_assignments/install/apriltag_ros
[0.176s] -- The C compiler identification is GNU 13.3.0
[0.266s] -- The CXX compiler identification is GNU 13.3.0
[0.290s] -- Detecting C compiler ABI info
[0.398s] -- Detecting C compiler ABI info - done
[0.421s] -- Check for working C compiler: /usr/bin/cc - skipped
[0.422s] -- Detecting C compile features
[0.422s] -- Detecting C compile features - done
[0.434s] -- Detecting CXX compiler ABI info
[0.550s] -- Detecting CXX compiler ABI info - done
[0.574s] -- Check for working CXX compiler: /usr/bin/c++ - skipped
[0.574s] -- Detecting CXX compile features
[0.575s] -- Detecting CXX compile features - done
[0.585s] -- Found rclcpp: 28.1.12 (/opt/ros/jazzy/share/rclcpp/cmake)
[0.794s] -- Found Python3: /usr/bin/python3 (found version "3.12.3") found components: Interpreter 
[1.078s] -- Found rosidl_generator_c: 4.6.6 (/opt/ros/jazzy/share/rosidl_generator_c/cmake)
[1.102s] -- Found rosidl_generator_cpp: 4.6.6 (/opt/ros/jazzy/share/rosidl_generator_cpp/cmake)
[1.135s] -- Using all available rosidl_typesupport_c: rosidl_typesupport_fastrtps_c;rosidl_typesupport_introspection_c
[1.168s] -- Using all available rosidl_typesupport_cpp: rosidl_typesupport_fastrtps_cpp;rosidl_typesupport_introspection_cpp
[1.305s] -- Found rmw_implementation_cmake: 7.3.2 (/opt/ros/jazzy/share/rmw_implementation_cmake/cmake)
[1.311s] -- Found rmw_fastrtps_cpp: 8.4.3 (/opt/ros/jazzy/share/rmw_fastrtps_cpp/cmake)
[1.426s] -- Found OpenSSL: /usr/lib/x86_64-linux-gnu/libcrypto.so (found version "3.0.13")  
[1.454s] -- Found FastRTPS: /opt/ros/jazzy/include (Required is at least version "2.13") 
[1.482s] -- Using RMW implementation 'rmw_fastrtps_cpp' as default
[1.590s] -- Found rclcpp_components: 28.1.12 (/opt/ros/jazzy/share/rclcpp_components/cmake)
[1.651s] -- Found sensor_msgs: 5.3.6 (/opt/ros/jazzy/share/sensor_msgs/cmake)
[1.728s] -- Found apriltag_msgs: 2.0.1 (/opt/ros/jazzy/share/apriltag_msgs/cmake)
[1.751s] -- Found tf2_ros: 0.36.14 (/opt/ros/jazzy/share/tf2_ros/cmake)
[1.886s] -- Found image_transport: 5.1.7 (/opt/ros/jazzy/share/image_transport/cmake)
[1.903s] -- Found cv_bridge: 4.1.0 (/opt/ros/jazzy/share/cv_bridge/cmake)
[1.941s] -- Performing Test CMAKE_HAVE_LIBC_PTHREAD
[2.033s] -- Performing Test CMAKE_HAVE_LIBC_PTHREAD - Success
[2.035s] -- Found Threads: TRUE  
[2.038s] -- Found OpenCV: /usr (found version "4.6.0") found components: core calib3d 
[2.050s] -- Found ament_lint_auto: 0.17.3 (/opt/ros/jazzy/share/ament_lint_auto/cmake)
[2.190s] -- Added test 'cppcheck' to perform static code analysis on C / C++ code
[2.190s] -- Configured cppcheck include dirs: 
[2.190s] -- Configured cppcheck exclude dirs and/or files: 
[2.192s] -- Configuring done (2.1s)
[2.225s] -- Generating done (0.0s)
[2.234s] -- Build files have been written to: /home/michele-zarantonello/ws_32_assignments/build/apriltag_ros
[2.247s] Invoked command in '/home/michele-zarantonello/ws_32_assignments/build/apriltag_ros' returned '0': CMAKE_PREFIX_PATH=${CMAKE_PREFIX_PATH}:/opt/ros/jazzy DEBUGINFOD_URLS=https://debuginfod.ubuntu.com /usr/bin/cmake /home/michele-zarantonello/ws_32_assignments/src/ir_2526/apriltag_ros -DCMAKE_INSTALL_PREFIX=/home/michele-zarantonello/ws_32_assignments/install/apriltag_ros
[2.248s] Invoking command in '/home/michele-zarantonello/ws_32_assignments/build/apriltag_ros': CMAKE_PREFIX_PATH=${CMAKE_PREFIX_PATH}:/opt/ros/jazzy DEBUGINFOD_URLS=https://debuginfod.ubuntu.com /usr/bin/cmake --build /home/michele-zarantonello/ws_32_assignments/build/apriltag_ros -- -j8 -l8
[2.297s] [ 30%] [32mBuilding CXX object CMakeFiles/apriltag_node.dir/rclcpp_components/node_main_apriltag_node.cpp.o[0m
[2.298s] [ 30%] [32mBuilding CXX object CMakeFiles/conversion.dir/src/conversion.cpp.o[0m
[2.298s] [ 30%] [32mBuilding CXX object CMakeFiles/tags.dir/src/tag_functions.cpp.o[0m
[2.706s] [ 40%] [32m[1mLinking CXX static library libtags.a[0m
[2.751s] [ 40%] Built target tags
[4.378s] [ 50%] [32m[1mLinking CXX static library libconversion.a[0m
[4.422s] [ 50%] Built target conversion
[4.452s] [ 60%] [32mBuilding CXX object CMakeFiles/pose_estimation.dir/src/pose_estimation.cpp.o[0m
[6.134s] [ 70%] [32m[1mLinking CXX executable apriltag_node[0m
[6.314s] [ 70%] Built target apriltag_node
[6.635s] [ 80%] [32m[1mLinking CXX static library libpose_estimation.a[0m
[6.672s] [ 80%] Built target pose_estimation
[6.696s] [ 90%] [32mBuilding CXX object CMakeFiles/AprilTagNode.dir/src/AprilTagNode.cpp.o[0m
[14.835s] [100%] [32m[1mLinking CXX shared library libAprilTagNode.so[0m
[15.309s] [100%] Built target AprilTagNode
[15.319s] Invoked command in '/home/michele-zarantonello/ws_32_assignments/build/apriltag_ros' returned '0': CMAKE_PREFIX_PATH=${CMAKE_PREFIX_PATH}:/opt/ros/jazzy DEBUGINFOD_URLS=https://debuginfod.ubuntu.com /usr/bin/cmake --build /home/michele-zarantonello/ws_32_assignments/build/apriltag_ros -- -j8 -l8
[15.320s] Invoking command in '/home/michele-zarantonello/ws_32_assignments/build/apriltag_ros': CMAKE_PREFIX_PATH=${CMAKE_PREFIX_PATH}:/opt/ros/jazzy DEBUGINFOD_URLS=https://debuginfod.ubuntu.com /usr/bin/cmake --install /home/michele-zarantonello/ws_32_assignments/build/apriltag_ros
[15.328s] -- Install configuration: ""
[15.328s] -- Installing: /home/michele-zarantonello/ws_32_assignments/install/apriltag_ros/lib/apriltag_ros/apriltag_node
[15.328s] -- Set non-toolchain portion of runtime path of "/home/michele-zarantonello/ws_32_assignments/install/apriltag_ros/lib/apriltag_ros/apriltag_node" to ""
[15.328s] -- Installing: /home/michele-zarantonello/ws_32_assignments/install/apriltag_ros/share/apriltag_ros/environment/library_path.sh
[15.329s] -- Installing: /home/michele-zarantonello/ws_32_assignments/install/apriltag_ros/share/apriltag_ros/environment/library_path.dsv
[15.329s] -- Installing: /home/michele-zarantonello/ws_32_assignments/install/apriltag_ros/lib/libAprilTagNode.so
[15.331s] -- Set non-toolchain portion of runtime path of "/home/michele-zarantonello/ws_32_assignments/install/apriltag_ros/lib/libAprilTagNode.so" to ""
[15.331s] -- Installing: /home/michele-zarantonello/ws_32_assignments/install/apriltag_ros/share/apriltag_ros/cfg
[15.331s] -- Installing: /home/michele-zarantonello/ws_32_assignments/install/apriltag_ros/share/apriltag_ros/cfg/qos_overrides.yaml
[15.332s] -- Installing: /home/michele-zarantonello/ws_32_assignments/install/apriltag_ros/share/apriltag_ros/cfg/tags_36h11.yaml
[15.332s] -- Installing: /home/michele-zarantonello/ws_32_assignments/install/apriltag_ros/share/apriltag_ros/launch
[15.332s] -- Installing: /home/michele-zarantonello/ws_32_assignments/install/apriltag_ros/share/apriltag_ros/launch/camera_36h11.launch.yml
[15.332s] -- Installing: /home/michele-zarantonello/ws_32_assignments/install/apriltag_ros/share/ament_index/resource_index/package_run_dependencies/apriltag_ros
[15.332s] -- Installing: /home/michele-zarantonello/ws_32_assignments/install/apriltag_ros/share/ament_index/resource_index/parent_prefix_path/apriltag_ros
[15.332s] -- Installing: /home/michele-zarantonello/ws_32_assignments/install/apriltag_ros/share/apriltag_ros/environment/ament_prefix_path.sh
[15.332s] -- Installing: /home/michele-zarantonello/ws_32_assignments/install/apriltag_ros/share/apriltag_ros/environment/ament_prefix_path.dsv
[15.332s] -- Installing: /home/michele-zarantonello/ws_32_assignments/install/apriltag_ros/share/apriltag_ros/environment/path.sh
[15.332s] -- Installing: /home/michele-zarantonello/ws_32_assignments/install/apriltag_ros/share/apriltag_ros/environment/path.dsv
[15.333s] -- Installing: /home/michele-zarantonello/ws_32_assignments/install/apriltag_ros/share/apriltag_ros/local_setup.bash
[15.333s] -- Installing: /home/michele-zarantonello/ws_32_assignments/install/apriltag_ros/share/apriltag_ros/local_setup.sh
[15.333s] -- Installing: /home/michele-zarantonello/ws_32_assignments/install/apriltag_ros/share/apriltag_ros/local_setup.zsh
[15.333s] -- Installing: /home/michele-zarantonello/ws_32_assignments/install/apriltag_ros/share/apriltag_ros/local_setup.dsv
[15.333s] -- Installing: /home/michele-zarantonello/ws_32_assignments/install/apriltag_ros/share/apriltag_ros/package.dsv
[15.333s] -- Installing: /home/michele-zarantonello/ws_32_assignments/install/apriltag_ros/share/ament_index/resource_index/packages/apriltag_ros
[15.333s] -- Installing: /home/michele-zarantonello/ws_32_assignments/install/apriltag_ros/share/ament_index/resource_index/rclcpp_components/apriltag_ros
[15.333s] -- Installing: /home/michele-zarantonello/ws_32_assignments/install/apriltag_ros/share/apriltag_ros/cmake/apriltag_rosConfig.cmake
[15.334s] -- Installing: /home/michele-zarantonello/ws_32_assignments/install/apriltag_ros/share/apriltag_ros/cmake/apriltag_rosConfig-version.cmake
[15.334s] -- Installing: /home/michele-zarantonello/ws_32_assignments/install/apriltag_ros/share/apriltag_ros/package.xml
[15.336s] Invoked command in '/home/michele-zarantonello/ws_32_assignments/build/apriltag_ros' returned '0': CMAKE_PREFIX_PATH=${CMAKE_PREFIX_PATH}:/opt/ros/jazzy DEBUGINFOD_URLS=https://debuginfod.ubuntu.com /usr/bin/cmake --install /home/michele-zarantonello/ws_32_assignments/build/apriltag_ros
