[0.041s] Invoking command in '/home/michele-zarantonello/my_ws/build/my_apriltag': CMAKE_PREFIX_PATH=${CMAKE_PREFIX_PATH}:/opt/ros/jazzy DEBUGINFOD_URLS=https://debuginfod.ubuntu.com /usr/bin/cmake /home/michele-zarantonello/my_ws/src/my_assignment_1/my_apriltag -DCMAKE_INSTALL_PREFIX=/home/michele-zarantonello/my_ws/install/my_apriltag
[0.194s] -- The C compiler identification is GNU 13.3.0
[0.235s] -- The CXX compiler identification is GNU 13.3.0
[0.265s] -- Detecting C compiler ABI info
[0.424s] -- Detecting C compiler ABI info - done
[0.440s] -- Check for working C compiler: /usr/bin/cc - skipped
[0.440s] -- Detecting C compile features
[0.440s] -- Detecting C compile features - done
[0.449s] -- Detecting CXX compiler ABI info
[0.566s] -- Detecting CXX compiler ABI info - done
[0.585s] -- Check for working CXX compiler: /usr/bin/c++ - skipped
[0.585s] -- Detecting CXX compile features
[0.586s] -- Detecting CXX compile features - done
[0.592s] -- Found rclcpp: 28.1.12 (/opt/ros/jazzy/share/rclcpp/cmake)
[0.751s] -- Found Python3: /usr/bin/python3 (found version "3.12.3") found components: Interpreter 
[0.965s] -- Found rosidl_generator_c: 4.6.6 (/opt/ros/jazzy/share/rosidl_generator_c/cmake)
[0.989s] -- Found rosidl_generator_cpp: 4.6.6 (/opt/ros/jazzy/share/rosidl_generator_cpp/cmake)
[1.017s] -- Using all available rosidl_typesupport_c: rosidl_typesupport_fastrtps_c;rosidl_typesupport_introspection_c
[1.046s] -- Using all available rosidl_typesupport_cpp: rosidl_typesupport_fastrtps_cpp;rosidl_typesupport_introspection_cpp
[1.167s] -- Found rmw_implementation_cmake: 7.3.2 (/opt/ros/jazzy/share/rmw_implementation_cmake/cmake)
[1.173s] -- Found rmw_fastrtps_cpp: 8.4.3 (/opt/ros/jazzy/share/rmw_fastrtps_cpp/cmake)
[1.272s] -- Found OpenSSL: /usr/lib/x86_64-linux-gnu/libcrypto.so (found version "3.0.13")  
[1.300s] -- Found FastRTPS: /opt/ros/jazzy/include (Required is at least version "2.13") 
[1.326s] -- Using RMW implementation 'rmw_fastrtps_cpp' as default
[1.433s] -- Found rclcpp_components: 28.1.12 (/opt/ros/jazzy/share/rclcpp_components/cmake)
[1.489s] -- Found sensor_msgs: 5.3.6 (/opt/ros/jazzy/share/sensor_msgs/cmake)
[1.577s] -- Found apriltag_msgs: 2.0.1 (/opt/ros/jazzy/share/apriltag_msgs/cmake)
[1.606s] -- Found tf2_ros: 0.36.14 (/opt/ros/jazzy/share/tf2_ros/cmake)
[1.743s] -- Found image_transport: 5.1.7 (/opt/ros/jazzy/share/image_transport/cmake)
[1.761s] -- Found cv_bridge: 4.1.0 (/opt/ros/jazzy/share/cv_bridge/cmake)
[1.788s] -- Performing Test CMAKE_HAVE_LIBC_PTHREAD
[1.869s] -- Performing Test CMAKE_HAVE_LIBC_PTHREAD - Success
[1.871s] -- Found Threads: TRUE  
[1.874s] -- Found OpenCV: /usr (found version "4.6.0") found components: core calib3d 
[1.888s] -- Found ament_lint_auto: 0.17.3 (/opt/ros/jazzy/share/ament_lint_auto/cmake)
[2.015s] -- Added test 'cppcheck' to perform static code analysis on C / C++ code
[2.015s] -- Configured cppcheck include dirs: 
[2.016s] -- Configured cppcheck exclude dirs and/or files: 
[2.017s] -- Configuring done (2.0s)
[2.041s] -- Generating done (0.0s)
[2.048s] -- Build files have been written to: /home/michele-zarantonello/my_ws/build/my_apriltag
[2.059s] Invoked command in '/home/michele-zarantonello/my_ws/build/my_apriltag' returned '0': CMAKE_PREFIX_PATH=${CMAKE_PREFIX_PATH}:/opt/ros/jazzy DEBUGINFOD_URLS=https://debuginfod.ubuntu.com /usr/bin/cmake /home/michele-zarantonello/my_ws/src/my_assignment_1/my_apriltag -DCMAKE_INSTALL_PREFIX=/home/michele-zarantonello/my_ws/install/my_apriltag
[2.060s] Invoking command in '/home/michele-zarantonello/my_ws/build/my_apriltag': CMAKE_PREFIX_PATH=${CMAKE_PREFIX_PATH}:/opt/ros/jazzy DEBUGINFOD_URLS=https://debuginfod.ubuntu.com /usr/bin/cmake --build /home/michele-zarantonello/my_ws/build/my_apriltag -- -j8 -l8
[2.112s] [ 30%] [32mBuilding CXX object CMakeFiles/tags.dir/src/tag_functions.cpp.o[0m
[2.112s] [ 30%] [32mBuilding CXX object CMakeFiles/conversion.dir/src/conversion.cpp.o[0m
[2.112s] [ 30%] [32mBuilding CXX object CMakeFiles/apriltag_node.dir/rclcpp_components/node_main_apriltag_node.cpp.o[0m
[2.488s] [ 40%] [32m[1mLinking CXX static library libtags.a[0m
[2.529s] [ 40%] Built target tags
[3.976s] [ 50%] [32m[1mLinking CXX static library libconversion.a[0m
[4.018s] [ 50%] Built target conversion
[4.040s] [ 60%] [32mBuilding CXX object CMakeFiles/pose_estimation.dir/src/pose_estimation.cpp.o[0m
[5.584s] [ 70%] [32m[1mLinking CXX executable apriltag_node[0m
[5.749s] [ 70%] Built target apriltag_node
[5.920s] [ 80%] [32m[1mLinking CXX static library libpose_estimation.a[0m
[5.951s] [ 80%] Built target pose_estimation
[5.970s] [ 90%] [32mBuilding CXX object CMakeFiles/AprilTagNode.dir/src/AprilTagNode.cpp.o[0m
[13.895s] [100%] [32m[1mLinking CXX shared library libAprilTagNode.so[0m
[14.386s] [100%] Built target AprilTagNode
[14.398s] Invoked command in '/home/michele-zarantonello/my_ws/build/my_apriltag' returned '0': CMAKE_PREFIX_PATH=${CMAKE_PREFIX_PATH}:/opt/ros/jazzy DEBUGINFOD_URLS=https://debuginfod.ubuntu.com /usr/bin/cmake --build /home/michele-zarantonello/my_ws/build/my_apriltag -- -j8 -l8
[14.398s] Invoking command in '/home/michele-zarantonello/my_ws/build/my_apriltag': CMAKE_PREFIX_PATH=${CMAKE_PREFIX_PATH}:/opt/ros/jazzy DEBUGINFOD_URLS=https://debuginfod.ubuntu.com /usr/bin/cmake --install /home/michele-zarantonello/my_ws/build/my_apriltag
[14.406s] -- Install configuration: ""
[14.406s] -- Installing: /home/michele-zarantonello/my_ws/install/my_apriltag/lib/my_apriltag/apriltag_node
[14.407s] -- Set non-toolchain portion of runtime path of "/home/michele-zarantonello/my_ws/install/my_apriltag/lib/my_apriltag/apriltag_node" to ""
[14.407s] -- Installing: /home/michele-zarantonello/my_ws/install/my_apriltag/share/my_apriltag/environment/library_path.sh
[14.407s] -- Installing: /home/michele-zarantonello/my_ws/install/my_apriltag/share/my_apriltag/environment/library_path.dsv
[14.407s] -- Installing: /home/michele-zarantonello/my_ws/install/my_apriltag/lib/libAprilTagNode.so
[14.410s] -- Set non-toolchain portion of runtime path of "/home/michele-zarantonello/my_ws/install/my_apriltag/lib/libAprilTagNode.so" to ""
[14.411s] -- Installing: /home/michele-zarantonello/my_ws/install/my_apriltag/share/my_apriltag/cfg
[14.411s] -- Installing: /home/michele-zarantonello/my_ws/install/my_apriltag/share/my_apriltag/cfg/qos_overrides.yaml
[14.411s] -- Installing: /home/michele-zarantonello/my_ws/install/my_apriltag/share/my_apriltag/cfg/tags_36h11.yaml
[14.411s] -- Installing: /home/michele-zarantonello/my_ws/install/my_apriltag/share/my_apriltag/launch
[14.411s] -- Installing: /home/michele-zarantonello/my_ws/install/my_apriltag/share/my_apriltag/launch/camera_36h11.launch.yml
[14.411s] -- Installing: /home/michele-zarantonello/my_ws/install/my_apriltag/share/ament_index/resource_index/package_run_dependencies/my_apriltag
[14.411s] -- Installing: /home/michele-zarantonello/my_ws/install/my_apriltag/share/ament_index/resource_index/parent_prefix_path/my_apriltag
[14.411s] -- Installing: /home/michele-zarantonello/my_ws/install/my_apriltag/share/my_apriltag/environment/ament_prefix_path.sh
[14.411s] -- Installing: /home/michele-zarantonello/my_ws/install/my_apriltag/share/my_apriltag/environment/ament_prefix_path.dsv
[14.412s] -- Installing: /home/michele-zarantonello/my_ws/install/my_apriltag/share/my_apriltag/environment/path.sh
[14.412s] -- Installing: /home/michele-zarantonello/my_ws/install/my_apriltag/share/my_apriltag/environment/path.dsv
[14.412s] -- Installing: /home/michele-zarantonello/my_ws/install/my_apriltag/share/my_apriltag/local_setup.bash
[14.412s] -- Installing: /home/michele-zarantonello/my_ws/install/my_apriltag/share/my_apriltag/local_setup.sh
[14.412s] -- Installing: /home/michele-zarantonello/my_ws/install/my_apriltag/share/my_apriltag/local_setup.zsh
[14.412s] -- Installing: /home/michele-zarantonello/my_ws/install/my_apriltag/share/my_apriltag/local_setup.dsv
[14.413s] -- Installing: /home/michele-zarantonello/my_ws/install/my_apriltag/share/my_apriltag/package.dsv
[14.413s] -- Installing: /home/michele-zarantonello/my_ws/install/my_apriltag/share/ament_index/resource_index/packages/my_apriltag
[14.413s] -- Installing: /home/michele-zarantonello/my_ws/install/my_apriltag/share/ament_index/resource_index/rclcpp_components/my_apriltag
[14.413s] -- Installing: /home/michele-zarantonello/my_ws/install/my_apriltag/share/my_apriltag/cmake/my_apriltagConfig.cmake
[14.413s] -- Installing: /home/michele-zarantonello/my_ws/install/my_apriltag/share/my_apriltag/cmake/my_apriltagConfig-version.cmake
[14.414s] -- Installing: /home/michele-zarantonello/my_ws/install/my_apriltag/share/my_apriltag/package.xml
[14.416s] Invoked command in '/home/michele-zarantonello/my_ws/build/my_apriltag' returned '0': CMAKE_PREFIX_PATH=${CMAKE_PREFIX_PATH}:/opt/ros/jazzy DEBUGINFOD_URLS=https://debuginfod.ubuntu.com /usr/bin/cmake --install /home/michele-zarantonello/my_ws/build/my_apriltag
