[0.020s] Invoking command in '/home/michele-zarantonello/my_ws/build/ir_movit_config': AMENT_PREFIX_PATH=/home/michele-zarantonello/my_ws/install/ir_desription:${AMENT_PREFIX_PATH} CMAKE_PREFIX_PATH=/home/michele-zarantonello/my_ws/install/ir_desription:/opt/ros/jazzy/opt/gz_sim_vendor:/opt/ros/jazzy/opt/gz_sensors_vendor:/opt/ros/jazzy/opt/gz_physics_vendor:/opt/ros/jazzy/opt/sdformat_vendor:/opt/ros/jazzy/opt/gz_gui_vendor:/opt/ros/jazzy/opt/gz_transport_vendor:/opt/ros/jazzy/opt/gz_rendering_vendor:/opt/ros/jazzy/opt/gz_plugin_vendor:/opt/ros/jazzy/opt/gz_fuel_tools_vendor:/opt/ros/jazzy/opt/gz_msgs_vendor:/opt/ros/jazzy/opt/gz_common_vendor:/opt/ros/jazzy/opt/gz_math_vendor:/opt/ros/jazzy/opt/gz_utils_vendor:/opt/ros/jazzy/opt/gz_tools_vendor:/opt/ros/jazzy/opt/gz_ogre_next_vendor:/opt/ros/jazzy/opt/gz_dartsim_vendor:/opt/ros/jazzy/opt/gz_cmake_vendor:/opt/ros/jazzy DEBUGINFOD_URLS=https://debuginfod.ubuntu.com /usr/bin/cmake /home/michele-zarantonello/my_ws/src/ir_2526/ir_movit_config -DCMAKE_INSTALL_PREFIX=/home/michele-zarantonello/my_ws/install/ir_movit_config
[0.080s] -- The C compiler identification is GNU 13.3.0
[0.136s] -- The CXX compiler identification is GNU 13.3.0
[0.153s] -- Detecting C compiler ABI info
[0.233s] -- Detecting C compiler ABI info - done
[0.242s] -- Check for working C compiler: /usr/bin/cc - skipped
[0.243s] -- Detecting C compile features
[0.243s] -- Detecting C compile features - done
[0.252s] -- Detecting CXX compiler ABI info
[0.345s] -- Detecting CXX compiler ABI info - done
[0.356s] -- Check for working CXX compiler: /usr/bin/c++ - skipped
[0.356s] -- Detecting CXX compile features
[0.356s] -- Detecting CXX compile features - done
[0.360s] -- Found ament_cmake: 2.5.4 (/opt/ros/jazzy/share/ament_cmake/cmake)
[0.514s] -- Found Python3: /usr/bin/python3 (found version "3.12.3") found components: Interpreter 
[0.642s] -- Found rclcpp: 28.1.12 (/opt/ros/jazzy/share/rclcpp/cmake)
[0.700s] -- Found rosidl_generator_c: 4.6.6 (/opt/ros/jazzy/share/rosidl_generator_c/cmake)
[0.719s] -- Found rosidl_generator_cpp: 4.6.6 (/opt/ros/jazzy/share/rosidl_generator_cpp/cmake)
[0.740s] -- Using all available rosidl_typesupport_c: rosidl_typesupport_fastrtps_c;rosidl_typesupport_introspection_c
[0.767s] -- Using all available rosidl_typesupport_cpp: rosidl_typesupport_fastrtps_cpp;rosidl_typesupport_introspection_cpp
[0.878s] -- Found rmw_implementation_cmake: 7.3.2 (/opt/ros/jazzy/share/rmw_implementation_cmake/cmake)
[0.883s] -- Found rmw_fastrtps_cpp: 8.4.3 (/opt/ros/jazzy/share/rmw_fastrtps_cpp/cmake)
[0.982s] -- Found OpenSSL: /usr/lib/x86_64-linux-gnu/libcrypto.so (found version "3.0.13")  
[1.005s] -- Found FastRTPS: /opt/ros/jazzy/include (Required is at least version "2.13") 
[1.036s] -- Using RMW implementation 'rmw_fastrtps_cpp' as default
[1.169s] -- Found sensor_msgs: 5.3.6 (/opt/ros/jazzy/share/sensor_msgs/cmake)
[1.362s] -- Configuring done (1.3s)
[1.375s] -- Generating done (0.0s)
[1.380s] -- Build files have been written to: /home/michele-zarantonello/my_ws/build/ir_movit_config
[1.393s] Invoked command in '/home/michele-zarantonello/my_ws/build/ir_movit_config' returned '0': AMENT_PREFIX_PATH=/home/michele-zarantonello/my_ws/install/ir_desription:${AMENT_PREFIX_PATH} CMAKE_PREFIX_PATH=/home/michele-zarantonello/my_ws/install/ir_desription:/opt/ros/jazzy/opt/gz_sim_vendor:/opt/ros/jazzy/opt/gz_sensors_vendor:/opt/ros/jazzy/opt/gz_physics_vendor:/opt/ros/jazzy/opt/sdformat_vendor:/opt/ros/jazzy/opt/gz_gui_vendor:/opt/ros/jazzy/opt/gz_transport_vendor:/opt/ros/jazzy/opt/gz_rendering_vendor:/opt/ros/jazzy/opt/gz_plugin_vendor:/opt/ros/jazzy/opt/gz_fuel_tools_vendor:/opt/ros/jazzy/opt/gz_msgs_vendor:/opt/ros/jazzy/opt/gz_common_vendor:/opt/ros/jazzy/opt/gz_math_vendor:/opt/ros/jazzy/opt/gz_utils_vendor:/opt/ros/jazzy/opt/gz_tools_vendor:/opt/ros/jazzy/opt/gz_ogre_next_vendor:/opt/ros/jazzy/opt/gz_dartsim_vendor:/opt/ros/jazzy/opt/gz_cmake_vendor:/opt/ros/jazzy DEBUGINFOD_URLS=https://debuginfod.ubuntu.com /usr/bin/cmake /home/michele-zarantonello/my_ws/src/ir_2526/ir_movit_config -DCMAKE_INSTALL_PREFIX=/home/michele-zarantonello/my_ws/install/ir_movit_config
[1.395s] Invoking command in '/home/michele-zarantonello/my_ws/build/ir_movit_config': AMENT_PREFIX_PATH=/home/michele-zarantonello/my_ws/install/ir_desription:${AMENT_PREFIX_PATH} CMAKE_PREFIX_PATH=/home/michele-zarantonello/my_ws/install/ir_desription:/opt/ros/jazzy/opt/gz_sim_vendor:/opt/ros/jazzy/opt/gz_sensors_vendor:/opt/ros/jazzy/opt/gz_physics_vendor:/opt/ros/jazzy/opt/sdformat_vendor:/opt/ros/jazzy/opt/gz_gui_vendor:/opt/ros/jazzy/opt/gz_transport_vendor:/opt/ros/jazzy/opt/gz_rendering_vendor:/opt/ros/jazzy/opt/gz_plugin_vendor:/opt/ros/jazzy/opt/gz_fuel_tools_vendor:/opt/ros/jazzy/opt/gz_msgs_vendor:/opt/ros/jazzy/opt/gz_common_vendor:/opt/ros/jazzy/opt/gz_math_vendor:/opt/ros/jazzy/opt/gz_utils_vendor:/opt/ros/jazzy/opt/gz_tools_vendor:/opt/ros/jazzy/opt/gz_ogre_next_vendor:/opt/ros/jazzy/opt/gz_dartsim_vendor:/opt/ros/jazzy/opt/gz_cmake_vendor:/opt/ros/jazzy DEBUGINFOD_URLS=https://debuginfod.ubuntu.com /usr/bin/cmake --build /home/michele-zarantonello/my_ws/build/ir_movit_config -- -j8 -l8
[1.445s] [ 50%] [32mBuilding CXX object CMakeFiles/short_joint_state_publisher.dir/src/short_joint_state_publisher.cpp.o[0m
[6.399s] [100%] [32m[1mLinking CXX executable short_joint_state_publisher[0m
[6.644s] [100%] Built target short_joint_state_publisher
[6.656s] Invoked command in '/home/michele-zarantonello/my_ws/build/ir_movit_config' returned '0': AMENT_PREFIX_PATH=/home/michele-zarantonello/my_ws/install/ir_desription:${AMENT_PREFIX_PATH} CMAKE_PREFIX_PATH=/home/michele-zarantonello/my_ws/install/ir_desription:/opt/ros/jazzy/opt/gz_sim_vendor:/opt/ros/jazzy/opt/gz_sensors_vendor:/opt/ros/jazzy/opt/gz_physics_vendor:/opt/ros/jazzy/opt/sdformat_vendor:/opt/ros/jazzy/opt/gz_gui_vendor:/opt/ros/jazzy/opt/gz_transport_vendor:/opt/ros/jazzy/opt/gz_rendering_vendor:/opt/ros/jazzy/opt/gz_plugin_vendor:/opt/ros/jazzy/opt/gz_fuel_tools_vendor:/opt/ros/jazzy/opt/gz_msgs_vendor:/opt/ros/jazzy/opt/gz_common_vendor:/opt/ros/jazzy/opt/gz_math_vendor:/opt/ros/jazzy/opt/gz_utils_vendor:/opt/ros/jazzy/opt/gz_tools_vendor:/opt/ros/jazzy/opt/gz_ogre_next_vendor:/opt/ros/jazzy/opt/gz_dartsim_vendor:/opt/ros/jazzy/opt/gz_cmake_vendor:/opt/ros/jazzy DEBUGINFOD_URLS=https://debuginfod.ubuntu.com /usr/bin/cmake --build /home/michele-zarantonello/my_ws/build/ir_movit_config -- -j8 -l8
[6.657s] Invoking command in '/home/michele-zarantonello/my_ws/build/ir_movit_config': AMENT_PREFIX_PATH=/home/michele-zarantonello/my_ws/install/ir_desription:${AMENT_PREFIX_PATH} CMAKE_PREFIX_PATH=/home/michele-zarantonello/my_ws/install/ir_desription:/opt/ros/jazzy/opt/gz_sim_vendor:/opt/ros/jazzy/opt/gz_sensors_vendor:/opt/ros/jazzy/opt/gz_physics_vendor:/opt/ros/jazzy/opt/sdformat_vendor:/opt/ros/jazzy/opt/gz_gui_vendor:/opt/ros/jazzy/opt/gz_transport_vendor:/opt/ros/jazzy/opt/gz_rendering_vendor:/opt/ros/jazzy/opt/gz_plugin_vendor:/opt/ros/jazzy/opt/gz_fuel_tools_vendor:/opt/ros/jazzy/opt/gz_msgs_vendor:/opt/ros/jazzy/opt/gz_common_vendor:/opt/ros/jazzy/opt/gz_math_vendor:/opt/ros/jazzy/opt/gz_utils_vendor:/opt/ros/jazzy/opt/gz_tools_vendor:/opt/ros/jazzy/opt/gz_ogre_next_vendor:/opt/ros/jazzy/opt/gz_dartsim_vendor:/opt/ros/jazzy/opt/gz_cmake_vendor:/opt/ros/jazzy DEBUGINFOD_URLS=https://debuginfod.ubuntu.com /usr/bin/cmake --install /home/michele-zarantonello/my_ws/build/ir_movit_config
[6.666s] -- Install configuration: ""
[6.667s] -- Installing: /home/michele-zarantonello/my_ws/install/ir_movit_config/share/ament_index/resource_index/package_run_dependencies/ir_movit_config
[6.667s] -- Installing: /home/michele-zarantonello/my_ws/install/ir_movit_config/share/ament_index/resource_index/parent_prefix_path/ir_movit_config
[6.667s] -- Installing: /home/michele-zarantonello/my_ws/install/ir_movit_config/share/ir_movit_config/environment/ament_prefix_path.sh
[6.667s] -- Installing: /home/michele-zarantonello/my_ws/install/ir_movit_config/share/ir_movit_config/environment/ament_prefix_path.dsv
[6.667s] -- Installing: /home/michele-zarantonello/my_ws/install/ir_movit_config/share/ir_movit_config/environment/path.sh
[6.667s] -- Installing: /home/michele-zarantonello/my_ws/install/ir_movit_config/share/ir_movit_config/environment/path.dsv
[6.668s] -- Installing: /home/michele-zarantonello/my_ws/install/ir_movit_config/share/ir_movit_config/local_setup.bash
[6.668s] -- Installing: /home/michele-zarantonello/my_ws/install/ir_movit_config/share/ir_movit_config/local_setup.sh
[6.668s] -- Installing: /home/michele-zarantonello/my_ws/install/ir_movit_config/share/ir_movit_config/local_setup.zsh
[6.668s] -- Installing: /home/michele-zarantonello/my_ws/install/ir_movit_config/share/ir_movit_config/local_setup.dsv
[6.668s] -- Installing: /home/michele-zarantonello/my_ws/install/ir_movit_config/share/ir_movit_config/package.dsv
[6.668s] -- Installing: /home/michele-zarantonello/my_ws/install/ir_movit_config/share/ament_index/resource_index/packages/ir_movit_config
[6.669s] -- Installing: /home/michele-zarantonello/my_ws/install/ir_movit_config/share/ir_movit_config/cmake/ir_movit_configConfig.cmake
[6.669s] -- Installing: /home/michele-zarantonello/my_ws/install/ir_movit_config/share/ir_movit_config/cmake/ir_movit_configConfig-version.cmake
[6.669s] -- Installing: /home/michele-zarantonello/my_ws/install/ir_movit_config/share/ir_movit_config/package.xml
[6.669s] -- Installing: /home/michele-zarantonello/my_ws/install/ir_movit_config/share/ir_movit_config/launch
[6.669s] -- Installing: /home/michele-zarantonello/my_ws/install/ir_movit_config/share/ir_movit_config/launch/ir_ur.py
[6.669s] -- Installing: /home/michele-zarantonello/my_ws/install/ir_movit_config/share/ir_movit_config/launch/gazebo.launch.py
[6.669s] -- Installing: /home/michele-zarantonello/my_ws/install/ir_movit_config/share/ir_movit_config/launch/fake_hw.launch.py
[6.669s] -- Installing: /home/michele-zarantonello/my_ws/install/ir_movit_config/share/ir_movit_config/launch/simulation_complete.launch.py
[6.669s] -- Installing: /home/michele-zarantonello/my_ws/install/ir_movit_config/share/ir_movit_config/launch/tmp.py
[6.670s] -- Installing: /home/michele-zarantonello/my_ws/install/ir_movit_config/share/ir_movit_config/launch/ir_movit.launch.py
[6.670s] -- Installing: /home/michele-zarantonello/my_ws/install/ir_movit_config/share/ir_movit_config/launch/ir_base.launch.py
[6.670s] -- Installing: /home/michele-zarantonello/my_ws/install/ir_movit_config/share/ir_movit_config/launch/test.launch.py
[6.670s] -- Installing: /home/michele-zarantonello/my_ws/install/ir_movit_config/share/ir_movit_config/config
[6.670s] -- Installing: /home/michele-zarantonello/my_ws/install/ir_movit_config/share/ir_movit_config/config/controllers.yaml
[6.670s] -- Installing: /home/michele-zarantonello/my_ws/install/ir_movit_config/share/ir_movit_config/config/moveit_controllers.yaml
[6.670s] -- Installing: /home/michele-zarantonello/my_ws/install/ir_movit_config/share/ir_movit_config/config/ur_gripper.srdf
[6.670s] -- Installing: /home/michele-zarantonello/my_ws/install/ir_movit_config/share/ir_movit_config/config/old_ros2_controllers.yaml
[6.670s] -- Installing: /home/michele-zarantonello/my_ws/install/ir_movit_config/share/ir_movit_config/config/joint_limits_old.yaml
[6.671s] -- Installing: /home/michele-zarantonello/my_ws/install/ir_movit_config/share/ir_movit_config/config/ros2_controllers.yaml
[6.671s] -- Installing: /home/michele-zarantonello/my_ws/install/ir_movit_config/share/ir_movit_config/config/ur_gripper.urdf.xacro
[6.671s] -- Installing: /home/michele-zarantonello/my_ws/install/ir_movit_config/share/ir_movit_config/config/ur_servo.yaml
[6.671s] -- Installing: /home/michele-zarantonello/my_ws/install/ir_movit_config/share/ir_movit_config/config/joint_limits.yaml
[6.671s] -- Installing: /home/michele-zarantonello/my_ws/install/ir_movit_config/share/ir_movit_config/config/moveit_config.yaml
[6.671s] -- Installing: /home/michele-zarantonello/my_ws/install/ir_movit_config/share/ir_movit_config/config/moveit.rviz
[6.671s] -- Installing: /home/michele-zarantonello/my_ws/install/ir_movit_config/share/ir_movit_config/config/r_controller.yaml
[6.671s] -- Installing: /home/michele-zarantonello/my_ws/install/ir_movit_config/share/ir_movit_config/config/initial_positions.yaml
[6.671s] -- Installing: /home/michele-zarantonello/my_ws/install/ir_movit_config/share/ir_movit_config/config/kinematics.yaml
[6.672s] -- Installing: /home/michele-zarantonello/my_ws/install/ir_movit_config/share/ir_movit_config/config/robot_with_environment.urdf.xacro
[6.672s] -- Installing: /home/michele-zarantonello/my_ws/install/ir_movit_config/share/ir_movit_config/config/fake_joint_driver.yaml
[6.672s] -- Installing: /home/michele-zarantonello/my_ws/install/ir_movit_config/share/ir_movit_config/config/pilz_cartesian_limits.yaml
[6.672s] -- Installing: /home/michele-zarantonello/my_ws/install/ir_movit_config/share/ir_movit_config/config/ur_gripper.ros2_control.xacro
[6.672s] -- Installing: /home/michele-zarantonello/my_ws/install/ir_movit_config/share/ir_movit_config/.setup_assistant
[6.672s] -- Up-to-date: /home/michele-zarantonello/my_ws/install/ir_movit_config/share/ir_movit_config/config
[6.672s] -- Up-to-date: /home/michele-zarantonello/my_ws/install/ir_movit_config/share/ir_movit_config/config/controllers.yaml
[6.672s] -- Up-to-date: /home/michele-zarantonello/my_ws/install/ir_movit_config/share/ir_movit_config/config/moveit_controllers.yaml
[6.673s] -- Up-to-date: /home/michele-zarantonello/my_ws/install/ir_movit_config/share/ir_movit_config/config/ur_gripper.srdf
[6.673s] -- Up-to-date: /home/michele-zarantonello/my_ws/install/ir_movit_config/share/ir_movit_config/config/old_ros2_controllers.yaml
[6.673s] -- Up-to-date: /home/michele-zarantonello/my_ws/install/ir_movit_config/share/ir_movit_config/config/joint_limits_old.yaml
[6.673s] -- Up-to-date: /home/michele-zarantonello/my_ws/install/ir_movit_config/share/ir_movit_config/config/ros2_controllers.yaml
[6.673s] -- Up-to-date: /home/michele-zarantonello/my_ws/install/ir_movit_config/share/ir_movit_config/config/ur_gripper.urdf.xacro
[6.673s] -- Up-to-date: /home/michele-zarantonello/my_ws/install/ir_movit_config/share/ir_movit_config/config/ur_servo.yaml
[6.673s] -- Up-to-date: /home/michele-zarantonello/my_ws/install/ir_movit_config/share/ir_movit_config/config/joint_limits.yaml
[6.673s] -- Up-to-date: /home/michele-zarantonello/my_ws/install/ir_movit_config/share/ir_movit_config/config/moveit_config.yaml
[6.673s] -- Up-to-date: /home/michele-zarantonello/my_ws/install/ir_movit_config/share/ir_movit_config/config/moveit.rviz
[6.673s] -- Up-to-date: /home/michele-zarantonello/my_ws/install/ir_movit_config/share/ir_movit_config/config/r_controller.yaml
[6.673s] -- Up-to-date: /home/michele-zarantonello/my_ws/install/ir_movit_config/share/ir_movit_config/config/initial_positions.yaml
[6.674s] -- Up-to-date: /home/michele-zarantonello/my_ws/install/ir_movit_config/share/ir_movit_config/config/kinematics.yaml
[6.674s] -- Up-to-date: /home/michele-zarantonello/my_ws/install/ir_movit_config/share/ir_movit_config/config/robot_with_environment.urdf.xacro
[6.674s] -- Up-to-date: /home/michele-zarantonello/my_ws/install/ir_movit_config/share/ir_movit_config/config/fake_joint_driver.yaml
[6.674s] -- Up-to-date: /home/michele-zarantonello/my_ws/install/ir_movit_config/share/ir_movit_config/config/pilz_cartesian_limits.yaml
[6.674s] -- Up-to-date: /home/michele-zarantonello/my_ws/install/ir_movit_config/share/ir_movit_config/config/ur_gripper.ros2_control.xacro
[6.674s] -- Installing: /home/michele-zarantonello/my_ws/install/ir_movit_config/lib/ir_movit_config/short_joint_state_publisher
[6.674s] -- Set non-toolchain portion of runtime path of "/home/michele-zarantonello/my_ws/install/ir_movit_config/lib/ir_movit_config/short_joint_state_publisher" to ""
[6.676s] Invoked command in '/home/michele-zarantonello/my_ws/build/ir_movit_config' returned '0': AMENT_PREFIX_PATH=/home/michele-zarantonello/my_ws/install/ir_desription:${AMENT_PREFIX_PATH} CMAKE_PREFIX_PATH=/home/michele-zarantonello/my_ws/install/ir_desription:/opt/ros/jazzy/opt/gz_sim_vendor:/opt/ros/jazzy/opt/gz_sensors_vendor:/opt/ros/jazzy/opt/gz_physics_vendor:/opt/ros/jazzy/opt/sdformat_vendor:/opt/ros/jazzy/opt/gz_gui_vendor:/opt/ros/jazzy/opt/gz_transport_vendor:/opt/ros/jazzy/opt/gz_rendering_vendor:/opt/ros/jazzy/opt/gz_plugin_vendor:/opt/ros/jazzy/opt/gz_fuel_tools_vendor:/opt/ros/jazzy/opt/gz_msgs_vendor:/opt/ros/jazzy/opt/gz_common_vendor:/opt/ros/jazzy/opt/gz_math_vendor:/opt/ros/jazzy/opt/gz_utils_vendor:/opt/ros/jazzy/opt/gz_tools_vendor:/opt/ros/jazzy/opt/gz_ogre_next_vendor:/opt/ros/jazzy/opt/gz_dartsim_vendor:/opt/ros/jazzy/opt/gz_cmake_vendor:/opt/ros/jazzy DEBUGINFOD_URLS=https://debuginfod.ubuntu.com /usr/bin/cmake --install /home/michele-zarantonello/my_ws/build/ir_movit_config
