[0.041s] Invoking command in '/home/michele-zarantonello/my_ws/build/ir_desription': CMAKE_PREFIX_PATH=${CMAKE_PREFIX_PATH}:/opt/ros/jazzy DEBUGINFOD_URLS=https://debuginfod.ubuntu.com /usr/bin/cmake --build /home/michele-zarantonello/my_ws/build/ir_desription -- -j8 -l8
[0.128s] Invoked command in '/home/michele-zarantonello/my_ws/build/ir_desription' returned '0': CMAKE_PREFIX_PATH=${CMAKE_PREFIX_PATH}:/opt/ros/jazzy DEBUGINFOD_URLS=https://debuginfod.ubuntu.com /usr/bin/cmake --build /home/michele-zarantonello/my_ws/build/ir_desription -- -j8 -l8
[0.151s] Invoking command in '/home/michele-zarantonello/my_ws/build/ir_desription': CMAKE_PREFIX_PATH=${CMAKE_PREFIX_PATH}:/opt/ros/jazzy DEBUGINFOD_URLS=https://debuginfod.ubuntu.com /usr/bin/cmake --install /home/michele-zarantonello/my_ws/build/ir_desription
[0.196s] -- Install configuration: ""
[0.206s] -- Up-to-date: /home/michele-zarantonello/my_ws/install/ir_desription/share/ament_index/resource_index/package_run_dependencies/ir_desription
[0.207s] -- Up-to-date: /home/michele-zarantonello/my_ws/install/ir_desription/share/ament_index/resource_index/parent_prefix_path/ir_desription
[0.208s] -- Up-to-date: /home/michele-zarantonello/my_ws/install/ir_desription/share/ir_desription/environment/ament_prefix_path.sh
[0.209s] -- Up-to-date: /home/michele-zarantonello/my_ws/install/ir_desription/share/ir_desription/environment/ament_prefix_path.dsv
[0.209s] -- Up-to-date: /home/michele-zarantonello/my_ws/install/ir_desription/share/ir_desription/environment/path.sh
[0.209s] -- Up-to-date: /home/michele-zarantonello/my_ws/install/ir_desription/share/ir_desription/environment/path.dsv
[0.210s] -- Up-to-date: /home/michele-zarantonello/my_ws/install/ir_desription/share/ir_desription/local_setup.bash
[0.210s] -- Up-to-date: /home/michele-zarantonello/my_ws/install/ir_desription/share/ir_desription/local_setup.sh
[0.210s] -- Up-to-date: /home/michele-zarantonello/my_ws/install/ir_desription/share/ir_desription/local_setup.zsh
[0.210s] -- Up-to-date: /home/michele-zarantonello/my_ws/install/ir_desription/share/ir_desription/local_setup.dsv
[0.210s] -- Installing: /home/michele-zarantonello/my_ws/install/ir_desription/share/ir_desription/package.dsv
[0.215s] -- Up-to-date: /home/michele-zarantonello/my_ws/install/ir_desription/share/ament_index/resource_index/packages/ir_desription
[0.215s] -- Up-to-date: /home/michele-zarantonello/my_ws/install/ir_desription/share/ir_desription/cmake/ir_desriptionConfig.cmake
[0.215s] -- Up-to-date: /home/michele-zarantonello/my_ws/install/ir_desription/share/ir_desription/cmake/ir_desriptionConfig-version.cmake
[0.215s] -- Up-to-date: /home/michele-zarantonello/my_ws/install/ir_desription/share/ir_desription/package.xml
[0.216s] -- Up-to-date: /home/michele-zarantonello/my_ws/install/ir_desription/share/ir_desription/meshes
[0.219s] -- Up-to-date: /home/michele-zarantonello/my_ws/install/ir_desription/share/ir_desription/meshes/ur5
[0.219s] -- Up-to-date: /home/michele-zarantonello/my_ws/install/ir_desription/share/ir_desription/meshes/ur5/visual
[0.219s] -- Up-to-date: /home/michele-zarantonello/my_ws/install/ir_desription/share/ir_desription/meshes/ur5/visual/shoulder.dae
[0.219s] -- Up-to-date: /home/michele-zarantonello/my_ws/install/ir_desription/share/ir_desription/meshes/ur5/visual/wrist2.dae
[0.219s] -- Up-to-date: /home/michele-zarantonello/my_ws/install/ir_desription/share/ir_desription/meshes/ur5/visual/forearm.dae
[0.220s] -- Up-to-date: /home/michele-zarantonello/my_ws/install/ir_desription/share/ir_desription/meshes/ur5/visual/base.dae
[0.220s] -- Up-to-date: /home/michele-zarantonello/my_ws/install/ir_desription/share/ir_desription/meshes/ur5/visual/upperarm.dae
[0.220s] -- Up-to-date: /home/michele-zarantonello/my_ws/install/ir_desription/share/ir_desription/meshes/ur5/visual/wrist1.dae
[0.220s] -- Up-to-date: /home/michele-zarantonello/my_ws/install/ir_desription/share/ir_desription/meshes/ur5/visual/wrist3.dae
[0.220s] -- Up-to-date: /home/michele-zarantonello/my_ws/install/ir_desription/share/ir_desription/meshes/ur5/collision
[0.220s] -- Up-to-date: /home/michele-zarantonello/my_ws/install/ir_desription/share/ir_desription/meshes/ur5/collision/shoulder.stl
[0.221s] -- Up-to-date: /home/michele-zarantonello/my_ws/install/ir_desription/share/ir_desription/meshes/ur5/collision/wrist2.stl
[0.221s] -- Up-to-date: /home/michele-zarantonello/my_ws/install/ir_desription/share/ir_desription/meshes/ur5/collision/wrist1.stl
[0.221s] -- Up-to-date: /home/michele-zarantonello/my_ws/install/ir_desription/share/ir_desription/meshes/ur5/collision/upperarm.stl
[0.221s] -- Up-to-date: /home/michele-zarantonello/my_ws/install/ir_desription/share/ir_desription/meshes/ur5/collision/wrist3.stl
[0.240s] -- Up-to-date: /home/michele-zarantonello/my_ws/install/ir_desription/share/ir_desription/meshes/ur5/collision/forearm.stl
[0.241s] -- Up-to-date: /home/michele-zarantonello/my_ws/install/ir_desription/share/ir_desription/meshes/ur5/collision/base.stl
[0.241s] -- Up-to-date: /home/michele-zarantonello/my_ws/install/ir_desription/share/ir_desription/config
[0.241s] -- Up-to-date: /home/michele-zarantonello/my_ws/install/ir_desription/share/ir_desription/config/ur5
[0.245s] -- Up-to-date: /home/michele-zarantonello/my_ws/install/ir_desription/share/ir_desription/config/ur5/default_kinematics.yaml
[0.247s] -- Up-to-date: /home/michele-zarantonello/my_ws/install/ir_desription/share/ir_desription/config/ur5/physical_parameters.yaml
[0.248s] -- Up-to-date: /home/michele-zarantonello/my_ws/install/ir_desription/share/ir_desription/config/ur5/joint_limits.yaml
[0.248s] -- Up-to-date: /home/michele-zarantonello/my_ws/install/ir_desription/share/ir_desription/config/ur5/visual_parameters.yaml
[0.249s] -- Up-to-date: /home/michele-zarantonello/my_ws/install/ir_desription/share/ir_desription/config/initial_positions.yaml
[0.249s] -- Up-to-date: /home/michele-zarantonello/my_ws/install/ir_desription/share/ir_desription/urdf
[0.255s] -- Up-to-date: /home/michele-zarantonello/my_ws/install/ir_desription/share/ir_desription/urdf/ur_gripper_backup.urdf
[0.255s] -- Up-to-date: /home/michele-zarantonello/my_ws/install/ir_desription/share/ir_desription/urdf/robotiq_d.urdf
[0.256s] -- Up-to-date: /home/michele-zarantonello/my_ws/install/ir_desription/share/ir_desription/urdf/ros2_control_mock_hardware.xacro
[0.256s] -- Up-to-date: /home/michele-zarantonello/my_ws/install/ir_desription/share/ir_desription/urdf/original.urdf
[0.256s] -- Up-to-date: /home/michele-zarantonello/my_ws/install/ir_desription/share/ir_desription/urdf/ur_macro.xacro
[0.256s] -- Up-to-date: /home/michele-zarantonello/my_ws/install/ir_desription/share/ir_desription/urdf/ur.urdf.xacro
[0.256s] -- Up-to-date: /home/michele-zarantonello/my_ws/install/ir_desription/share/ir_desription/urdf/ur_gripper.urdf.xacro
[0.257s] -- Up-to-date: /home/michele-zarantonello/my_ws/install/ir_desription/share/ir_desription/urdf/ur_gripper_base.urdf
[0.257s] -- Up-to-date: /home/michele-zarantonello/my_ws/install/ir_desription/share/ir_desription/urdf/ur_mocked.urdf.xacro
[0.257s] -- Up-to-date: /home/michele-zarantonello/my_ws/install/ir_desription/share/ir_desription/urdf/inc
[0.258s] -- Up-to-date: /home/michele-zarantonello/my_ws/install/ir_desription/share/ir_desription/urdf/inc/ur_common.xacro
[0.258s] -- Up-to-date: /home/michele-zarantonello/my_ws/install/ir_desription/share/ir_desription/urdf/inc/ur_sensors.xacro
[0.259s] -- Up-to-date: /home/michele-zarantonello/my_ws/install/ir_desription/share/ir_desription/urdf/inc/ur_joint_control.xacro
[0.259s] -- Up-to-date: /home/michele-zarantonello/my_ws/install/ir_desription/share/ir_desription/urdf/inc/ur_transmissions.xacro
[0.259s] -- Up-to-date: /home/michele-zarantonello/my_ws/install/ir_desription/share/ir_desription/urdf/ur_gripper.urdf
[0.261s] -- Up-to-date: /home/michele-zarantonello/my_ws/install/ir_desription/share/ir_desription/urdf/ur_gz.ros2_control.xacro
[0.313s] Invoked command in '/home/michele-zarantonello/my_ws/build/ir_desription' returned '0': CMAKE_PREFIX_PATH=${CMAKE_PREFIX_PATH}:/opt/ros/jazzy DEBUGINFOD_URLS=https://debuginfod.ubuntu.com /usr/bin/cmake --install /home/michele-zarantonello/my_ws/build/ir_desription
