[0.133s] DEBUG:colcon:Command line arguments: ['/usr/bin/colcon', 'build']
[0.133s] DEBUG:colcon:Parsed command line arguments: Namespace(log_base=None, log_level=None, verb_name='build', build_base='build', install_base='install', merge_install=False, symlink_install=False, test_result_base=None, continue_on_error=False, executor='parallel', parallel_workers=8, event_handlers=None, ignore_user_meta=False, metas=['./colcon.meta'], base_paths=['.'], packages_ignore=None, packages_ignore_regex=None, paths=None, packages_up_to=None, packages_up_to_regex=None, packages_above=None, packages_above_and_dependencies=None, packages_above_depth=None, packages_select_by_dep=None, packages_skip_by_dep=None, packages_skip_up_to=None, packages_select_build_failed=False, packages_skip_build_finished=False, packages_select_test_failures=False, packages_skip_test_passed=False, packages_select=None, packages_skip=None, packages_select_regex=None, packages_skip_regex=None, packages_start=None, packages_end=None, allow_overriding=[], cmake_args=None, cmake_target=None, cmake_target_skip_unavailable=False, cmake_clean_cache=False, cmake_clean_first=False, cmake_force_configure=False, ament_cmake_args=None, catkin_cmake_args=None, catkin_skip_building_tests=False, mixin_files=None, mixin=None, verb_parser=<colcon_mixin.mixin.mixin_argument.MixinArgumentDecorator object at 0x7ac3a56831d0>, verb_extension=<colcon_core.verb.build.BuildVerb object at 0x7ac3a57b2f60>, main=<bound method BuildVerb.main of <colcon_core.verb.build.BuildVerb object at 0x7ac3a57b2f60>>, mixin_verb=('build',))
[0.170s] Level 1:colcon.colcon_core.package_discovery:discover_packages(colcon_meta) check parameters
[0.171s] Level 1:colcon.colcon_core.package_discovery:discover_packages(recursive) check parameters
[0.171s] Level 1:colcon.colcon_core.package_discovery:discover_packages(ignore) check parameters
[0.171s] Level 1:colcon.colcon_core.package_discovery:discover_packages(path) check parameters
[0.171s] Level 1:colcon.colcon_core.package_discovery:discover_packages(colcon_meta) discover
[0.171s] Level 1:colcon.colcon_core.package_discovery:discover_packages(recursive) discover
[0.171s] INFO:colcon.colcon_core.package_discovery:Crawling recursively for packages in '/home/michele-zarantonello/my_ws'
[0.171s] Level 1:colcon.colcon_core.package_identification:_identify(.) by extensions ['ignore', 'ignore_ament_install']
[0.171s] Level 1:colcon.colcon_core.package_identification:_identify(.) by extension 'ignore'
[0.171s] Level 1:colcon.colcon_core.package_identification:_identify(.) by extension 'ignore_ament_install'
[0.171s] Level 1:colcon.colcon_core.package_identification:_identify(.) by extensions ['colcon_pkg']
[0.171s] Level 1:colcon.colcon_core.package_identification:_identify(.) by extension 'colcon_pkg'
[0.171s] Level 1:colcon.colcon_core.package_identification:_identify(.) by extensions ['colcon_meta']
[0.171s] Level 1:colcon.colcon_core.package_identification:_identify(.) by extension 'colcon_meta'
[0.171s] Level 1:colcon.colcon_core.package_identification:_identify(.) by extensions ['ros']
[0.171s] Level 1:colcon.colcon_core.package_identification:_identify(.) by extension 'ros'
[0.195s] Level 1:colcon.colcon_core.package_identification:_identify(.) by extensions ['cmake', 'python']
[0.195s] Level 1:colcon.colcon_core.package_identification:_identify(.) by extension 'cmake'
[0.195s] Level 1:colcon.colcon_core.package_identification:_identify(.) by extension 'python'
[0.195s] Level 1:colcon.colcon_core.package_identification:_identify(.) by extensions ['python_setup_py']
[0.195s] Level 1:colcon.colcon_core.package_identification:_identify(.) by extension 'python_setup_py'
[0.196s] Level 1:colcon.colcon_core.package_identification:_identify(build) by extensions ['ignore', 'ignore_ament_install']
[0.196s] Level 1:colcon.colcon_core.package_identification:_identify(build) by extension 'ignore'
[0.196s] Level 1:colcon.colcon_core.package_identification:_identify(build) ignored
[0.196s] Level 1:colcon.colcon_core.package_identification:_identify(install) by extensions ['ignore', 'ignore_ament_install']
[0.196s] Level 1:colcon.colcon_core.package_identification:_identify(install) by extension 'ignore'
[0.196s] Level 1:colcon.colcon_core.package_identification:_identify(install) ignored
[0.196s] Level 1:colcon.colcon_core.package_identification:_identify(log) by extensions ['ignore', 'ignore_ament_install']
[0.196s] Level 1:colcon.colcon_core.package_identification:_identify(log) by extension 'ignore'
[0.196s] Level 1:colcon.colcon_core.package_identification:_identify(log) ignored
[0.196s] Level 1:colcon.colcon_core.package_identification:_identify(src) by extensions ['ignore', 'ignore_ament_install']
[0.197s] Level 1:colcon.colcon_core.package_identification:_identify(src) by extension 'ignore'
[0.197s] Level 1:colcon.colcon_core.package_identification:_identify(src) by extension 'ignore_ament_install'
[0.197s] Level 1:colcon.colcon_core.package_identification:_identify(src) by extensions ['colcon_pkg']
[0.197s] Level 1:colcon.colcon_core.package_identification:_identify(src) by extension 'colcon_pkg'
[0.197s] Level 1:colcon.colcon_core.package_identification:_identify(src) by extensions ['colcon_meta']
[0.197s] Level 1:colcon.colcon_core.package_identification:_identify(src) by extension 'colcon_meta'
[0.197s] Level 1:colcon.colcon_core.package_identification:_identify(src) by extensions ['ros']
[0.197s] Level 1:colcon.colcon_core.package_identification:_identify(src) by extension 'ros'
[0.197s] Level 1:colcon.colcon_core.package_identification:_identify(src) by extensions ['cmake', 'python']
[0.197s] Level 1:colcon.colcon_core.package_identification:_identify(src) by extension 'cmake'
[0.197s] Level 1:colcon.colcon_core.package_identification:_identify(src) by extension 'python'
[0.197s] Level 1:colcon.colcon_core.package_identification:_identify(src) by extensions ['python_setup_py']
[0.197s] Level 1:colcon.colcon_core.package_identification:_identify(src) by extension 'python_setup_py'
[0.197s] Level 1:colcon.colcon_core.package_identification:_identify(src/ir_2526) by extensions ['ignore', 'ignore_ament_install']
[0.197s] Level 1:colcon.colcon_core.package_identification:_identify(src/ir_2526) by extension 'ignore'
[0.197s] Level 1:colcon.colcon_core.package_identification:_identify(src/ir_2526) by extension 'ignore_ament_install'
[0.197s] Level 1:colcon.colcon_core.package_identification:_identify(src/ir_2526) by extensions ['colcon_pkg']
[0.197s] Level 1:colcon.colcon_core.package_identification:_identify(src/ir_2526) by extension 'colcon_pkg'
[0.197s] Level 1:colcon.colcon_core.package_identification:_identify(src/ir_2526) by extensions ['colcon_meta']
[0.198s] Level 1:colcon.colcon_core.package_identification:_identify(src/ir_2526) by extension 'colcon_meta'
[0.198s] Level 1:colcon.colcon_core.package_identification:_identify(src/ir_2526) by extensions ['ros']
[0.198s] Level 1:colcon.colcon_core.package_identification:_identify(src/ir_2526) by extension 'ros'
[0.198s] Level 1:colcon.colcon_core.package_identification:_identify(src/ir_2526) by extensions ['cmake', 'python']
[0.198s] Level 1:colcon.colcon_core.package_identification:_identify(src/ir_2526) by extension 'cmake'
[0.198s] Level 1:colcon.colcon_core.package_identification:_identify(src/ir_2526) by extension 'python'
[0.198s] Level 1:colcon.colcon_core.package_identification:_identify(src/ir_2526) by extensions ['python_setup_py']
[0.198s] Level 1:colcon.colcon_core.package_identification:_identify(src/ir_2526) by extension 'python_setup_py'
[0.198s] Level 1:colcon.colcon_core.package_identification:_identify(src/ir_2526/apriltag_ros) by extensions ['ignore', 'ignore_ament_install']
[0.198s] Level 1:colcon.colcon_core.package_identification:_identify(src/ir_2526/apriltag_ros) by extension 'ignore'
[0.198s] Level 1:colcon.colcon_core.package_identification:_identify(src/ir_2526/apriltag_ros) by extension 'ignore_ament_install'
[0.198s] Level 1:colcon.colcon_core.package_identification:_identify(src/ir_2526/apriltag_ros) by extensions ['colcon_pkg']
[0.198s] Level 1:colcon.colcon_core.package_identification:_identify(src/ir_2526/apriltag_ros) by extension 'colcon_pkg'
[0.198s] Level 1:colcon.colcon_core.package_identification:_identify(src/ir_2526/apriltag_ros) by extensions ['colcon_meta']
[0.198s] Level 1:colcon.colcon_core.package_identification:_identify(src/ir_2526/apriltag_ros) by extension 'colcon_meta'
[0.198s] Level 1:colcon.colcon_core.package_identification:_identify(src/ir_2526/apriltag_ros) by extensions ['ros']
[0.198s] Level 1:colcon.colcon_core.package_identification:_identify(src/ir_2526/apriltag_ros) by extension 'ros'
[0.203s] DEBUG:colcon.colcon_core.package_identification:Package 'src/ir_2526/apriltag_ros' with type 'ros.ament_cmake' and name 'apriltag_ros'
[0.203s] Level 1:colcon.colcon_core.package_identification:_identify(src/ir_2526/ir_base) by extensions ['ignore', 'ignore_ament_install']
[0.203s] Level 1:colcon.colcon_core.package_identification:_identify(src/ir_2526/ir_base) by extension 'ignore'
[0.203s] Level 1:colcon.colcon_core.package_identification:_identify(src/ir_2526/ir_base) by extension 'ignore_ament_install'
[0.203s] Level 1:colcon.colcon_core.package_identification:_identify(src/ir_2526/ir_base) by extensions ['colcon_pkg']
[0.203s] Level 1:colcon.colcon_core.package_identification:_identify(src/ir_2526/ir_base) by extension 'colcon_pkg'
[0.203s] Level 1:colcon.colcon_core.package_identification:_identify(src/ir_2526/ir_base) by extensions ['colcon_meta']
[0.204s] Level 1:colcon.colcon_core.package_identification:_identify(src/ir_2526/ir_base) by extension 'colcon_meta'
[0.204s] Level 1:colcon.colcon_core.package_identification:_identify(src/ir_2526/ir_base) by extensions ['ros']
[0.204s] Level 1:colcon.colcon_core.package_identification:_identify(src/ir_2526/ir_base) by extension 'ros'
[0.204s] DEBUG:colcon.colcon_core.package_identification:Package 'src/ir_2526/ir_base' with type 'ros.ament_cmake' and name 'ir_base'
[0.204s] Level 1:colcon.colcon_core.package_identification:_identify(src/ir_2526/ir_desription) by extensions ['ignore', 'ignore_ament_install']
[0.204s] Level 1:colcon.colcon_core.package_identification:_identify(src/ir_2526/ir_desription) by extension 'ignore'
[0.204s] Level 1:colcon.colcon_core.package_identification:_identify(src/ir_2526/ir_desription) by extension 'ignore_ament_install'
[0.204s] Level 1:colcon.colcon_core.package_identification:_identify(src/ir_2526/ir_desription) by extensions ['colcon_pkg']
[0.204s] Level 1:colcon.colcon_core.package_identification:_identify(src/ir_2526/ir_desription) by extension 'colcon_pkg'
[0.204s] Level 1:colcon.colcon_core.package_identification:_identify(src/ir_2526/ir_desription) by extensions ['colcon_meta']
[0.205s] Level 1:colcon.colcon_core.package_identification:_identify(src/ir_2526/ir_desription) by extension 'colcon_meta'
[0.205s] Level 1:colcon.colcon_core.package_identification:_identify(src/ir_2526/ir_desription) by extensions ['ros']
[0.205s] Level 1:colcon.colcon_core.package_identification:_identify(src/ir_2526/ir_desription) by extension 'ros'
[0.205s] DEBUG:colcon.colcon_core.package_identification:Package 'src/ir_2526/ir_desription' with type 'ros.ament_cmake' and name 'ir_desription'
[0.205s] Level 1:colcon.colcon_core.package_identification:_identify(src/ir_2526/ir_launch) by extensions ['ignore', 'ignore_ament_install']
[0.205s] Level 1:colcon.colcon_core.package_identification:_identify(src/ir_2526/ir_launch) by extension 'ignore'
[0.205s] Level 1:colcon.colcon_core.package_identification:_identify(src/ir_2526/ir_launch) by extension 'ignore_ament_install'
[0.205s] Level 1:colcon.colcon_core.package_identification:_identify(src/ir_2526/ir_launch) by extensions ['colcon_pkg']
[0.205s] Level 1:colcon.colcon_core.package_identification:_identify(src/ir_2526/ir_launch) by extension 'colcon_pkg'
[0.205s] Level 1:colcon.colcon_core.package_identification:_identify(src/ir_2526/ir_launch) by extensions ['colcon_meta']
[0.205s] Level 1:colcon.colcon_core.package_identification:_identify(src/ir_2526/ir_launch) by extension 'colcon_meta'
[0.206s] Level 1:colcon.colcon_core.package_identification:_identify(src/ir_2526/ir_launch) by extensions ['ros']
[0.206s] Level 1:colcon.colcon_core.package_identification:_identify(src/ir_2526/ir_launch) by extension 'ros'
[0.206s] DEBUG:colcon.colcon_core.package_identification:Package 'src/ir_2526/ir_launch' with type 'ros.ament_cmake' and name 'ir_launch'
[0.206s] Level 1:colcon.colcon_core.package_identification:_identify(src/ir_2526/ir_movit_config) by extensions ['ignore', 'ignore_ament_install']
[0.206s] Level 1:colcon.colcon_core.package_identification:_identify(src/ir_2526/ir_movit_config) by extension 'ignore'
[0.206s] Level 1:colcon.colcon_core.package_identification:_identify(src/ir_2526/ir_movit_config) by extension 'ignore_ament_install'
[0.206s] Level 1:colcon.colcon_core.package_identification:_identify(src/ir_2526/ir_movit_config) by extensions ['colcon_pkg']
[0.206s] Level 1:colcon.colcon_core.package_identification:_identify(src/ir_2526/ir_movit_config) by extension 'colcon_pkg'
[0.206s] Level 1:colcon.colcon_core.package_identification:_identify(src/ir_2526/ir_movit_config) by extensions ['colcon_meta']
[0.206s] Level 1:colcon.colcon_core.package_identification:_identify(src/ir_2526/ir_movit_config) by extension 'colcon_meta'
[0.206s] Level 1:colcon.colcon_core.package_identification:_identify(src/ir_2526/ir_movit_config) by extensions ['ros']
[0.206s] Level 1:colcon.colcon_core.package_identification:_identify(src/ir_2526/ir_movit_config) by extension 'ros'
[0.207s] DEBUG:colcon.colcon_core.package_identification:Package 'src/ir_2526/ir_movit_config' with type 'ros.ament_cmake' and name 'ir_movit_config'
[0.207s] Level 1:colcon.colcon_core.package_identification:_identify(src/my_assignment_1) by extensions ['ignore', 'ignore_ament_install']
[0.207s] Level 1:colcon.colcon_core.package_identification:_identify(src/my_assignment_1) by extension 'ignore'
[0.208s] Level 1:colcon.colcon_core.package_identification:_identify(src/my_assignment_1) by extension 'ignore_ament_install'
[0.208s] Level 1:colcon.colcon_core.package_identification:_identify(src/my_assignment_1) by extensions ['colcon_pkg']
[0.208s] Level 1:colcon.colcon_core.package_identification:_identify(src/my_assignment_1) by extension 'colcon_pkg'
[0.208s] Level 1:colcon.colcon_core.package_identification:_identify(src/my_assignment_1) by extensions ['colcon_meta']
[0.208s] Level 1:colcon.colcon_core.package_identification:_identify(src/my_assignment_1) by extension 'colcon_meta'
[0.208s] Level 1:colcon.colcon_core.package_identification:_identify(src/my_assignment_1) by extensions ['ros']
[0.208s] Level 1:colcon.colcon_core.package_identification:_identify(src/my_assignment_1) by extension 'ros'
[0.208s] Level 1:colcon.colcon_core.package_identification:_identify(src/my_assignment_1) by extensions ['cmake', 'python']
[0.208s] Level 1:colcon.colcon_core.package_identification:_identify(src/my_assignment_1) by extension 'cmake'
[0.208s] Level 1:colcon.colcon_core.package_identification:_identify(src/my_assignment_1) by extension 'python'
[0.208s] Level 1:colcon.colcon_core.package_identification:_identify(src/my_assignment_1) by extensions ['python_setup_py']
[0.208s] Level 1:colcon.colcon_core.package_identification:_identify(src/my_assignment_1) by extension 'python_setup_py'
[0.208s] Level 1:colcon.colcon_core.package_identification:_identify(src/my_assignment_1/my_apriltag) by extensions ['ignore', 'ignore_ament_install']
[0.208s] Level 1:colcon.colcon_core.package_identification:_identify(src/my_assignment_1/my_apriltag) by extension 'ignore'
[0.208s] Level 1:colcon.colcon_core.package_identification:_identify(src/my_assignment_1/my_apriltag) by extension 'ignore_ament_install'
[0.208s] Level 1:colcon.colcon_core.package_identification:_identify(src/my_assignment_1/my_apriltag) by extensions ['colcon_pkg']
[0.208s] Level 1:colcon.colcon_core.package_identification:_identify(src/my_assignment_1/my_apriltag) by extension 'colcon_pkg'
[0.209s] Level 1:colcon.colcon_core.package_identification:_identify(src/my_assignment_1/my_apriltag) by extensions ['colcon_meta']
[0.209s] Level 1:colcon.colcon_core.package_identification:_identify(src/my_assignment_1/my_apriltag) by extension 'colcon_meta'
[0.209s] Level 1:colcon.colcon_core.package_identification:_identify(src/my_assignment_1/my_apriltag) by extensions ['ros']
[0.209s] Level 1:colcon.colcon_core.package_identification:_identify(src/my_assignment_1/my_apriltag) by extension 'ros'
[0.210s] DEBUG:colcon.colcon_core.package_identification:Package 'src/my_assignment_1/my_apriltag' with type 'ros.ament_cmake' and name 'my_apriltag'
[0.210s] Level 1:colcon.colcon_core.package_identification:_identify(src/my_assignment_1/my_launch) by extensions ['ignore', 'ignore_ament_install']
[0.210s] Level 1:colcon.colcon_core.package_identification:_identify(src/my_assignment_1/my_launch) by extension 'ignore'
[0.210s] Level 1:colcon.colcon_core.package_identification:_identify(src/my_assignment_1/my_launch) by extension 'ignore_ament_install'
[0.210s] Level 1:colcon.colcon_core.package_identification:_identify(src/my_assignment_1/my_launch) by extensions ['colcon_pkg']
[0.210s] Level 1:colcon.colcon_core.package_identification:_identify(src/my_assignment_1/my_launch) by extension 'colcon_pkg'
[0.210s] Level 1:colcon.colcon_core.package_identification:_identify(src/my_assignment_1/my_launch) by extensions ['colcon_meta']
[0.210s] Level 1:colcon.colcon_core.package_identification:_identify(src/my_assignment_1/my_launch) by extension 'colcon_meta'
[0.210s] Level 1:colcon.colcon_core.package_identification:_identify(src/my_assignment_1/my_launch) by extensions ['ros']
[0.210s] Level 1:colcon.colcon_core.package_identification:_identify(src/my_assignment_1/my_launch) by extension 'ros'
[0.211s] DEBUG:colcon.colcon_core.package_identification:Package 'src/my_assignment_1/my_launch' with type 'ros.ament_cmake' and name 'my_launch'
[0.211s] Level 1:colcon.colcon_core.package_identification:_identify(src/my_assignment_1/my_navigation) by extensions ['ignore', 'ignore_ament_install']
[0.211s] Level 1:colcon.colcon_core.package_identification:_identify(src/my_assignment_1/my_navigation) by extension 'ignore'
[0.211s] Level 1:colcon.colcon_core.package_identification:_identify(src/my_assignment_1/my_navigation) by extension 'ignore_ament_install'
[0.211s] Level 1:colcon.colcon_core.package_identification:_identify(src/my_assignment_1/my_navigation) by extensions ['colcon_pkg']
[0.211s] Level 1:colcon.colcon_core.package_identification:_identify(src/my_assignment_1/my_navigation) by extension 'colcon_pkg'
[0.211s] Level 1:colcon.colcon_core.package_identification:_identify(src/my_assignment_1/my_navigation) by extensions ['colcon_meta']
[0.211s] Level 1:colcon.colcon_core.package_identification:_identify(src/my_assignment_1/my_navigation) by extension 'colcon_meta'
[0.211s] Level 1:colcon.colcon_core.package_identification:_identify(src/my_assignment_1/my_navigation) by extensions ['ros']
[0.211s] Level 1:colcon.colcon_core.package_identification:_identify(src/my_assignment_1/my_navigation) by extension 'ros'
[0.212s] DEBUG:colcon.colcon_core.package_identification:Package 'src/my_assignment_1/my_navigation' with type 'ros.ament_cmake' and name 'my_navigation'
[0.212s] Level 1:colcon.colcon_core.package_discovery:discover_packages(recursive) using defaults
[0.212s] Level 1:colcon.colcon_core.package_discovery:discover_packages(ignore) discover
[0.212s] Level 1:colcon.colcon_core.package_discovery:discover_packages(ignore) using defaults
[0.212s] Level 1:colcon.colcon_core.package_discovery:discover_packages(path) discover
[0.213s] Level 1:colcon.colcon_core.package_discovery:discover_packages(path) using defaults
[0.230s] Level 1:colcon.colcon_core.package_discovery:discover_packages(prefix_path) check parameters
[0.230s] Level 1:colcon.colcon_core.package_discovery:discover_packages(prefix_path) discover
[0.232s] DEBUG:colcon.colcon_installed_package_information.package_discovery:Found 9 installed packages in /home/michele-zarantonello/my_ws/install
[0.234s] DEBUG:colcon.colcon_installed_package_information.package_discovery:Found 472 installed packages in /opt/ros/jazzy
[0.235s] Level 1:colcon.colcon_core.package_discovery:discover_packages(prefix_path) using defaults
[0.313s] Level 5:colcon.colcon_core.verb:set package 'apriltag_ros' build argument 'cmake_args' from command line to 'None'
[0.314s] Level 5:colcon.colcon_core.verb:set package 'apriltag_ros' build argument 'cmake_target' from command line to 'None'
[0.314s] Level 5:colcon.colcon_core.verb:set package 'apriltag_ros' build argument 'cmake_target_skip_unavailable' from command line to 'False'
[0.314s] Level 5:colcon.colcon_core.verb:set package 'apriltag_ros' build argument 'cmake_clean_cache' from command line to 'False'
[0.314s] Level 5:colcon.colcon_core.verb:set package 'apriltag_ros' build argument 'cmake_clean_first' from command line to 'False'
[0.314s] Level 5:colcon.colcon_core.verb:set package 'apriltag_ros' build argument 'cmake_force_configure' from command line to 'False'
[0.314s] Level 5:colcon.colcon_core.verb:set package 'apriltag_ros' build argument 'ament_cmake_args' from command line to 'None'
[0.314s] Level 5:colcon.colcon_core.verb:set package 'apriltag_ros' build argument 'catkin_cmake_args' from command line to 'None'
[0.314s] Level 5:colcon.colcon_core.verb:set package 'apriltag_ros' build argument 'catkin_skip_building_tests' from command line to 'False'
[0.314s] DEBUG:colcon.colcon_core.verb:Building package 'apriltag_ros' with the following arguments: {'ament_cmake_args': None, 'build_base': '/home/michele-zarantonello/my_ws/build/apriltag_ros', 'catkin_cmake_args': None, 'catkin_skip_building_tests': False, 'cmake_args': None, 'cmake_clean_cache': False, 'cmake_clean_first': False, 'cmake_force_configure': False, 'cmake_target': None, 'cmake_target_skip_unavailable': False, 'install_base': '/home/michele-zarantonello/my_ws/install/apriltag_ros', 'merge_install': False, 'path': '/home/michele-zarantonello/my_ws/src/ir_2526/apriltag_ros', 'symlink_install': False, 'test_result_base': None}
[0.314s] Level 5:colcon.colcon_core.verb:set package 'ir_base' build argument 'cmake_args' from command line to 'None'
[0.314s] Level 5:colcon.colcon_core.verb:set package 'ir_base' build argument 'cmake_target' from command line to 'None'
[0.314s] Level 5:colcon.colcon_core.verb:set package 'ir_base' build argument 'cmake_target_skip_unavailable' from command line to 'False'
[0.314s] Level 5:colcon.colcon_core.verb:set package 'ir_base' build argument 'cmake_clean_cache' from command line to 'False'
[0.314s] Level 5:colcon.colcon_core.verb:set package 'ir_base' build argument 'cmake_clean_first' from command line to 'False'
[0.314s] Level 5:colcon.colcon_core.verb:set package 'ir_base' build argument 'cmake_force_configure' from command line to 'False'
[0.314s] Level 5:colcon.colcon_core.verb:set package 'ir_base' build argument 'ament_cmake_args' from command line to 'None'
[0.314s] Level 5:colcon.colcon_core.verb:set package 'ir_base' build argument 'catkin_cmake_args' from command line to 'None'
[0.314s] Level 5:colcon.colcon_core.verb:set package 'ir_base' build argument 'catkin_skip_building_tests' from command line to 'False'
[0.314s] DEBUG:colcon.colcon_core.verb:Building package 'ir_base' with the following arguments: {'ament_cmake_args': None, 'build_base': '/home/michele-zarantonello/my_ws/build/ir_base', 'catkin_cmake_args': None, 'catkin_skip_building_tests': False, 'cmake_args': None, 'cmake_clean_cache': False, 'cmake_clean_first': False, 'cmake_force_configure': False, 'cmake_target': None, 'cmake_target_skip_unavailable': False, 'install_base': '/home/michele-zarantonello/my_ws/install/ir_base', 'merge_install': False, 'path': '/home/michele-zarantonello/my_ws/src/ir_2526/ir_base', 'symlink_install': False, 'test_result_base': None}
[0.315s] Level 5:colcon.colcon_core.verb:set package 'ir_desription' build argument 'cmake_args' from command line to 'None'
[0.315s] Level 5:colcon.colcon_core.verb:set package 'ir_desription' build argument 'cmake_target' from command line to 'None'
[0.315s] Level 5:colcon.colcon_core.verb:set package 'ir_desription' build argument 'cmake_target_skip_unavailable' from command line to 'False'
[0.315s] Level 5:colcon.colcon_core.verb:set package 'ir_desription' build argument 'cmake_clean_cache' from command line to 'False'
[0.315s] Level 5:colcon.colcon_core.verb:set package 'ir_desription' build argument 'cmake_clean_first' from command line to 'False'
[0.315s] Level 5:colcon.colcon_core.verb:set package 'ir_desription' build argument 'cmake_force_configure' from command line to 'False'
[0.315s] Level 5:colcon.colcon_core.verb:set package 'ir_desription' build argument 'ament_cmake_args' from command line to 'None'
[0.315s] Level 5:colcon.colcon_core.verb:set package 'ir_desription' build argument 'catkin_cmake_args' from command line to 'None'
[0.315s] Level 5:colcon.colcon_core.verb:set package 'ir_desription' build argument 'catkin_skip_building_tests' from command line to 'False'
[0.315s] DEBUG:colcon.colcon_core.verb:Building package 'ir_desription' with the following arguments: {'ament_cmake_args': None, 'build_base': '/home/michele-zarantonello/my_ws/build/ir_desription', 'catkin_cmake_args': None, 'catkin_skip_building_tests': False, 'cmake_args': None, 'cmake_clean_cache': False, 'cmake_clean_first': False, 'cmake_force_configure': False, 'cmake_target': None, 'cmake_target_skip_unavailable': False, 'install_base': '/home/michele-zarantonello/my_ws/install/ir_desription', 'merge_install': False, 'path': '/home/michele-zarantonello/my_ws/src/ir_2526/ir_desription', 'symlink_install': False, 'test_result_base': None}
[0.315s] Level 5:colcon.colcon_core.verb:set package 'ir_launch' build argument 'cmake_args' from command line to 'None'
[0.315s] Level 5:colcon.colcon_core.verb:set package 'ir_launch' build argument 'cmake_target' from command line to 'None'
[0.315s] Level 5:colcon.colcon_core.verb:set package 'ir_launch' build argument 'cmake_target_skip_unavailable' from command line to 'False'
[0.315s] Level 5:colcon.colcon_core.verb:set package 'ir_launch' build argument 'cmake_clean_cache' from command line to 'False'
[0.315s] Level 5:colcon.colcon_core.verb:set package 'ir_launch' build argument 'cmake_clean_first' from command line to 'False'
[0.315s] Level 5:colcon.colcon_core.verb:set package 'ir_launch' build argument 'cmake_force_configure' from command line to 'False'
[0.315s] Level 5:colcon.colcon_core.verb:set package 'ir_launch' build argument 'ament_cmake_args' from command line to 'None'
[0.315s] Level 5:colcon.colcon_core.verb:set package 'ir_launch' build argument 'catkin_cmake_args' from command line to 'None'
[0.315s] Level 5:colcon.colcon_core.verb:set package 'ir_launch' build argument 'catkin_skip_building_tests' from command line to 'False'
[0.315s] DEBUG:colcon.colcon_core.verb:Building package 'ir_launch' with the following arguments: {'ament_cmake_args': None, 'build_base': '/home/michele-zarantonello/my_ws/build/ir_launch', 'catkin_cmake_args': None, 'catkin_skip_building_tests': False, 'cmake_args': None, 'cmake_clean_cache': False, 'cmake_clean_first': False, 'cmake_force_configure': False, 'cmake_target': None, 'cmake_target_skip_unavailable': False, 'install_base': '/home/michele-zarantonello/my_ws/install/ir_launch', 'merge_install': False, 'path': '/home/michele-zarantonello/my_ws/src/ir_2526/ir_launch', 'symlink_install': False, 'test_result_base': None}
[0.316s] Level 5:colcon.colcon_core.verb:set package 'my_apriltag' build argument 'cmake_args' from command line to 'None'
[0.316s] Level 5:colcon.colcon_core.verb:set package 'my_apriltag' build argument 'cmake_target' from command line to 'None'
[0.316s] Level 5:colcon.colcon_core.verb:set package 'my_apriltag' build argument 'cmake_target_skip_unavailable' from command line to 'False'
[0.316s] Level 5:colcon.colcon_core.verb:set package 'my_apriltag' build argument 'cmake_clean_cache' from command line to 'False'
[0.316s] Level 5:colcon.colcon_core.verb:set package 'my_apriltag' build argument 'cmake_clean_first' from command line to 'False'
[0.316s] Level 5:colcon.colcon_core.verb:set package 'my_apriltag' build argument 'cmake_force_configure' from command line to 'False'
[0.316s] Level 5:colcon.colcon_core.verb:set package 'my_apriltag' build argument 'ament_cmake_args' from command line to 'None'
[0.316s] Level 5:colcon.colcon_core.verb:set package 'my_apriltag' build argument 'catkin_cmake_args' from command line to 'None'
[0.316s] Level 5:colcon.colcon_core.verb:set package 'my_apriltag' build argument 'catkin_skip_building_tests' from command line to 'False'
[0.316s] DEBUG:colcon.colcon_core.verb:Building package 'my_apriltag' with the following arguments: {'ament_cmake_args': None, 'build_base': '/home/michele-zarantonello/my_ws/build/my_apriltag', 'catkin_cmake_args': None, 'catkin_skip_building_tests': False, 'cmake_args': None, 'cmake_clean_cache': False, 'cmake_clean_first': False, 'cmake_force_configure': False, 'cmake_target': None, 'cmake_target_skip_unavailable': False, 'install_base': '/home/michele-zarantonello/my_ws/install/my_apriltag', 'merge_install': False, 'path': '/home/michele-zarantonello/my_ws/src/my_assignment_1/my_apriltag', 'symlink_install': False, 'test_result_base': None}
[0.316s] Level 5:colcon.colcon_core.verb:set package 'my_launch' build argument 'cmake_args' from command line to 'None'
[0.316s] Level 5:colcon.colcon_core.verb:set package 'my_launch' build argument 'cmake_target' from command line to 'None'
[0.316s] Level 5:colcon.colcon_core.verb:set package 'my_launch' build argument 'cmake_target_skip_unavailable' from command line to 'False'
[0.316s] Level 5:colcon.colcon_core.verb:set package 'my_launch' build argument 'cmake_clean_cache' from command line to 'False'
[0.316s] Level 5:colcon.colcon_core.verb:set package 'my_launch' build argument 'cmake_clean_first' from command line to 'False'
[0.316s] Level 5:colcon.colcon_core.verb:set package 'my_launch' build argument 'cmake_force_configure' from command line to 'False'
[0.316s] Level 5:colcon.colcon_core.verb:set package 'my_launch' build argument 'ament_cmake_args' from command line to 'None'
[0.316s] Level 5:colcon.colcon_core.verb:set package 'my_launch' build argument 'catkin_cmake_args' from command line to 'None'
[0.316s] Level 5:colcon.colcon_core.verb:set package 'my_launch' build argument 'catkin_skip_building_tests' from command line to 'False'
[0.316s] DEBUG:colcon.colcon_core.verb:Building package 'my_launch' with the following arguments: {'ament_cmake_args': None, 'build_base': '/home/michele-zarantonello/my_ws/build/my_launch', 'catkin_cmake_args': None, 'catkin_skip_building_tests': False, 'cmake_args': None, 'cmake_clean_cache': False, 'cmake_clean_first': False, 'cmake_force_configure': False, 'cmake_target': None, 'cmake_target_skip_unavailable': False, 'install_base': '/home/michele-zarantonello/my_ws/install/my_launch', 'merge_install': False, 'path': '/home/michele-zarantonello/my_ws/src/my_assignment_1/my_launch', 'symlink_install': False, 'test_result_base': None}
[0.317s] Level 5:colcon.colcon_core.verb:set package 'my_navigation' build argument 'cmake_args' from command line to 'None'
[0.317s] Level 5:colcon.colcon_core.verb:set package 'my_navigation' build argument 'cmake_target' from command line to 'None'
[0.317s] Level 5:colcon.colcon_core.verb:set package 'my_navigation' build argument 'cmake_target_skip_unavailable' from command line to 'False'
[0.317s] Level 5:colcon.colcon_core.verb:set package 'my_navigation' build argument 'cmake_clean_cache' from command line to 'False'
[0.317s] Level 5:colcon.colcon_core.verb:set package 'my_navigation' build argument 'cmake_clean_first' from command line to 'False'
[0.317s] Level 5:colcon.colcon_core.verb:set package 'my_navigation' build argument 'cmake_force_configure' from command line to 'False'
[0.317s] Level 5:colcon.colcon_core.verb:set package 'my_navigation' build argument 'ament_cmake_args' from command line to 'None'
[0.317s] Level 5:colcon.colcon_core.verb:set package 'my_navigation' build argument 'catkin_cmake_args' from command line to 'None'
[0.317s] Level 5:colcon.colcon_core.verb:set package 'my_navigation' build argument 'catkin_skip_building_tests' from command line to 'False'
[0.317s] DEBUG:colcon.colcon_core.verb:Building package 'my_navigation' with the following arguments: {'ament_cmake_args': None, 'build_base': '/home/michele-zarantonello/my_ws/build/my_navigation', 'catkin_cmake_args': None, 'catkin_skip_building_tests': False, 'cmake_args': None, 'cmake_clean_cache': False, 'cmake_clean_first': False, 'cmake_force_configure': False, 'cmake_target': None, 'cmake_target_skip_unavailable': False, 'install_base': '/home/michele-zarantonello/my_ws/install/my_navigation', 'merge_install': False, 'path': '/home/michele-zarantonello/my_ws/src/my_assignment_1/my_navigation', 'symlink_install': False, 'test_result_base': None}
[0.317s] Level 5:colcon.colcon_core.verb:set package 'ir_movit_config' build argument 'cmake_args' from command line to 'None'
[0.317s] Level 5:colcon.colcon_core.verb:set package 'ir_movit_config' build argument 'cmake_target' from command line to 'None'
[0.317s] Level 5:colcon.colcon_core.verb:set package 'ir_movit_config' build argument 'cmake_target_skip_unavailable' from command line to 'False'
[0.317s] Level 5:colcon.colcon_core.verb:set package 'ir_movit_config' build argument 'cmake_clean_cache' from command line to 'False'
[0.317s] Level 5:colcon.colcon_core.verb:set package 'ir_movit_config' build argument 'cmake_clean_first' from command line to 'False'
[0.317s] Level 5:colcon.colcon_core.verb:set package 'ir_movit_config' build argument 'cmake_force_configure' from command line to 'False'
[0.317s] Level 5:colcon.colcon_core.verb:set package 'ir_movit_config' build argument 'ament_cmake_args' from command line to 'None'
[0.317s] Level 5:colcon.colcon_core.verb:set package 'ir_movit_config' build argument 'catkin_cmake_args' from command line to 'None'
[0.317s] Level 5:colcon.colcon_core.verb:set package 'ir_movit_config' build argument 'catkin_skip_building_tests' from command line to 'False'
[0.317s] DEBUG:colcon.colcon_core.verb:Building package 'ir_movit_config' with the following arguments: {'ament_cmake_args': None, 'build_base': '/home/michele-zarantonello/my_ws/build/ir_movit_config', 'catkin_cmake_args': None, 'catkin_skip_building_tests': False, 'cmake_args': None, 'cmake_clean_cache': False, 'cmake_clean_first': False, 'cmake_force_configure': False, 'cmake_target': None, 'cmake_target_skip_unavailable': False, 'install_base': '/home/michele-zarantonello/my_ws/install/ir_movit_config', 'merge_install': False, 'path': '/home/michele-zarantonello/my_ws/src/ir_2526/ir_movit_config', 'symlink_install': False, 'test_result_base': None}
[0.317s] INFO:colcon.colcon_core.executor:Executing jobs using 'parallel' executor
[0.318s] DEBUG:colcon.colcon_parallel_executor.executor.parallel:run_until_complete
[0.318s] INFO:colcon.colcon_ros.task.ament_cmake.build:Building ROS package in '/home/michele-zarantonello/my_ws/src/ir_2526/ir_desription' with build type 'ament_cmake'
[0.319s] INFO:colcon.colcon_cmake.task.cmake.build:Building CMake package in '/home/michele-zarantonello/my_ws/src/ir_2526/ir_desription'
[0.320s] INFO:colcon.colcon_core.plugin_system:Skipping extension 'colcon_core.shell.bat': Not used on non-Windows systems
[0.321s] INFO:colcon.colcon_core.shell:Skip shell extension 'powershell' for command environment: Not usable outside of PowerShell
[0.321s] DEBUG:colcon.colcon_core.shell:Skip shell extension 'dsv' for command environment
[0.325s] INFO:colcon.colcon_ros.task.ament_cmake.build:Building ROS package in '/home/michele-zarantonello/my_ws/src/ir_2526/apriltag_ros' with build type 'ament_cmake'
[0.325s] INFO:colcon.colcon_cmake.task.cmake.build:Building CMake package in '/home/michele-zarantonello/my_ws/src/ir_2526/apriltag_ros'
[0.325s] INFO:colcon.colcon_core.shell:Skip shell extension 'powershell' for command environment: Not usable outside of PowerShell
[0.325s] DEBUG:colcon.colcon_core.shell:Skip shell extension 'dsv' for command environment
[0.330s] INFO:colcon.colcon_ros.task.ament_cmake.build:Building ROS package in '/home/michele-zarantonello/my_ws/src/ir_2526/ir_base' with build type 'ament_cmake'
[0.330s] INFO:colcon.colcon_cmake.task.cmake.build:Building CMake package in '/home/michele-zarantonello/my_ws/src/ir_2526/ir_base'
[0.330s] INFO:colcon.colcon_core.shell:Skip shell extension 'powershell' for command environment: Not usable outside of PowerShell
[0.330s] DEBUG:colcon.colcon_core.shell:Skip shell extension 'dsv' for command environment
[0.336s] INFO:colcon.colcon_ros.task.ament_cmake.build:Building ROS package in '/home/michele-zarantonello/my_ws/src/ir_2526/ir_launch' with build type 'ament_cmake'
[0.336s] INFO:colcon.colcon_cmake.task.cmake.build:Building CMake package in '/home/michele-zarantonello/my_ws/src/ir_2526/ir_launch'
[0.337s] INFO:colcon.colcon_core.shell:Skip shell extension 'powershell' for command environment: Not usable outside of PowerShell
[0.337s] DEBUG:colcon.colcon_core.shell:Skip shell extension 'dsv' for command environment
[0.343s] INFO:colcon.colcon_ros.task.ament_cmake.build:Building ROS package in '/home/michele-zarantonello/my_ws/src/my_assignment_1/my_apriltag' with build type 'ament_cmake'
[0.343s] INFO:colcon.colcon_cmake.task.cmake.build:Building CMake package in '/home/michele-zarantonello/my_ws/src/my_assignment_1/my_apriltag'
[0.343s] INFO:colcon.colcon_core.shell:Skip shell extension 'powershell' for command environment: Not usable outside of PowerShell
[0.343s] DEBUG:colcon.colcon_core.shell:Skip shell extension 'dsv' for command environment
[0.348s] INFO:colcon.colcon_ros.task.ament_cmake.build:Building ROS package in '/home/michele-zarantonello/my_ws/src/my_assignment_1/my_launch' with build type 'ament_cmake'
[0.348s] INFO:colcon.colcon_cmake.task.cmake.build:Building CMake package in '/home/michele-zarantonello/my_ws/src/my_assignment_1/my_launch'
[0.348s] INFO:colcon.colcon_core.shell:Skip shell extension 'powershell' for command environment: Not usable outside of PowerShell
[0.348s] DEBUG:colcon.colcon_core.shell:Skip shell extension 'dsv' for command environment
[0.355s] INFO:colcon.colcon_ros.task.ament_cmake.build:Building ROS package in '/home/michele-zarantonello/my_ws/src/my_assignment_1/my_navigation' with build type 'ament_cmake'
[0.355s] INFO:colcon.colcon_cmake.task.cmake.build:Building CMake package in '/home/michele-zarantonello/my_ws/src/my_assignment_1/my_navigation'
[0.355s] INFO:colcon.colcon_core.shell:Skip shell extension 'powershell' for command environment: Not usable outside of PowerShell
[0.356s] DEBUG:colcon.colcon_core.shell:Skip shell extension 'dsv' for command environment
[0.371s] DEBUG:colcon.colcon_core.event_handler.log_command:Invoking command in '/home/michele-zarantonello/my_ws/build/ir_desription': CMAKE_PREFIX_PATH=${CMAKE_PREFIX_PATH}:/opt/ros/jazzy DEBUGINFOD_URLS=https://debuginfod.ubuntu.com /usr/bin/cmake --build /home/michele-zarantonello/my_ws/build/ir_desription -- -j8 -l8
[0.377s] DEBUG:colcon.colcon_core.event_handler.log_command:Invoking command in '/home/michele-zarantonello/my_ws/build/apriltag_ros': CMAKE_PREFIX_PATH=${CMAKE_PREFIX_PATH}:/opt/ros/jazzy DEBUGINFOD_URLS=https://debuginfod.ubuntu.com /usr/bin/cmake --build /home/michele-zarantonello/my_ws/build/apriltag_ros -- -j8 -l8
[0.381s] DEBUG:colcon.colcon_core.event_handler.log_command:Invoking command in '/home/michele-zarantonello/my_ws/build/ir_base': CMAKE_PREFIX_PATH=${CMAKE_PREFIX_PATH}:/opt/ros/jazzy DEBUGINFOD_URLS=https://debuginfod.ubuntu.com /usr/bin/cmake --build /home/michele-zarantonello/my_ws/build/ir_base -- -j8 -l8
[0.386s] DEBUG:colcon.colcon_core.event_handler.log_command:Invoking command in '/home/michele-zarantonello/my_ws/build/ir_launch': CMAKE_PREFIX_PATH=${CMAKE_PREFIX_PATH}:/opt/ros/jazzy DEBUGINFOD_URLS=https://debuginfod.ubuntu.com /usr/bin/cmake --build /home/michele-zarantonello/my_ws/build/ir_launch -- -j8 -l8
[0.390s] DEBUG:colcon.colcon_core.event_handler.log_command:Invoking command in '/home/michele-zarantonello/my_ws/build/my_apriltag': CMAKE_PREFIX_PATH=${CMAKE_PREFIX_PATH}:/opt/ros/jazzy DEBUGINFOD_URLS=https://debuginfod.ubuntu.com /usr/bin/cmake --build /home/michele-zarantonello/my_ws/build/my_apriltag -- -j8 -l8
[0.395s] DEBUG:colcon.colcon_core.event_handler.log_command:Invoking command in '/home/michele-zarantonello/my_ws/build/my_launch': CMAKE_PREFIX_PATH=${CMAKE_PREFIX_PATH}:/opt/ros/jazzy DEBUGINFOD_URLS=https://debuginfod.ubuntu.com /usr/bin/cmake --build /home/michele-zarantonello/my_ws/build/my_launch -- -j8 -l8
[0.409s] DEBUG:colcon.colcon_core.event_handler.log_command:Invoking command in '/home/michele-zarantonello/my_ws/build/my_navigation': CMAKE_PREFIX_PATH=${CMAKE_PREFIX_PATH}:/opt/ros/jazzy DEBUGINFOD_URLS=https://debuginfod.ubuntu.com /usr/bin/cmake --build /home/michele-zarantonello/my_ws/build/my_navigation -- -j8 -l8
[0.447s] DEBUG:colcon.colcon_core.event_handler.log_command:Invoked command in '/home/michele-zarantonello/my_ws/build/ir_desription' returned '0': CMAKE_PREFIX_PATH=${CMAKE_PREFIX_PATH}:/opt/ros/jazzy DEBUGINFOD_URLS=https://debuginfod.ubuntu.com /usr/bin/cmake --build /home/michele-zarantonello/my_ws/build/ir_desription -- -j8 -l8
[0.475s] DEBUG:colcon.colcon_core.event_handler.log_command:Invoking command in '/home/michele-zarantonello/my_ws/build/ir_desription': CMAKE_PREFIX_PATH=${CMAKE_PREFIX_PATH}:/opt/ros/jazzy DEBUGINFOD_URLS=https://debuginfod.ubuntu.com /usr/bin/cmake --install /home/michele-zarantonello/my_ws/build/ir_desription
[0.482s] DEBUG:colcon.colcon_core.event_handler.log_command:Invoked command in '/home/michele-zarantonello/my_ws/build/my_launch' returned '0': CMAKE_PREFIX_PATH=${CMAKE_PREFIX_PATH}:/opt/ros/jazzy DEBUGINFOD_URLS=https://debuginfod.ubuntu.com /usr/bin/cmake --build /home/michele-zarantonello/my_ws/build/my_launch -- -j8 -l8
[0.483s] DEBUG:colcon.colcon_core.event_handler.log_command:Invoking command in '/home/michele-zarantonello/my_ws/build/my_launch': CMAKE_PREFIX_PATH=${CMAKE_PREFIX_PATH}:/opt/ros/jazzy DEBUGINFOD_URLS=https://debuginfod.ubuntu.com /usr/bin/cmake --install /home/michele-zarantonello/my_ws/build/my_launch
[0.491s] DEBUG:colcon.colcon_core.event_handler.log_command:Invoked command in '/home/michele-zarantonello/my_ws/build/ir_launch' returned '0': CMAKE_PREFIX_PATH=${CMAKE_PREFIX_PATH}:/opt/ros/jazzy DEBUGINFOD_URLS=https://debuginfod.ubuntu.com /usr/bin/cmake --build /home/michele-zarantonello/my_ws/build/ir_launch -- -j8 -l8
[0.492s] DEBUG:colcon.colcon_core.event_handler.log_command:Invoking command in '/home/michele-zarantonello/my_ws/build/ir_launch': CMAKE_PREFIX_PATH=${CMAKE_PREFIX_PATH}:/opt/ros/jazzy DEBUGINFOD_URLS=https://debuginfod.ubuntu.com /usr/bin/cmake --install /home/michele-zarantonello/my_ws/build/ir_launch
[0.509s] DEBUG:colcon.colcon_core.event_handler.log_command:Invoked command in '/home/michele-zarantonello/my_ws/build/ir_base' returned '0': CMAKE_PREFIX_PATH=${CMAKE_PREFIX_PATH}:/opt/ros/jazzy DEBUGINFOD_URLS=https://debuginfod.ubuntu.com /usr/bin/cmake --build /home/michele-zarantonello/my_ws/build/ir_base -- -j8 -l8
[0.511s] DEBUG:colcon.colcon_core.event_handler.log_command:Invoking command in '/home/michele-zarantonello/my_ws/build/ir_base': CMAKE_PREFIX_PATH=${CMAKE_PREFIX_PATH}:/opt/ros/jazzy DEBUGINFOD_URLS=https://debuginfod.ubuntu.com /usr/bin/cmake --install /home/michele-zarantonello/my_ws/build/ir_base
[0.515s] Level 1:colcon.colcon_core.environment:create_environment_scripts_only(ir_desription)
[0.540s] Level 1:colcon.colcon_core.environment:checking '/home/michele-zarantonello/my_ws/install/ir_desription' for CMake module files
[0.545s] Level 1:colcon.colcon_core.environment:checking '/home/michele-zarantonello/my_ws/install/ir_desription' for CMake config files
[0.551s] Level 1:colcon.colcon_core.shell:create_environment_hook('ir_desription', 'cmake_prefix_path')
[0.551s] INFO:colcon.colcon_core.shell:Creating environment hook '/home/michele-zarantonello/my_ws/install/ir_desription/share/ir_desription/hook/cmake_prefix_path.ps1'
[0.552s] INFO:colcon.colcon_core.shell:Creating environment descriptor '/home/michele-zarantonello/my_ws/install/ir_desription/share/ir_desription/hook/cmake_prefix_path.dsv'
[0.553s] INFO:colcon.colcon_core.shell:Creating environment hook '/home/michele-zarantonello/my_ws/install/ir_desription/share/ir_desription/hook/cmake_prefix_path.sh'
[0.560s] Level 1:colcon.colcon_core.environment:checking '/home/michele-zarantonello/my_ws/install/ir_desription/bin'
[0.561s] Level 1:colcon.colcon_core.environment:checking '/home/michele-zarantonello/my_ws/install/ir_desription/lib/pkgconfig/ir_desription.pc'
[0.561s] Level 1:colcon.colcon_core.environment:checking '/home/michele-zarantonello/my_ws/install/ir_desription/lib/python3.12/site-packages'
[0.561s] Level 1:colcon.colcon_core.environment:checking '/home/michele-zarantonello/my_ws/install/ir_desription/bin'
[0.562s] INFO:colcon.colcon_core.shell:Creating package script '/home/michele-zarantonello/my_ws/install/ir_desription/share/ir_desription/package.ps1'
[0.564s] INFO:colcon.colcon_core.shell:Creating package descriptor '/home/michele-zarantonello/my_ws/install/ir_desription/share/ir_desription/package.dsv'
[0.563s] DEBUG:colcon.colcon_core.event_handler.log_command:Invoked command in '/home/michele-zarantonello/my_ws/build/ir_desription' returned '0': CMAKE_PREFIX_PATH=${CMAKE_PREFIX_PATH}:/opt/ros/jazzy DEBUGINFOD_URLS=https://debuginfod.ubuntu.com /usr/bin/cmake --install /home/michele-zarantonello/my_ws/build/ir_desription
[0.566s] INFO:colcon.colcon_core.shell:Creating package script '/home/michele-zarantonello/my_ws/install/ir_desription/share/ir_desription/package.sh'
[0.568s] INFO:colcon.colcon_core.shell:Creating package script '/home/michele-zarantonello/my_ws/install/ir_desription/share/ir_desription/package.bash'
[0.575s] INFO:colcon.colcon_core.shell:Creating package script '/home/michele-zarantonello/my_ws/install/ir_desription/share/ir_desription/package.zsh'
[0.578s] Level 1:colcon.colcon_core.environment:create_file_with_runtime_dependencies(/home/michele-zarantonello/my_ws/install/ir_desription/share/colcon-core/packages/ir_desription)
[0.582s] Level 1:colcon.colcon_core.environment:create_environment_scripts_only(ir_desription)
[0.582s] Level 1:colcon.colcon_core.environment:checking '/home/michele-zarantonello/my_ws/install/ir_desription' for CMake module files
[0.583s] Level 1:colcon.colcon_core.environment:checking '/home/michele-zarantonello/my_ws/install/ir_desription' for CMake config files
[0.597s] Level 1:colcon.colcon_core.shell:create_environment_hook('ir_desription', 'cmake_prefix_path')
[0.597s] INFO:colcon.colcon_core.shell:Creating environment hook '/home/michele-zarantonello/my_ws/install/ir_desription/share/ir_desription/hook/cmake_prefix_path.ps1'
[0.598s] INFO:colcon.colcon_core.shell:Creating environment descriptor '/home/michele-zarantonello/my_ws/install/ir_desription/share/ir_desription/hook/cmake_prefix_path.dsv'
[0.601s] INFO:colcon.colcon_core.shell:Creating environment hook '/home/michele-zarantonello/my_ws/install/ir_desription/share/ir_desription/hook/cmake_prefix_path.sh'
[0.607s] Level 1:colcon.colcon_core.environment:checking '/home/michele-zarantonello/my_ws/install/ir_desription/bin'
[0.607s] Level 1:colcon.colcon_core.environment:checking '/home/michele-zarantonello/my_ws/install/ir_desription/lib/pkgconfig/ir_desription.pc'
[0.608s] Level 1:colcon.colcon_core.environment:checking '/home/michele-zarantonello/my_ws/install/ir_desription/lib/python3.12/site-packages'
[0.609s] Level 1:colcon.colcon_core.environment:checking '/home/michele-zarantonello/my_ws/install/ir_desription/bin'
[0.609s] INFO:colcon.colcon_core.shell:Creating package script '/home/michele-zarantonello/my_ws/install/ir_desription/share/ir_desription/package.ps1'
[0.610s] INFO:colcon.colcon_core.shell:Creating package descriptor '/home/michele-zarantonello/my_ws/install/ir_desription/share/ir_desription/package.dsv'
[0.612s] INFO:colcon.colcon_core.shell:Creating package script '/home/michele-zarantonello/my_ws/install/ir_desription/share/ir_desription/package.sh'
[0.613s] INFO:colcon.colcon_core.shell:Creating package script '/home/michele-zarantonello/my_ws/install/ir_desription/share/ir_desription/package.bash'
[0.617s] INFO:colcon.colcon_core.shell:Creating package script '/home/michele-zarantonello/my_ws/install/ir_desription/share/ir_desription/package.zsh'
[0.617s] Level 1:colcon.colcon_core.environment:create_file_with_runtime_dependencies(/home/michele-zarantonello/my_ws/install/ir_desription/share/colcon-core/packages/ir_desription)
[0.618s] INFO:colcon.colcon_ros.task.ament_cmake.build:Building ROS package in '/home/michele-zarantonello/my_ws/src/ir_2526/ir_movit_config' with build type 'ament_cmake'
[0.618s] INFO:colcon.colcon_cmake.task.cmake.build:Building CMake package in '/home/michele-zarantonello/my_ws/src/ir_2526/ir_movit_config'
[0.619s] INFO:colcon.colcon_core.shell:Skip shell extension 'powershell' for command environment: Not usable outside of PowerShell
[0.619s] DEBUG:colcon.colcon_core.shell:Skip shell extension 'dsv' for command environment
[0.630s] Level 1:colcon.colcon_core.environment:create_environment_scripts_only(ir_launch)
[0.631s] Level 1:colcon.colcon_core.environment:checking '/home/michele-zarantonello/my_ws/install/ir_launch' for CMake module files
[0.632s] Level 1:colcon.colcon_core.environment:checking '/home/michele-zarantonello/my_ws/install/ir_launch' for CMake config files
[0.633s] DEBUG:colcon.colcon_core.event_handler.log_command:Invoked command in '/home/michele-zarantonello/my_ws/build/ir_launch' returned '0': CMAKE_PREFIX_PATH=${CMAKE_PREFIX_PATH}:/opt/ros/jazzy DEBUGINFOD_URLS=https://debuginfod.ubuntu.com /usr/bin/cmake --install /home/michele-zarantonello/my_ws/build/ir_launch
[0.633s] Level 1:colcon.colcon_core.shell:create_environment_hook('ir_launch', 'cmake_prefix_path')
[0.633s] INFO:colcon.colcon_core.shell:Creating environment hook '/home/michele-zarantonello/my_ws/install/ir_launch/share/ir_launch/hook/cmake_prefix_path.ps1'
[0.634s] INFO:colcon.colcon_core.shell:Creating environment descriptor '/home/michele-zarantonello/my_ws/install/ir_launch/share/ir_launch/hook/cmake_prefix_path.dsv'
[0.635s] INFO:colcon.colcon_core.shell:Creating environment hook '/home/michele-zarantonello/my_ws/install/ir_launch/share/ir_launch/hook/cmake_prefix_path.sh'
[0.637s] Level 1:colcon.colcon_core.environment:checking '/home/michele-zarantonello/my_ws/install/ir_launch/bin'
[0.637s] Level 1:colcon.colcon_core.environment:checking '/home/michele-zarantonello/my_ws/install/ir_launch/lib/pkgconfig/ir_launch.pc'
[0.638s] Level 1:colcon.colcon_core.environment:checking '/home/michele-zarantonello/my_ws/install/ir_launch/lib/python3.12/site-packages'
[0.639s] Level 1:colcon.colcon_core.environment:checking '/home/michele-zarantonello/my_ws/install/ir_launch/bin'
[0.640s] INFO:colcon.colcon_core.shell:Creating package script '/home/michele-zarantonello/my_ws/install/ir_launch/share/ir_launch/package.ps1'
[0.641s] INFO:colcon.colcon_core.shell:Creating package descriptor '/home/michele-zarantonello/my_ws/install/ir_launch/share/ir_launch/package.dsv'
[0.642s] INFO:colcon.colcon_core.shell:Creating package script '/home/michele-zarantonello/my_ws/install/ir_launch/share/ir_launch/package.sh'
[0.643s] INFO:colcon.colcon_core.shell:Creating package script '/home/michele-zarantonello/my_ws/install/ir_launch/share/ir_launch/package.bash'
[0.644s] INFO:colcon.colcon_core.shell:Creating package script '/home/michele-zarantonello/my_ws/install/ir_launch/share/ir_launch/package.zsh'
[0.645s] Level 1:colcon.colcon_core.environment:create_file_with_runtime_dependencies(/home/michele-zarantonello/my_ws/install/ir_launch/share/colcon-core/packages/ir_launch)
[0.646s] Level 1:colcon.colcon_core.environment:create_environment_scripts_only(ir_launch)
[0.646s] Level 1:colcon.colcon_core.environment:checking '/home/michele-zarantonello/my_ws/install/ir_launch' for CMake module files
[0.647s] Level 1:colcon.colcon_core.environment:checking '/home/michele-zarantonello/my_ws/install/ir_launch' for CMake config files
[0.647s] Level 1:colcon.colcon_core.shell:create_environment_hook('ir_launch', 'cmake_prefix_path')
[0.648s] INFO:colcon.colcon_core.shell:Creating environment hook '/home/michele-zarantonello/my_ws/install/ir_launch/share/ir_launch/hook/cmake_prefix_path.ps1'
[0.649s] INFO:colcon.colcon_core.shell:Creating environment descriptor '/home/michele-zarantonello/my_ws/install/ir_launch/share/ir_launch/hook/cmake_prefix_path.dsv'
[0.649s] INFO:colcon.colcon_core.shell:Creating environment hook '/home/michele-zarantonello/my_ws/install/ir_launch/share/ir_launch/hook/cmake_prefix_path.sh'
[0.650s] Level 1:colcon.colcon_core.environment:checking '/home/michele-zarantonello/my_ws/install/ir_launch/bin'
[0.650s] Level 1:colcon.colcon_core.environment:checking '/home/michele-zarantonello/my_ws/install/ir_launch/lib/pkgconfig/ir_launch.pc'
[0.651s] Level 1:colcon.colcon_core.environment:checking '/home/michele-zarantonello/my_ws/install/ir_launch/lib/python3.12/site-packages'
[0.651s] Level 1:colcon.colcon_core.environment:checking '/home/michele-zarantonello/my_ws/install/ir_launch/bin'
[0.652s] INFO:colcon.colcon_core.shell:Creating package script '/home/michele-zarantonello/my_ws/install/ir_launch/share/ir_launch/package.ps1'
[0.654s] INFO:colcon.colcon_core.shell:Creating package descriptor '/home/michele-zarantonello/my_ws/install/ir_launch/share/ir_launch/package.dsv'
[0.655s] INFO:colcon.colcon_core.shell:Creating package script '/home/michele-zarantonello/my_ws/install/ir_launch/share/ir_launch/package.sh'
[0.656s] INFO:colcon.colcon_core.shell:Creating package script '/home/michele-zarantonello/my_ws/install/ir_launch/share/ir_launch/package.bash'
[0.657s] INFO:colcon.colcon_core.shell:Creating package script '/home/michele-zarantonello/my_ws/install/ir_launch/share/ir_launch/package.zsh'
[0.658s] Level 1:colcon.colcon_core.environment:create_file_with_runtime_dependencies(/home/michele-zarantonello/my_ws/install/ir_launch/share/colcon-core/packages/ir_launch)
[0.661s] Level 1:colcon.colcon_core.environment:create_environment_scripts_only(my_launch)
[0.661s] Level 1:colcon.colcon_core.environment:checking '/home/michele-zarantonello/my_ws/install/my_launch' for CMake module files
[0.662s] Level 1:colcon.colcon_core.environment:checking '/home/michele-zarantonello/my_ws/install/my_launch' for CMake config files
[0.663s] Level 1:colcon.colcon_core.shell:create_environment_hook('my_launch', 'cmake_prefix_path')
[0.663s] INFO:colcon.colcon_core.shell:Creating environment hook '/home/michele-zarantonello/my_ws/install/my_launch/share/my_launch/hook/cmake_prefix_path.ps1'
[0.664s] DEBUG:colcon.colcon_core.event_handler.log_command:Invoked command in '/home/michele-zarantonello/my_ws/build/my_launch' returned '0': CMAKE_PREFIX_PATH=${CMAKE_PREFIX_PATH}:/opt/ros/jazzy DEBUGINFOD_URLS=https://debuginfod.ubuntu.com /usr/bin/cmake --install /home/michele-zarantonello/my_ws/build/my_launch
[0.664s] INFO:colcon.colcon_core.shell:Creating environment descriptor '/home/michele-zarantonello/my_ws/install/my_launch/share/my_launch/hook/cmake_prefix_path.dsv'
[0.665s] INFO:colcon.colcon_core.shell:Creating environment hook '/home/michele-zarantonello/my_ws/install/my_launch/share/my_launch/hook/cmake_prefix_path.sh'
[0.666s] Level 1:colcon.colcon_core.environment:checking '/home/michele-zarantonello/my_ws/install/my_launch/bin'
[0.666s] Level 1:colcon.colcon_core.environment:checking '/home/michele-zarantonello/my_ws/install/my_launch/lib/pkgconfig/my_launch.pc'
[0.666s] Level 1:colcon.colcon_core.environment:checking '/home/michele-zarantonello/my_ws/install/my_launch/lib/python3.12/site-packages'
[0.667s] Level 1:colcon.colcon_core.environment:checking '/home/michele-zarantonello/my_ws/install/my_launch/bin'
[0.667s] INFO:colcon.colcon_core.shell:Creating package script '/home/michele-zarantonello/my_ws/install/my_launch/share/my_launch/package.ps1'
[0.668s] INFO:colcon.colcon_core.shell:Creating package descriptor '/home/michele-zarantonello/my_ws/install/my_launch/share/my_launch/package.dsv'
[0.668s] INFO:colcon.colcon_core.shell:Creating package script '/home/michele-zarantonello/my_ws/install/my_launch/share/my_launch/package.sh'
[0.670s] INFO:colcon.colcon_core.shell:Creating package script '/home/michele-zarantonello/my_ws/install/my_launch/share/my_launch/package.bash'
[0.671s] INFO:colcon.colcon_core.shell:Creating package script '/home/michele-zarantonello/my_ws/install/my_launch/share/my_launch/package.zsh'
[0.672s] Level 1:colcon.colcon_core.environment:create_file_with_runtime_dependencies(/home/michele-zarantonello/my_ws/install/my_launch/share/colcon-core/packages/my_launch)
[0.673s] Level 1:colcon.colcon_core.environment:create_environment_scripts_only(my_launch)
[0.674s] Level 1:colcon.colcon_core.environment:checking '/home/michele-zarantonello/my_ws/install/my_launch' for CMake module files
[0.675s] Level 1:colcon.colcon_core.environment:checking '/home/michele-zarantonello/my_ws/install/my_launch' for CMake config files
[0.675s] Level 1:colcon.colcon_core.shell:create_environment_hook('my_launch', 'cmake_prefix_path')
[0.675s] INFO:colcon.colcon_core.shell:Creating environment hook '/home/michele-zarantonello/my_ws/install/my_launch/share/my_launch/hook/cmake_prefix_path.ps1'
[0.676s] INFO:colcon.colcon_core.shell:Creating environment descriptor '/home/michele-zarantonello/my_ws/install/my_launch/share/my_launch/hook/cmake_prefix_path.dsv'
[0.677s] INFO:colcon.colcon_core.shell:Creating environment hook '/home/michele-zarantonello/my_ws/install/my_launch/share/my_launch/hook/cmake_prefix_path.sh'
[0.678s] Level 1:colcon.colcon_core.environment:checking '/home/michele-zarantonello/my_ws/install/my_launch/bin'
[0.678s] Level 1:colcon.colcon_core.environment:checking '/home/michele-zarantonello/my_ws/install/my_launch/lib/pkgconfig/my_launch.pc'
[0.678s] Level 1:colcon.colcon_core.environment:checking '/home/michele-zarantonello/my_ws/install/my_launch/lib/python3.12/site-packages'
[0.678s] Level 1:colcon.colcon_core.environment:checking '/home/michele-zarantonello/my_ws/install/my_launch/bin'
[0.679s] INFO:colcon.colcon_core.shell:Creating package script '/home/michele-zarantonello/my_ws/install/my_launch/share/my_launch/package.ps1'
[0.680s] INFO:colcon.colcon_core.shell:Creating package descriptor '/home/michele-zarantonello/my_ws/install/my_launch/share/my_launch/package.dsv'
[0.681s] INFO:colcon.colcon_core.shell:Creating package script '/home/michele-zarantonello/my_ws/install/my_launch/share/my_launch/package.sh'
[0.682s] INFO:colcon.colcon_core.shell:Creating package script '/home/michele-zarantonello/my_ws/install/my_launch/share/my_launch/package.bash'
[0.682s] INFO:colcon.colcon_core.shell:Creating package script '/home/michele-zarantonello/my_ws/install/my_launch/share/my_launch/package.zsh'
[0.683s] Level 1:colcon.colcon_core.environment:create_file_with_runtime_dependencies(/home/michele-zarantonello/my_ws/install/my_launch/share/colcon-core/packages/my_launch)
[0.683s] Level 1:colcon.colcon_core.environment:create_environment_scripts_only(ir_base)
[0.683s] Level 1:colcon.colcon_core.environment:checking '/home/michele-zarantonello/my_ws/install/ir_base' for CMake module files
[0.685s] Level 1:colcon.colcon_core.environment:checking '/home/michele-zarantonello/my_ws/install/ir_base' for CMake config files
[0.685s] Level 1:colcon.colcon_core.shell:create_environment_hook('ir_base', 'cmake_prefix_path')
[0.686s] INFO:colcon.colcon_core.shell:Creating environment hook '/home/michele-zarantonello/my_ws/install/ir_base/share/ir_base/hook/cmake_prefix_path.ps1'
[0.687s] INFO:colcon.colcon_core.shell:Creating environment descriptor '/home/michele-zarantonello/my_ws/install/ir_base/share/ir_base/hook/cmake_prefix_path.dsv'
[0.688s] DEBUG:colcon.colcon_core.event_handler.log_command:Invoked command in '/home/michele-zarantonello/my_ws/build/ir_base' returned '0': CMAKE_PREFIX_PATH=${CMAKE_PREFIX_PATH}:/opt/ros/jazzy DEBUGINFOD_URLS=https://debuginfod.ubuntu.com /usr/bin/cmake --install /home/michele-zarantonello/my_ws/build/ir_base
[0.690s] INFO:colcon.colcon_core.shell:Creating environment hook '/home/michele-zarantonello/my_ws/install/ir_base/share/ir_base/hook/cmake_prefix_path.sh'
[0.692s] Level 1:colcon.colcon_core.environment:checking '/home/michele-zarantonello/my_ws/install/ir_base/bin'
[0.692s] Level 1:colcon.colcon_core.environment:checking '/home/michele-zarantonello/my_ws/install/ir_base/lib/pkgconfig/ir_base.pc'
[0.692s] Level 1:colcon.colcon_core.environment:checking '/home/michele-zarantonello/my_ws/install/ir_base/lib/python3.12/site-packages'
[0.693s] Level 1:colcon.colcon_core.environment:checking '/home/michele-zarantonello/my_ws/install/ir_base/bin'
[0.693s] INFO:colcon.colcon_core.shell:Creating package script '/home/michele-zarantonello/my_ws/install/ir_base/share/ir_base/package.ps1'
[0.694s] INFO:colcon.colcon_core.shell:Creating package descriptor '/home/michele-zarantonello/my_ws/install/ir_base/share/ir_base/package.dsv'
[0.694s] INFO:colcon.colcon_core.shell:Creating package script '/home/michele-zarantonello/my_ws/install/ir_base/share/ir_base/package.sh'
[0.695s] INFO:colcon.colcon_core.shell:Creating package script '/home/michele-zarantonello/my_ws/install/ir_base/share/ir_base/package.bash'
[0.695s] INFO:colcon.colcon_core.shell:Creating package script '/home/michele-zarantonello/my_ws/install/ir_base/share/ir_base/package.zsh'
[0.696s] Level 1:colcon.colcon_core.environment:create_file_with_runtime_dependencies(/home/michele-zarantonello/my_ws/install/ir_base/share/colcon-core/packages/ir_base)
[0.696s] Level 1:colcon.colcon_core.environment:create_environment_scripts_only(ir_base)
[0.696s] Level 1:colcon.colcon_core.environment:checking '/home/michele-zarantonello/my_ws/install/ir_base' for CMake module files
[0.697s] Level 1:colcon.colcon_core.environment:checking '/home/michele-zarantonello/my_ws/install/ir_base' for CMake config files
[0.697s] Level 1:colcon.colcon_core.shell:create_environment_hook('ir_base', 'cmake_prefix_path')
[0.697s] INFO:colcon.colcon_core.shell:Creating environment hook '/home/michele-zarantonello/my_ws/install/ir_base/share/ir_base/hook/cmake_prefix_path.ps1'
[0.698s] INFO:colcon.colcon_core.shell:Creating environment descriptor '/home/michele-zarantonello/my_ws/install/ir_base/share/ir_base/hook/cmake_prefix_path.dsv'
[0.698s] INFO:colcon.colcon_core.shell:Creating environment hook '/home/michele-zarantonello/my_ws/install/ir_base/share/ir_base/hook/cmake_prefix_path.sh'
[0.699s] Level 1:colcon.colcon_core.environment:checking '/home/michele-zarantonello/my_ws/install/ir_base/bin'
[0.699s] Level 1:colcon.colcon_core.environment:checking '/home/michele-zarantonello/my_ws/install/ir_base/lib/pkgconfig/ir_base.pc'
[0.699s] Level 1:colcon.colcon_core.environment:checking '/home/michele-zarantonello/my_ws/install/ir_base/lib/python3.12/site-packages'
[0.699s] Level 1:colcon.colcon_core.environment:checking '/home/michele-zarantonello/my_ws/install/ir_base/bin'
[0.700s] INFO:colcon.colcon_core.shell:Creating package script '/home/michele-zarantonello/my_ws/install/ir_base/share/ir_base/package.ps1'
[0.700s] INFO:colcon.colcon_core.shell:Creating package descriptor '/home/michele-zarantonello/my_ws/install/ir_base/share/ir_base/package.dsv'
[0.701s] INFO:colcon.colcon_core.shell:Creating package script '/home/michele-zarantonello/my_ws/install/ir_base/share/ir_base/package.sh'
[0.701s] INFO:colcon.colcon_core.shell:Creating package script '/home/michele-zarantonello/my_ws/install/ir_base/share/ir_base/package.bash'
[0.702s] INFO:colcon.colcon_core.shell:Creating package script '/home/michele-zarantonello/my_ws/install/ir_base/share/ir_base/package.zsh'
[0.702s] Level 1:colcon.colcon_core.environment:create_file_with_runtime_dependencies(/home/michele-zarantonello/my_ws/install/ir_base/share/colcon-core/packages/ir_base)
[0.708s] DEBUG:colcon.colcon_core.event_handler.log_command:Invoking command in '/home/michele-zarantonello/my_ws/build/ir_movit_config': CMAKE_PREFIX_PATH=/home/michele-zarantonello/my_ws/install/ir_desription:/home/michele-zarantonello/my_ws/install/my_navigation:/home/michele-zarantonello/my_ws/install/my_launch:/home/michele-zarantonello/my_ws/install/my_apriltag:/home/michele-zarantonello/my_ws/install/ir_movit_config:/home/michele-zarantonello/my_ws/install/ir_launch:/home/michele-zarantonello/my_ws/install/ir_base:/home/michele-zarantonello/my_ws/install/assignment_1:/home/michele-zarantonello/my_ws/install/apriltag_ros:/opt/ros/jazzy/opt/gz_sim_vendor:/opt/ros/jazzy/opt/gz_sensors_vendor:/opt/ros/jazzy/opt/gz_physics_vendor:/opt/ros/jazzy/opt/sdformat_vendor:/opt/ros/jazzy/opt/gz_gui_vendor:/opt/ros/jazzy/opt/gz_transport_vendor:/opt/ros/jazzy/opt/gz_rendering_vendor:/opt/ros/jazzy/opt/gz_plugin_vendor:/opt/ros/jazzy/opt/gz_fuel_tools_vendor:/opt/ros/jazzy/opt/gz_msgs_vendor:/opt/ros/jazzy/opt/gz_common_vendor:/opt/ros/jazzy/opt/gz_math_vendor:/opt/ros/jazzy/opt/gz_utils_vendor:/opt/ros/jazzy/opt/gz_tools_vendor:/opt/ros/jazzy/opt/gz_ogre_next_vendor:/opt/ros/jazzy/opt/gz_dartsim_vendor:/opt/ros/jazzy/opt/gz_cmake_vendor:/opt/ros/jazzy DEBUGINFOD_URLS=https://debuginfod.ubuntu.com /usr/bin/cmake --build /home/michele-zarantonello/my_ws/build/ir_movit_config -- -j8 -l8
[0.709s] DEBUG:colcon.colcon_core.event_handler.log_command:Invoked command in '/home/michele-zarantonello/my_ws/build/apriltag_ros' returned '0': CMAKE_PREFIX_PATH=${CMAKE_PREFIX_PATH}:/opt/ros/jazzy DEBUGINFOD_URLS=https://debuginfod.ubuntu.com /usr/bin/cmake --build /home/michele-zarantonello/my_ws/build/apriltag_ros -- -j8 -l8
[0.710s] DEBUG:colcon.colcon_core.event_handler.log_command:Invoking command in '/home/michele-zarantonello/my_ws/build/apriltag_ros': CMAKE_PREFIX_PATH=${CMAKE_PREFIX_PATH}:/opt/ros/jazzy DEBUGINFOD_URLS=https://debuginfod.ubuntu.com /usr/bin/cmake --install /home/michele-zarantonello/my_ws/build/apriltag_ros
[0.711s] DEBUG:colcon.colcon_core.event_handler.log_command:Invoked command in '/home/michele-zarantonello/my_ws/build/my_apriltag' returned '0': CMAKE_PREFIX_PATH=${CMAKE_PREFIX_PATH}:/opt/ros/jazzy DEBUGINFOD_URLS=https://debuginfod.ubuntu.com /usr/bin/cmake --build /home/michele-zarantonello/my_ws/build/my_apriltag -- -j8 -l8
[0.712s] DEBUG:colcon.colcon_core.event_handler.log_command:Invoking command in '/home/michele-zarantonello/my_ws/build/my_apriltag': CMAKE_PREFIX_PATH=${CMAKE_PREFIX_PATH}:/opt/ros/jazzy DEBUGINFOD_URLS=https://debuginfod.ubuntu.com /usr/bin/cmake --install /home/michele-zarantonello/my_ws/build/my_apriltag
[0.730s] Level 1:colcon.colcon_core.environment:create_environment_scripts_only(apriltag_ros)
[0.731s] Level 1:colcon.colcon_core.environment:checking '/home/michele-zarantonello/my_ws/install/apriltag_ros' for CMake module files
[0.732s] Level 1:colcon.colcon_core.environment:checking '/home/michele-zarantonello/my_ws/install/apriltag_ros' for CMake config files
[0.732s] Level 1:colcon.colcon_core.shell:create_environment_hook('apriltag_ros', 'cmake_prefix_path')
[0.732s] INFO:colcon.colcon_core.shell:Creating environment hook '/home/michele-zarantonello/my_ws/install/apriltag_ros/share/apriltag_ros/hook/cmake_prefix_path.ps1'
[0.733s] INFO:colcon.colcon_core.shell:Creating environment descriptor '/home/michele-zarantonello/my_ws/install/apriltag_ros/share/apriltag_ros/hook/cmake_prefix_path.dsv'
[0.734s] INFO:colcon.colcon_core.shell:Creating environment hook '/home/michele-zarantonello/my_ws/install/apriltag_ros/share/apriltag_ros/hook/cmake_prefix_path.sh'
[0.736s] Level 1:colcon.colcon_core.environment:checking '/home/michele-zarantonello/my_ws/install/apriltag_ros/lib'
[0.737s] Level 1:colcon.colcon_core.shell:create_environment_hook('apriltag_ros', 'ld_library_path_lib')
[0.737s] INFO:colcon.colcon_core.shell:Creating environment hook '/home/michele-zarantonello/my_ws/install/apriltag_ros/share/apriltag_ros/hook/ld_library_path_lib.ps1'
[0.740s] INFO:colcon.colcon_core.shell:Creating environment descriptor '/home/michele-zarantonello/my_ws/install/apriltag_ros/share/apriltag_ros/hook/ld_library_path_lib.dsv'
[0.741s] INFO:colcon.colcon_core.shell:Creating environment hook '/home/michele-zarantonello/my_ws/install/apriltag_ros/share/apriltag_ros/hook/ld_library_path_lib.sh'
[0.743s] Level 1:colcon.colcon_core.environment:checking '/home/michele-zarantonello/my_ws/install/apriltag_ros/bin'
[0.743s] Level 1:colcon.colcon_core.environment:checking '/home/michele-zarantonello/my_ws/install/apriltag_ros/lib/pkgconfig/apriltag_ros.pc'
[0.743s] Level 1:colcon.colcon_core.environment:checking '/home/michele-zarantonello/my_ws/install/apriltag_ros/lib/python3.12/site-packages'
[0.743s] Level 1:colcon.colcon_core.environment:checking '/home/michele-zarantonello/my_ws/install/apriltag_ros/bin'
[0.744s] INFO:colcon.colcon_core.shell:Creating package script '/home/michele-zarantonello/my_ws/install/apriltag_ros/share/apriltag_ros/package.ps1'
[0.745s] INFO:colcon.colcon_core.shell:Creating package descriptor '/home/michele-zarantonello/my_ws/install/apriltag_ros/share/apriltag_ros/package.dsv'
[0.746s] DEBUG:colcon.colcon_core.event_handler.log_command:Invoked command in '/home/michele-zarantonello/my_ws/build/apriltag_ros' returned '0': CMAKE_PREFIX_PATH=${CMAKE_PREFIX_PATH}:/opt/ros/jazzy DEBUGINFOD_URLS=https://debuginfod.ubuntu.com /usr/bin/cmake --install /home/michele-zarantonello/my_ws/build/apriltag_ros
[0.746s] INFO:colcon.colcon_core.shell:Creating package script '/home/michele-zarantonello/my_ws/install/apriltag_ros/share/apriltag_ros/package.sh'
[0.748s] INFO:colcon.colcon_core.shell:Creating package script '/home/michele-zarantonello/my_ws/install/apriltag_ros/share/apriltag_ros/package.bash'
[0.748s] INFO:colcon.colcon_core.shell:Creating package script '/home/michele-zarantonello/my_ws/install/apriltag_ros/share/apriltag_ros/package.zsh'
[0.749s] Level 1:colcon.colcon_core.environment:create_file_with_runtime_dependencies(/home/michele-zarantonello/my_ws/install/apriltag_ros/share/colcon-core/packages/apriltag_ros)
[0.749s] Level 1:colcon.colcon_core.environment:create_environment_scripts_only(apriltag_ros)
[0.750s] Level 1:colcon.colcon_core.environment:checking '/home/michele-zarantonello/my_ws/install/apriltag_ros' for CMake module files
[0.750s] Level 1:colcon.colcon_core.environment:checking '/home/michele-zarantonello/my_ws/install/apriltag_ros' for CMake config files
[0.750s] Level 1:colcon.colcon_core.shell:create_environment_hook('apriltag_ros', 'cmake_prefix_path')
[0.751s] INFO:colcon.colcon_core.shell:Creating environment hook '/home/michele-zarantonello/my_ws/install/apriltag_ros/share/apriltag_ros/hook/cmake_prefix_path.ps1'
[0.751s] INFO:colcon.colcon_core.shell:Creating environment descriptor '/home/michele-zarantonello/my_ws/install/apriltag_ros/share/apriltag_ros/hook/cmake_prefix_path.dsv'
[0.752s] INFO:colcon.colcon_core.shell:Creating environment hook '/home/michele-zarantonello/my_ws/install/apriltag_ros/share/apriltag_ros/hook/cmake_prefix_path.sh'
[0.754s] Level 1:colcon.colcon_core.environment:checking '/home/michele-zarantonello/my_ws/install/apriltag_ros/lib'
[0.755s] Level 1:colcon.colcon_core.shell:create_environment_hook('apriltag_ros', 'ld_library_path_lib')
[0.756s] INFO:colcon.colcon_core.shell:Creating environment hook '/home/michele-zarantonello/my_ws/install/apriltag_ros/share/apriltag_ros/hook/ld_library_path_lib.ps1'
[0.757s] INFO:colcon.colcon_core.shell:Creating environment descriptor '/home/michele-zarantonello/my_ws/install/apriltag_ros/share/apriltag_ros/hook/ld_library_path_lib.dsv'
[0.758s] INFO:colcon.colcon_core.shell:Creating environment hook '/home/michele-zarantonello/my_ws/install/apriltag_ros/share/apriltag_ros/hook/ld_library_path_lib.sh'
[0.759s] Level 1:colcon.colcon_core.environment:checking '/home/michele-zarantonello/my_ws/install/apriltag_ros/bin'
[0.759s] Level 1:colcon.colcon_core.environment:checking '/home/michele-zarantonello/my_ws/install/apriltag_ros/lib/pkgconfig/apriltag_ros.pc'
[0.760s] Level 1:colcon.colcon_core.environment:checking '/home/michele-zarantonello/my_ws/install/apriltag_ros/lib/python3.12/site-packages'
[0.761s] Level 1:colcon.colcon_core.environment:checking '/home/michele-zarantonello/my_ws/install/apriltag_ros/bin'
[0.762s] INFO:colcon.colcon_core.shell:Creating package script '/home/michele-zarantonello/my_ws/install/apriltag_ros/share/apriltag_ros/package.ps1'
[0.763s] INFO:colcon.colcon_core.shell:Creating package descriptor '/home/michele-zarantonello/my_ws/install/apriltag_ros/share/apriltag_ros/package.dsv'
[0.764s] INFO:colcon.colcon_core.shell:Creating package script '/home/michele-zarantonello/my_ws/install/apriltag_ros/share/apriltag_ros/package.sh'
[0.765s] INFO:colcon.colcon_core.shell:Creating package script '/home/michele-zarantonello/my_ws/install/apriltag_ros/share/apriltag_ros/package.bash'
[0.766s] INFO:colcon.colcon_core.shell:Creating package script '/home/michele-zarantonello/my_ws/install/apriltag_ros/share/apriltag_ros/package.zsh'
[0.767s] Level 1:colcon.colcon_core.environment:create_file_with_runtime_dependencies(/home/michele-zarantonello/my_ws/install/apriltag_ros/share/colcon-core/packages/apriltag_ros)
[0.771s] Level 1:colcon.colcon_core.environment:create_environment_scripts_only(my_apriltag)
[0.772s] Level 1:colcon.colcon_core.environment:checking '/home/michele-zarantonello/my_ws/install/my_apriltag' for CMake module files
[0.779s] Level 1:colcon.colcon_core.environment:checking '/home/michele-zarantonello/my_ws/install/my_apriltag' for CMake config files
[0.779s] Level 1:colcon.colcon_core.shell:create_environment_hook('my_apriltag', 'cmake_prefix_path')
[0.774s] DEBUG:colcon.colcon_core.event_handler.log_command:Invoked command in '/home/michele-zarantonello/my_ws/build/my_apriltag' returned '0': CMAKE_PREFIX_PATH=${CMAKE_PREFIX_PATH}:/opt/ros/jazzy DEBUGINFOD_URLS=https://debuginfod.ubuntu.com /usr/bin/cmake --install /home/michele-zarantonello/my_ws/build/my_apriltag
[0.786s] INFO:colcon.colcon_core.shell:Creating environment hook '/home/michele-zarantonello/my_ws/install/my_apriltag/share/my_apriltag/hook/cmake_prefix_path.ps1'
[0.789s] INFO:colcon.colcon_core.shell:Creating environment descriptor '/home/michele-zarantonello/my_ws/install/my_apriltag/share/my_apriltag/hook/cmake_prefix_path.dsv'
[0.790s] INFO:colcon.colcon_core.shell:Creating environment hook '/home/michele-zarantonello/my_ws/install/my_apriltag/share/my_apriltag/hook/cmake_prefix_path.sh'
[0.798s] Level 1:colcon.colcon_core.environment:checking '/home/michele-zarantonello/my_ws/install/my_apriltag/lib'
[0.799s] Level 1:colcon.colcon_core.shell:create_environment_hook('my_apriltag', 'ld_library_path_lib')
[0.799s] INFO:colcon.colcon_core.shell:Creating environment hook '/home/michele-zarantonello/my_ws/install/my_apriltag/share/my_apriltag/hook/ld_library_path_lib.ps1'
[0.800s] INFO:colcon.colcon_core.shell:Creating environment descriptor '/home/michele-zarantonello/my_ws/install/my_apriltag/share/my_apriltag/hook/ld_library_path_lib.dsv'
[0.807s] INFO:colcon.colcon_core.shell:Creating environment hook '/home/michele-zarantonello/my_ws/install/my_apriltag/share/my_apriltag/hook/ld_library_path_lib.sh'
[0.808s] Level 1:colcon.colcon_core.environment:checking '/home/michele-zarantonello/my_ws/install/my_apriltag/bin'
[0.809s] Level 1:colcon.colcon_core.environment:checking '/home/michele-zarantonello/my_ws/install/my_apriltag/lib/pkgconfig/my_apriltag.pc'
[0.809s] Level 1:colcon.colcon_core.environment:checking '/home/michele-zarantonello/my_ws/install/my_apriltag/lib/python3.12/site-packages'
[0.811s] Level 1:colcon.colcon_core.environment:checking '/home/michele-zarantonello/my_ws/install/my_apriltag/bin'
[0.812s] INFO:colcon.colcon_core.shell:Creating package script '/home/michele-zarantonello/my_ws/install/my_apriltag/share/my_apriltag/package.ps1'
[0.813s] INFO:colcon.colcon_core.shell:Creating package descriptor '/home/michele-zarantonello/my_ws/install/my_apriltag/share/my_apriltag/package.dsv'
[0.814s] INFO:colcon.colcon_core.shell:Creating package script '/home/michele-zarantonello/my_ws/install/my_apriltag/share/my_apriltag/package.sh'
[0.815s] INFO:colcon.colcon_core.shell:Creating package script '/home/michele-zarantonello/my_ws/install/my_apriltag/share/my_apriltag/package.bash'
[0.818s] INFO:colcon.colcon_core.shell:Creating package script '/home/michele-zarantonello/my_ws/install/my_apriltag/share/my_apriltag/package.zsh'
[0.819s] Level 1:colcon.colcon_core.environment:create_file_with_runtime_dependencies(/home/michele-zarantonello/my_ws/install/my_apriltag/share/colcon-core/packages/my_apriltag)
[0.820s] Level 1:colcon.colcon_core.environment:create_environment_scripts_only(my_apriltag)
[0.824s] Level 1:colcon.colcon_core.environment:checking '/home/michele-zarantonello/my_ws/install/my_apriltag' for CMake module files
[0.826s] Level 1:colcon.colcon_core.environment:checking '/home/michele-zarantonello/my_ws/install/my_apriltag' for CMake config files
[0.827s] Level 1:colcon.colcon_core.shell:create_environment_hook('my_apriltag', 'cmake_prefix_path')
[0.827s] INFO:colcon.colcon_core.shell:Creating environment hook '/home/michele-zarantonello/my_ws/install/my_apriltag/share/my_apriltag/hook/cmake_prefix_path.ps1'
[0.828s] INFO:colcon.colcon_core.shell:Creating environment descriptor '/home/michele-zarantonello/my_ws/install/my_apriltag/share/my_apriltag/hook/cmake_prefix_path.dsv'
[0.829s] INFO:colcon.colcon_core.shell:Creating environment hook '/home/michele-zarantonello/my_ws/install/my_apriltag/share/my_apriltag/hook/cmake_prefix_path.sh'
[0.831s] Level 1:colcon.colcon_core.environment:checking '/home/michele-zarantonello/my_ws/install/my_apriltag/lib'
[0.831s] Level 1:colcon.colcon_core.shell:create_environment_hook('my_apriltag', 'ld_library_path_lib')
[0.832s] INFO:colcon.colcon_core.shell:Creating environment hook '/home/michele-zarantonello/my_ws/install/my_apriltag/share/my_apriltag/hook/ld_library_path_lib.ps1'
[0.833s] INFO:colcon.colcon_core.shell:Creating environment descriptor '/home/michele-zarantonello/my_ws/install/my_apriltag/share/my_apriltag/hook/ld_library_path_lib.dsv'
[0.834s] INFO:colcon.colcon_core.shell:Creating environment hook '/home/michele-zarantonello/my_ws/install/my_apriltag/share/my_apriltag/hook/ld_library_path_lib.sh'
[0.835s] Level 1:colcon.colcon_core.environment:checking '/home/michele-zarantonello/my_ws/install/my_apriltag/bin'
[0.835s] Level 1:colcon.colcon_core.environment:checking '/home/michele-zarantonello/my_ws/install/my_apriltag/lib/pkgconfig/my_apriltag.pc'
[0.836s] Level 1:colcon.colcon_core.environment:checking '/home/michele-zarantonello/my_ws/install/my_apriltag/lib/python3.12/site-packages'
[0.837s] Level 1:colcon.colcon_core.environment:checking '/home/michele-zarantonello/my_ws/install/my_apriltag/bin'
[0.838s] INFO:colcon.colcon_core.shell:Creating package script '/home/michele-zarantonello/my_ws/install/my_apriltag/share/my_apriltag/package.ps1'
[0.840s] INFO:colcon.colcon_core.shell:Creating package descriptor '/home/michele-zarantonello/my_ws/install/my_apriltag/share/my_apriltag/package.dsv'
[0.842s] INFO:colcon.colcon_core.shell:Creating package script '/home/michele-zarantonello/my_ws/install/my_apriltag/share/my_apriltag/package.sh'
[0.843s] INFO:colcon.colcon_core.shell:Creating package script '/home/michele-zarantonello/my_ws/install/my_apriltag/share/my_apriltag/package.bash'
[0.844s] INFO:colcon.colcon_core.shell:Creating package script '/home/michele-zarantonello/my_ws/install/my_apriltag/share/my_apriltag/package.zsh'
[0.845s] Level 1:colcon.colcon_core.environment:create_file_with_runtime_dependencies(/home/michele-zarantonello/my_ws/install/my_apriltag/share/colcon-core/packages/my_apriltag)
[0.883s] DEBUG:colcon.colcon_core.event_handler.log_command:Invoked command in '/home/michele-zarantonello/my_ws/build/ir_movit_config' returned '0': CMAKE_PREFIX_PATH=/home/michele-zarantonello/my_ws/install/ir_desription:/home/michele-zarantonello/my_ws/install/my_navigation:/home/michele-zarantonello/my_ws/install/my_launch:/home/michele-zarantonello/my_ws/install/my_apriltag:/home/michele-zarantonello/my_ws/install/ir_movit_config:/home/michele-zarantonello/my_ws/install/ir_launch:/home/michele-zarantonello/my_ws/install/ir_base:/home/michele-zarantonello/my_ws/install/assignment_1:/home/michele-zarantonello/my_ws/install/apriltag_ros:/opt/ros/jazzy/opt/gz_sim_vendor:/opt/ros/jazzy/opt/gz_sensors_vendor:/opt/ros/jazzy/opt/gz_physics_vendor:/opt/ros/jazzy/opt/sdformat_vendor:/opt/ros/jazzy/opt/gz_gui_vendor:/opt/ros/jazzy/opt/gz_transport_vendor:/opt/ros/jazzy/opt/gz_rendering_vendor:/opt/ros/jazzy/opt/gz_plugin_vendor:/opt/ros/jazzy/opt/gz_fuel_tools_vendor:/opt/ros/jazzy/opt/gz_msgs_vendor:/opt/ros/jazzy/opt/gz_common_vendor:/opt/ros/jazzy/opt/gz_math_vendor:/opt/ros/jazzy/opt/gz_utils_vendor:/opt/ros/jazzy/opt/gz_tools_vendor:/opt/ros/jazzy/opt/gz_ogre_next_vendor:/opt/ros/jazzy/opt/gz_dartsim_vendor:/opt/ros/jazzy/opt/gz_cmake_vendor:/opt/ros/jazzy DEBUGINFOD_URLS=https://debuginfod.ubuntu.com /usr/bin/cmake --build /home/michele-zarantonello/my_ws/build/ir_movit_config -- -j8 -l8
[0.884s] DEBUG:colcon.colcon_core.event_handler.log_command:Invoking command in '/home/michele-zarantonello/my_ws/build/ir_movit_config': CMAKE_PREFIX_PATH=/home/michele-zarantonello/my_ws/install/ir_desription:/home/michele-zarantonello/my_ws/install/my_navigation:/home/michele-zarantonello/my_ws/install/my_launch:/home/michele-zarantonello/my_ws/install/my_apriltag:/home/michele-zarantonello/my_ws/install/ir_movit_config:/home/michele-zarantonello/my_ws/install/ir_launch:/home/michele-zarantonello/my_ws/install/ir_base:/home/michele-zarantonello/my_ws/install/assignment_1:/home/michele-zarantonello/my_ws/install/apriltag_ros:/opt/ros/jazzy/opt/gz_sim_vendor:/opt/ros/jazzy/opt/gz_sensors_vendor:/opt/ros/jazzy/opt/gz_physics_vendor:/opt/ros/jazzy/opt/sdformat_vendor:/opt/ros/jazzy/opt/gz_gui_vendor:/opt/ros/jazzy/opt/gz_transport_vendor:/opt/ros/jazzy/opt/gz_rendering_vendor:/opt/ros/jazzy/opt/gz_plugin_vendor:/opt/ros/jazzy/opt/gz_fuel_tools_vendor:/opt/ros/jazzy/opt/gz_msgs_vendor:/opt/ros/jazzy/opt/gz_common_vendor:/opt/ros/jazzy/opt/gz_math_vendor:/opt/ros/jazzy/opt/gz_utils_vendor:/opt/ros/jazzy/opt/gz_tools_vendor:/opt/ros/jazzy/opt/gz_ogre_next_vendor:/opt/ros/jazzy/opt/gz_dartsim_vendor:/opt/ros/jazzy/opt/gz_cmake_vendor:/opt/ros/jazzy DEBUGINFOD_URLS=https://debuginfod.ubuntu.com /usr/bin/cmake --install /home/michele-zarantonello/my_ws/build/ir_movit_config
[0.942s] Level 1:colcon.colcon_core.environment:create_environment_scripts_only(ir_movit_config)
[0.943s] Level 1:colcon.colcon_core.environment:checking '/home/michele-zarantonello/my_ws/install/ir_movit_config' for CMake module files
[0.944s] Level 1:colcon.colcon_core.environment:checking '/home/michele-zarantonello/my_ws/install/ir_movit_config' for CMake config files
[0.950s] Level 1:colcon.colcon_core.shell:create_environment_hook('ir_movit_config', 'cmake_prefix_path')
[0.950s] INFO:colcon.colcon_core.shell:Creating environment hook '/home/michele-zarantonello/my_ws/install/ir_movit_config/share/ir_movit_config/hook/cmake_prefix_path.ps1'
[0.951s] INFO:colcon.colcon_core.shell:Creating environment descriptor '/home/michele-zarantonello/my_ws/install/ir_movit_config/share/ir_movit_config/hook/cmake_prefix_path.dsv'
[0.952s] DEBUG:colcon.colcon_core.event_handler.log_command:Invoked command in '/home/michele-zarantonello/my_ws/build/ir_movit_config' returned '0': CMAKE_PREFIX_PATH=/home/michele-zarantonello/my_ws/install/ir_desription:/home/michele-zarantonello/my_ws/install/my_navigation:/home/michele-zarantonello/my_ws/install/my_launch:/home/michele-zarantonello/my_ws/install/my_apriltag:/home/michele-zarantonello/my_ws/install/ir_movit_config:/home/michele-zarantonello/my_ws/install/ir_launch:/home/michele-zarantonello/my_ws/install/ir_base:/home/michele-zarantonello/my_ws/install/assignment_1:/home/michele-zarantonello/my_ws/install/apriltag_ros:/opt/ros/jazzy/opt/gz_sim_vendor:/opt/ros/jazzy/opt/gz_sensors_vendor:/opt/ros/jazzy/opt/gz_physics_vendor:/opt/ros/jazzy/opt/sdformat_vendor:/opt/ros/jazzy/opt/gz_gui_vendor:/opt/ros/jazzy/opt/gz_transport_vendor:/opt/ros/jazzy/opt/gz_rendering_vendor:/opt/ros/jazzy/opt/gz_plugin_vendor:/opt/ros/jazzy/opt/gz_fuel_tools_vendor:/opt/ros/jazzy/opt/gz_msgs_vendor:/opt/ros/jazzy/opt/gz_common_vendor:/opt/ros/jazzy/opt/gz_math_vendor:/opt/ros/jazzy/opt/gz_utils_vendor:/opt/ros/jazzy/opt/gz_tools_vendor:/opt/ros/jazzy/opt/gz_ogre_next_vendor:/opt/ros/jazzy/opt/gz_dartsim_vendor:/opt/ros/jazzy/opt/gz_cmake_vendor:/opt/ros/jazzy DEBUGINFOD_URLS=https://debuginfod.ubuntu.com /usr/bin/cmake --install /home/michele-zarantonello/my_ws/build/ir_movit_config
[0.952s] INFO:colcon.colcon_core.shell:Creating environment hook '/home/michele-zarantonello/my_ws/install/ir_movit_config/share/ir_movit_config/hook/cmake_prefix_path.sh'
[0.955s] Level 1:colcon.colcon_core.environment:checking '/home/michele-zarantonello/my_ws/install/ir_movit_config/lib'
[0.955s] Level 1:colcon.colcon_core.environment:checking '/home/michele-zarantonello/my_ws/install/ir_movit_config/bin'
[0.956s] Level 1:colcon.colcon_core.environment:checking '/home/michele-zarantonello/my_ws/install/ir_movit_config/lib/pkgconfig/ir_movit_config.pc'
[0.956s] Level 1:colcon.colcon_core.environment:checking '/home/michele-zarantonello/my_ws/install/ir_movit_config/lib/python3.12/site-packages'
[0.956s] Level 1:colcon.colcon_core.environment:checking '/home/michele-zarantonello/my_ws/install/ir_movit_config/bin'
[0.957s] INFO:colcon.colcon_core.shell:Creating package script '/home/michele-zarantonello/my_ws/install/ir_movit_config/share/ir_movit_config/package.ps1'
[0.958s] INFO:colcon.colcon_core.shell:Creating package descriptor '/home/michele-zarantonello/my_ws/install/ir_movit_config/share/ir_movit_config/package.dsv'
[0.958s] INFO:colcon.colcon_core.shell:Creating package script '/home/michele-zarantonello/my_ws/install/ir_movit_config/share/ir_movit_config/package.sh'
[0.959s] INFO:colcon.colcon_core.shell:Creating package script '/home/michele-zarantonello/my_ws/install/ir_movit_config/share/ir_movit_config/package.bash'
[0.959s] INFO:colcon.colcon_core.shell:Creating package script '/home/michele-zarantonello/my_ws/install/ir_movit_config/share/ir_movit_config/package.zsh'
[0.960s] Level 1:colcon.colcon_core.environment:create_file_with_runtime_dependencies(/home/michele-zarantonello/my_ws/install/ir_movit_config/share/colcon-core/packages/ir_movit_config)
[0.961s] Level 1:colcon.colcon_core.environment:create_environment_scripts_only(ir_movit_config)
[0.961s] Level 1:colcon.colcon_core.environment:checking '/home/michele-zarantonello/my_ws/install/ir_movit_config' for CMake module files
[0.962s] Level 1:colcon.colcon_core.environment:checking '/home/michele-zarantonello/my_ws/install/ir_movit_config' for CMake config files
[0.962s] Level 1:colcon.colcon_core.shell:create_environment_hook('ir_movit_config', 'cmake_prefix_path')
[0.962s] INFO:colcon.colcon_core.shell:Creating environment hook '/home/michele-zarantonello/my_ws/install/ir_movit_config/share/ir_movit_config/hook/cmake_prefix_path.ps1'
[0.963s] INFO:colcon.colcon_core.shell:Creating environment descriptor '/home/michele-zarantonello/my_ws/install/ir_movit_config/share/ir_movit_config/hook/cmake_prefix_path.dsv'
[0.963s] INFO:colcon.colcon_core.shell:Creating environment hook '/home/michele-zarantonello/my_ws/install/ir_movit_config/share/ir_movit_config/hook/cmake_prefix_path.sh'
[0.964s] Level 1:colcon.colcon_core.environment:checking '/home/michele-zarantonello/my_ws/install/ir_movit_config/lib'
[0.965s] Level 1:colcon.colcon_core.environment:checking '/home/michele-zarantonello/my_ws/install/ir_movit_config/bin'
[0.965s] Level 1:colcon.colcon_core.environment:checking '/home/michele-zarantonello/my_ws/install/ir_movit_config/lib/pkgconfig/ir_movit_config.pc'
[0.965s] Level 1:colcon.colcon_core.environment:checking '/home/michele-zarantonello/my_ws/install/ir_movit_config/lib/python3.12/site-packages'
[0.966s] Level 1:colcon.colcon_core.environment:checking '/home/michele-zarantonello/my_ws/install/ir_movit_config/bin'
[0.966s] INFO:colcon.colcon_core.shell:Creating package script '/home/michele-zarantonello/my_ws/install/ir_movit_config/share/ir_movit_config/package.ps1'
[0.967s] INFO:colcon.colcon_core.shell:Creating package descriptor '/home/michele-zarantonello/my_ws/install/ir_movit_config/share/ir_movit_config/package.dsv'
[0.968s] INFO:colcon.colcon_core.shell:Creating package script '/home/michele-zarantonello/my_ws/install/ir_movit_config/share/ir_movit_config/package.sh'
[0.968s] INFO:colcon.colcon_core.shell:Creating package script '/home/michele-zarantonello/my_ws/install/ir_movit_config/share/ir_movit_config/package.bash'
[0.970s] INFO:colcon.colcon_core.shell:Creating package script '/home/michele-zarantonello/my_ws/install/ir_movit_config/share/ir_movit_config/package.zsh'
[0.971s] Level 1:colcon.colcon_core.environment:create_file_with_runtime_dependencies(/home/michele-zarantonello/my_ws/install/ir_movit_config/share/colcon-core/packages/ir_movit_config)
[5.671s] DEBUG:colcon.colcon_core.event_handler.log_command:Invoked command in '/home/michele-zarantonello/my_ws/build/my_navigation' returned '2': CMAKE_PREFIX_PATH=${CMAKE_PREFIX_PATH}:/opt/ros/jazzy DEBUGINFOD_URLS=https://debuginfod.ubuntu.com /usr/bin/cmake --build /home/michele-zarantonello/my_ws/build/my_navigation -- -j8 -l8
[5.671s] Level 1:colcon.colcon_core.environment:create_environment_scripts_only(my_navigation)
[5.672s] Level 1:colcon.colcon_core.environment:checking '/home/michele-zarantonello/my_ws/install/my_navigation' for CMake module files
[5.672s] Level 1:colcon.colcon_core.environment:checking '/home/michele-zarantonello/my_ws/install/my_navigation' for CMake config files
[5.672s] Level 1:colcon.colcon_core.shell:create_environment_hook('my_navigation', 'cmake_prefix_path')
[5.672s] INFO:colcon.colcon_core.shell:Creating environment hook '/home/michele-zarantonello/my_ws/install/my_navigation/share/my_navigation/hook/cmake_prefix_path.ps1'
[5.673s] INFO:colcon.colcon_core.shell:Creating environment descriptor '/home/michele-zarantonello/my_ws/install/my_navigation/share/my_navigation/hook/cmake_prefix_path.dsv'
[5.673s] INFO:colcon.colcon_core.shell:Creating environment hook '/home/michele-zarantonello/my_ws/install/my_navigation/share/my_navigation/hook/cmake_prefix_path.sh'
[5.674s] Level 1:colcon.colcon_core.environment:checking '/home/michele-zarantonello/my_ws/install/my_navigation/lib'
[5.674s] Level 1:colcon.colcon_core.environment:checking '/home/michele-zarantonello/my_ws/install/my_navigation/bin'
[5.674s] Level 1:colcon.colcon_core.environment:checking '/home/michele-zarantonello/my_ws/install/my_navigation/lib/pkgconfig/my_navigation.pc'
[5.674s] Level 1:colcon.colcon_core.environment:checking '/home/michele-zarantonello/my_ws/install/my_navigation/lib/python3.12/site-packages'
[5.674s] Level 1:colcon.colcon_core.environment:checking '/home/michele-zarantonello/my_ws/install/my_navigation/bin'
[5.675s] INFO:colcon.colcon_core.shell:Creating package script '/home/michele-zarantonello/my_ws/install/my_navigation/share/my_navigation/package.ps1'
[5.675s] INFO:colcon.colcon_core.shell:Creating package descriptor '/home/michele-zarantonello/my_ws/install/my_navigation/share/my_navigation/package.dsv'
[5.676s] INFO:colcon.colcon_core.shell:Creating package script '/home/michele-zarantonello/my_ws/install/my_navigation/share/my_navigation/package.sh'
[5.676s] INFO:colcon.colcon_core.shell:Creating package script '/home/michele-zarantonello/my_ws/install/my_navigation/share/my_navigation/package.bash'
[5.676s] INFO:colcon.colcon_core.shell:Creating package script '/home/michele-zarantonello/my_ws/install/my_navigation/share/my_navigation/package.zsh'
[5.677s] Level 1:colcon.colcon_core.environment:create_file_with_runtime_dependencies(/home/michele-zarantonello/my_ws/install/my_navigation/share/colcon-core/packages/my_navigation)
[5.687s] DEBUG:colcon.colcon_parallel_executor.executor.parallel:closing loop
[5.687s] DEBUG:colcon.colcon_parallel_executor.executor.parallel:loop closed
[5.687s] DEBUG:colcon.colcon_parallel_executor.executor.parallel:run_until_complete finished with '2'
[5.687s] DEBUG:colcon.colcon_core.event_reactor:joining thread
[5.696s] INFO:colcon.colcon_core.plugin_system:Skipping extension 'colcon_notification.desktop_notification.terminal_notifier': Not used on non-Darwin systems
[5.696s] INFO:colcon.colcon_core.plugin_system:Skipping extension 'colcon_notification.desktop_notification.win32': Not used on non-Windows systems
[5.696s] INFO:colcon.colcon_notification.desktop_notification:Sending desktop notification using 'notify2'
[5.713s] DEBUG:colcon.colcon_core.event_reactor:joined thread
[5.714s] INFO:colcon.colcon_core.shell:Creating prefix script '/home/michele-zarantonello/my_ws/install/local_setup.ps1'
[5.715s] INFO:colcon.colcon_core.shell:Creating prefix util module '/home/michele-zarantonello/my_ws/install/_local_setup_util_ps1.py'
[5.716s] INFO:colcon.colcon_core.shell:Creating prefix chain script '/home/michele-zarantonello/my_ws/install/setup.ps1'
[5.718s] INFO:colcon.colcon_core.shell:Creating prefix script '/home/michele-zarantonello/my_ws/install/local_setup.sh'
[5.719s] INFO:colcon.colcon_core.shell:Creating prefix util module '/home/michele-zarantonello/my_ws/install/_local_setup_util_sh.py'
[5.719s] INFO:colcon.colcon_core.shell:Creating prefix chain script '/home/michele-zarantonello/my_ws/install/setup.sh'
[5.721s] INFO:colcon.colcon_core.shell:Creating prefix script '/home/michele-zarantonello/my_ws/install/local_setup.bash'
[5.721s] INFO:colcon.colcon_core.shell:Creating prefix chain script '/home/michele-zarantonello/my_ws/install/setup.bash'
[5.723s] INFO:colcon.colcon_core.shell:Creating prefix script '/home/michele-zarantonello/my_ws/install/local_setup.zsh'
[5.723s] INFO:colcon.colcon_core.shell:Creating prefix chain script '/home/michele-zarantonello/my_ws/install/setup.zsh'
