[0.057s] Invoking command in '/home/michele-zarantonello/ws_32_assignments/src/build/group_32_apriltag': CMAKE_PREFIX_PATH=${CMAKE_PREFIX_PATH}:/opt/ros/jazzy DEBUGINFOD_URLS=https://debuginfod.ubuntu.com /usr/bin/cmake /home/michele-zarantonello/ws_32_assignments/src/group_32_apriltag -DCMAKE_INSTALL_PREFIX=/home/michele-zarantonello/ws_32_assignments/src/install/group_32_apriltag
[0.250s] -- The C compiler identification is GNU 13.3.0
[0.421s] -- The CXX compiler identification is GNU 13.3.0
[0.477s] -- Detecting C compiler ABI info
[0.677s] -- Detecting C compiler ABI info - done
[0.714s] -- Check for working C compiler: /usr/bin/cc - skipped
[0.724s] -- Detecting C compile features
[0.724s] -- Detecting C compile features - done
[0.745s] -- Detecting CXX compiler ABI info
[0.901s] -- Detecting CXX compiler ABI info - done
[0.936s] -- Check for working CXX compiler: /usr/bin/c++ - skipped
[0.937s] -- Detecting CXX compile features
[0.938s] -- Detecting CXX compile features - done
[0.952s] -- Found ament_cmake: 2.5.4 (/opt/ros/jazzy/share/ament_cmake/cmake)
[1.273s] -- Found Python3: /usr/bin/python3 (found version "3.12.3") found components: Interpreter 
[1.541s] -- Found ament_lint_auto: 0.17.3 (/opt/ros/jazzy/share/ament_lint_auto/cmake)
[1.790s] -- Added test 'cppcheck' to perform static code analysis on C / C++ code
[1.790s] -- Configured cppcheck include dirs: 
[1.791s] -- Configured cppcheck exclude dirs and/or files: 
[1.793s] -- Added test 'lint_cmake' to check CMake code style
[1.797s] -- Added test 'uncrustify' to check C / C++ code style
[1.797s] -- Configured uncrustify additional arguments: 
[1.797s] -- Added test 'xmllint' to check XML markup files
[1.801s] -- Configuring done (1.7s)
[1.806s] -- Generating done (0.0s)
[1.811s] -- Build files have been written to: /home/michele-zarantonello/ws_32_assignments/src/build/group_32_apriltag
[1.831s] Invoked command in '/home/michele-zarantonello/ws_32_assignments/src/build/group_32_apriltag' returned '0': CMAKE_PREFIX_PATH=${CMAKE_PREFIX_PATH}:/opt/ros/jazzy DEBUGINFOD_URLS=https://debuginfod.ubuntu.com /usr/bin/cmake /home/michele-zarantonello/ws_32_assignments/src/group_32_apriltag -DCMAKE_INSTALL_PREFIX=/home/michele-zarantonello/ws_32_assignments/src/install/group_32_apriltag
[1.832s] Invoking command in '/home/michele-zarantonello/ws_32_assignments/src/build/group_32_apriltag': CMAKE_PREFIX_PATH=${CMAKE_PREFIX_PATH}:/opt/ros/jazzy DEBUGINFOD_URLS=https://debuginfod.ubuntu.com /usr/bin/cmake --build /home/michele-zarantonello/ws_32_assignments/src/build/group_32_apriltag -- -j8 -l8
[1.900s] Invoked command in '/home/michele-zarantonello/ws_32_assignments/src/build/group_32_apriltag' returned '0': CMAKE_PREFIX_PATH=${CMAKE_PREFIX_PATH}:/opt/ros/jazzy DEBUGINFOD_URLS=https://debuginfod.ubuntu.com /usr/bin/cmake --build /home/michele-zarantonello/ws_32_assignments/src/build/group_32_apriltag -- -j8 -l8
[1.904s] Invoking command in '/home/michele-zarantonello/ws_32_assignments/src/build/group_32_apriltag': CMAKE_PREFIX_PATH=${CMAKE_PREFIX_PATH}:/opt/ros/jazzy DEBUGINFOD_URLS=https://debuginfod.ubuntu.com /usr/bin/cmake --install /home/michele-zarantonello/ws_32_assignments/src/build/group_32_apriltag
[1.928s] -- Install configuration: ""
[1.928s] -- Installing: /home/michele-zarantonello/ws_32_assignments/src/install/group_32_apriltag/share/ament_index/resource_index/package_run_dependencies/group_32_apriltag
[1.929s] -- Installing: /home/michele-zarantonello/ws_32_assignments/src/install/group_32_apriltag/share/ament_index/resource_index/parent_prefix_path/group_32_apriltag
[1.929s] -- Installing: /home/michele-zarantonello/ws_32_assignments/src/install/group_32_apriltag/share/group_32_apriltag/environment/ament_prefix_path.sh
[1.930s] -- Installing: /home/michele-zarantonello/ws_32_assignments/src/install/group_32_apriltag/share/group_32_apriltag/environment/ament_prefix_path.dsv
[1.930s] -- Installing: /home/michele-zarantonello/ws_32_assignments/src/install/group_32_apriltag/share/group_32_apriltag/environment/path.sh
[1.930s] -- Installing: /home/michele-zarantonello/ws_32_assignments/src/install/group_32_apriltag/share/group_32_apriltag/environment/path.dsv
[1.930s] -- Installing: /home/michele-zarantonello/ws_32_assignments/src/install/group_32_apriltag/share/group_32_apriltag/local_setup.bash
[1.930s] -- Installing: /home/michele-zarantonello/ws_32_assignments/src/install/group_32_apriltag/share/group_32_apriltag/local_setup.sh
[1.930s] -- Installing: /home/michele-zarantonello/ws_32_assignments/src/install/group_32_apriltag/share/group_32_apriltag/local_setup.zsh
[1.931s] -- Installing: /home/michele-zarantonello/ws_32_assignments/src/install/group_32_apriltag/share/group_32_apriltag/local_setup.dsv
[1.931s] -- Installing: /home/michele-zarantonello/ws_32_assignments/src/install/group_32_apriltag/share/group_32_apriltag/package.dsv
[1.931s] -- Installing: /home/michele-zarantonello/ws_32_assignments/src/install/group_32_apriltag/share/ament_index/resource_index/packages/group_32_apriltag
[1.932s] -- Installing: /home/michele-zarantonello/ws_32_assignments/src/install/group_32_apriltag/share/group_32_apriltag/cmake/group_32_apriltagConfig.cmake
[1.932s] -- Installing: /home/michele-zarantonello/ws_32_assignments/src/install/group_32_apriltag/share/group_32_apriltag/cmake/group_32_apriltagConfig-version.cmake
[1.933s] -- Installing: /home/michele-zarantonello/ws_32_assignments/src/install/group_32_apriltag/share/group_32_apriltag/package.xml
[1.994s] Invoked command in '/home/michele-zarantonello/ws_32_assignments/src/build/group_32_apriltag' returned '0': CMAKE_PREFIX_PATH=${CMAKE_PREFIX_PATH}:/opt/ros/jazzy DEBUGINFOD_URLS=https://debuginfod.ubuntu.com /usr/bin/cmake --install /home/michele-zarantonello/ws_32_assignments/src/build/group_32_apriltag
