[0.047s] Invoking command in '/home/michele-zarantonello/my_ws/build/group_32_launch': CMAKE_PREFIX_PATH=${CMAKE_PREFIX_PATH}:/opt/ros/jazzy DEBUGINFOD_URLS=https://debuginfod.ubuntu.com /usr/bin/cmake --build /home/michele-zarantonello/my_ws/build/group_32_launch -- -j8 -l8
[0.157s] Invoked command in '/home/michele-zarantonello/my_ws/build/group_32_launch' returned '0': CMAKE_PREFIX_PATH=${CMAKE_PREFIX_PATH}:/opt/ros/jazzy DEBUGINFOD_URLS=https://debuginfod.ubuntu.com /usr/bin/cmake --build /home/michele-zarantonello/my_ws/build/group_32_launch -- -j8 -l8
[0.159s] Invoking command in '/home/michele-zarantonello/my_ws/build/group_32_launch': CMAKE_PREFIX_PATH=${CMAKE_PREFIX_PATH}:/opt/ros/jazzy DEBUGINFOD_URLS=https://debuginfod.ubuntu.com /usr/bin/cmake --install /home/michele-zarantonello/my_ws/build/group_32_launch
[0.196s] -- Install configuration: ""
[0.197s] -- Up-to-date: /home/michele-zarantonello/my_ws/install/group_32_launch/share/group_32_launch/launch
[0.197s] -- Installing: /home/michele-zarantonello/my_ws/install/group_32_launch/share/group_32_launch/launch/my_launch.launch.py
[0.200s] -- Up-to-date: /home/michele-zarantonello/my_ws/install/group_32_launch/share/ament_index/resource_index/package_run_dependencies/group_32_launch
[0.204s] -- Up-to-date: /home/michele-zarantonello/my_ws/install/group_32_launch/share/ament_index/resource_index/parent_prefix_path/group_32_launch
[0.204s] -- Up-to-date: /home/michele-zarantonello/my_ws/install/group_32_launch/share/group_32_launch/environment/ament_prefix_path.sh
[0.204s] -- Up-to-date: /home/michele-zarantonello/my_ws/install/group_32_launch/share/group_32_launch/environment/ament_prefix_path.dsv
[0.204s] -- Up-to-date: /home/michele-zarantonello/my_ws/install/group_32_launch/share/group_32_launch/environment/path.sh
[0.204s] -- Up-to-date: /home/michele-zarantonello/my_ws/install/group_32_launch/share/group_32_launch/environment/path.dsv
[0.205s] -- Up-to-date: /home/michele-zarantonello/my_ws/install/group_32_launch/share/group_32_launch/local_setup.bash
[0.205s] -- Up-to-date: /home/michele-zarantonello/my_ws/install/group_32_launch/share/group_32_launch/local_setup.sh
[0.205s] -- Up-to-date: /home/michele-zarantonello/my_ws/install/group_32_launch/share/group_32_launch/local_setup.zsh
[0.205s] -- Up-to-date: /home/michele-zarantonello/my_ws/install/group_32_launch/share/group_32_launch/local_setup.dsv
[0.205s] -- Installing: /home/michele-zarantonello/my_ws/install/group_32_launch/share/group_32_launch/package.dsv
[0.215s] -- Up-to-date: /home/michele-zarantonello/my_ws/install/group_32_launch/share/ament_index/resource_index/packages/group_32_launch
[0.215s] -- Up-to-date: /home/michele-zarantonello/my_ws/install/group_32_launch/share/group_32_launch/cmake/group_32_launchConfig.cmake
[0.215s] -- Up-to-date: /home/michele-zarantonello/my_ws/install/group_32_launch/share/group_32_launch/cmake/group_32_launchConfig-version.cmake
[0.216s] -- Up-to-date: /home/michele-zarantonello/my_ws/install/group_32_launch/share/group_32_launch/package.xml
[0.229s] Invoked command in '/home/michele-zarantonello/my_ws/build/group_32_launch' returned '0': CMAKE_PREFIX_PATH=${CMAKE_PREFIX_PATH}:/opt/ros/jazzy DEBUGINFOD_URLS=https://debuginfod.ubuntu.com /usr/bin/cmake --install /home/michele-zarantonello/my_ws/build/group_32_launch
