[0.037s] Invoking command in '/home/michele-zarantonello/my_ws/build/ir_base': CMAKE_PREFIX_PATH=${CMAKE_PREFIX_PATH}:/opt/ros/jazzy DEBUGINFOD_URLS=https://debuginfod.ubuntu.com /usr/bin/cmake /home/michele-zarantonello/my_ws/src/ir_2526/ir_base -DCMAKE_INSTALL_PREFIX=/home/michele-zarantonello/my_ws/install/ir_base
[0.212s] -- The C compiler identification is GNU 13.3.0
[0.435s] -- The CXX compiler identification is GNU 13.3.0
[0.461s] -- Detecting C compiler ABI info
[0.576s] -- Detecting C compiler ABI info - done
[0.596s] -- Check for working C compiler: /usr/bin/cc - skipped
[0.598s] -- Detecting C compile features
[0.598s] -- Detecting C compile features - done
[0.611s] -- Detecting CXX compiler ABI info
[0.730s] -- Detecting CXX compiler ABI info - done
[0.742s] -- Check for working CXX compiler: /usr/bin/c++ - skipped
[0.742s] -- Detecting CXX compile features
[0.743s] -- Detecting CXX compile features - done
[0.752s] -- Found ament_cmake: 2.5.4 (/opt/ros/jazzy/share/ament_cmake/cmake)
[0.945s] -- Found Python3: /usr/bin/python3 (found version "3.12.3") found components: Interpreter 
[1.136s] -- Found ament_lint_auto: 0.17.3 (/opt/ros/jazzy/share/ament_lint_auto/cmake)
[1.315s] -- Added test 'flake8' to check Python code syntax and style conventions
[1.315s] -- Configured 'flake8' exclude dirs and/or files: 
[1.320s] -- Added test 'lint_cmake' to check CMake code style
[1.321s] -- Added test 'pep257' to check Python code against some of the docstring style conventions in PEP 257
[1.334s] -- Added test 'xmllint' to check XML markup files
[1.336s] -- Configuring done (1.3s)
[1.341s] -- Generating done (0.0s)
[1.343s] -- Build files have been written to: /home/michele-zarantonello/my_ws/build/ir_base
[1.351s] Invoked command in '/home/michele-zarantonello/my_ws/build/ir_base' returned '0': CMAKE_PREFIX_PATH=${CMAKE_PREFIX_PATH}:/opt/ros/jazzy DEBUGINFOD_URLS=https://debuginfod.ubuntu.com /usr/bin/cmake /home/michele-zarantonello/my_ws/src/ir_2526/ir_base -DCMAKE_INSTALL_PREFIX=/home/michele-zarantonello/my_ws/install/ir_base
[1.352s] Invoking command in '/home/michele-zarantonello/my_ws/build/ir_base': CMAKE_PREFIX_PATH=${CMAKE_PREFIX_PATH}:/opt/ros/jazzy DEBUGINFOD_URLS=https://debuginfod.ubuntu.com /usr/bin/cmake --build /home/michele-zarantonello/my_ws/build/ir_base -- -j8 -l8
[1.408s] Invoked command in '/home/michele-zarantonello/my_ws/build/ir_base' returned '0': CMAKE_PREFIX_PATH=${CMAKE_PREFIX_PATH}:/opt/ros/jazzy DEBUGINFOD_URLS=https://debuginfod.ubuntu.com /usr/bin/cmake --build /home/michele-zarantonello/my_ws/build/ir_base -- -j8 -l8
[1.409s] Invoking command in '/home/michele-zarantonello/my_ws/build/ir_base': CMAKE_PREFIX_PATH=${CMAKE_PREFIX_PATH}:/opt/ros/jazzy DEBUGINFOD_URLS=https://debuginfod.ubuntu.com /usr/bin/cmake --install /home/michele-zarantonello/my_ws/build/ir_base
[1.418s] -- Install configuration: ""
[1.418s] -- Installing: /home/michele-zarantonello/my_ws/install/ir_base/share/ament_index/resource_index/package_run_dependencies/ir_base
[1.419s] -- Installing: /home/michele-zarantonello/my_ws/install/ir_base/share/ament_index/resource_index/parent_prefix_path/ir_base
[1.419s] -- Installing: /home/michele-zarantonello/my_ws/install/ir_base/share/ir_base/environment/ament_prefix_path.sh
[1.419s] -- Installing: /home/michele-zarantonello/my_ws/install/ir_base/share/ir_base/environment/ament_prefix_path.dsv
[1.420s] -- Installing: /home/michele-zarantonello/my_ws/install/ir_base/share/ir_base/environment/path.sh
[1.420s] -- Installing: /home/michele-zarantonello/my_ws/install/ir_base/share/ir_base/environment/path.dsv
[1.420s] -- Installing: /home/michele-zarantonello/my_ws/install/ir_base/share/ir_base/local_setup.bash
[1.420s] -- Installing: /home/michele-zarantonello/my_ws/install/ir_base/share/ir_base/local_setup.sh
[1.420s] -- Installing: /home/michele-zarantonello/my_ws/install/ir_base/share/ir_base/local_setup.zsh
[1.420s] -- Installing: /home/michele-zarantonello/my_ws/install/ir_base/share/ir_base/local_setup.dsv
[1.421s] -- Installing: /home/michele-zarantonello/my_ws/install/ir_base/share/ir_base/package.dsv
[1.421s] -- Installing: /home/michele-zarantonello/my_ws/install/ir_base/share/ament_index/resource_index/packages/ir_base
[1.421s] -- Installing: /home/michele-zarantonello/my_ws/install/ir_base/share/ir_base/cmake/ir_baseConfig.cmake
[1.421s] -- Installing: /home/michele-zarantonello/my_ws/install/ir_base/share/ir_base/cmake/ir_baseConfig-version.cmake
[1.421s] -- Installing: /home/michele-zarantonello/my_ws/install/ir_base/share/ir_base/package.xml
[1.421s] -- Installing: /home/michele-zarantonello/my_ws/install/ir_base/share/ir_base/launch
[1.421s] -- Installing: /home/michele-zarantonello/my_ws/install/ir_base/share/ir_base/launch/ir_arena.launch.py
[1.421s] -- Installing: /home/michele-zarantonello/my_ws/install/ir_base/share/ir_base/launch/ir_arena_turtle.launch.py
[1.422s] -- Installing: /home/michele-zarantonello/my_ws/install/ir_base/share/ir_base/worlds
[1.422s] -- Installing: /home/michele-zarantonello/my_ws/install/ir_base/share/ir_base/worlds/iaslab_empty.sdf.xacro
[1.422s] -- Installing: /home/michele-zarantonello/my_ws/install/ir_base/share/ir_base/worlds/empy.sdf
[1.422s] -- Installing: /home/michele-zarantonello/my_ws/install/ir_base/share/ir_base/worlds/iaslab_camera_tables.sdf
[1.422s] -- Installing: /home/michele-zarantonello/my_ws/install/ir_base/share/ir_base/worlds/iaslab_ur.sdf
[1.422s] -- Installing: /home/michele-zarantonello/my_ws/install/ir_base/share/ir_base/worlds/apples_world.sdf.xacro
[1.422s] -- Installing: /home/michele-zarantonello/my_ws/install/ir_base/share/ir_base/worlds/iaslab_nav.sdf
[1.422s] -- Installing: /home/michele-zarantonello/my_ws/install/ir_base/share/ir_base/worlds/iaslab_empty.sdf
[1.422s] -- Installing: /home/michele-zarantonello/my_ws/install/ir_base/share/ir_base/worlds/iaslab_empty_ur.sdf.xacro
[1.423s] -- Installing: /home/michele-zarantonello/my_ws/install/ir_base/share/ir_base/worlds/iaslab_ur.sdf.xacro
[1.424s] -- Installing: /home/michele-zarantonello/my_ws/install/ir_base/share/ir_base/worlds/iaslab.sdf.xacro
[1.424s] -- Installing: /home/michele-zarantonello/my_ws/install/ir_base/share/ir_base/params
[1.424s] -- Installing: /home/michele-zarantonello/my_ws/install/ir_base/share/ir_base/params/nav2_params.yaml
[1.424s] -- Installing: /home/michele-zarantonello/my_ws/install/ir_base/share/ir_base/params/turtlebot3_waffle_bridge.yaml
[1.424s] -- Installing: /home/michele-zarantonello/my_ws/install/ir_base/share/ir_base/params/ur_bridge.yaml
[1.424s] -- Installing: /home/michele-zarantonello/my_ws/install/ir_base/share/ir_base/maps
[1.424s] -- Installing: /home/michele-zarantonello/my_ws/install/ir_base/share/ir_base/maps/lab_map.yaml
[1.424s] -- Installing: /home/michele-zarantonello/my_ws/install/ir_base/share/ir_base/maps/lab_map.pgm
[1.426s] -- Installing: /home/michele-zarantonello/my_ws/install/ir_base/share/ir_base/models
[1.426s] -- Installing: /home/michele-zarantonello/my_ws/install/ir_base/share/ir_base/models/build
[1.426s] -- Installing: /home/michele-zarantonello/my_ws/install/ir_base/share/ir_base/models/build/.built_by
[1.426s] -- Installing: /home/michele-zarantonello/my_ws/install/ir_base/share/ir_base/models/build/COLCON_IGNORE
[1.426s] -- Installing: /home/michele-zarantonello/my_ws/install/ir_base/share/ir_base/models/artag
[1.427s] -- Installing: /home/michele-zarantonello/my_ws/install/ir_base/share/ir_base/models/artag/materials
[1.427s] -- Installing: /home/michele-zarantonello/my_ws/install/ir_base/share/ir_base/models/artag/materials/scripts
[1.427s] -- Installing: /home/michele-zarantonello/my_ws/install/ir_base/share/ir_base/models/artag/materials/scripts/artag1.material
[1.427s] -- Installing: /home/michele-zarantonello/my_ws/install/ir_base/share/ir_base/models/artag/materials/scripts/artag15.material
[1.427s] -- Installing: /home/michele-zarantonello/my_ws/install/ir_base/share/ir_base/models/artag/materials/scripts/artag6.material
[1.427s] -- Installing: /home/michele-zarantonello/my_ws/install/ir_base/share/ir_base/models/artag/materials/scripts/artag8.material
[1.427s] -- Installing: /home/michele-zarantonello/my_ws/install/ir_base/share/ir_base/models/artag/materials/scripts/artag11.material
[1.427s] -- Installing: /home/michele-zarantonello/my_ws/install/ir_base/share/ir_base/models/artag/materials/scripts/artag12.material
[1.428s] -- Installing: /home/michele-zarantonello/my_ws/install/ir_base/share/ir_base/models/artag/materials/scripts/artag4.material
[1.428s] -- Installing: /home/michele-zarantonello/my_ws/install/ir_base/share/ir_base/models/artag/materials/scripts/artag5.material
[1.428s] -- Installing: /home/michele-zarantonello/my_ws/install/ir_base/share/ir_base/models/artag/materials/scripts/artag9.material
[1.428s] -- Installing: /home/michele-zarantonello/my_ws/install/ir_base/share/ir_base/models/artag/materials/scripts/artag10.material
[1.428s] -- Installing: /home/michele-zarantonello/my_ws/install/ir_base/share/ir_base/models/artag/materials/scripts/artag3.material
[1.428s] -- Installing: /home/michele-zarantonello/my_ws/install/ir_base/share/ir_base/models/artag/materials/scripts/artag0.material
[1.428s] -- Installing: /home/michele-zarantonello/my_ws/install/ir_base/share/ir_base/models/artag/materials/scripts/artag14.material
[1.428s] -- Installing: /home/michele-zarantonello/my_ws/install/ir_base/share/ir_base/models/artag/materials/scripts/artag7.material
[1.428s] -- Installing: /home/michele-zarantonello/my_ws/install/ir_base/share/ir_base/models/artag/materials/scripts/artag13.material
[1.428s] -- Installing: /home/michele-zarantonello/my_ws/install/ir_base/share/ir_base/models/artag/materials/scripts/artag2.material
[1.428s] -- Installing: /home/michele-zarantonello/my_ws/install/ir_base/share/ir_base/models/artag/materials/textures
[1.428s] -- Installing: /home/michele-zarantonello/my_ws/install/ir_base/share/ir_base/models/artag/materials/textures/tag36_11_00011.png
[1.428s] -- Installing: /home/michele-zarantonello/my_ws/install/ir_base/share/ir_base/models/artag/materials/textures/tag36_11_00004.png
[1.429s] -- Installing: /home/michele-zarantonello/my_ws/install/ir_base/share/ir_base/models/artag/materials/textures/tag36_11_00007.png
[1.429s] -- Installing: /home/michele-zarantonello/my_ws/install/ir_base/share/ir_base/models/artag/materials/textures/tag36_11_00012.png
[1.429s] -- Installing: /home/michele-zarantonello/my_ws/install/ir_base/share/ir_base/models/artag/materials/textures/tag36_11_00008.png
[1.429s] -- Installing: /home/michele-zarantonello/my_ws/install/ir_base/share/ir_base/models/artag/materials/textures/tag36_11_00005.png
[1.429s] -- Installing: /home/michele-zarantonello/my_ws/install/ir_base/share/ir_base/models/artag/materials/textures/tag36_11_00014.png
[1.429s] -- Installing: /home/michele-zarantonello/my_ws/install/ir_base/share/ir_base/models/artag/materials/textures/tag36_11_00013.png
[1.429s] -- Installing: /home/michele-zarantonello/my_ws/install/ir_base/share/ir_base/models/artag/materials/textures/tag36_11_00100.png
[1.429s] -- Installing: /home/michele-zarantonello/my_ws/install/ir_base/share/ir_base/models/artag/materials/textures/tag36_11_00006.png
[1.429s] -- Installing: /home/michele-zarantonello/my_ws/install/ir_base/share/ir_base/models/artag/materials/textures/tag36_11_00002.png
[1.430s] -- Installing: /home/michele-zarantonello/my_ws/install/ir_base/share/ir_base/models/artag/materials/textures/tag36_11_00010.png
[1.430s] -- Installing: /home/michele-zarantonello/my_ws/install/ir_base/share/ir_base/models/artag/materials/textures/tag36_11_00015.png
[1.430s] -- Installing: /home/michele-zarantonello/my_ws/install/ir_base/share/ir_base/models/artag/materials/textures/tag36_11_00001.png
[1.430s] -- Installing: /home/michele-zarantonello/my_ws/install/ir_base/share/ir_base/models/artag/materials/textures/tag36_11_00000.png
[1.430s] -- Installing: /home/michele-zarantonello/my_ws/install/ir_base/share/ir_base/models/artag/materials/textures/tag36_11_00009.png
[1.430s] -- Installing: /home/michele-zarantonello/my_ws/install/ir_base/share/ir_base/models/artag/materials/textures/tag36_11_00101.png
[1.430s] -- Installing: /home/michele-zarantonello/my_ws/install/ir_base/share/ir_base/models/artag/materials/textures/tag36_11_00003.png
[1.430s] -- Installing: /home/michele-zarantonello/my_ws/install/ir_base/share/ir_base/models/artag/model.config
[1.430s] -- Installing: /home/michele-zarantonello/my_ws/install/ir_base/share/ir_base/models/artag/model.sdf
[1.430s] -- Installing: /home/michele-zarantonello/my_ws/install/ir_base/share/ir_base/models/log
[1.430s] -- Installing: /home/michele-zarantonello/my_ws/install/ir_base/share/ir_base/models/log/latest_build
[1.431s] -- Installing: /home/michele-zarantonello/my_ws/install/ir_base/share/ir_base/models/log/build_2025-09-05_12-18-28
[1.431s] -- Installing: /home/michele-zarantonello/my_ws/install/ir_base/share/ir_base/models/log/build_2025-09-05_12-18-28/events.log
[1.431s] -- Installing: /home/michele-zarantonello/my_ws/install/ir_base/share/ir_base/models/log/build_2025-09-05_12-18-28/logger_all.log
[1.431s] -- Installing: /home/michele-zarantonello/my_ws/install/ir_base/share/ir_base/models/log/build_2025-09-05_12-40-06
[1.431s] -- Installing: /home/michele-zarantonello/my_ws/install/ir_base/share/ir_base/models/log/build_2025-09-05_12-40-06/events.log
[1.431s] -- Installing: /home/michele-zarantonello/my_ws/install/ir_base/share/ir_base/models/log/build_2025-09-05_12-40-06/logger_all.log
[1.431s] -- Installing: /home/michele-zarantonello/my_ws/install/ir_base/share/ir_base/models/log/build_2025-09-05_12-15-26
[1.431s] -- Installing: /home/michele-zarantonello/my_ws/install/ir_base/share/ir_base/models/log/build_2025-09-05_12-15-26/events.log
[1.431s] -- Installing: /home/michele-zarantonello/my_ws/install/ir_base/share/ir_base/models/log/build_2025-09-05_12-15-26/logger_all.log
[1.431s] -- Installing: /home/michele-zarantonello/my_ws/install/ir_base/share/ir_base/models/log/build_2025-09-05_11-54-02
[1.431s] -- Installing: /home/michele-zarantonello/my_ws/install/ir_base/share/ir_base/models/log/build_2025-09-05_11-54-02/events.log
[1.431s] -- Installing: /home/michele-zarantonello/my_ws/install/ir_base/share/ir_base/models/log/build_2025-09-05_11-54-02/logger_all.log
[1.431s] -- Installing: /home/michele-zarantonello/my_ws/install/ir_base/share/ir_base/models/log/build_2025-09-05_12-23-38
[1.432s] -- Installing: /home/michele-zarantonello/my_ws/install/ir_base/share/ir_base/models/log/build_2025-09-05_12-23-38/events.log
[1.432s] -- Installing: /home/michele-zarantonello/my_ws/install/ir_base/share/ir_base/models/log/build_2025-09-05_12-23-38/logger_all.log
[1.433s] -- Installing: /home/michele-zarantonello/my_ws/install/ir_base/share/ir_base/models/log/build_2025-09-05_12-17-19
[1.433s] -- Installing: /home/michele-zarantonello/my_ws/install/ir_base/share/ir_base/models/log/build_2025-09-05_12-17-19/events.log
[1.433s] -- Installing: /home/michele-zarantonello/my_ws/install/ir_base/share/ir_base/models/log/build_2025-09-05_12-17-19/logger_all.log
[1.433s] -- Installing: /home/michele-zarantonello/my_ws/install/ir_base/share/ir_base/models/log/latest
[1.434s] -- Installing: /home/michele-zarantonello/my_ws/install/ir_base/share/ir_base/models/log/build_2025-09-05_12-03-44
[1.434s] -- Installing: /home/michele-zarantonello/my_ws/install/ir_base/share/ir_base/models/log/build_2025-09-05_12-03-44/events.log
[1.435s] -- Installing: /home/michele-zarantonello/my_ws/install/ir_base/share/ir_base/models/log/build_2025-09-05_12-03-44/logger_all.log
[1.435s] -- Installing: /home/michele-zarantonello/my_ws/install/ir_base/share/ir_base/models/log/COLCON_IGNORE
[1.435s] -- Installing: /home/michele-zarantonello/my_ws/install/ir_base/share/ir_base/models/log/build_2025-09-05_12-04-38
[1.435s] -- Installing: /home/michele-zarantonello/my_ws/install/ir_base/share/ir_base/models/log/build_2025-09-05_12-04-38/events.log
[1.435s] -- Installing: /home/michele-zarantonello/my_ws/install/ir_base/share/ir_base/models/log/build_2025-09-05_12-04-38/logger_all.log
[1.435s] -- Installing: /home/michele-zarantonello/my_ws/install/ir_base/share/ir_base/models/log/build_2025-09-05_12-40-26
[1.435s] -- Installing: /home/michele-zarantonello/my_ws/install/ir_base/share/ir_base/models/log/build_2025-09-05_12-40-26/events.log
[1.435s] -- Installing: /home/michele-zarantonello/my_ws/install/ir_base/share/ir_base/models/log/build_2025-09-05_12-40-26/logger_all.log
[1.435s] -- Installing: /home/michele-zarantonello/my_ws/install/ir_base/share/ir_base/models/install
[1.435s] -- Installing: /home/michele-zarantonello/my_ws/install/ir_base/share/ir_base/models/install/_local_setup_util_sh.py
[1.436s] -- Installing: /home/michele-zarantonello/my_ws/install/ir_base/share/ir_base/models/install/setup.sh
[1.436s] -- Installing: /home/michele-zarantonello/my_ws/install/ir_base/share/ir_base/models/install/_local_setup_util_ps1.py
[1.436s] -- Installing: /home/michele-zarantonello/my_ws/install/ir_base/share/ir_base/models/install/setup.bash
[1.436s] -- Installing: /home/michele-zarantonello/my_ws/install/ir_base/share/ir_base/models/install/local_setup.bash
[1.436s] -- Installing: /home/michele-zarantonello/my_ws/install/ir_base/share/ir_base/models/install/.colcon_install_layout
[1.436s] -- Installing: /home/michele-zarantonello/my_ws/install/ir_base/share/ir_base/models/install/local_setup.zsh
[1.436s] -- Installing: /home/michele-zarantonello/my_ws/install/ir_base/share/ir_base/models/install/setup.zsh
[1.436s] -- Installing: /home/michele-zarantonello/my_ws/install/ir_base/share/ir_base/models/install/COLCON_IGNORE
[1.436s] -- Installing: /home/michele-zarantonello/my_ws/install/ir_base/share/ir_base/models/install/local_setup.sh
[1.437s] -- Installing: /home/michele-zarantonello/my_ws/install/ir_base/share/ir_base/models/install/setup.ps1
[1.437s] -- Installing: /home/michele-zarantonello/my_ws/install/ir_base/share/ir_base/models/install/local_setup.ps1
[1.437s] -- Installing: /home/michele-zarantonello/my_ws/install/ir_base/share/ir_base/models/docks
[1.437s] -- Installing: /home/michele-zarantonello/my_ws/install/ir_base/share/ir_base/models/docks/loading_station_0
[1.437s] -- Installing: /home/michele-zarantonello/my_ws/install/ir_base/share/ir_base/models/docks/loading_station_0/model.config
[1.437s] -- Installing: /home/michele-zarantonello/my_ws/install/ir_base/share/ir_base/models/docks/loading_station_0/model.sdf
[1.437s] -- Installing: /home/michele-zarantonello/my_ws/install/ir_base/share/ir_base/models/docks/unloading_station_0
[1.437s] -- Installing: /home/michele-zarantonello/my_ws/install/ir_base/share/ir_base/models/docks/unloading_station_0/model.config
[1.437s] -- Installing: /home/michele-zarantonello/my_ws/install/ir_base/share/ir_base/models/docks/unloading_station_0/model.sdf
[1.437s] -- Installing: /home/michele-zarantonello/my_ws/install/ir_base/share/ir_base/models/docks/loading_station_1
[1.437s] -- Installing: /home/michele-zarantonello/my_ws/install/ir_base/share/ir_base/models/docks/loading_station_1/model.config
[1.438s] -- Installing: /home/michele-zarantonello/my_ws/install/ir_base/share/ir_base/models/docks/loading_station_1/model.sdf
[1.438s] -- Installing: /home/michele-zarantonello/my_ws/install/ir_base/share/ir_base/models/cafe_table
[1.438s] -- Installing: /home/michele-zarantonello/my_ws/install/ir_base/share/ir_base/models/cafe_table/materials
[1.438s] -- Installing: /home/michele-zarantonello/my_ws/install/ir_base/share/ir_base/models/cafe_table/materials/textures
[1.438s] -- Installing: /home/michele-zarantonello/my_ws/install/ir_base/share/ir_base/models/cafe_table/materials/textures/Wood_Floor_Dark.jpg
[1.438s] -- Installing: /home/michele-zarantonello/my_ws/install/ir_base/share/ir_base/models/cafe_table/materials/textures/Maple.jpg
[1.438s] -- Installing: /home/michele-zarantonello/my_ws/install/ir_base/share/ir_base/models/cafe_table/model.config
[1.438s] -- Installing: /home/michele-zarantonello/my_ws/install/ir_base/share/ir_base/models/cafe_table/meshes
[1.438s] -- Installing: /home/michele-zarantonello/my_ws/install/ir_base/share/ir_base/models/cafe_table/meshes/cafe_table.dae
[1.438s] -- Installing: /home/michele-zarantonello/my_ws/install/ir_base/share/ir_base/models/cafe_table/model-1_4.sdf
[1.438s] -- Installing: /home/michele-zarantonello/my_ws/install/ir_base/share/ir_base/models/cafe_table/model.sdf
[1.438s] -- Installing: /home/michele-zarantonello/my_ws/install/ir_base/share/ir_base/models/walls
[1.438s] -- Installing: /home/michele-zarantonello/my_ws/install/ir_base/share/ir_base/models/walls/arena_walls
[1.439s] -- Installing: /home/michele-zarantonello/my_ws/install/ir_base/share/ir_base/models/walls/arena_walls/model.config
[1.439s] -- Installing: /home/michele-zarantonello/my_ws/install/ir_base/share/ir_base/models/walls/arena_walls/meshes
[1.439s] -- Installing: /home/michele-zarantonello/my_ws/install/ir_base/share/ir_base/models/walls/arena_walls/meshes/arena.dae
[1.439s] -- Installing: /home/michele-zarantonello/my_ws/install/ir_base/share/ir_base/models/walls/arena_walls/model.sdf
[1.439s] -- Installing: /home/michele-zarantonello/my_ws/install/ir_base/share/ir_base/models/objects
[1.439s] -- Installing: /home/michele-zarantonello/my_ws/install/ir_base/share/ir_base/models/objects/Hexagon
[1.439s] -- Installing: /home/michele-zarantonello/my_ws/install/ir_base/share/ir_base/models/objects/Hexagon/model.config
[1.439s] -- Installing: /home/michele-zarantonello/my_ws/install/ir_base/share/ir_base/models/objects/Hexagon/meshes
[1.439s] -- Installing: /home/michele-zarantonello/my_ws/install/ir_base/share/ir_base/models/objects/Hexagon/meshes/hexagon.dae
[1.439s] -- Installing: /home/michele-zarantonello/my_ws/install/ir_base/share/ir_base/models/objects/Hexagon/model.sdf
[1.439s] -- Installing: /home/michele-zarantonello/my_ws/install/ir_base/share/ir_base/models/objects/OctagonSmall
[1.439s] -- Installing: /home/michele-zarantonello/my_ws/install/ir_base/share/ir_base/models/objects/OctagonSmall/model.config
[1.439s] -- Installing: /home/michele-zarantonello/my_ws/install/ir_base/share/ir_base/models/objects/OctagonSmall/meshes
[1.439s] -- Installing: /home/michele-zarantonello/my_ws/install/ir_base/share/ir_base/models/objects/OctagonSmall/meshes/octagon_small.dae
[1.440s] -- Installing: /home/michele-zarantonello/my_ws/install/ir_base/share/ir_base/models/objects/OctagonSmall/model.sdf
[1.440s] -- Installing: /home/michele-zarantonello/my_ws/install/ir_base/share/ir_base/models/objects/OctagonBig
[1.440s] -- Installing: /home/michele-zarantonello/my_ws/install/ir_base/share/ir_base/models/objects/OctagonBig/model.config
[1.440s] -- Installing: /home/michele-zarantonello/my_ws/install/ir_base/share/ir_base/models/objects/OctagonBig/meshes
[1.440s] -- Installing: /home/michele-zarantonello/my_ws/install/ir_base/share/ir_base/models/objects/OctagonBig/meshes/octagon_big.dae
[1.440s] -- Installing: /home/michele-zarantonello/my_ws/install/ir_base/share/ir_base/models/objects/OctagonBig/model.sdf
[1.440s] -- Installing: /home/michele-zarantonello/my_ws/install/ir_base/share/ir_base/models/objects/Triangle
[1.440s] -- Installing: /home/michele-zarantonello/my_ws/install/ir_base/share/ir_base/models/objects/Triangle/model.config
[1.440s] -- Installing: /home/michele-zarantonello/my_ws/install/ir_base/share/ir_base/models/objects/Triangle/meshes
[1.440s] -- Installing: /home/michele-zarantonello/my_ws/install/ir_base/share/ir_base/models/objects/Triangle/meshes/triangle.dae
[1.440s] -- Installing: /home/michele-zarantonello/my_ws/install/ir_base/share/ir_base/models/objects/Triangle/meshes/triangle_centered.stl
[1.441s] -- Installing: /home/michele-zarantonello/my_ws/install/ir_base/share/ir_base/models/objects/Triangle/model.sdf
[1.441s] -- Installing: /home/michele-zarantonello/my_ws/install/ir_base/share/ir_base/rviz
[1.441s] -- Installing: /home/michele-zarantonello/my_ws/install/ir_base/share/ir_base/rviz/exercise_4.rviz
[1.441s] -- Installing: /home/michele-zarantonello/my_ws/install/ir_base/share/ir_base/urdf
[1.441s] -- Installing: /home/michele-zarantonello/my_ws/install/ir_base/share/ir_base/urdf/camera.urdf
[1.441s] -- Installing: /home/michele-zarantonello/my_ws/install/ir_base/share/ir_base/urdf/turtlebot3_waffle.urdf
[1.449s] Invoked command in '/home/michele-zarantonello/my_ws/build/ir_base' returned '0': CMAKE_PREFIX_PATH=${CMAKE_PREFIX_PATH}:/opt/ros/jazzy DEBUGINFOD_URLS=https://debuginfod.ubuntu.com /usr/bin/cmake --install /home/michele-zarantonello/my_ws/build/ir_base
