[0.127s] DEBUG:colcon:Command line arguments: ['/usr/bin/colcon', 'build']
[0.127s] DEBUG:colcon:Parsed command line arguments: Namespace(log_base=None, log_level=None, verb_name='build', build_base='build', install_base='install', merge_install=False, symlink_install=False, test_result_base=None, continue_on_error=False, executor='parallel', parallel_workers=8, event_handlers=None, ignore_user_meta=False, metas=['./colcon.meta'], base_paths=['.'], packages_ignore=None, packages_ignore_regex=None, paths=None, packages_up_to=None, packages_up_to_regex=None, packages_above=None, packages_above_and_dependencies=None, packages_above_depth=None, packages_select_by_dep=None, packages_skip_by_dep=None, packages_skip_up_to=None, packages_select_build_failed=False, packages_skip_build_finished=False, packages_select_test_failures=False, packages_skip_test_passed=False, packages_select=None, packages_skip=None, packages_select_regex=None, packages_skip_regex=None, packages_start=None, packages_end=None, allow_overriding=[], cmake_args=None, cmake_target=None, cmake_target_skip_unavailable=False, cmake_clean_cache=False, cmake_clean_first=False, cmake_force_configure=False, ament_cmake_args=None, catkin_cmake_args=None, catkin_skip_building_tests=False, mixin_files=None, mixin=None, verb_parser=<colcon_mixin.mixin.mixin_argument.MixinArgumentDecorator object at 0x78001568d940>, verb_extension=<colcon_core.verb.build.BuildVerb object at 0x7800157c5850>, main=<bound method BuildVerb.main of <colcon_core.verb.build.BuildVerb object at 0x7800157c5850>>, mixin_verb=('build',))
[0.164s] Level 1:colcon.colcon_core.package_discovery:discover_packages(colcon_meta) check parameters
[0.164s] Level 1:colcon.colcon_core.package_discovery:discover_packages(recursive) check parameters
[0.164s] Level 1:colcon.colcon_core.package_discovery:discover_packages(ignore) check parameters
[0.164s] Level 1:colcon.colcon_core.package_discovery:discover_packages(path) check parameters
[0.164s] Level 1:colcon.colcon_core.package_discovery:discover_packages(colcon_meta) discover
[0.165s] Level 1:colcon.colcon_core.package_discovery:discover_packages(recursive) discover
[0.165s] INFO:colcon.colcon_core.package_discovery:Crawling recursively for packages in '/home/michele-zarantonello/ws_32_assignments'
[0.165s] Level 1:colcon.colcon_core.package_identification:_identify(.) by extensions ['ignore', 'ignore_ament_install']
[0.165s] Level 1:colcon.colcon_core.package_identification:_identify(.) by extension 'ignore'
[0.165s] Level 1:colcon.colcon_core.package_identification:_identify(.) by extension 'ignore_ament_install'
[0.165s] Level 1:colcon.colcon_core.package_identification:_identify(.) by extensions ['colcon_pkg']
[0.165s] Level 1:colcon.colcon_core.package_identification:_identify(.) by extension 'colcon_pkg'
[0.165s] Level 1:colcon.colcon_core.package_identification:_identify(.) by extensions ['colcon_meta']
[0.165s] Level 1:colcon.colcon_core.package_identification:_identify(.) by extension 'colcon_meta'
[0.165s] Level 1:colcon.colcon_core.package_identification:_identify(.) by extensions ['ros']
[0.165s] Level 1:colcon.colcon_core.package_identification:_identify(.) by extension 'ros'
[0.189s] Level 1:colcon.colcon_core.package_identification:_identify(.) by extensions ['cmake', 'python']
[0.189s] Level 1:colcon.colcon_core.package_identification:_identify(.) by extension 'cmake'
[0.189s] Level 1:colcon.colcon_core.package_identification:_identify(.) by extension 'python'
[0.189s] Level 1:colcon.colcon_core.package_identification:_identify(.) by extensions ['python_setup_py']
[0.189s] Level 1:colcon.colcon_core.package_identification:_identify(.) by extension 'python_setup_py'
[0.189s] Level 1:colcon.colcon_core.package_identification:_identify(build) by extensions ['ignore', 'ignore_ament_install']
[0.189s] Level 1:colcon.colcon_core.package_identification:_identify(build) by extension 'ignore'
[0.190s] Level 1:colcon.colcon_core.package_identification:_identify(build) ignored
[0.190s] Level 1:colcon.colcon_core.package_identification:_identify(install) by extensions ['ignore', 'ignore_ament_install']
[0.190s] Level 1:colcon.colcon_core.package_identification:_identify(install) by extension 'ignore'
[0.190s] Level 1:colcon.colcon_core.package_identification:_identify(install) ignored
[0.190s] Level 1:colcon.colcon_core.package_identification:_identify(log) by extensions ['ignore', 'ignore_ament_install']
[0.190s] Level 1:colcon.colcon_core.package_identification:_identify(log) by extension 'ignore'
[0.190s] Level 1:colcon.colcon_core.package_identification:_identify(log) ignored
[0.190s] Level 1:colcon.colcon_core.package_identification:_identify(src) by extensions ['ignore', 'ignore_ament_install']
[0.190s] Level 1:colcon.colcon_core.package_identification:_identify(src) by extension 'ignore'
[0.190s] Level 1:colcon.colcon_core.package_identification:_identify(src) by extension 'ignore_ament_install'
[0.190s] Level 1:colcon.colcon_core.package_identification:_identify(src) by extensions ['colcon_pkg']
[0.190s] Level 1:colcon.colcon_core.package_identification:_identify(src) by extension 'colcon_pkg'
[0.190s] Level 1:colcon.colcon_core.package_identification:_identify(src) by extensions ['colcon_meta']
[0.190s] Level 1:colcon.colcon_core.package_identification:_identify(src) by extension 'colcon_meta'
[0.190s] Level 1:colcon.colcon_core.package_identification:_identify(src) by extensions ['ros']
[0.190s] Level 1:colcon.colcon_core.package_identification:_identify(src) by extension 'ros'
[0.190s] Level 1:colcon.colcon_core.package_identification:_identify(src) by extensions ['cmake', 'python']
[0.190s] Level 1:colcon.colcon_core.package_identification:_identify(src) by extension 'cmake'
[0.191s] Level 1:colcon.colcon_core.package_identification:_identify(src) by extension 'python'
[0.191s] Level 1:colcon.colcon_core.package_identification:_identify(src) by extensions ['python_setup_py']
[0.191s] Level 1:colcon.colcon_core.package_identification:_identify(src) by extension 'python_setup_py'
[0.191s] Level 1:colcon.colcon_core.package_identification:_identify(src/ir_2526) by extensions ['ignore', 'ignore_ament_install']
[0.191s] Level 1:colcon.colcon_core.package_identification:_identify(src/ir_2526) by extension 'ignore'
[0.191s] Level 1:colcon.colcon_core.package_identification:_identify(src/ir_2526) by extension 'ignore_ament_install'
[0.191s] Level 1:colcon.colcon_core.package_identification:_identify(src/ir_2526) by extensions ['colcon_pkg']
[0.191s] Level 1:colcon.colcon_core.package_identification:_identify(src/ir_2526) by extension 'colcon_pkg'
[0.191s] Level 1:colcon.colcon_core.package_identification:_identify(src/ir_2526) by extensions ['colcon_meta']
[0.191s] Level 1:colcon.colcon_core.package_identification:_identify(src/ir_2526) by extension 'colcon_meta'
[0.191s] Level 1:colcon.colcon_core.package_identification:_identify(src/ir_2526) by extensions ['ros']
[0.191s] Level 1:colcon.colcon_core.package_identification:_identify(src/ir_2526) by extension 'ros'
[0.191s] Level 1:colcon.colcon_core.package_identification:_identify(src/ir_2526) by extensions ['cmake', 'python']
[0.191s] Level 1:colcon.colcon_core.package_identification:_identify(src/ir_2526) by extension 'cmake'
[0.191s] Level 1:colcon.colcon_core.package_identification:_identify(src/ir_2526) by extension 'python'
[0.191s] Level 1:colcon.colcon_core.package_identification:_identify(src/ir_2526) by extensions ['python_setup_py']
[0.191s] Level 1:colcon.colcon_core.package_identification:_identify(src/ir_2526) by extension 'python_setup_py'
[0.191s] Level 1:colcon.colcon_core.package_identification:_identify(src/ir_2526/apriltag_ros) by extensions ['ignore', 'ignore_ament_install']
[0.191s] Level 1:colcon.colcon_core.package_identification:_identify(src/ir_2526/apriltag_ros) by extension 'ignore'
[0.191s] Level 1:colcon.colcon_core.package_identification:_identify(src/ir_2526/apriltag_ros) by extension 'ignore_ament_install'
[0.192s] Level 1:colcon.colcon_core.package_identification:_identify(src/ir_2526/apriltag_ros) by extensions ['colcon_pkg']
[0.192s] Level 1:colcon.colcon_core.package_identification:_identify(src/ir_2526/apriltag_ros) by extension 'colcon_pkg'
[0.192s] Level 1:colcon.colcon_core.package_identification:_identify(src/ir_2526/apriltag_ros) by extensions ['colcon_meta']
[0.192s] Level 1:colcon.colcon_core.package_identification:_identify(src/ir_2526/apriltag_ros) by extension 'colcon_meta'
[0.192s] Level 1:colcon.colcon_core.package_identification:_identify(src/ir_2526/apriltag_ros) by extensions ['ros']
[0.192s] Level 1:colcon.colcon_core.package_identification:_identify(src/ir_2526/apriltag_ros) by extension 'ros'
[0.196s] DEBUG:colcon.colcon_core.package_identification:Package 'src/ir_2526/apriltag_ros' with type 'ros.ament_cmake' and name 'apriltag_ros'
[0.196s] Level 1:colcon.colcon_core.package_identification:_identify(src/ir_2526/ir_base) by extensions ['ignore', 'ignore_ament_install']
[0.197s] Level 1:colcon.colcon_core.package_identification:_identify(src/ir_2526/ir_base) by extension 'ignore'
[0.197s] Level 1:colcon.colcon_core.package_identification:_identify(src/ir_2526/ir_base) by extension 'ignore_ament_install'
[0.197s] Level 1:colcon.colcon_core.package_identification:_identify(src/ir_2526/ir_base) by extensions ['colcon_pkg']
[0.197s] Level 1:colcon.colcon_core.package_identification:_identify(src/ir_2526/ir_base) by extension 'colcon_pkg'
[0.197s] Level 1:colcon.colcon_core.package_identification:_identify(src/ir_2526/ir_base) by extensions ['colcon_meta']
[0.197s] Level 1:colcon.colcon_core.package_identification:_identify(src/ir_2526/ir_base) by extension 'colcon_meta'
[0.197s] Level 1:colcon.colcon_core.package_identification:_identify(src/ir_2526/ir_base) by extensions ['ros']
[0.197s] Level 1:colcon.colcon_core.package_identification:_identify(src/ir_2526/ir_base) by extension 'ros'
[0.197s] DEBUG:colcon.colcon_core.package_identification:Package 'src/ir_2526/ir_base' with type 'ros.ament_cmake' and name 'ir_base'
[0.197s] Level 1:colcon.colcon_core.package_identification:_identify(src/ir_2526/ir_desription) by extensions ['ignore', 'ignore_ament_install']
[0.198s] Level 1:colcon.colcon_core.package_identification:_identify(src/ir_2526/ir_desription) by extension 'ignore'
[0.198s] Level 1:colcon.colcon_core.package_identification:_identify(src/ir_2526/ir_desription) by extension 'ignore_ament_install'
[0.198s] Level 1:colcon.colcon_core.package_identification:_identify(src/ir_2526/ir_desription) by extensions ['colcon_pkg']
[0.198s] Level 1:colcon.colcon_core.package_identification:_identify(src/ir_2526/ir_desription) by extension 'colcon_pkg'
[0.198s] Level 1:colcon.colcon_core.package_identification:_identify(src/ir_2526/ir_desription) by extensions ['colcon_meta']
[0.198s] Level 1:colcon.colcon_core.package_identification:_identify(src/ir_2526/ir_desription) by extension 'colcon_meta'
[0.198s] Level 1:colcon.colcon_core.package_identification:_identify(src/ir_2526/ir_desription) by extensions ['ros']
[0.198s] Level 1:colcon.colcon_core.package_identification:_identify(src/ir_2526/ir_desription) by extension 'ros'
[0.198s] DEBUG:colcon.colcon_core.package_identification:Package 'src/ir_2526/ir_desription' with type 'ros.ament_cmake' and name 'ir_desription'
[0.199s] Level 1:colcon.colcon_core.package_identification:_identify(src/ir_2526/ir_launch) by extensions ['ignore', 'ignore_ament_install']
[0.199s] Level 1:colcon.colcon_core.package_identification:_identify(src/ir_2526/ir_launch) by extension 'ignore'
[0.199s] Level 1:colcon.colcon_core.package_identification:_identify(src/ir_2526/ir_launch) by extension 'ignore_ament_install'
[0.199s] Level 1:colcon.colcon_core.package_identification:_identify(src/ir_2526/ir_launch) by extensions ['colcon_pkg']
[0.199s] Level 1:colcon.colcon_core.package_identification:_identify(src/ir_2526/ir_launch) by extension 'colcon_pkg'
[0.199s] Level 1:colcon.colcon_core.package_identification:_identify(src/ir_2526/ir_launch) by extensions ['colcon_meta']
[0.199s] Level 1:colcon.colcon_core.package_identification:_identify(src/ir_2526/ir_launch) by extension 'colcon_meta'
[0.199s] Level 1:colcon.colcon_core.package_identification:_identify(src/ir_2526/ir_launch) by extensions ['ros']
[0.199s] Level 1:colcon.colcon_core.package_identification:_identify(src/ir_2526/ir_launch) by extension 'ros'
[0.199s] DEBUG:colcon.colcon_core.package_identification:Package 'src/ir_2526/ir_launch' with type 'ros.ament_cmake' and name 'ir_launch'
[0.199s] Level 1:colcon.colcon_core.package_identification:_identify(src/ir_2526/ir_movit_config) by extensions ['ignore', 'ignore_ament_install']
[0.200s] Level 1:colcon.colcon_core.package_identification:_identify(src/ir_2526/ir_movit_config) by extension 'ignore'
[0.200s] Level 1:colcon.colcon_core.package_identification:_identify(src/ir_2526/ir_movit_config) by extension 'ignore_ament_install'
[0.200s] Level 1:colcon.colcon_core.package_identification:_identify(src/ir_2526/ir_movit_config) by extensions ['colcon_pkg']
[0.200s] Level 1:colcon.colcon_core.package_identification:_identify(src/ir_2526/ir_movit_config) by extension 'colcon_pkg'
[0.200s] Level 1:colcon.colcon_core.package_identification:_identify(src/ir_2526/ir_movit_config) by extensions ['colcon_meta']
[0.200s] Level 1:colcon.colcon_core.package_identification:_identify(src/ir_2526/ir_movit_config) by extension 'colcon_meta'
[0.200s] Level 1:colcon.colcon_core.package_identification:_identify(src/ir_2526/ir_movit_config) by extensions ['ros']
[0.200s] Level 1:colcon.colcon_core.package_identification:_identify(src/ir_2526/ir_movit_config) by extension 'ros'
[0.201s] DEBUG:colcon.colcon_core.package_identification:Package 'src/ir_2526/ir_movit_config' with type 'ros.ament_cmake' and name 'ir_movit_config'
[0.201s] Level 1:colcon.colcon_core.package_discovery:discover_packages(recursive) using defaults
[0.201s] Level 1:colcon.colcon_core.package_discovery:discover_packages(ignore) discover
[0.201s] Level 1:colcon.colcon_core.package_discovery:discover_packages(ignore) using defaults
[0.201s] Level 1:colcon.colcon_core.package_discovery:discover_packages(path) discover
[0.201s] Level 1:colcon.colcon_core.package_discovery:discover_packages(path) using defaults
[0.218s] Level 1:colcon.colcon_core.package_discovery:discover_packages(prefix_path) check parameters
[0.218s] Level 1:colcon.colcon_core.package_discovery:discover_packages(prefix_path) discover
[0.221s] DEBUG:colcon.colcon_installed_package_information.package_discovery:Found 472 installed packages in /opt/ros/jazzy
[0.222s] Level 1:colcon.colcon_core.package_discovery:discover_packages(prefix_path) using defaults
[0.286s] Level 5:colcon.colcon_core.verb:set package 'apriltag_ros' build argument 'cmake_args' from command line to 'None'
[0.286s] Level 5:colcon.colcon_core.verb:set package 'apriltag_ros' build argument 'cmake_target' from command line to 'None'
[0.286s] Level 5:colcon.colcon_core.verb:set package 'apriltag_ros' build argument 'cmake_target_skip_unavailable' from command line to 'False'
[0.286s] Level 5:colcon.colcon_core.verb:set package 'apriltag_ros' build argument 'cmake_clean_cache' from command line to 'False'
[0.286s] Level 5:colcon.colcon_core.verb:set package 'apriltag_ros' build argument 'cmake_clean_first' from command line to 'False'
[0.286s] Level 5:colcon.colcon_core.verb:set package 'apriltag_ros' build argument 'cmake_force_configure' from command line to 'False'
[0.286s] Level 5:colcon.colcon_core.verb:set package 'apriltag_ros' build argument 'ament_cmake_args' from command line to 'None'
[0.286s] Level 5:colcon.colcon_core.verb:set package 'apriltag_ros' build argument 'catkin_cmake_args' from command line to 'None'
[0.286s] Level 5:colcon.colcon_core.verb:set package 'apriltag_ros' build argument 'catkin_skip_building_tests' from command line to 'False'
[0.286s] DEBUG:colcon.colcon_core.verb:Building package 'apriltag_ros' with the following arguments: {'ament_cmake_args': None, 'build_base': '/home/michele-zarantonello/ws_32_assignments/build/apriltag_ros', 'catkin_cmake_args': None, 'catkin_skip_building_tests': False, 'cmake_args': None, 'cmake_clean_cache': False, 'cmake_clean_first': False, 'cmake_force_configure': False, 'cmake_target': None, 'cmake_target_skip_unavailable': False, 'install_base': '/home/michele-zarantonello/ws_32_assignments/install/apriltag_ros', 'merge_install': False, 'path': '/home/michele-zarantonello/ws_32_assignments/src/ir_2526/apriltag_ros', 'symlink_install': False, 'test_result_base': None}
[0.286s] Level 5:colcon.colcon_core.verb:set package 'ir_base' build argument 'cmake_args' from command line to 'None'
[0.286s] Level 5:colcon.colcon_core.verb:set package 'ir_base' build argument 'cmake_target' from command line to 'None'
[0.286s] Level 5:colcon.colcon_core.verb:set package 'ir_base' build argument 'cmake_target_skip_unavailable' from command line to 'False'
[0.286s] Level 5:colcon.colcon_core.verb:set package 'ir_base' build argument 'cmake_clean_cache' from command line to 'False'
[0.286s] Level 5:colcon.colcon_core.verb:set package 'ir_base' build argument 'cmake_clean_first' from command line to 'False'
[0.286s] Level 5:colcon.colcon_core.verb:set package 'ir_base' build argument 'cmake_force_configure' from command line to 'False'
[0.286s] Level 5:colcon.colcon_core.verb:set package 'ir_base' build argument 'ament_cmake_args' from command line to 'None'
[0.286s] Level 5:colcon.colcon_core.verb:set package 'ir_base' build argument 'catkin_cmake_args' from command line to 'None'
[0.286s] Level 5:colcon.colcon_core.verb:set package 'ir_base' build argument 'catkin_skip_building_tests' from command line to 'False'
[0.286s] DEBUG:colcon.colcon_core.verb:Building package 'ir_base' with the following arguments: {'ament_cmake_args': None, 'build_base': '/home/michele-zarantonello/ws_32_assignments/build/ir_base', 'catkin_cmake_args': None, 'catkin_skip_building_tests': False, 'cmake_args': None, 'cmake_clean_cache': False, 'cmake_clean_first': False, 'cmake_force_configure': False, 'cmake_target': None, 'cmake_target_skip_unavailable': False, 'install_base': '/home/michele-zarantonello/ws_32_assignments/install/ir_base', 'merge_install': False, 'path': '/home/michele-zarantonello/ws_32_assignments/src/ir_2526/ir_base', 'symlink_install': False, 'test_result_base': None}
[0.287s] Level 5:colcon.colcon_core.verb:set package 'ir_desription' build argument 'cmake_args' from command line to 'None'
[0.287s] Level 5:colcon.colcon_core.verb:set package 'ir_desription' build argument 'cmake_target' from command line to 'None'
[0.287s] Level 5:colcon.colcon_core.verb:set package 'ir_desription' build argument 'cmake_target_skip_unavailable' from command line to 'False'
[0.287s] Level 5:colcon.colcon_core.verb:set package 'ir_desription' build argument 'cmake_clean_cache' from command line to 'False'
[0.287s] Level 5:colcon.colcon_core.verb:set package 'ir_desription' build argument 'cmake_clean_first' from command line to 'False'
[0.287s] Level 5:colcon.colcon_core.verb:set package 'ir_desription' build argument 'cmake_force_configure' from command line to 'False'
[0.287s] Level 5:colcon.colcon_core.verb:set package 'ir_desription' build argument 'ament_cmake_args' from command line to 'None'
[0.287s] Level 5:colcon.colcon_core.verb:set package 'ir_desription' build argument 'catkin_cmake_args' from command line to 'None'
[0.287s] Level 5:colcon.colcon_core.verb:set package 'ir_desription' build argument 'catkin_skip_building_tests' from command line to 'False'
[0.287s] DEBUG:colcon.colcon_core.verb:Building package 'ir_desription' with the following arguments: {'ament_cmake_args': None, 'build_base': '/home/michele-zarantonello/ws_32_assignments/build/ir_desription', 'catkin_cmake_args': None, 'catkin_skip_building_tests': False, 'cmake_args': None, 'cmake_clean_cache': False, 'cmake_clean_first': False, 'cmake_force_configure': False, 'cmake_target': None, 'cmake_target_skip_unavailable': False, 'install_base': '/home/michele-zarantonello/ws_32_assignments/install/ir_desription', 'merge_install': False, 'path': '/home/michele-zarantonello/ws_32_assignments/src/ir_2526/ir_desription', 'symlink_install': False, 'test_result_base': None}
[0.287s] Level 5:colcon.colcon_core.verb:set package 'ir_launch' build argument 'cmake_args' from command line to 'None'
[0.287s] Level 5:colcon.colcon_core.verb:set package 'ir_launch' build argument 'cmake_target' from command line to 'None'
[0.287s] Level 5:colcon.colcon_core.verb:set package 'ir_launch' build argument 'cmake_target_skip_unavailable' from command line to 'False'
[0.287s] Level 5:colcon.colcon_core.verb:set package 'ir_launch' build argument 'cmake_clean_cache' from command line to 'False'
[0.287s] Level 5:colcon.colcon_core.verb:set package 'ir_launch' build argument 'cmake_clean_first' from command line to 'False'
[0.287s] Level 5:colcon.colcon_core.verb:set package 'ir_launch' build argument 'cmake_force_configure' from command line to 'False'
[0.287s] Level 5:colcon.colcon_core.verb:set package 'ir_launch' build argument 'ament_cmake_args' from command line to 'None'
[0.287s] Level 5:colcon.colcon_core.verb:set package 'ir_launch' build argument 'catkin_cmake_args' from command line to 'None'
[0.287s] Level 5:colcon.colcon_core.verb:set package 'ir_launch' build argument 'catkin_skip_building_tests' from command line to 'False'
[0.287s] DEBUG:colcon.colcon_core.verb:Building package 'ir_launch' with the following arguments: {'ament_cmake_args': None, 'build_base': '/home/michele-zarantonello/ws_32_assignments/build/ir_launch', 'catkin_cmake_args': None, 'catkin_skip_building_tests': False, 'cmake_args': None, 'cmake_clean_cache': False, 'cmake_clean_first': False, 'cmake_force_configure': False, 'cmake_target': None, 'cmake_target_skip_unavailable': False, 'install_base': '/home/michele-zarantonello/ws_32_assignments/install/ir_launch', 'merge_install': False, 'path': '/home/michele-zarantonello/ws_32_assignments/src/ir_2526/ir_launch', 'symlink_install': False, 'test_result_base': None}
[0.288s] Level 5:colcon.colcon_core.verb:set package 'ir_movit_config' build argument 'cmake_args' from command line to 'None'
[0.288s] Level 5:colcon.colcon_core.verb:set package 'ir_movit_config' build argument 'cmake_target' from command line to 'None'
[0.288s] Level 5:colcon.colcon_core.verb:set package 'ir_movit_config' build argument 'cmake_target_skip_unavailable' from command line to 'False'
[0.288s] Level 5:colcon.colcon_core.verb:set package 'ir_movit_config' build argument 'cmake_clean_cache' from command line to 'False'
[0.288s] Level 5:colcon.colcon_core.verb:set package 'ir_movit_config' build argument 'cmake_clean_first' from command line to 'False'
[0.288s] Level 5:colcon.colcon_core.verb:set package 'ir_movit_config' build argument 'cmake_force_configure' from command line to 'False'
[0.288s] Level 5:colcon.colcon_core.verb:set package 'ir_movit_config' build argument 'ament_cmake_args' from command line to 'None'
[0.288s] Level 5:colcon.colcon_core.verb:set package 'ir_movit_config' build argument 'catkin_cmake_args' from command line to 'None'
[0.288s] Level 5:colcon.colcon_core.verb:set package 'ir_movit_config' build argument 'catkin_skip_building_tests' from command line to 'False'
[0.288s] DEBUG:colcon.colcon_core.verb:Building package 'ir_movit_config' with the following arguments: {'ament_cmake_args': None, 'build_base': '/home/michele-zarantonello/ws_32_assignments/build/ir_movit_config', 'catkin_cmake_args': None, 'catkin_skip_building_tests': False, 'cmake_args': None, 'cmake_clean_cache': False, 'cmake_clean_first': False, 'cmake_force_configure': False, 'cmake_target': None, 'cmake_target_skip_unavailable': False, 'install_base': '/home/michele-zarantonello/ws_32_assignments/install/ir_movit_config', 'merge_install': False, 'path': '/home/michele-zarantonello/ws_32_assignments/src/ir_2526/ir_movit_config', 'symlink_install': False, 'test_result_base': None}
[0.288s] INFO:colcon.colcon_core.executor:Executing jobs using 'parallel' executor
[0.289s] DEBUG:colcon.colcon_parallel_executor.executor.parallel:run_until_complete
[0.289s] INFO:colcon.colcon_ros.task.ament_cmake.build:Building ROS package in '/home/michele-zarantonello/ws_32_assignments/src/ir_2526/ir_desription' with build type 'ament_cmake'
[0.289s] INFO:colcon.colcon_cmake.task.cmake.build:Building CMake package in '/home/michele-zarantonello/ws_32_assignments/src/ir_2526/ir_desription'
[0.291s] INFO:colcon.colcon_core.plugin_system:Skipping extension 'colcon_core.shell.bat': Not used on non-Windows systems
[0.291s] INFO:colcon.colcon_core.shell:Skip shell extension 'powershell' for command environment: Not usable outside of PowerShell
[0.291s] DEBUG:colcon.colcon_core.shell:Skip shell extension 'dsv' for command environment
[0.295s] INFO:colcon.colcon_ros.task.ament_cmake.build:Building ROS package in '/home/michele-zarantonello/ws_32_assignments/src/ir_2526/apriltag_ros' with build type 'ament_cmake'
[0.295s] INFO:colcon.colcon_cmake.task.cmake.build:Building CMake package in '/home/michele-zarantonello/ws_32_assignments/src/ir_2526/apriltag_ros'
[0.295s] INFO:colcon.colcon_core.shell:Skip shell extension 'powershell' for command environment: Not usable outside of PowerShell
[0.295s] DEBUG:colcon.colcon_core.shell:Skip shell extension 'dsv' for command environment
[0.301s] INFO:colcon.colcon_ros.task.ament_cmake.build:Building ROS package in '/home/michele-zarantonello/ws_32_assignments/src/ir_2526/ir_base' with build type 'ament_cmake'
[0.301s] INFO:colcon.colcon_cmake.task.cmake.build:Building CMake package in '/home/michele-zarantonello/ws_32_assignments/src/ir_2526/ir_base'
[0.301s] INFO:colcon.colcon_core.shell:Skip shell extension 'powershell' for command environment: Not usable outside of PowerShell
[0.301s] DEBUG:colcon.colcon_core.shell:Skip shell extension 'dsv' for command environment
[0.306s] INFO:colcon.colcon_ros.task.ament_cmake.build:Building ROS package in '/home/michele-zarantonello/ws_32_assignments/src/ir_2526/ir_launch' with build type 'ament_cmake'
[0.307s] INFO:colcon.colcon_cmake.task.cmake.build:Building CMake package in '/home/michele-zarantonello/ws_32_assignments/src/ir_2526/ir_launch'
[0.307s] INFO:colcon.colcon_core.shell:Skip shell extension 'powershell' for command environment: Not usable outside of PowerShell
[0.307s] DEBUG:colcon.colcon_core.shell:Skip shell extension 'dsv' for command environment
[0.332s] DEBUG:colcon.colcon_core.event_handler.log_command:Invoking command in '/home/michele-zarantonello/ws_32_assignments/build/ir_desription': CMAKE_PREFIX_PATH=${CMAKE_PREFIX_PATH}:/opt/ros/jazzy DEBUGINFOD_URLS=https://debuginfod.ubuntu.com /usr/bin/cmake /home/michele-zarantonello/ws_32_assignments/src/ir_2526/ir_desription -DCMAKE_INSTALL_PREFIX=/home/michele-zarantonello/ws_32_assignments/install/ir_desription
[0.336s] DEBUG:colcon.colcon_core.event_handler.log_command:Invoking command in '/home/michele-zarantonello/ws_32_assignments/build/apriltag_ros': CMAKE_PREFIX_PATH=${CMAKE_PREFIX_PATH}:/opt/ros/jazzy DEBUGINFOD_URLS=https://debuginfod.ubuntu.com /usr/bin/cmake /home/michele-zarantonello/ws_32_assignments/src/ir_2526/apriltag_ros -DCMAKE_INSTALL_PREFIX=/home/michele-zarantonello/ws_32_assignments/install/apriltag_ros
[0.338s] DEBUG:colcon.colcon_core.event_handler.log_command:Invoking command in '/home/michele-zarantonello/ws_32_assignments/build/ir_base': CMAKE_PREFIX_PATH=${CMAKE_PREFIX_PATH}:/opt/ros/jazzy DEBUGINFOD_URLS=https://debuginfod.ubuntu.com /usr/bin/cmake /home/michele-zarantonello/ws_32_assignments/src/ir_2526/ir_base -DCMAKE_INSTALL_PREFIX=/home/michele-zarantonello/ws_32_assignments/install/ir_base
[0.341s] DEBUG:colcon.colcon_core.event_handler.log_command:Invoking command in '/home/michele-zarantonello/ws_32_assignments/build/ir_launch': CMAKE_PREFIX_PATH=${CMAKE_PREFIX_PATH}:/opt/ros/jazzy DEBUGINFOD_URLS=https://debuginfod.ubuntu.com /usr/bin/cmake /home/michele-zarantonello/ws_32_assignments/src/ir_2526/ir_launch -DCMAKE_INSTALL_PREFIX=/home/michele-zarantonello/ws_32_assignments/install/ir_launch
[1.448s] DEBUG:colcon.colcon_core.event_handler.log_command:Invoked command in '/home/michele-zarantonello/ws_32_assignments/build/ir_desription' returned '0': CMAKE_PREFIX_PATH=${CMAKE_PREFIX_PATH}:/opt/ros/jazzy DEBUGINFOD_URLS=https://debuginfod.ubuntu.com /usr/bin/cmake /home/michele-zarantonello/ws_32_assignments/src/ir_2526/ir_desription -DCMAKE_INSTALL_PREFIX=/home/michele-zarantonello/ws_32_assignments/install/ir_desription
[1.450s] DEBUG:colcon.colcon_core.event_handler.log_command:Invoking command in '/home/michele-zarantonello/ws_32_assignments/build/ir_desription': CMAKE_PREFIX_PATH=${CMAKE_PREFIX_PATH}:/opt/ros/jazzy DEBUGINFOD_URLS=https://debuginfod.ubuntu.com /usr/bin/cmake --build /home/michele-zarantonello/ws_32_assignments/build/ir_desription -- -j8 -l8
[1.457s] DEBUG:colcon.colcon_core.event_handler.log_command:Invoked command in '/home/michele-zarantonello/ws_32_assignments/build/ir_base' returned '0': CMAKE_PREFIX_PATH=${CMAKE_PREFIX_PATH}:/opt/ros/jazzy DEBUGINFOD_URLS=https://debuginfod.ubuntu.com /usr/bin/cmake /home/michele-zarantonello/ws_32_assignments/src/ir_2526/ir_base -DCMAKE_INSTALL_PREFIX=/home/michele-zarantonello/ws_32_assignments/install/ir_base
[1.458s] DEBUG:colcon.colcon_core.event_handler.log_command:Invoking command in '/home/michele-zarantonello/ws_32_assignments/build/ir_base': CMAKE_PREFIX_PATH=${CMAKE_PREFIX_PATH}:/opt/ros/jazzy DEBUGINFOD_URLS=https://debuginfod.ubuntu.com /usr/bin/cmake --build /home/michele-zarantonello/ws_32_assignments/build/ir_base -- -j8 -l8
[1.480s] DEBUG:colcon.colcon_core.event_handler.log_command:Invoked command in '/home/michele-zarantonello/ws_32_assignments/build/ir_launch' returned '0': CMAKE_PREFIX_PATH=${CMAKE_PREFIX_PATH}:/opt/ros/jazzy DEBUGINFOD_URLS=https://debuginfod.ubuntu.com /usr/bin/cmake /home/michele-zarantonello/ws_32_assignments/src/ir_2526/ir_launch -DCMAKE_INSTALL_PREFIX=/home/michele-zarantonello/ws_32_assignments/install/ir_launch
[1.481s] DEBUG:colcon.colcon_core.event_handler.log_command:Invoking command in '/home/michele-zarantonello/ws_32_assignments/build/ir_launch': CMAKE_PREFIX_PATH=${CMAKE_PREFIX_PATH}:/opt/ros/jazzy DEBUGINFOD_URLS=https://debuginfod.ubuntu.com /usr/bin/cmake --build /home/michele-zarantonello/ws_32_assignments/build/ir_launch -- -j8 -l8
[1.489s] DEBUG:colcon.colcon_core.event_handler.log_command:Invoked command in '/home/michele-zarantonello/ws_32_assignments/build/ir_desription' returned '0': CMAKE_PREFIX_PATH=${CMAKE_PREFIX_PATH}:/opt/ros/jazzy DEBUGINFOD_URLS=https://debuginfod.ubuntu.com /usr/bin/cmake --build /home/michele-zarantonello/ws_32_assignments/build/ir_desription -- -j8 -l8
[1.499s] DEBUG:colcon.colcon_core.event_handler.log_command:Invoking command in '/home/michele-zarantonello/ws_32_assignments/build/ir_desription': CMAKE_PREFIX_PATH=${CMAKE_PREFIX_PATH}:/opt/ros/jazzy DEBUGINFOD_URLS=https://debuginfod.ubuntu.com /usr/bin/cmake --install /home/michele-zarantonello/ws_32_assignments/build/ir_desription
[1.501s] DEBUG:colcon.colcon_core.event_handler.log_command:Invoked command in '/home/michele-zarantonello/ws_32_assignments/build/ir_base' returned '0': CMAKE_PREFIX_PATH=${CMAKE_PREFIX_PATH}:/opt/ros/jazzy DEBUGINFOD_URLS=https://debuginfod.ubuntu.com /usr/bin/cmake --build /home/michele-zarantonello/ws_32_assignments/build/ir_base -- -j8 -l8
[1.503s] DEBUG:colcon.colcon_core.event_handler.log_command:Invoking command in '/home/michele-zarantonello/ws_32_assignments/build/ir_base': CMAKE_PREFIX_PATH=${CMAKE_PREFIX_PATH}:/opt/ros/jazzy DEBUGINFOD_URLS=https://debuginfod.ubuntu.com /usr/bin/cmake --install /home/michele-zarantonello/ws_32_assignments/build/ir_base
[1.527s] Level 1:colcon.colcon_core.environment:create_environment_scripts_only(ir_desription)
[1.532s] Level 1:colcon.colcon_core.environment:checking '/home/michele-zarantonello/ws_32_assignments/install/ir_desription' for CMake module files
[1.533s] Level 1:colcon.colcon_core.environment:checking '/home/michele-zarantonello/ws_32_assignments/install/ir_desription' for CMake config files
[1.541s] DEBUG:colcon.colcon_core.event_handler.log_command:Invoked command in '/home/michele-zarantonello/ws_32_assignments/build/ir_desription' returned '0': CMAKE_PREFIX_PATH=${CMAKE_PREFIX_PATH}:/opt/ros/jazzy DEBUGINFOD_URLS=https://debuginfod.ubuntu.com /usr/bin/cmake --install /home/michele-zarantonello/ws_32_assignments/build/ir_desription
[1.542s] Level 1:colcon.colcon_core.shell:create_environment_hook('ir_desription', 'cmake_prefix_path')
[1.543s] INFO:colcon.colcon_core.shell:Creating environment hook '/home/michele-zarantonello/ws_32_assignments/install/ir_desription/share/ir_desription/hook/cmake_prefix_path.ps1'
[1.544s] INFO:colcon.colcon_core.shell:Creating environment descriptor '/home/michele-zarantonello/ws_32_assignments/install/ir_desription/share/ir_desription/hook/cmake_prefix_path.dsv'
[1.547s] INFO:colcon.colcon_core.shell:Creating environment hook '/home/michele-zarantonello/ws_32_assignments/install/ir_desription/share/ir_desription/hook/cmake_prefix_path.sh'
[1.550s] Level 1:colcon.colcon_core.environment:checking '/home/michele-zarantonello/ws_32_assignments/install/ir_desription/bin'
[1.550s] Level 1:colcon.colcon_core.environment:checking '/home/michele-zarantonello/ws_32_assignments/install/ir_desription/lib/pkgconfig/ir_desription.pc'
[1.551s] Level 1:colcon.colcon_core.environment:checking '/home/michele-zarantonello/ws_32_assignments/install/ir_desription/lib/python3.12/site-packages'
[1.551s] Level 1:colcon.colcon_core.environment:checking '/home/michele-zarantonello/ws_32_assignments/install/ir_desription/bin'
[1.551s] INFO:colcon.colcon_core.shell:Creating package script '/home/michele-zarantonello/ws_32_assignments/install/ir_desription/share/ir_desription/package.ps1'
[1.552s] INFO:colcon.colcon_core.shell:Creating package descriptor '/home/michele-zarantonello/ws_32_assignments/install/ir_desription/share/ir_desription/package.dsv'
[1.555s] INFO:colcon.colcon_core.shell:Creating package script '/home/michele-zarantonello/ws_32_assignments/install/ir_desription/share/ir_desription/package.sh'
[1.555s] INFO:colcon.colcon_core.shell:Creating package script '/home/michele-zarantonello/ws_32_assignments/install/ir_desription/share/ir_desription/package.bash'
[1.556s] INFO:colcon.colcon_core.shell:Creating package script '/home/michele-zarantonello/ws_32_assignments/install/ir_desription/share/ir_desription/package.zsh'
[1.556s] Level 1:colcon.colcon_core.environment:create_file_with_runtime_dependencies(/home/michele-zarantonello/ws_32_assignments/install/ir_desription/share/colcon-core/packages/ir_desription)
[1.557s] Level 1:colcon.colcon_core.environment:create_environment_scripts_only(ir_desription)
[1.557s] Level 1:colcon.colcon_core.environment:checking '/home/michele-zarantonello/ws_32_assignments/install/ir_desription' for CMake module files
[1.557s] Level 1:colcon.colcon_core.environment:checking '/home/michele-zarantonello/ws_32_assignments/install/ir_desription' for CMake config files
[1.558s] Level 1:colcon.colcon_core.shell:create_environment_hook('ir_desription', 'cmake_prefix_path')
[1.558s] INFO:colcon.colcon_core.shell:Creating environment hook '/home/michele-zarantonello/ws_32_assignments/install/ir_desription/share/ir_desription/hook/cmake_prefix_path.ps1'
[1.558s] INFO:colcon.colcon_core.shell:Creating environment descriptor '/home/michele-zarantonello/ws_32_assignments/install/ir_desription/share/ir_desription/hook/cmake_prefix_path.dsv'
[1.559s] INFO:colcon.colcon_core.shell:Creating environment hook '/home/michele-zarantonello/ws_32_assignments/install/ir_desription/share/ir_desription/hook/cmake_prefix_path.sh'
[1.559s] Level 1:colcon.colcon_core.environment:checking '/home/michele-zarantonello/ws_32_assignments/install/ir_desription/bin'
[1.559s] Level 1:colcon.colcon_core.environment:checking '/home/michele-zarantonello/ws_32_assignments/install/ir_desription/lib/pkgconfig/ir_desription.pc'
[1.559s] Level 1:colcon.colcon_core.environment:checking '/home/michele-zarantonello/ws_32_assignments/install/ir_desription/lib/python3.12/site-packages'
[1.560s] Level 1:colcon.colcon_core.environment:checking '/home/michele-zarantonello/ws_32_assignments/install/ir_desription/bin'
[1.560s] INFO:colcon.colcon_core.shell:Creating package script '/home/michele-zarantonello/ws_32_assignments/install/ir_desription/share/ir_desription/package.ps1'
[1.560s] INFO:colcon.colcon_core.shell:Creating package descriptor '/home/michele-zarantonello/ws_32_assignments/install/ir_desription/share/ir_desription/package.dsv'
[1.561s] INFO:colcon.colcon_core.shell:Creating package script '/home/michele-zarantonello/ws_32_assignments/install/ir_desription/share/ir_desription/package.sh'
[1.561s] INFO:colcon.colcon_core.shell:Creating package script '/home/michele-zarantonello/ws_32_assignments/install/ir_desription/share/ir_desription/package.bash'
[1.561s] INFO:colcon.colcon_core.shell:Creating package script '/home/michele-zarantonello/ws_32_assignments/install/ir_desription/share/ir_desription/package.zsh'
[1.562s] Level 1:colcon.colcon_core.environment:create_file_with_runtime_dependencies(/home/michele-zarantonello/ws_32_assignments/install/ir_desription/share/colcon-core/packages/ir_desription)
[1.562s] INFO:colcon.colcon_ros.task.ament_cmake.build:Building ROS package in '/home/michele-zarantonello/ws_32_assignments/src/ir_2526/ir_movit_config' with build type 'ament_cmake'
[1.562s] INFO:colcon.colcon_cmake.task.cmake.build:Building CMake package in '/home/michele-zarantonello/ws_32_assignments/src/ir_2526/ir_movit_config'
[1.563s] INFO:colcon.colcon_core.shell:Skip shell extension 'powershell' for command environment: Not usable outside of PowerShell
[1.563s] DEBUG:colcon.colcon_core.shell:Skip shell extension 'dsv' for command environment
[1.567s] DEBUG:colcon.colcon_core.event_handler.log_command:Invoked command in '/home/michele-zarantonello/ws_32_assignments/build/ir_launch' returned '0': CMAKE_PREFIX_PATH=${CMAKE_PREFIX_PATH}:/opt/ros/jazzy DEBUGINFOD_URLS=https://debuginfod.ubuntu.com /usr/bin/cmake --build /home/michele-zarantonello/ws_32_assignments/build/ir_launch -- -j8 -l8
[1.569s] Level 1:colcon.colcon_core.environment:create_environment_scripts_only(ir_base)
[1.570s] DEBUG:colcon.colcon_core.event_handler.log_command:Invoking command in '/home/michele-zarantonello/ws_32_assignments/build/ir_launch': CMAKE_PREFIX_PATH=${CMAKE_PREFIX_PATH}:/opt/ros/jazzy DEBUGINFOD_URLS=https://debuginfod.ubuntu.com /usr/bin/cmake --install /home/michele-zarantonello/ws_32_assignments/build/ir_launch
[1.570s] Level 1:colcon.colcon_core.environment:checking '/home/michele-zarantonello/ws_32_assignments/install/ir_base' for CMake module files
[1.570s] DEBUG:colcon.colcon_core.event_handler.log_command:Invoked command in '/home/michele-zarantonello/ws_32_assignments/build/ir_base' returned '0': CMAKE_PREFIX_PATH=${CMAKE_PREFIX_PATH}:/opt/ros/jazzy DEBUGINFOD_URLS=https://debuginfod.ubuntu.com /usr/bin/cmake --install /home/michele-zarantonello/ws_32_assignments/build/ir_base
[1.571s] Level 1:colcon.colcon_core.environment:checking '/home/michele-zarantonello/ws_32_assignments/install/ir_base' for CMake config files
[1.571s] Level 1:colcon.colcon_core.shell:create_environment_hook('ir_base', 'cmake_prefix_path')
[1.572s] INFO:colcon.colcon_core.shell:Creating environment hook '/home/michele-zarantonello/ws_32_assignments/install/ir_base/share/ir_base/hook/cmake_prefix_path.ps1'
[1.572s] INFO:colcon.colcon_core.shell:Creating environment descriptor '/home/michele-zarantonello/ws_32_assignments/install/ir_base/share/ir_base/hook/cmake_prefix_path.dsv'
[1.573s] INFO:colcon.colcon_core.shell:Creating environment hook '/home/michele-zarantonello/ws_32_assignments/install/ir_base/share/ir_base/hook/cmake_prefix_path.sh'
[1.573s] Level 1:colcon.colcon_core.environment:checking '/home/michele-zarantonello/ws_32_assignments/install/ir_base/bin'
[1.574s] Level 1:colcon.colcon_core.environment:checking '/home/michele-zarantonello/ws_32_assignments/install/ir_base/lib/pkgconfig/ir_base.pc'
[1.574s] Level 1:colcon.colcon_core.environment:checking '/home/michele-zarantonello/ws_32_assignments/install/ir_base/lib/python3.12/site-packages'
[1.574s] Level 1:colcon.colcon_core.environment:checking '/home/michele-zarantonello/ws_32_assignments/install/ir_base/bin'
[1.575s] INFO:colcon.colcon_core.shell:Creating package script '/home/michele-zarantonello/ws_32_assignments/install/ir_base/share/ir_base/package.ps1'
[1.575s] INFO:colcon.colcon_core.shell:Creating package descriptor '/home/michele-zarantonello/ws_32_assignments/install/ir_base/share/ir_base/package.dsv'
[1.576s] INFO:colcon.colcon_core.shell:Creating package script '/home/michele-zarantonello/ws_32_assignments/install/ir_base/share/ir_base/package.sh'
[1.576s] INFO:colcon.colcon_core.shell:Creating package script '/home/michele-zarantonello/ws_32_assignments/install/ir_base/share/ir_base/package.bash'
[1.577s] INFO:colcon.colcon_core.shell:Creating package script '/home/michele-zarantonello/ws_32_assignments/install/ir_base/share/ir_base/package.zsh'
[1.577s] Level 1:colcon.colcon_core.environment:create_file_with_runtime_dependencies(/home/michele-zarantonello/ws_32_assignments/install/ir_base/share/colcon-core/packages/ir_base)
[1.578s] Level 1:colcon.colcon_core.environment:create_environment_scripts_only(ir_base)
[1.579s] Level 1:colcon.colcon_core.environment:checking '/home/michele-zarantonello/ws_32_assignments/install/ir_base' for CMake module files
[1.580s] Level 1:colcon.colcon_core.environment:checking '/home/michele-zarantonello/ws_32_assignments/install/ir_base' for CMake config files
[1.580s] Level 1:colcon.colcon_core.shell:create_environment_hook('ir_base', 'cmake_prefix_path')
[1.581s] INFO:colcon.colcon_core.shell:Creating environment hook '/home/michele-zarantonello/ws_32_assignments/install/ir_base/share/ir_base/hook/cmake_prefix_path.ps1'
[1.582s] INFO:colcon.colcon_core.shell:Creating environment descriptor '/home/michele-zarantonello/ws_32_assignments/install/ir_base/share/ir_base/hook/cmake_prefix_path.dsv'
[1.582s] INFO:colcon.colcon_core.shell:Creating environment hook '/home/michele-zarantonello/ws_32_assignments/install/ir_base/share/ir_base/hook/cmake_prefix_path.sh'
[1.583s] Level 1:colcon.colcon_core.environment:checking '/home/michele-zarantonello/ws_32_assignments/install/ir_base/bin'
[1.583s] Level 1:colcon.colcon_core.environment:checking '/home/michele-zarantonello/ws_32_assignments/install/ir_base/lib/pkgconfig/ir_base.pc'
[1.584s] Level 1:colcon.colcon_core.environment:checking '/home/michele-zarantonello/ws_32_assignments/install/ir_base/lib/python3.12/site-packages'
[1.584s] Level 1:colcon.colcon_core.environment:checking '/home/michele-zarantonello/ws_32_assignments/install/ir_base/bin'
[1.584s] INFO:colcon.colcon_core.shell:Creating package script '/home/michele-zarantonello/ws_32_assignments/install/ir_base/share/ir_base/package.ps1'
[1.585s] INFO:colcon.colcon_core.shell:Creating package descriptor '/home/michele-zarantonello/ws_32_assignments/install/ir_base/share/ir_base/package.dsv'
[1.585s] INFO:colcon.colcon_core.shell:Creating package script '/home/michele-zarantonello/ws_32_assignments/install/ir_base/share/ir_base/package.sh'
[1.585s] INFO:colcon.colcon_core.shell:Creating package script '/home/michele-zarantonello/ws_32_assignments/install/ir_base/share/ir_base/package.bash'
[1.586s] INFO:colcon.colcon_core.shell:Creating package script '/home/michele-zarantonello/ws_32_assignments/install/ir_base/share/ir_base/package.zsh'
[1.586s] Level 1:colcon.colcon_core.environment:create_file_with_runtime_dependencies(/home/michele-zarantonello/ws_32_assignments/install/ir_base/share/colcon-core/packages/ir_base)
[1.592s] Level 1:colcon.colcon_core.environment:create_environment_scripts_only(ir_launch)
[1.594s] Level 1:colcon.colcon_core.environment:checking '/home/michele-zarantonello/ws_32_assignments/install/ir_launch' for CMake module files
[1.595s] DEBUG:colcon.colcon_core.event_handler.log_command:Invoking command in '/home/michele-zarantonello/ws_32_assignments/build/ir_movit_config': AMENT_PREFIX_PATH=/home/michele-zarantonello/ws_32_assignments/install/ir_desription:${AMENT_PREFIX_PATH} CMAKE_PREFIX_PATH=/home/michele-zarantonello/ws_32_assignments/install/ir_desription:/opt/ros/jazzy/opt/gz_sim_vendor:/opt/ros/jazzy/opt/gz_sensors_vendor:/opt/ros/jazzy/opt/gz_physics_vendor:/opt/ros/jazzy/opt/sdformat_vendor:/opt/ros/jazzy/opt/gz_gui_vendor:/opt/ros/jazzy/opt/gz_transport_vendor:/opt/ros/jazzy/opt/gz_rendering_vendor:/opt/ros/jazzy/opt/gz_plugin_vendor:/opt/ros/jazzy/opt/gz_fuel_tools_vendor:/opt/ros/jazzy/opt/gz_msgs_vendor:/opt/ros/jazzy/opt/gz_common_vendor:/opt/ros/jazzy/opt/gz_math_vendor:/opt/ros/jazzy/opt/gz_utils_vendor:/opt/ros/jazzy/opt/gz_tools_vendor:/opt/ros/jazzy/opt/gz_ogre_next_vendor:/opt/ros/jazzy/opt/gz_dartsim_vendor:/opt/ros/jazzy/opt/gz_cmake_vendor:/opt/ros/jazzy DEBUGINFOD_URLS=https://debuginfod.ubuntu.com /usr/bin/cmake /home/michele-zarantonello/ws_32_assignments/src/ir_2526/ir_movit_config -DCMAKE_INSTALL_PREFIX=/home/michele-zarantonello/ws_32_assignments/install/ir_movit_config
[1.595s] DEBUG:colcon.colcon_core.event_handler.log_command:Invoked command in '/home/michele-zarantonello/ws_32_assignments/build/ir_launch' returned '0': CMAKE_PREFIX_PATH=${CMAKE_PREFIX_PATH}:/opt/ros/jazzy DEBUGINFOD_URLS=https://debuginfod.ubuntu.com /usr/bin/cmake --install /home/michele-zarantonello/ws_32_assignments/build/ir_launch
[1.596s] Level 1:colcon.colcon_core.environment:checking '/home/michele-zarantonello/ws_32_assignments/install/ir_launch' for CMake config files
[1.596s] Level 1:colcon.colcon_core.shell:create_environment_hook('ir_launch', 'cmake_prefix_path')
[1.597s] INFO:colcon.colcon_core.shell:Creating environment hook '/home/michele-zarantonello/ws_32_assignments/install/ir_launch/share/ir_launch/hook/cmake_prefix_path.ps1'
[1.598s] INFO:colcon.colcon_core.shell:Creating environment descriptor '/home/michele-zarantonello/ws_32_assignments/install/ir_launch/share/ir_launch/hook/cmake_prefix_path.dsv'
[1.598s] INFO:colcon.colcon_core.shell:Creating environment hook '/home/michele-zarantonello/ws_32_assignments/install/ir_launch/share/ir_launch/hook/cmake_prefix_path.sh'
[1.599s] Level 1:colcon.colcon_core.environment:checking '/home/michele-zarantonello/ws_32_assignments/install/ir_launch/bin'
[1.599s] Level 1:colcon.colcon_core.environment:checking '/home/michele-zarantonello/ws_32_assignments/install/ir_launch/lib/pkgconfig/ir_launch.pc'
[1.599s] Level 1:colcon.colcon_core.environment:checking '/home/michele-zarantonello/ws_32_assignments/install/ir_launch/lib/python3.12/site-packages'
[1.599s] Level 1:colcon.colcon_core.environment:checking '/home/michele-zarantonello/ws_32_assignments/install/ir_launch/bin'
[1.600s] INFO:colcon.colcon_core.shell:Creating package script '/home/michele-zarantonello/ws_32_assignments/install/ir_launch/share/ir_launch/package.ps1'
[1.602s] INFO:colcon.colcon_core.shell:Creating package descriptor '/home/michele-zarantonello/ws_32_assignments/install/ir_launch/share/ir_launch/package.dsv'
[1.602s] INFO:colcon.colcon_core.shell:Creating package script '/home/michele-zarantonello/ws_32_assignments/install/ir_launch/share/ir_launch/package.sh'
[1.603s] INFO:colcon.colcon_core.shell:Creating package script '/home/michele-zarantonello/ws_32_assignments/install/ir_launch/share/ir_launch/package.bash'
[1.604s] INFO:colcon.colcon_core.shell:Creating package script '/home/michele-zarantonello/ws_32_assignments/install/ir_launch/share/ir_launch/package.zsh'
[1.604s] Level 1:colcon.colcon_core.environment:create_file_with_runtime_dependencies(/home/michele-zarantonello/ws_32_assignments/install/ir_launch/share/colcon-core/packages/ir_launch)
[1.605s] Level 1:colcon.colcon_core.environment:create_environment_scripts_only(ir_launch)
[1.605s] Level 1:colcon.colcon_core.environment:checking '/home/michele-zarantonello/ws_32_assignments/install/ir_launch' for CMake module files
[1.606s] Level 1:colcon.colcon_core.environment:checking '/home/michele-zarantonello/ws_32_assignments/install/ir_launch' for CMake config files
[1.606s] Level 1:colcon.colcon_core.shell:create_environment_hook('ir_launch', 'cmake_prefix_path')
[1.607s] INFO:colcon.colcon_core.shell:Creating environment hook '/home/michele-zarantonello/ws_32_assignments/install/ir_launch/share/ir_launch/hook/cmake_prefix_path.ps1'
[1.607s] INFO:colcon.colcon_core.shell:Creating environment descriptor '/home/michele-zarantonello/ws_32_assignments/install/ir_launch/share/ir_launch/hook/cmake_prefix_path.dsv'
[1.608s] INFO:colcon.colcon_core.shell:Creating environment hook '/home/michele-zarantonello/ws_32_assignments/install/ir_launch/share/ir_launch/hook/cmake_prefix_path.sh'
[1.608s] Level 1:colcon.colcon_core.environment:checking '/home/michele-zarantonello/ws_32_assignments/install/ir_launch/bin'
[1.609s] Level 1:colcon.colcon_core.environment:checking '/home/michele-zarantonello/ws_32_assignments/install/ir_launch/lib/pkgconfig/ir_launch.pc'
[1.609s] Level 1:colcon.colcon_core.environment:checking '/home/michele-zarantonello/ws_32_assignments/install/ir_launch/lib/python3.12/site-packages'
[1.609s] Level 1:colcon.colcon_core.environment:checking '/home/michele-zarantonello/ws_32_assignments/install/ir_launch/bin'
[1.610s] INFO:colcon.colcon_core.shell:Creating package script '/home/michele-zarantonello/ws_32_assignments/install/ir_launch/share/ir_launch/package.ps1'
[1.610s] INFO:colcon.colcon_core.shell:Creating package descriptor '/home/michele-zarantonello/ws_32_assignments/install/ir_launch/share/ir_launch/package.dsv'
[1.611s] INFO:colcon.colcon_core.shell:Creating package script '/home/michele-zarantonello/ws_32_assignments/install/ir_launch/share/ir_launch/package.sh'
[1.612s] INFO:colcon.colcon_core.shell:Creating package script '/home/michele-zarantonello/ws_32_assignments/install/ir_launch/share/ir_launch/package.bash'
[1.613s] INFO:colcon.colcon_core.shell:Creating package script '/home/michele-zarantonello/ws_32_assignments/install/ir_launch/share/ir_launch/package.zsh'
[1.614s] Level 1:colcon.colcon_core.environment:create_file_with_runtime_dependencies(/home/michele-zarantonello/ws_32_assignments/install/ir_launch/share/colcon-core/packages/ir_launch)
[2.542s] DEBUG:colcon.colcon_core.event_handler.log_command:Invoked command in '/home/michele-zarantonello/ws_32_assignments/build/apriltag_ros' returned '0': CMAKE_PREFIX_PATH=${CMAKE_PREFIX_PATH}:/opt/ros/jazzy DEBUGINFOD_URLS=https://debuginfod.ubuntu.com /usr/bin/cmake /home/michele-zarantonello/ws_32_assignments/src/ir_2526/apriltag_ros -DCMAKE_INSTALL_PREFIX=/home/michele-zarantonello/ws_32_assignments/install/apriltag_ros
[2.544s] DEBUG:colcon.colcon_core.event_handler.log_command:Invoking command in '/home/michele-zarantonello/ws_32_assignments/build/apriltag_ros': CMAKE_PREFIX_PATH=${CMAKE_PREFIX_PATH}:/opt/ros/jazzy DEBUGINFOD_URLS=https://debuginfod.ubuntu.com /usr/bin/cmake --build /home/michele-zarantonello/ws_32_assignments/build/apriltag_ros -- -j8 -l8
[2.973s] DEBUG:colcon.colcon_core.event_handler.log_command:Invoked command in '/home/michele-zarantonello/ws_32_assignments/build/ir_movit_config' returned '0': AMENT_PREFIX_PATH=/home/michele-zarantonello/ws_32_assignments/install/ir_desription:${AMENT_PREFIX_PATH} CMAKE_PREFIX_PATH=/home/michele-zarantonello/ws_32_assignments/install/ir_desription:/opt/ros/jazzy/opt/gz_sim_vendor:/opt/ros/jazzy/opt/gz_sensors_vendor:/opt/ros/jazzy/opt/gz_physics_vendor:/opt/ros/jazzy/opt/sdformat_vendor:/opt/ros/jazzy/opt/gz_gui_vendor:/opt/ros/jazzy/opt/gz_transport_vendor:/opt/ros/jazzy/opt/gz_rendering_vendor:/opt/ros/jazzy/opt/gz_plugin_vendor:/opt/ros/jazzy/opt/gz_fuel_tools_vendor:/opt/ros/jazzy/opt/gz_msgs_vendor:/opt/ros/jazzy/opt/gz_common_vendor:/opt/ros/jazzy/opt/gz_math_vendor:/opt/ros/jazzy/opt/gz_utils_vendor:/opt/ros/jazzy/opt/gz_tools_vendor:/opt/ros/jazzy/opt/gz_ogre_next_vendor:/opt/ros/jazzy/opt/gz_dartsim_vendor:/opt/ros/jazzy/opt/gz_cmake_vendor:/opt/ros/jazzy DEBUGINFOD_URLS=https://debuginfod.ubuntu.com /usr/bin/cmake /home/michele-zarantonello/ws_32_assignments/src/ir_2526/ir_movit_config -DCMAKE_INSTALL_PREFIX=/home/michele-zarantonello/ws_32_assignments/install/ir_movit_config
[2.974s] DEBUG:colcon.colcon_core.event_handler.log_command:Invoking command in '/home/michele-zarantonello/ws_32_assignments/build/ir_movit_config': AMENT_PREFIX_PATH=/home/michele-zarantonello/ws_32_assignments/install/ir_desription:${AMENT_PREFIX_PATH} CMAKE_PREFIX_PATH=/home/michele-zarantonello/ws_32_assignments/install/ir_desription:/opt/ros/jazzy/opt/gz_sim_vendor:/opt/ros/jazzy/opt/gz_sensors_vendor:/opt/ros/jazzy/opt/gz_physics_vendor:/opt/ros/jazzy/opt/sdformat_vendor:/opt/ros/jazzy/opt/gz_gui_vendor:/opt/ros/jazzy/opt/gz_transport_vendor:/opt/ros/jazzy/opt/gz_rendering_vendor:/opt/ros/jazzy/opt/gz_plugin_vendor:/opt/ros/jazzy/opt/gz_fuel_tools_vendor:/opt/ros/jazzy/opt/gz_msgs_vendor:/opt/ros/jazzy/opt/gz_common_vendor:/opt/ros/jazzy/opt/gz_math_vendor:/opt/ros/jazzy/opt/gz_utils_vendor:/opt/ros/jazzy/opt/gz_tools_vendor:/opt/ros/jazzy/opt/gz_ogre_next_vendor:/opt/ros/jazzy/opt/gz_dartsim_vendor:/opt/ros/jazzy/opt/gz_cmake_vendor:/opt/ros/jazzy DEBUGINFOD_URLS=https://debuginfod.ubuntu.com /usr/bin/cmake --build /home/michele-zarantonello/ws_32_assignments/build/ir_movit_config -- -j8 -l8
[8.502s] DEBUG:colcon.colcon_core.event_handler.log_command:Invoked command in '/home/michele-zarantonello/ws_32_assignments/build/ir_movit_config' returned '0': AMENT_PREFIX_PATH=/home/michele-zarantonello/ws_32_assignments/install/ir_desription:${AMENT_PREFIX_PATH} CMAKE_PREFIX_PATH=/home/michele-zarantonello/ws_32_assignments/install/ir_desription:/opt/ros/jazzy/opt/gz_sim_vendor:/opt/ros/jazzy/opt/gz_sensors_vendor:/opt/ros/jazzy/opt/gz_physics_vendor:/opt/ros/jazzy/opt/sdformat_vendor:/opt/ros/jazzy/opt/gz_gui_vendor:/opt/ros/jazzy/opt/gz_transport_vendor:/opt/ros/jazzy/opt/gz_rendering_vendor:/opt/ros/jazzy/opt/gz_plugin_vendor:/opt/ros/jazzy/opt/gz_fuel_tools_vendor:/opt/ros/jazzy/opt/gz_msgs_vendor:/opt/ros/jazzy/opt/gz_common_vendor:/opt/ros/jazzy/opt/gz_math_vendor:/opt/ros/jazzy/opt/gz_utils_vendor:/opt/ros/jazzy/opt/gz_tools_vendor:/opt/ros/jazzy/opt/gz_ogre_next_vendor:/opt/ros/jazzy/opt/gz_dartsim_vendor:/opt/ros/jazzy/opt/gz_cmake_vendor:/opt/ros/jazzy DEBUGINFOD_URLS=https://debuginfod.ubuntu.com /usr/bin/cmake --build /home/michele-zarantonello/ws_32_assignments/build/ir_movit_config -- -j8 -l8
[8.503s] DEBUG:colcon.colcon_core.event_handler.log_command:Invoking command in '/home/michele-zarantonello/ws_32_assignments/build/ir_movit_config': AMENT_PREFIX_PATH=/home/michele-zarantonello/ws_32_assignments/install/ir_desription:${AMENT_PREFIX_PATH} CMAKE_PREFIX_PATH=/home/michele-zarantonello/ws_32_assignments/install/ir_desription:/opt/ros/jazzy/opt/gz_sim_vendor:/opt/ros/jazzy/opt/gz_sensors_vendor:/opt/ros/jazzy/opt/gz_physics_vendor:/opt/ros/jazzy/opt/sdformat_vendor:/opt/ros/jazzy/opt/gz_gui_vendor:/opt/ros/jazzy/opt/gz_transport_vendor:/opt/ros/jazzy/opt/gz_rendering_vendor:/opt/ros/jazzy/opt/gz_plugin_vendor:/opt/ros/jazzy/opt/gz_fuel_tools_vendor:/opt/ros/jazzy/opt/gz_msgs_vendor:/opt/ros/jazzy/opt/gz_common_vendor:/opt/ros/jazzy/opt/gz_math_vendor:/opt/ros/jazzy/opt/gz_utils_vendor:/opt/ros/jazzy/opt/gz_tools_vendor:/opt/ros/jazzy/opt/gz_ogre_next_vendor:/opt/ros/jazzy/opt/gz_dartsim_vendor:/opt/ros/jazzy/opt/gz_cmake_vendor:/opt/ros/jazzy DEBUGINFOD_URLS=https://debuginfod.ubuntu.com /usr/bin/cmake --install /home/michele-zarantonello/ws_32_assignments/build/ir_movit_config
[8.524s] Level 1:colcon.colcon_core.environment:create_environment_scripts_only(ir_movit_config)
[8.525s] Level 1:colcon.colcon_core.environment:checking '/home/michele-zarantonello/ws_32_assignments/install/ir_movit_config' for CMake module files
[8.526s] DEBUG:colcon.colcon_core.event_handler.log_command:Invoked command in '/home/michele-zarantonello/ws_32_assignments/build/ir_movit_config' returned '0': AMENT_PREFIX_PATH=/home/michele-zarantonello/ws_32_assignments/install/ir_desription:${AMENT_PREFIX_PATH} CMAKE_PREFIX_PATH=/home/michele-zarantonello/ws_32_assignments/install/ir_desription:/opt/ros/jazzy/opt/gz_sim_vendor:/opt/ros/jazzy/opt/gz_sensors_vendor:/opt/ros/jazzy/opt/gz_physics_vendor:/opt/ros/jazzy/opt/sdformat_vendor:/opt/ros/jazzy/opt/gz_gui_vendor:/opt/ros/jazzy/opt/gz_transport_vendor:/opt/ros/jazzy/opt/gz_rendering_vendor:/opt/ros/jazzy/opt/gz_plugin_vendor:/opt/ros/jazzy/opt/gz_fuel_tools_vendor:/opt/ros/jazzy/opt/gz_msgs_vendor:/opt/ros/jazzy/opt/gz_common_vendor:/opt/ros/jazzy/opt/gz_math_vendor:/opt/ros/jazzy/opt/gz_utils_vendor:/opt/ros/jazzy/opt/gz_tools_vendor:/opt/ros/jazzy/opt/gz_ogre_next_vendor:/opt/ros/jazzy/opt/gz_dartsim_vendor:/opt/ros/jazzy/opt/gz_cmake_vendor:/opt/ros/jazzy DEBUGINFOD_URLS=https://debuginfod.ubuntu.com /usr/bin/cmake --install /home/michele-zarantonello/ws_32_assignments/build/ir_movit_config
[8.527s] Level 1:colcon.colcon_core.environment:checking '/home/michele-zarantonello/ws_32_assignments/install/ir_movit_config' for CMake config files
[8.527s] Level 1:colcon.colcon_core.shell:create_environment_hook('ir_movit_config', 'cmake_prefix_path')
[8.527s] INFO:colcon.colcon_core.shell:Creating environment hook '/home/michele-zarantonello/ws_32_assignments/install/ir_movit_config/share/ir_movit_config/hook/cmake_prefix_path.ps1'
[8.528s] INFO:colcon.colcon_core.shell:Creating environment descriptor '/home/michele-zarantonello/ws_32_assignments/install/ir_movit_config/share/ir_movit_config/hook/cmake_prefix_path.dsv'
[8.528s] INFO:colcon.colcon_core.shell:Creating environment hook '/home/michele-zarantonello/ws_32_assignments/install/ir_movit_config/share/ir_movit_config/hook/cmake_prefix_path.sh'
[8.529s] Level 1:colcon.colcon_core.environment:checking '/home/michele-zarantonello/ws_32_assignments/install/ir_movit_config/lib'
[8.529s] Level 1:colcon.colcon_core.environment:checking '/home/michele-zarantonello/ws_32_assignments/install/ir_movit_config/bin'
[8.529s] Level 1:colcon.colcon_core.environment:checking '/home/michele-zarantonello/ws_32_assignments/install/ir_movit_config/lib/pkgconfig/ir_movit_config.pc'
[8.530s] Level 1:colcon.colcon_core.environment:checking '/home/michele-zarantonello/ws_32_assignments/install/ir_movit_config/lib/python3.12/site-packages'
[8.530s] Level 1:colcon.colcon_core.environment:checking '/home/michele-zarantonello/ws_32_assignments/install/ir_movit_config/bin'
[8.530s] INFO:colcon.colcon_core.shell:Creating package script '/home/michele-zarantonello/ws_32_assignments/install/ir_movit_config/share/ir_movit_config/package.ps1'
[8.531s] INFO:colcon.colcon_core.shell:Creating package descriptor '/home/michele-zarantonello/ws_32_assignments/install/ir_movit_config/share/ir_movit_config/package.dsv'
[8.531s] INFO:colcon.colcon_core.shell:Creating package script '/home/michele-zarantonello/ws_32_assignments/install/ir_movit_config/share/ir_movit_config/package.sh'
[8.532s] INFO:colcon.colcon_core.shell:Creating package script '/home/michele-zarantonello/ws_32_assignments/install/ir_movit_config/share/ir_movit_config/package.bash'
[8.532s] INFO:colcon.colcon_core.shell:Creating package script '/home/michele-zarantonello/ws_32_assignments/install/ir_movit_config/share/ir_movit_config/package.zsh'
[8.532s] Level 1:colcon.colcon_core.environment:create_file_with_runtime_dependencies(/home/michele-zarantonello/ws_32_assignments/install/ir_movit_config/share/colcon-core/packages/ir_movit_config)
[8.533s] Level 1:colcon.colcon_core.environment:create_environment_scripts_only(ir_movit_config)
[8.533s] Level 1:colcon.colcon_core.environment:checking '/home/michele-zarantonello/ws_32_assignments/install/ir_movit_config' for CMake module files
[8.534s] Level 1:colcon.colcon_core.environment:checking '/home/michele-zarantonello/ws_32_assignments/install/ir_movit_config' for CMake config files
[8.534s] Level 1:colcon.colcon_core.shell:create_environment_hook('ir_movit_config', 'cmake_prefix_path')
[8.534s] INFO:colcon.colcon_core.shell:Creating environment hook '/home/michele-zarantonello/ws_32_assignments/install/ir_movit_config/share/ir_movit_config/hook/cmake_prefix_path.ps1'
[8.535s] INFO:colcon.colcon_core.shell:Creating environment descriptor '/home/michele-zarantonello/ws_32_assignments/install/ir_movit_config/share/ir_movit_config/hook/cmake_prefix_path.dsv'
[8.535s] INFO:colcon.colcon_core.shell:Creating environment hook '/home/michele-zarantonello/ws_32_assignments/install/ir_movit_config/share/ir_movit_config/hook/cmake_prefix_path.sh'
[8.536s] Level 1:colcon.colcon_core.environment:checking '/home/michele-zarantonello/ws_32_assignments/install/ir_movit_config/lib'
[8.536s] Level 1:colcon.colcon_core.environment:checking '/home/michele-zarantonello/ws_32_assignments/install/ir_movit_config/bin'
[8.536s] Level 1:colcon.colcon_core.environment:checking '/home/michele-zarantonello/ws_32_assignments/install/ir_movit_config/lib/pkgconfig/ir_movit_config.pc'
[8.536s] Level 1:colcon.colcon_core.environment:checking '/home/michele-zarantonello/ws_32_assignments/install/ir_movit_config/lib/python3.12/site-packages'
[8.536s] Level 1:colcon.colcon_core.environment:checking '/home/michele-zarantonello/ws_32_assignments/install/ir_movit_config/bin'
[8.537s] INFO:colcon.colcon_core.shell:Creating package script '/home/michele-zarantonello/ws_32_assignments/install/ir_movit_config/share/ir_movit_config/package.ps1'
[8.537s] INFO:colcon.colcon_core.shell:Creating package descriptor '/home/michele-zarantonello/ws_32_assignments/install/ir_movit_config/share/ir_movit_config/package.dsv'
[8.538s] INFO:colcon.colcon_core.shell:Creating package script '/home/michele-zarantonello/ws_32_assignments/install/ir_movit_config/share/ir_movit_config/package.sh'
[8.538s] INFO:colcon.colcon_core.shell:Creating package script '/home/michele-zarantonello/ws_32_assignments/install/ir_movit_config/share/ir_movit_config/package.bash'
[8.538s] INFO:colcon.colcon_core.shell:Creating package script '/home/michele-zarantonello/ws_32_assignments/install/ir_movit_config/share/ir_movit_config/package.zsh'
[8.539s] Level 1:colcon.colcon_core.environment:create_file_with_runtime_dependencies(/home/michele-zarantonello/ws_32_assignments/install/ir_movit_config/share/colcon-core/packages/ir_movit_config)
[15.614s] DEBUG:colcon.colcon_core.event_handler.log_command:Invoked command in '/home/michele-zarantonello/ws_32_assignments/build/apriltag_ros' returned '0': CMAKE_PREFIX_PATH=${CMAKE_PREFIX_PATH}:/opt/ros/jazzy DEBUGINFOD_URLS=https://debuginfod.ubuntu.com /usr/bin/cmake --build /home/michele-zarantonello/ws_32_assignments/build/apriltag_ros -- -j8 -l8
[15.615s] DEBUG:colcon.colcon_core.event_handler.log_command:Invoking command in '/home/michele-zarantonello/ws_32_assignments/build/apriltag_ros': CMAKE_PREFIX_PATH=${CMAKE_PREFIX_PATH}:/opt/ros/jazzy DEBUGINFOD_URLS=https://debuginfod.ubuntu.com /usr/bin/cmake --install /home/michele-zarantonello/ws_32_assignments/build/apriltag_ros
[15.630s] Level 1:colcon.colcon_core.environment:create_environment_scripts_only(apriltag_ros)
[15.630s] Level 1:colcon.colcon_core.environment:checking '/home/michele-zarantonello/ws_32_assignments/install/apriltag_ros' for CMake module files
[15.631s] DEBUG:colcon.colcon_core.event_handler.log_command:Invoked command in '/home/michele-zarantonello/ws_32_assignments/build/apriltag_ros' returned '0': CMAKE_PREFIX_PATH=${CMAKE_PREFIX_PATH}:/opt/ros/jazzy DEBUGINFOD_URLS=https://debuginfod.ubuntu.com /usr/bin/cmake --install /home/michele-zarantonello/ws_32_assignments/build/apriltag_ros
[15.631s] Level 1:colcon.colcon_core.environment:checking '/home/michele-zarantonello/ws_32_assignments/install/apriltag_ros' for CMake config files
[15.631s] Level 1:colcon.colcon_core.shell:create_environment_hook('apriltag_ros', 'cmake_prefix_path')
[15.631s] INFO:colcon.colcon_core.shell:Creating environment hook '/home/michele-zarantonello/ws_32_assignments/install/apriltag_ros/share/apriltag_ros/hook/cmake_prefix_path.ps1'
[15.632s] INFO:colcon.colcon_core.shell:Creating environment descriptor '/home/michele-zarantonello/ws_32_assignments/install/apriltag_ros/share/apriltag_ros/hook/cmake_prefix_path.dsv'
[15.632s] INFO:colcon.colcon_core.shell:Creating environment hook '/home/michele-zarantonello/ws_32_assignments/install/apriltag_ros/share/apriltag_ros/hook/cmake_prefix_path.sh'
[15.632s] Level 1:colcon.colcon_core.environment:checking '/home/michele-zarantonello/ws_32_assignments/install/apriltag_ros/lib'
[15.633s] Level 1:colcon.colcon_core.shell:create_environment_hook('apriltag_ros', 'ld_library_path_lib')
[15.633s] INFO:colcon.colcon_core.shell:Creating environment hook '/home/michele-zarantonello/ws_32_assignments/install/apriltag_ros/share/apriltag_ros/hook/ld_library_path_lib.ps1'
[15.633s] INFO:colcon.colcon_core.shell:Creating environment descriptor '/home/michele-zarantonello/ws_32_assignments/install/apriltag_ros/share/apriltag_ros/hook/ld_library_path_lib.dsv'
[15.633s] INFO:colcon.colcon_core.shell:Creating environment hook '/home/michele-zarantonello/ws_32_assignments/install/apriltag_ros/share/apriltag_ros/hook/ld_library_path_lib.sh'
[15.634s] Level 1:colcon.colcon_core.environment:checking '/home/michele-zarantonello/ws_32_assignments/install/apriltag_ros/bin'
[15.634s] Level 1:colcon.colcon_core.environment:checking '/home/michele-zarantonello/ws_32_assignments/install/apriltag_ros/lib/pkgconfig/apriltag_ros.pc'
[15.634s] Level 1:colcon.colcon_core.environment:checking '/home/michele-zarantonello/ws_32_assignments/install/apriltag_ros/lib/python3.12/site-packages'
[15.634s] Level 1:colcon.colcon_core.environment:checking '/home/michele-zarantonello/ws_32_assignments/install/apriltag_ros/bin'
[15.634s] INFO:colcon.colcon_core.shell:Creating package script '/home/michele-zarantonello/ws_32_assignments/install/apriltag_ros/share/apriltag_ros/package.ps1'
[15.635s] INFO:colcon.colcon_core.shell:Creating package descriptor '/home/michele-zarantonello/ws_32_assignments/install/apriltag_ros/share/apriltag_ros/package.dsv'
[15.635s] INFO:colcon.colcon_core.shell:Creating package script '/home/michele-zarantonello/ws_32_assignments/install/apriltag_ros/share/apriltag_ros/package.sh'
[15.636s] INFO:colcon.colcon_core.shell:Creating package script '/home/michele-zarantonello/ws_32_assignments/install/apriltag_ros/share/apriltag_ros/package.bash'
[15.636s] INFO:colcon.colcon_core.shell:Creating package script '/home/michele-zarantonello/ws_32_assignments/install/apriltag_ros/share/apriltag_ros/package.zsh'
[15.637s] Level 1:colcon.colcon_core.environment:create_file_with_runtime_dependencies(/home/michele-zarantonello/ws_32_assignments/install/apriltag_ros/share/colcon-core/packages/apriltag_ros)
[15.638s] Level 1:colcon.colcon_core.environment:create_environment_scripts_only(apriltag_ros)
[15.638s] Level 1:colcon.colcon_core.environment:checking '/home/michele-zarantonello/ws_32_assignments/install/apriltag_ros' for CMake module files
[15.638s] Level 1:colcon.colcon_core.environment:checking '/home/michele-zarantonello/ws_32_assignments/install/apriltag_ros' for CMake config files
[15.639s] Level 1:colcon.colcon_core.shell:create_environment_hook('apriltag_ros', 'cmake_prefix_path')
[15.639s] INFO:colcon.colcon_core.shell:Creating environment hook '/home/michele-zarantonello/ws_32_assignments/install/apriltag_ros/share/apriltag_ros/hook/cmake_prefix_path.ps1'
[15.639s] INFO:colcon.colcon_core.shell:Creating environment descriptor '/home/michele-zarantonello/ws_32_assignments/install/apriltag_ros/share/apriltag_ros/hook/cmake_prefix_path.dsv'
[15.640s] INFO:colcon.colcon_core.shell:Creating environment hook '/home/michele-zarantonello/ws_32_assignments/install/apriltag_ros/share/apriltag_ros/hook/cmake_prefix_path.sh'
[15.640s] Level 1:colcon.colcon_core.environment:checking '/home/michele-zarantonello/ws_32_assignments/install/apriltag_ros/lib'
[15.640s] Level 1:colcon.colcon_core.shell:create_environment_hook('apriltag_ros', 'ld_library_path_lib')
[15.641s] INFO:colcon.colcon_core.shell:Creating environment hook '/home/michele-zarantonello/ws_32_assignments/install/apriltag_ros/share/apriltag_ros/hook/ld_library_path_lib.ps1'
[15.641s] INFO:colcon.colcon_core.shell:Creating environment descriptor '/home/michele-zarantonello/ws_32_assignments/install/apriltag_ros/share/apriltag_ros/hook/ld_library_path_lib.dsv'
[15.642s] INFO:colcon.colcon_core.shell:Creating environment hook '/home/michele-zarantonello/ws_32_assignments/install/apriltag_ros/share/apriltag_ros/hook/ld_library_path_lib.sh'
[15.643s] Level 1:colcon.colcon_core.environment:checking '/home/michele-zarantonello/ws_32_assignments/install/apriltag_ros/bin'
[15.643s] Level 1:colcon.colcon_core.environment:checking '/home/michele-zarantonello/ws_32_assignments/install/apriltag_ros/lib/pkgconfig/apriltag_ros.pc'
[15.643s] Level 1:colcon.colcon_core.environment:checking '/home/michele-zarantonello/ws_32_assignments/install/apriltag_ros/lib/python3.12/site-packages'
[15.643s] Level 1:colcon.colcon_core.environment:checking '/home/michele-zarantonello/ws_32_assignments/install/apriltag_ros/bin'
[15.644s] INFO:colcon.colcon_core.shell:Creating package script '/home/michele-zarantonello/ws_32_assignments/install/apriltag_ros/share/apriltag_ros/package.ps1'
[15.645s] INFO:colcon.colcon_core.shell:Creating package descriptor '/home/michele-zarantonello/ws_32_assignments/install/apriltag_ros/share/apriltag_ros/package.dsv'
[15.645s] INFO:colcon.colcon_core.shell:Creating package script '/home/michele-zarantonello/ws_32_assignments/install/apriltag_ros/share/apriltag_ros/package.sh'
[15.646s] INFO:colcon.colcon_core.shell:Creating package script '/home/michele-zarantonello/ws_32_assignments/install/apriltag_ros/share/apriltag_ros/package.bash'
[15.646s] INFO:colcon.colcon_core.shell:Creating package script '/home/michele-zarantonello/ws_32_assignments/install/apriltag_ros/share/apriltag_ros/package.zsh'
[15.646s] Level 1:colcon.colcon_core.environment:create_file_with_runtime_dependencies(/home/michele-zarantonello/ws_32_assignments/install/apriltag_ros/share/colcon-core/packages/apriltag_ros)
[15.647s] DEBUG:colcon.colcon_parallel_executor.executor.parallel:closing loop
[15.647s] DEBUG:colcon.colcon_parallel_executor.executor.parallel:loop closed
[15.647s] DEBUG:colcon.colcon_parallel_executor.executor.parallel:run_until_complete finished with '0'
[15.647s] DEBUG:colcon.colcon_core.event_reactor:joining thread
[15.653s] INFO:colcon.colcon_core.plugin_system:Skipping extension 'colcon_notification.desktop_notification.terminal_notifier': Not used on non-Darwin systems
[15.653s] INFO:colcon.colcon_core.plugin_system:Skipping extension 'colcon_notification.desktop_notification.win32': Not used on non-Windows systems
[15.653s] INFO:colcon.colcon_notification.desktop_notification:Sending desktop notification using 'notify2'
[15.673s] DEBUG:colcon.colcon_core.event_reactor:joined thread
[15.674s] INFO:colcon.colcon_core.shell:Creating prefix script '/home/michele-zarantonello/ws_32_assignments/install/local_setup.ps1'
[15.675s] INFO:colcon.colcon_core.shell:Creating prefix util module '/home/michele-zarantonello/ws_32_assignments/install/_local_setup_util_ps1.py'
[15.677s] INFO:colcon.colcon_core.shell:Creating prefix chain script '/home/michele-zarantonello/ws_32_assignments/install/setup.ps1'
[15.678s] INFO:colcon.colcon_core.shell:Creating prefix script '/home/michele-zarantonello/ws_32_assignments/install/local_setup.sh'
[15.679s] INFO:colcon.colcon_core.shell:Creating prefix util module '/home/michele-zarantonello/ws_32_assignments/install/_local_setup_util_sh.py'
[15.680s] INFO:colcon.colcon_core.shell:Creating prefix chain script '/home/michele-zarantonello/ws_32_assignments/install/setup.sh'
[15.681s] INFO:colcon.colcon_core.shell:Creating prefix script '/home/michele-zarantonello/ws_32_assignments/install/local_setup.bash'
[15.682s] INFO:colcon.colcon_core.shell:Creating prefix chain script '/home/michele-zarantonello/ws_32_assignments/install/setup.bash'
[15.683s] INFO:colcon.colcon_core.shell:Creating prefix script '/home/michele-zarantonello/ws_32_assignments/install/local_setup.zsh'
[15.683s] INFO:colcon.colcon_core.shell:Creating prefix chain script '/home/michele-zarantonello/ws_32_assignments/install/setup.zsh'
