[0.036s] Invoking command in '/home/michele-zarantonello/ws_32_assignments/build/ir_base': CMAKE_PREFIX_PATH=${CMAKE_PREFIX_PATH}:/opt/ros/jazzy DEBUGINFOD_URLS=https://debuginfod.ubuntu.com /usr/bin/cmake /home/michele-zarantonello/ws_32_assignments/src/ir_2526/ir_base -DCMAKE_INSTALL_PREFIX=/home/michele-zarantonello/ws_32_assignments/install/ir_base
[0.169s] -- The C compiler identification is GNU 13.3.0
[0.260s] -- The CXX compiler identification is GNU 13.3.0
[0.283s] -- Detecting C compiler ABI info
[0.390s] -- Detecting C compiler ABI info - done
[0.410s] -- Check for working C compiler: /usr/bin/cc - skipped
[0.411s] -- Detecting C compile features
[0.412s] -- Detecting C compile features - done
[0.425s] -- Detecting CXX compiler ABI info
[0.544s] -- Detecting CXX compiler ABI info - done
[0.567s] -- Check for working CXX compiler: /usr/bin/c++ - skipped
[0.568s] -- Detecting CXX compile features
[0.569s] -- Detecting CXX compile features - done
[0.579s] -- Found ament_cmake: 2.5.4 (/opt/ros/jazzy/share/ament_cmake/cmake)
[0.794s] -- Found Python3: /usr/bin/python3 (found version "3.12.3") found components: Interpreter 
[0.973s] -- Found ament_lint_auto: 0.17.3 (/opt/ros/jazzy/share/ament_lint_auto/cmake)
[1.125s] -- Added test 'flake8' to check Python code syntax and style conventions
[1.125s] -- Configured 'flake8' exclude dirs and/or files: 
[1.128s] -- Added test 'lint_cmake' to check CMake code style
[1.130s] -- Added test 'pep257' to check Python code against some of the docstring style conventions in PEP 257
[1.138s] -- Added test 'xmllint' to check XML markup files
[1.141s] -- Configuring done (1.1s)
[1.145s] -- Generating done (0.0s)
[1.148s] -- Build files have been written to: /home/michele-zarantonello/ws_32_assignments/build/ir_base
[1.155s] Invoked command in '/home/michele-zarantonello/ws_32_assignments/build/ir_base' returned '0': CMAKE_PREFIX_PATH=${CMAKE_PREFIX_PATH}:/opt/ros/jazzy DEBUGINFOD_URLS=https://debuginfod.ubuntu.com /usr/bin/cmake /home/michele-zarantonello/ws_32_assignments/src/ir_2526/ir_base -DCMAKE_INSTALL_PREFIX=/home/michele-zarantonello/ws_32_assignments/install/ir_base
[1.156s] Invoking command in '/home/michele-zarantonello/ws_32_assignments/build/ir_base': CMAKE_PREFIX_PATH=${CMAKE_PREFIX_PATH}:/opt/ros/jazzy DEBUGINFOD_URLS=https://debuginfod.ubuntu.com /usr/bin/cmake --build /home/michele-zarantonello/ws_32_assignments/build/ir_base -- -j8 -l8
[1.199s] Invoked command in '/home/michele-zarantonello/ws_32_assignments/build/ir_base' returned '0': CMAKE_PREFIX_PATH=${CMAKE_PREFIX_PATH}:/opt/ros/jazzy DEBUGINFOD_URLS=https://debuginfod.ubuntu.com /usr/bin/cmake --build /home/michele-zarantonello/ws_32_assignments/build/ir_base -- -j8 -l8
[1.201s] Invoking command in '/home/michele-zarantonello/ws_32_assignments/build/ir_base': CMAKE_PREFIX_PATH=${CMAKE_PREFIX_PATH}:/opt/ros/jazzy DEBUGINFOD_URLS=https://debuginfod.ubuntu.com /usr/bin/cmake --install /home/michele-zarantonello/ws_32_assignments/build/ir_base
[1.215s] -- Install configuration: ""
[1.215s] -- Installing: /home/michele-zarantonello/ws_32_assignments/install/ir_base/share/ament_index/resource_index/package_run_dependencies/ir_base
[1.215s] -- Installing: /home/michele-zarantonello/ws_32_assignments/install/ir_base/share/ament_index/resource_index/parent_prefix_path/ir_base
[1.215s] -- Installing: /home/michele-zarantonello/ws_32_assignments/install/ir_base/share/ir_base/environment/ament_prefix_path.sh
[1.216s] -- Installing: /home/michele-zarantonello/ws_32_assignments/install/ir_base/share/ir_base/environment/ament_prefix_path.dsv
[1.216s] -- Installing: /home/michele-zarantonello/ws_32_assignments/install/ir_base/share/ir_base/environment/path.sh
[1.216s] -- Installing: /home/michele-zarantonello/ws_32_assignments/install/ir_base/share/ir_base/environment/path.dsv
[1.216s] -- Installing: /home/michele-zarantonello/ws_32_assignments/install/ir_base/share/ir_base/local_setup.bash
[1.216s] -- Installing: /home/michele-zarantonello/ws_32_assignments/install/ir_base/share/ir_base/local_setup.sh
[1.216s] -- Installing: /home/michele-zarantonello/ws_32_assignments/install/ir_base/share/ir_base/local_setup.zsh
[1.217s] -- Installing: /home/michele-zarantonello/ws_32_assignments/install/ir_base/share/ir_base/local_setup.dsv
[1.217s] -- Installing: /home/michele-zarantonello/ws_32_assignments/install/ir_base/share/ir_base/package.dsv
[1.217s] -- Installing: /home/michele-zarantonello/ws_32_assignments/install/ir_base/share/ament_index/resource_index/packages/ir_base
[1.217s] -- Installing: /home/michele-zarantonello/ws_32_assignments/install/ir_base/share/ir_base/cmake/ir_baseConfig.cmake
[1.217s] -- Installing: /home/michele-zarantonello/ws_32_assignments/install/ir_base/share/ir_base/cmake/ir_baseConfig-version.cmake
[1.218s] -- Installing: /home/michele-zarantonello/ws_32_assignments/install/ir_base/share/ir_base/package.xml
[1.218s] -- Installing: /home/michele-zarantonello/ws_32_assignments/install/ir_base/share/ir_base/launch
[1.218s] -- Installing: /home/michele-zarantonello/ws_32_assignments/install/ir_base/share/ir_base/launch/ir_arena.launch.py
[1.218s] -- Installing: /home/michele-zarantonello/ws_32_assignments/install/ir_base/share/ir_base/launch/ir_arena_turtle.launch.py
[1.218s] -- Installing: /home/michele-zarantonello/ws_32_assignments/install/ir_base/share/ir_base/worlds
[1.218s] -- Installing: /home/michele-zarantonello/ws_32_assignments/install/ir_base/share/ir_base/worlds/iaslab_empty.sdf.xacro
[1.218s] -- Installing: /home/michele-zarantonello/ws_32_assignments/install/ir_base/share/ir_base/worlds/empy.sdf
[1.219s] -- Installing: /home/michele-zarantonello/ws_32_assignments/install/ir_base/share/ir_base/worlds/iaslab_camera_tables.sdf
[1.220s] -- Installing: /home/michele-zarantonello/ws_32_assignments/install/ir_base/share/ir_base/worlds/iaslab_ur.sdf
[1.220s] -- Installing: /home/michele-zarantonello/ws_32_assignments/install/ir_base/share/ir_base/worlds/apples_world.sdf.xacro
[1.221s] -- Installing: /home/michele-zarantonello/ws_32_assignments/install/ir_base/share/ir_base/worlds/iaslab_nav.sdf
[1.221s] -- Installing: /home/michele-zarantonello/ws_32_assignments/install/ir_base/share/ir_base/worlds/iaslab_empty.sdf
[1.221s] -- Installing: /home/michele-zarantonello/ws_32_assignments/install/ir_base/share/ir_base/worlds/iaslab_empty_ur.sdf.xacro
[1.221s] -- Installing: /home/michele-zarantonello/ws_32_assignments/install/ir_base/share/ir_base/worlds/iaslab_ur.sdf.xacro
[1.221s] -- Installing: /home/michele-zarantonello/ws_32_assignments/install/ir_base/share/ir_base/worlds/iaslab.sdf.xacro
[1.221s] -- Installing: /home/michele-zarantonello/ws_32_assignments/install/ir_base/share/ir_base/params
[1.221s] -- Installing: /home/michele-zarantonello/ws_32_assignments/install/ir_base/share/ir_base/params/nav2_params.yaml
[1.222s] -- Installing: /home/michele-zarantonello/ws_32_assignments/install/ir_base/share/ir_base/params/turtlebot3_waffle_bridge.yaml
[1.222s] -- Installing: /home/michele-zarantonello/ws_32_assignments/install/ir_base/share/ir_base/params/ur_bridge.yaml
[1.222s] -- Installing: /home/michele-zarantonello/ws_32_assignments/install/ir_base/share/ir_base/maps
[1.222s] -- Installing: /home/michele-zarantonello/ws_32_assignments/install/ir_base/share/ir_base/maps/lab_map.yaml
[1.222s] -- Installing: /home/michele-zarantonello/ws_32_assignments/install/ir_base/share/ir_base/maps/lab_map.pgm
[1.222s] -- Installing: /home/michele-zarantonello/ws_32_assignments/install/ir_base/share/ir_base/models
[1.222s] -- Installing: /home/michele-zarantonello/ws_32_assignments/install/ir_base/share/ir_base/models/build
[1.223s] -- Installing: /home/michele-zarantonello/ws_32_assignments/install/ir_base/share/ir_base/models/build/.built_by
[1.223s] -- Installing: /home/michele-zarantonello/ws_32_assignments/install/ir_base/share/ir_base/models/build/COLCON_IGNORE
[1.223s] -- Installing: /home/michele-zarantonello/ws_32_assignments/install/ir_base/share/ir_base/models/artag
[1.223s] -- Installing: /home/michele-zarantonello/ws_32_assignments/install/ir_base/share/ir_base/models/artag/materials
[1.223s] -- Installing: /home/michele-zarantonello/ws_32_assignments/install/ir_base/share/ir_base/models/artag/materials/scripts
[1.224s] -- Installing: /home/michele-zarantonello/ws_32_assignments/install/ir_base/share/ir_base/models/artag/materials/scripts/artag1.material
[1.224s] -- Installing: /home/michele-zarantonello/ws_32_assignments/install/ir_base/share/ir_base/models/artag/materials/scripts/artag15.material
[1.224s] -- Installing: /home/michele-zarantonello/ws_32_assignments/install/ir_base/share/ir_base/models/artag/materials/scripts/artag6.material
[1.225s] -- Installing: /home/michele-zarantonello/ws_32_assignments/install/ir_base/share/ir_base/models/artag/materials/scripts/artag8.material
[1.228s] -- Installing: /home/michele-zarantonello/ws_32_assignments/install/ir_base/share/ir_base/models/artag/materials/scripts/artag11.material
[1.229s] -- Installing: /home/michele-zarantonello/ws_32_assignments/install/ir_base/share/ir_base/models/artag/materials/scripts/artag12.material
[1.229s] -- Installing: /home/michele-zarantonello/ws_32_assignments/install/ir_base/share/ir_base/models/artag/materials/scripts/artag4.material
[1.230s] -- Installing: /home/michele-zarantonello/ws_32_assignments/install/ir_base/share/ir_base/models/artag/materials/scripts/artag5.material
[1.231s] -- Installing: /home/michele-zarantonello/ws_32_assignments/install/ir_base/share/ir_base/models/artag/materials/scripts/artag9.material
[1.231s] -- Installing: /home/michele-zarantonello/ws_32_assignments/install/ir_base/share/ir_base/models/artag/materials/scripts/artag10.material
[1.231s] -- Installing: /home/michele-zarantonello/ws_32_assignments/install/ir_base/share/ir_base/models/artag/materials/scripts/artag3.material
[1.231s] -- Installing: /home/michele-zarantonello/ws_32_assignments/install/ir_base/share/ir_base/models/artag/materials/scripts/artag0.material
[1.231s] -- Installing: /home/michele-zarantonello/ws_32_assignments/install/ir_base/share/ir_base/models/artag/materials/scripts/artag14.material
[1.232s] -- Installing: /home/michele-zarantonello/ws_32_assignments/install/ir_base/share/ir_base/models/artag/materials/scripts/artag7.material
[1.232s] -- Installing: /home/michele-zarantonello/ws_32_assignments/install/ir_base/share/ir_base/models/artag/materials/scripts/artag13.material
[1.232s] -- Installing: /home/michele-zarantonello/ws_32_assignments/install/ir_base/share/ir_base/models/artag/materials/scripts/artag2.material
[1.232s] -- Installing: /home/michele-zarantonello/ws_32_assignments/install/ir_base/share/ir_base/models/artag/materials/textures
[1.232s] -- Installing: /home/michele-zarantonello/ws_32_assignments/install/ir_base/share/ir_base/models/artag/materials/textures/tag36_11_00011.png
[1.232s] -- Installing: /home/michele-zarantonello/ws_32_assignments/install/ir_base/share/ir_base/models/artag/materials/textures/tag36_11_00004.png
[1.232s] -- Installing: /home/michele-zarantonello/ws_32_assignments/install/ir_base/share/ir_base/models/artag/materials/textures/tag36_11_00007.png
[1.232s] -- Installing: /home/michele-zarantonello/ws_32_assignments/install/ir_base/share/ir_base/models/artag/materials/textures/tag36_11_00012.png
[1.233s] -- Installing: /home/michele-zarantonello/ws_32_assignments/install/ir_base/share/ir_base/models/artag/materials/textures/tag36_11_00008.png
[1.233s] -- Installing: /home/michele-zarantonello/ws_32_assignments/install/ir_base/share/ir_base/models/artag/materials/textures/tag36_11_00005.png
[1.233s] -- Installing: /home/michele-zarantonello/ws_32_assignments/install/ir_base/share/ir_base/models/artag/materials/textures/tag36_11_00014.png
[1.233s] -- Installing: /home/michele-zarantonello/ws_32_assignments/install/ir_base/share/ir_base/models/artag/materials/textures/tag36_11_00013.png
[1.233s] -- Installing: /home/michele-zarantonello/ws_32_assignments/install/ir_base/share/ir_base/models/artag/materials/textures/tag36_11_00100.png
[1.233s] -- Installing: /home/michele-zarantonello/ws_32_assignments/install/ir_base/share/ir_base/models/artag/materials/textures/tag36_11_00006.png
[1.234s] -- Installing: /home/michele-zarantonello/ws_32_assignments/install/ir_base/share/ir_base/models/artag/materials/textures/tag36_11_00002.png
[1.234s] -- Installing: /home/michele-zarantonello/ws_32_assignments/install/ir_base/share/ir_base/models/artag/materials/textures/tag36_11_00010.png
[1.234s] -- Installing: /home/michele-zarantonello/ws_32_assignments/install/ir_base/share/ir_base/models/artag/materials/textures/tag36_11_00015.png
[1.234s] -- Installing: /home/michele-zarantonello/ws_32_assignments/install/ir_base/share/ir_base/models/artag/materials/textures/tag36_11_00001.png
[1.234s] -- Installing: /home/michele-zarantonello/ws_32_assignments/install/ir_base/share/ir_base/models/artag/materials/textures/tag36_11_00000.png
[1.234s] -- Installing: /home/michele-zarantonello/ws_32_assignments/install/ir_base/share/ir_base/models/artag/materials/textures/tag36_11_00009.png
[1.234s] -- Installing: /home/michele-zarantonello/ws_32_assignments/install/ir_base/share/ir_base/models/artag/materials/textures/tag36_11_00101.png
[1.234s] -- Installing: /home/michele-zarantonello/ws_32_assignments/install/ir_base/share/ir_base/models/artag/materials/textures/tag36_11_00003.png
[1.235s] -- Installing: /home/michele-zarantonello/ws_32_assignments/install/ir_base/share/ir_base/models/artag/model.config
[1.235s] -- Installing: /home/michele-zarantonello/ws_32_assignments/install/ir_base/share/ir_base/models/artag/model.sdf
[1.235s] -- Installing: /home/michele-zarantonello/ws_32_assignments/install/ir_base/share/ir_base/models/log
[1.235s] -- Installing: /home/michele-zarantonello/ws_32_assignments/install/ir_base/share/ir_base/models/log/latest_build
[1.235s] -- Installing: /home/michele-zarantonello/ws_32_assignments/install/ir_base/share/ir_base/models/log/build_2025-09-05_12-18-28
[1.237s] -- Installing: /home/michele-zarantonello/ws_32_assignments/install/ir_base/share/ir_base/models/log/build_2025-09-05_12-18-28/events.log
[1.237s] -- Installing: /home/michele-zarantonello/ws_32_assignments/install/ir_base/share/ir_base/models/log/build_2025-09-05_12-18-28/logger_all.log
[1.238s] -- Installing: /home/michele-zarantonello/ws_32_assignments/install/ir_base/share/ir_base/models/log/build_2025-09-05_12-40-06
[1.238s] -- Installing: /home/michele-zarantonello/ws_32_assignments/install/ir_base/share/ir_base/models/log/build_2025-09-05_12-40-06/events.log
[1.238s] -- Installing: /home/michele-zarantonello/ws_32_assignments/install/ir_base/share/ir_base/models/log/build_2025-09-05_12-40-06/logger_all.log
[1.238s] -- Installing: /home/michele-zarantonello/ws_32_assignments/install/ir_base/share/ir_base/models/log/build_2025-09-05_12-15-26
[1.238s] -- Installing: /home/michele-zarantonello/ws_32_assignments/install/ir_base/share/ir_base/models/log/build_2025-09-05_12-15-26/events.log
[1.238s] -- Installing: /home/michele-zarantonello/ws_32_assignments/install/ir_base/share/ir_base/models/log/build_2025-09-05_12-15-26/logger_all.log
[1.238s] -- Installing: /home/michele-zarantonello/ws_32_assignments/install/ir_base/share/ir_base/models/log/build_2025-09-05_11-54-02
[1.238s] -- Installing: /home/michele-zarantonello/ws_32_assignments/install/ir_base/share/ir_base/models/log/build_2025-09-05_11-54-02/events.log
[1.239s] -- Installing: /home/michele-zarantonello/ws_32_assignments/install/ir_base/share/ir_base/models/log/build_2025-09-05_11-54-02/logger_all.log
[1.239s] -- Installing: /home/michele-zarantonello/ws_32_assignments/install/ir_base/share/ir_base/models/log/build_2025-09-05_12-23-38
[1.239s] -- Installing: /home/michele-zarantonello/ws_32_assignments/install/ir_base/share/ir_base/models/log/build_2025-09-05_12-23-38/events.log
[1.239s] -- Installing: /home/michele-zarantonello/ws_32_assignments/install/ir_base/share/ir_base/models/log/build_2025-09-05_12-23-38/logger_all.log
[1.239s] -- Installing: /home/michele-zarantonello/ws_32_assignments/install/ir_base/share/ir_base/models/log/build_2025-09-05_12-17-19
[1.239s] -- Installing: /home/michele-zarantonello/ws_32_assignments/install/ir_base/share/ir_base/models/log/build_2025-09-05_12-17-19/events.log
[1.240s] -- Installing: /home/michele-zarantonello/ws_32_assignments/install/ir_base/share/ir_base/models/log/build_2025-09-05_12-17-19/logger_all.log
[1.240s] -- Installing: /home/michele-zarantonello/ws_32_assignments/install/ir_base/share/ir_base/models/log/latest
[1.240s] -- Installing: /home/michele-zarantonello/ws_32_assignments/install/ir_base/share/ir_base/models/log/build_2025-09-05_12-03-44
[1.240s] -- Installing: /home/michele-zarantonello/ws_32_assignments/install/ir_base/share/ir_base/models/log/build_2025-09-05_12-03-44/events.log
[1.240s] -- Installing: /home/michele-zarantonello/ws_32_assignments/install/ir_base/share/ir_base/models/log/build_2025-09-05_12-03-44/logger_all.log
[1.241s] -- Installing: /home/michele-zarantonello/ws_32_assignments/install/ir_base/share/ir_base/models/log/COLCON_IGNORE
[1.241s] -- Installing: /home/michele-zarantonello/ws_32_assignments/install/ir_base/share/ir_base/models/log/build_2025-09-05_12-04-38
[1.241s] -- Installing: /home/michele-zarantonello/ws_32_assignments/install/ir_base/share/ir_base/models/log/build_2025-09-05_12-04-38/events.log
[1.241s] -- Installing: /home/michele-zarantonello/ws_32_assignments/install/ir_base/share/ir_base/models/log/build_2025-09-05_12-04-38/logger_all.log
[1.241s] -- Installing: /home/michele-zarantonello/ws_32_assignments/install/ir_base/share/ir_base/models/log/build_2025-09-05_12-40-26
[1.241s] -- Installing: /home/michele-zarantonello/ws_32_assignments/install/ir_base/share/ir_base/models/log/build_2025-09-05_12-40-26/events.log
[1.241s] -- Installing: /home/michele-zarantonello/ws_32_assignments/install/ir_base/share/ir_base/models/log/build_2025-09-05_12-40-26/logger_all.log
[1.241s] -- Installing: /home/michele-zarantonello/ws_32_assignments/install/ir_base/share/ir_base/models/install
[1.242s] -- Installing: /home/michele-zarantonello/ws_32_assignments/install/ir_base/share/ir_base/models/install/_local_setup_util_sh.py
[1.242s] -- Installing: /home/michele-zarantonello/ws_32_assignments/install/ir_base/share/ir_base/models/install/setup.sh
[1.242s] -- Installing: /home/michele-zarantonello/ws_32_assignments/install/ir_base/share/ir_base/models/install/_local_setup_util_ps1.py
[1.243s] -- Installing: /home/michele-zarantonello/ws_32_assignments/install/ir_base/share/ir_base/models/install/setup.bash
[1.243s] -- Installing: /home/michele-zarantonello/ws_32_assignments/install/ir_base/share/ir_base/models/install/local_setup.bash
[1.243s] -- Installing: /home/michele-zarantonello/ws_32_assignments/install/ir_base/share/ir_base/models/install/.colcon_install_layout
[1.243s] -- Installing: /home/michele-zarantonello/ws_32_assignments/install/ir_base/share/ir_base/models/install/local_setup.zsh
[1.243s] -- Installing: /home/michele-zarantonello/ws_32_assignments/install/ir_base/share/ir_base/models/install/setup.zsh
[1.244s] -- Installing: /home/michele-zarantonello/ws_32_assignments/install/ir_base/share/ir_base/models/install/COLCON_IGNORE
[1.244s] -- Installing: /home/michele-zarantonello/ws_32_assignments/install/ir_base/share/ir_base/models/install/local_setup.sh
[1.244s] -- Installing: /home/michele-zarantonello/ws_32_assignments/install/ir_base/share/ir_base/models/install/setup.ps1
[1.244s] -- Installing: /home/michele-zarantonello/ws_32_assignments/install/ir_base/share/ir_base/models/install/local_setup.ps1
[1.244s] -- Installing: /home/michele-zarantonello/ws_32_assignments/install/ir_base/share/ir_base/models/docks
[1.244s] -- Installing: /home/michele-zarantonello/ws_32_assignments/install/ir_base/share/ir_base/models/docks/loading_station_0
[1.244s] -- Installing: /home/michele-zarantonello/ws_32_assignments/install/ir_base/share/ir_base/models/docks/loading_station_0/model.config
[1.244s] -- Installing: /home/michele-zarantonello/ws_32_assignments/install/ir_base/share/ir_base/models/docks/loading_station_0/model.sdf
[1.245s] -- Installing: /home/michele-zarantonello/ws_32_assignments/install/ir_base/share/ir_base/models/docks/unloading_station_0
[1.245s] -- Installing: /home/michele-zarantonello/ws_32_assignments/install/ir_base/share/ir_base/models/docks/unloading_station_0/model.config
[1.245s] -- Installing: /home/michele-zarantonello/ws_32_assignments/install/ir_base/share/ir_base/models/docks/unloading_station_0/model.sdf
[1.245s] -- Installing: /home/michele-zarantonello/ws_32_assignments/install/ir_base/share/ir_base/models/docks/loading_station_1
[1.245s] -- Installing: /home/michele-zarantonello/ws_32_assignments/install/ir_base/share/ir_base/models/docks/loading_station_1/model.config
[1.245s] -- Installing: /home/michele-zarantonello/ws_32_assignments/install/ir_base/share/ir_base/models/docks/loading_station_1/model.sdf
[1.245s] -- Installing: /home/michele-zarantonello/ws_32_assignments/install/ir_base/share/ir_base/models/cafe_table
[1.246s] -- Installing: /home/michele-zarantonello/ws_32_assignments/install/ir_base/share/ir_base/models/cafe_table/materials
[1.246s] -- Installing: /home/michele-zarantonello/ws_32_assignments/install/ir_base/share/ir_base/models/cafe_table/materials/textures
[1.246s] -- Installing: /home/michele-zarantonello/ws_32_assignments/install/ir_base/share/ir_base/models/cafe_table/materials/textures/Wood_Floor_Dark.jpg
[1.246s] -- Installing: /home/michele-zarantonello/ws_32_assignments/install/ir_base/share/ir_base/models/cafe_table/materials/textures/Maple.jpg
[1.246s] -- Installing: /home/michele-zarantonello/ws_32_assignments/install/ir_base/share/ir_base/models/cafe_table/model.config
[1.246s] -- Installing: /home/michele-zarantonello/ws_32_assignments/install/ir_base/share/ir_base/models/cafe_table/meshes
[1.246s] -- Installing: /home/michele-zarantonello/ws_32_assignments/install/ir_base/share/ir_base/models/cafe_table/meshes/cafe_table.dae
[1.247s] -- Installing: /home/michele-zarantonello/ws_32_assignments/install/ir_base/share/ir_base/models/cafe_table/model-1_4.sdf
[1.247s] -- Installing: /home/michele-zarantonello/ws_32_assignments/install/ir_base/share/ir_base/models/cafe_table/model.sdf
[1.247s] -- Installing: /home/michele-zarantonello/ws_32_assignments/install/ir_base/share/ir_base/models/walls
[1.247s] -- Installing: /home/michele-zarantonello/ws_32_assignments/install/ir_base/share/ir_base/models/walls/arena_walls
[1.247s] -- Installing: /home/michele-zarantonello/ws_32_assignments/install/ir_base/share/ir_base/models/walls/arena_walls/model.config
[1.248s] -- Installing: /home/michele-zarantonello/ws_32_assignments/install/ir_base/share/ir_base/models/walls/arena_walls/meshes
[1.248s] -- Installing: /home/michele-zarantonello/ws_32_assignments/install/ir_base/share/ir_base/models/walls/arena_walls/meshes/arena.dae
[1.248s] -- Installing: /home/michele-zarantonello/ws_32_assignments/install/ir_base/share/ir_base/models/walls/arena_walls/model.sdf
[1.248s] -- Installing: /home/michele-zarantonello/ws_32_assignments/install/ir_base/share/ir_base/models/objects
[1.248s] -- Installing: /home/michele-zarantonello/ws_32_assignments/install/ir_base/share/ir_base/models/objects/Hexagon
[1.248s] -- Installing: /home/michele-zarantonello/ws_32_assignments/install/ir_base/share/ir_base/models/objects/Hexagon/model.config
[1.249s] -- Installing: /home/michele-zarantonello/ws_32_assignments/install/ir_base/share/ir_base/models/objects/Hexagon/meshes
[1.250s] -- Installing: /home/michele-zarantonello/ws_32_assignments/install/ir_base/share/ir_base/models/objects/Hexagon/meshes/hexagon.dae
[1.250s] -- Installing: /home/michele-zarantonello/ws_32_assignments/install/ir_base/share/ir_base/models/objects/Hexagon/model.sdf
[1.250s] -- Installing: /home/michele-zarantonello/ws_32_assignments/install/ir_base/share/ir_base/models/objects/OctagonSmall
[1.250s] -- Installing: /home/michele-zarantonello/ws_32_assignments/install/ir_base/share/ir_base/models/objects/OctagonSmall/model.config
[1.250s] -- Installing: /home/michele-zarantonello/ws_32_assignments/install/ir_base/share/ir_base/models/objects/OctagonSmall/meshes
[1.251s] -- Installing: /home/michele-zarantonello/ws_32_assignments/install/ir_base/share/ir_base/models/objects/OctagonSmall/meshes/octagon_small.dae
[1.251s] -- Installing: /home/michele-zarantonello/ws_32_assignments/install/ir_base/share/ir_base/models/objects/OctagonSmall/model.sdf
[1.251s] -- Installing: /home/michele-zarantonello/ws_32_assignments/install/ir_base/share/ir_base/models/objects/OctagonBig
[1.251s] -- Installing: /home/michele-zarantonello/ws_32_assignments/install/ir_base/share/ir_base/models/objects/OctagonBig/model.config
[1.251s] -- Installing: /home/michele-zarantonello/ws_32_assignments/install/ir_base/share/ir_base/models/objects/OctagonBig/meshes
[1.251s] -- Installing: /home/michele-zarantonello/ws_32_assignments/install/ir_base/share/ir_base/models/objects/OctagonBig/meshes/octagon_big.dae
[1.252s] -- Installing: /home/michele-zarantonello/ws_32_assignments/install/ir_base/share/ir_base/models/objects/OctagonBig/model.sdf
[1.252s] -- Installing: /home/michele-zarantonello/ws_32_assignments/install/ir_base/share/ir_base/models/objects/Triangle
[1.252s] -- Installing: /home/michele-zarantonello/ws_32_assignments/install/ir_base/share/ir_base/models/objects/Triangle/model.config
[1.252s] -- Installing: /home/michele-zarantonello/ws_32_assignments/install/ir_base/share/ir_base/models/objects/Triangle/meshes
[1.252s] -- Installing: /home/michele-zarantonello/ws_32_assignments/install/ir_base/share/ir_base/models/objects/Triangle/meshes/triangle.dae
[1.252s] -- Installing: /home/michele-zarantonello/ws_32_assignments/install/ir_base/share/ir_base/models/objects/Triangle/meshes/triangle_centered.stl
[1.252s] -- Installing: /home/michele-zarantonello/ws_32_assignments/install/ir_base/share/ir_base/models/objects/Triangle/model.sdf
[1.253s] -- Installing: /home/michele-zarantonello/ws_32_assignments/install/ir_base/share/ir_base/rviz
[1.253s] -- Installing: /home/michele-zarantonello/ws_32_assignments/install/ir_base/share/ir_base/rviz/exercise_4.rviz
[1.253s] -- Installing: /home/michele-zarantonello/ws_32_assignments/install/ir_base/share/ir_base/urdf
[1.253s] -- Installing: /home/michele-zarantonello/ws_32_assignments/install/ir_base/share/ir_base/urdf/camera.urdf
[1.253s] -- Installing: /home/michele-zarantonello/ws_32_assignments/install/ir_base/share/ir_base/urdf/turtlebot3_waffle.urdf
[1.269s] Invoked command in '/home/michele-zarantonello/ws_32_assignments/build/ir_base' returned '0': CMAKE_PREFIX_PATH=${CMAKE_PREFIX_PATH}:/opt/ros/jazzy DEBUGINFOD_URLS=https://debuginfod.ubuntu.com /usr/bin/cmake --install /home/michele-zarantonello/ws_32_assignments/build/ir_base
