[0.037s] Invoking command in '/home/michele-zarantonello/my_ws/build/ir_movit_config': AMENT_PREFIX_PATH=/home/michele-zarantonello/my_ws/install/ir_desription:${AMENT_PREFIX_PATH} CMAKE_PREFIX_PATH=/home/michele-zarantonello/my_ws/install/ir_desription:/opt/ros/jazzy/opt/gz_sim_vendor:/opt/ros/jazzy/opt/gz_sensors_vendor:/opt/ros/jazzy/opt/gz_physics_vendor:/opt/ros/jazzy/opt/sdformat_vendor:/opt/ros/jazzy/opt/gz_gui_vendor:/opt/ros/jazzy/opt/gz_transport_vendor:/opt/ros/jazzy/opt/gz_rendering_vendor:/opt/ros/jazzy/opt/gz_plugin_vendor:/opt/ros/jazzy/opt/gz_fuel_tools_vendor:/opt/ros/jazzy/opt/gz_msgs_vendor:/opt/ros/jazzy/opt/gz_common_vendor:/opt/ros/jazzy/opt/gz_math_vendor:/opt/ros/jazzy/opt/gz_utils_vendor:/opt/ros/jazzy/opt/gz_tools_vendor:/opt/ros/jazzy/opt/gz_ogre_next_vendor:/opt/ros/jazzy/opt/gz_dartsim_vendor:/opt/ros/jazzy/opt/gz_cmake_vendor:/opt/ros/jazzy DEBUGINFOD_URLS=https://debuginfod.ubuntu.com /usr/bin/cmake --build /home/michele-zarantonello/my_ws/build/ir_movit_config -- -j8 -l8
[0.131s] [100%] Built target short_joint_state_publisher
[0.146s] Invoked command in '/home/michele-zarantonello/my_ws/build/ir_movit_config' returned '0': AMENT_PREFIX_PATH=/home/michele-zarantonello/my_ws/install/ir_desription:${AMENT_PREFIX_PATH} CMAKE_PREFIX_PATH=/home/michele-zarantonello/my_ws/install/ir_desription:/opt/ros/jazzy/opt/gz_sim_vendor:/opt/ros/jazzy/opt/gz_sensors_vendor:/opt/ros/jazzy/opt/gz_physics_vendor:/opt/ros/jazzy/opt/sdformat_vendor:/opt/ros/jazzy/opt/gz_gui_vendor:/opt/ros/jazzy/opt/gz_transport_vendor:/opt/ros/jazzy/opt/gz_rendering_vendor:/opt/ros/jazzy/opt/gz_plugin_vendor:/opt/ros/jazzy/opt/gz_fuel_tools_vendor:/opt/ros/jazzy/opt/gz_msgs_vendor:/opt/ros/jazzy/opt/gz_common_vendor:/opt/ros/jazzy/opt/gz_math_vendor:/opt/ros/jazzy/opt/gz_utils_vendor:/opt/ros/jazzy/opt/gz_tools_vendor:/opt/ros/jazzy/opt/gz_ogre_next_vendor:/opt/ros/jazzy/opt/gz_dartsim_vendor:/opt/ros/jazzy/opt/gz_cmake_vendor:/opt/ros/jazzy DEBUGINFOD_URLS=https://debuginfod.ubuntu.com /usr/bin/cmake --build /home/michele-zarantonello/my_ws/build/ir_movit_config -- -j8 -l8
[0.147s] Invoking command in '/home/michele-zarantonello/my_ws/build/ir_movit_config': AMENT_PREFIX_PATH=/home/michele-zarantonello/my_ws/install/ir_desription:${AMENT_PREFIX_PATH} CMAKE_PREFIX_PATH=/home/michele-zarantonello/my_ws/install/ir_desription:/opt/ros/jazzy/opt/gz_sim_vendor:/opt/ros/jazzy/opt/gz_sensors_vendor:/opt/ros/jazzy/opt/gz_physics_vendor:/opt/ros/jazzy/opt/sdformat_vendor:/opt/ros/jazzy/opt/gz_gui_vendor:/opt/ros/jazzy/opt/gz_transport_vendor:/opt/ros/jazzy/opt/gz_rendering_vendor:/opt/ros/jazzy/opt/gz_plugin_vendor:/opt/ros/jazzy/opt/gz_fuel_tools_vendor:/opt/ros/jazzy/opt/gz_msgs_vendor:/opt/ros/jazzy/opt/gz_common_vendor:/opt/ros/jazzy/opt/gz_math_vendor:/opt/ros/jazzy/opt/gz_utils_vendor:/opt/ros/jazzy/opt/gz_tools_vendor:/opt/ros/jazzy/opt/gz_ogre_next_vendor:/opt/ros/jazzy/opt/gz_dartsim_vendor:/opt/ros/jazzy/opt/gz_cmake_vendor:/opt/ros/jazzy DEBUGINFOD_URLS=https://debuginfod.ubuntu.com /usr/bin/cmake --install /home/michele-zarantonello/my_ws/build/ir_movit_config
[0.157s] -- Install configuration: ""
[0.158s] -- Up-to-date: /home/michele-zarantonello/my_ws/install/ir_movit_config/share/ament_index/resource_index/package_run_dependencies/ir_movit_config
[0.158s] -- Up-to-date: /home/michele-zarantonello/my_ws/install/ir_movit_config/share/ament_index/resource_index/parent_prefix_path/ir_movit_config
[0.158s] -- Up-to-date: /home/michele-zarantonello/my_ws/install/ir_movit_config/share/ir_movit_config/environment/ament_prefix_path.sh
[0.158s] -- Up-to-date: /home/michele-zarantonello/my_ws/install/ir_movit_config/share/ir_movit_config/environment/ament_prefix_path.dsv
[0.158s] -- Up-to-date: /home/michele-zarantonello/my_ws/install/ir_movit_config/share/ir_movit_config/environment/path.sh
[0.159s] -- Up-to-date: /home/michele-zarantonello/my_ws/install/ir_movit_config/share/ir_movit_config/environment/path.dsv
[0.159s] -- Up-to-date: /home/michele-zarantonello/my_ws/install/ir_movit_config/share/ir_movit_config/local_setup.bash
[0.159s] -- Up-to-date: /home/michele-zarantonello/my_ws/install/ir_movit_config/share/ir_movit_config/local_setup.sh
[0.159s] -- Up-to-date: /home/michele-zarantonello/my_ws/install/ir_movit_config/share/ir_movit_config/local_setup.zsh
[0.160s] -- Up-to-date: /home/michele-zarantonello/my_ws/install/ir_movit_config/share/ir_movit_config/local_setup.dsv
[0.160s] -- Installing: /home/michele-zarantonello/my_ws/install/ir_movit_config/share/ir_movit_config/package.dsv
[0.160s] -- Up-to-date: /home/michele-zarantonello/my_ws/install/ir_movit_config/share/ament_index/resource_index/packages/ir_movit_config
[0.160s] -- Up-to-date: /home/michele-zarantonello/my_ws/install/ir_movit_config/share/ir_movit_config/cmake/ir_movit_configConfig.cmake
[0.160s] -- Up-to-date: /home/michele-zarantonello/my_ws/install/ir_movit_config/share/ir_movit_config/cmake/ir_movit_configConfig-version.cmake
[0.160s] -- Up-to-date: /home/michele-zarantonello/my_ws/install/ir_movit_config/share/ir_movit_config/package.xml
[0.161s] -- Up-to-date: /home/michele-zarantonello/my_ws/install/ir_movit_config/share/ir_movit_config/launch
[0.161s] -- Up-to-date: /home/michele-zarantonello/my_ws/install/ir_movit_config/share/ir_movit_config/launch/ir_ur.py
[0.161s] -- Up-to-date: /home/michele-zarantonello/my_ws/install/ir_movit_config/share/ir_movit_config/launch/gazebo.launch.py
[0.161s] -- Up-to-date: /home/michele-zarantonello/my_ws/install/ir_movit_config/share/ir_movit_config/launch/fake_hw.launch.py
[0.161s] -- Up-to-date: /home/michele-zarantonello/my_ws/install/ir_movit_config/share/ir_movit_config/launch/simulation_complete.launch.py
[0.162s] -- Up-to-date: /home/michele-zarantonello/my_ws/install/ir_movit_config/share/ir_movit_config/launch/tmp.py
[0.162s] -- Up-to-date: /home/michele-zarantonello/my_ws/install/ir_movit_config/share/ir_movit_config/launch/ir_movit.launch.py
[0.162s] -- Up-to-date: /home/michele-zarantonello/my_ws/install/ir_movit_config/share/ir_movit_config/launch/ir_base.launch.py
[0.162s] -- Up-to-date: /home/michele-zarantonello/my_ws/install/ir_movit_config/share/ir_movit_config/launch/test.launch.py
[0.162s] -- Up-to-date: /home/michele-zarantonello/my_ws/install/ir_movit_config/share/ir_movit_config/config
[0.162s] -- Up-to-date: /home/michele-zarantonello/my_ws/install/ir_movit_config/share/ir_movit_config/config/controllers.yaml
[0.162s] -- Up-to-date: /home/michele-zarantonello/my_ws/install/ir_movit_config/share/ir_movit_config/config/moveit_controllers.yaml
[0.163s] -- Up-to-date: /home/michele-zarantonello/my_ws/install/ir_movit_config/share/ir_movit_config/config/ur_gripper.srdf
[0.163s] -- Up-to-date: /home/michele-zarantonello/my_ws/install/ir_movit_config/share/ir_movit_config/config/old_ros2_controllers.yaml
[0.163s] -- Up-to-date: /home/michele-zarantonello/my_ws/install/ir_movit_config/share/ir_movit_config/config/joint_limits_old.yaml
[0.163s] -- Up-to-date: /home/michele-zarantonello/my_ws/install/ir_movit_config/share/ir_movit_config/config/ros2_controllers.yaml
[0.163s] -- Up-to-date: /home/michele-zarantonello/my_ws/install/ir_movit_config/share/ir_movit_config/config/ur_gripper.urdf.xacro
[0.163s] -- Up-to-date: /home/michele-zarantonello/my_ws/install/ir_movit_config/share/ir_movit_config/config/ur_servo.yaml
[0.164s] -- Up-to-date: /home/michele-zarantonello/my_ws/install/ir_movit_config/share/ir_movit_config/config/joint_limits.yaml
[0.164s] -- Up-to-date: /home/michele-zarantonello/my_ws/install/ir_movit_config/share/ir_movit_config/config/moveit_config.yaml
[0.164s] -- Up-to-date: /home/michele-zarantonello/my_ws/install/ir_movit_config/share/ir_movit_config/config/moveit.rviz
[0.164s] -- Up-to-date: /home/michele-zarantonello/my_ws/install/ir_movit_config/share/ir_movit_config/config/r_controller.yaml
[0.164s] -- Up-to-date: /home/michele-zarantonello/my_ws/install/ir_movit_config/share/ir_movit_config/config/initial_positions.yaml
[0.164s] -- Up-to-date: /home/michele-zarantonello/my_ws/install/ir_movit_config/share/ir_movit_config/config/kinematics.yaml
[0.164s] -- Up-to-date: /home/michele-zarantonello/my_ws/install/ir_movit_config/share/ir_movit_config/config/robot_with_environment.urdf.xacro
[0.165s] -- Up-to-date: /home/michele-zarantonello/my_ws/install/ir_movit_config/share/ir_movit_config/config/fake_joint_driver.yaml
[0.165s] -- Up-to-date: /home/michele-zarantonello/my_ws/install/ir_movit_config/share/ir_movit_config/config/pilz_cartesian_limits.yaml
[0.165s] -- Up-to-date: /home/michele-zarantonello/my_ws/install/ir_movit_config/share/ir_movit_config/config/ur_gripper.ros2_control.xacro
[0.165s] -- Up-to-date: /home/michele-zarantonello/my_ws/install/ir_movit_config/share/ir_movit_config/.setup_assistant
[0.165s] -- Up-to-date: /home/michele-zarantonello/my_ws/install/ir_movit_config/share/ir_movit_config/config
[0.165s] -- Up-to-date: /home/michele-zarantonello/my_ws/install/ir_movit_config/share/ir_movit_config/config/controllers.yaml
[0.166s] -- Up-to-date: /home/michele-zarantonello/my_ws/install/ir_movit_config/share/ir_movit_config/config/moveit_controllers.yaml
[0.166s] -- Up-to-date: /home/michele-zarantonello/my_ws/install/ir_movit_config/share/ir_movit_config/config/ur_gripper.srdf
[0.167s] -- Up-to-date: /home/michele-zarantonello/my_ws/install/ir_movit_config/share/ir_movit_config/config/old_ros2_controllers.yaml
[0.167s] -- Up-to-date: /home/michele-zarantonello/my_ws/install/ir_movit_config/share/ir_movit_config/config/joint_limits_old.yaml
[0.167s] -- Up-to-date: /home/michele-zarantonello/my_ws/install/ir_movit_config/share/ir_movit_config/config/ros2_controllers.yaml
[0.167s] -- Up-to-date: /home/michele-zarantonello/my_ws/install/ir_movit_config/share/ir_movit_config/config/ur_gripper.urdf.xacro
[0.167s] -- Up-to-date: /home/michele-zarantonello/my_ws/install/ir_movit_config/share/ir_movit_config/config/ur_servo.yaml
[0.167s] -- Up-to-date: /home/michele-zarantonello/my_ws/install/ir_movit_config/share/ir_movit_config/config/joint_limits.yaml
[0.167s] -- Up-to-date: /home/michele-zarantonello/my_ws/install/ir_movit_config/share/ir_movit_config/config/moveit_config.yaml
[0.167s] -- Up-to-date: /home/michele-zarantonello/my_ws/install/ir_movit_config/share/ir_movit_config/config/moveit.rviz
[0.167s] -- Up-to-date: /home/michele-zarantonello/my_ws/install/ir_movit_config/share/ir_movit_config/config/r_controller.yaml
[0.168s] -- Up-to-date: /home/michele-zarantonello/my_ws/install/ir_movit_config/share/ir_movit_config/config/initial_positions.yaml
[0.168s] -- Up-to-date: /home/michele-zarantonello/my_ws/install/ir_movit_config/share/ir_movit_config/config/kinematics.yaml
[0.168s] -- Up-to-date: /home/michele-zarantonello/my_ws/install/ir_movit_config/share/ir_movit_config/config/robot_with_environment.urdf.xacro
[0.168s] -- Up-to-date: /home/michele-zarantonello/my_ws/install/ir_movit_config/share/ir_movit_config/config/fake_joint_driver.yaml
[0.168s] -- Up-to-date: /home/michele-zarantonello/my_ws/install/ir_movit_config/share/ir_movit_config/config/pilz_cartesian_limits.yaml
[0.168s] -- Up-to-date: /home/michele-zarantonello/my_ws/install/ir_movit_config/share/ir_movit_config/config/ur_gripper.ros2_control.xacro
[0.168s] -- Up-to-date: /home/michele-zarantonello/my_ws/install/ir_movit_config/lib/ir_movit_config/short_joint_state_publisher
[0.169s] Invoked command in '/home/michele-zarantonello/my_ws/build/ir_movit_config' returned '0': AMENT_PREFIX_PATH=/home/michele-zarantonello/my_ws/install/ir_desription:${AMENT_PREFIX_PATH} CMAKE_PREFIX_PATH=/home/michele-zarantonello/my_ws/install/ir_desription:/opt/ros/jazzy/opt/gz_sim_vendor:/opt/ros/jazzy/opt/gz_sensors_vendor:/opt/ros/jazzy/opt/gz_physics_vendor:/opt/ros/jazzy/opt/sdformat_vendor:/opt/ros/jazzy/opt/gz_gui_vendor:/opt/ros/jazzy/opt/gz_transport_vendor:/opt/ros/jazzy/opt/gz_rendering_vendor:/opt/ros/jazzy/opt/gz_plugin_vendor:/opt/ros/jazzy/opt/gz_fuel_tools_vendor:/opt/ros/jazzy/opt/gz_msgs_vendor:/opt/ros/jazzy/opt/gz_common_vendor:/opt/ros/jazzy/opt/gz_math_vendor:/opt/ros/jazzy/opt/gz_utils_vendor:/opt/ros/jazzy/opt/gz_tools_vendor:/opt/ros/jazzy/opt/gz_ogre_next_vendor:/opt/ros/jazzy/opt/gz_dartsim_vendor:/opt/ros/jazzy/opt/gz_cmake_vendor:/opt/ros/jazzy DEBUGINFOD_URLS=https://debuginfod.ubuntu.com /usr/bin/cmake --install /home/michele-zarantonello/my_ws/build/ir_movit_config
