[0.035s] Invoking command in '/home/michele-zarantonello/ws_32_assignments/src/build/ir_movit_config': AMENT_PREFIX_PATH=/home/michele-zarantonello/ws_32_assignments/src/install/ir_desription:${AMENT_PREFIX_PATH} CMAKE_PREFIX_PATH=/home/michele-zarantonello/ws_32_assignments/src/install/ir_desription:/opt/ros/jazzy/opt/gz_sim_vendor:/opt/ros/jazzy/opt/gz_sensors_vendor:/opt/ros/jazzy/opt/gz_physics_vendor:/opt/ros/jazzy/opt/sdformat_vendor:/opt/ros/jazzy/opt/gz_gui_vendor:/opt/ros/jazzy/opt/gz_transport_vendor:/opt/ros/jazzy/opt/gz_rendering_vendor:/opt/ros/jazzy/opt/gz_plugin_vendor:/opt/ros/jazzy/opt/gz_fuel_tools_vendor:/opt/ros/jazzy/opt/gz_msgs_vendor:/opt/ros/jazzy/opt/gz_common_vendor:/opt/ros/jazzy/opt/gz_math_vendor:/opt/ros/jazzy/opt/gz_utils_vendor:/opt/ros/jazzy/opt/gz_tools_vendor:/opt/ros/jazzy/opt/gz_ogre_next_vendor:/opt/ros/jazzy/opt/gz_dartsim_vendor:/opt/ros/jazzy/opt/gz_cmake_vendor:/opt/ros/jazzy DEBUGINFOD_URLS=https://debuginfod.ubuntu.com /usr/bin/cmake /home/michele-zarantonello/ws_32_assignments/src/ir_2526/ir_movit_config -DCMAKE_INSTALL_PREFIX=/home/michele-zarantonello/ws_32_assignments/src/install/ir_movit_config
[0.105s] -- The C compiler identification is GNU 13.3.0
[0.181s] -- The CXX compiler identification is GNU 13.3.0
[0.200s] -- Detecting C compiler ABI info
[0.302s] -- Detecting C compiler ABI info - done
[0.315s] -- Check for working C compiler: /usr/bin/cc - skipped
[0.315s] -- Detecting C compile features
[0.315s] -- Detecting C compile features - done
[0.325s] -- Detecting CXX compiler ABI info
[0.420s] -- Detecting CXX compiler ABI info - done
[0.430s] -- Check for working CXX compiler: /usr/bin/c++ - skipped
[0.430s] -- Detecting CXX compile features
[0.431s] -- Detecting CXX compile features - done
[0.435s] -- Found ament_cmake: 2.5.4 (/opt/ros/jazzy/share/ament_cmake/cmake)
[0.617s] -- Found Python3: /usr/bin/python3 (found version "3.12.3") found components: Interpreter 
[0.769s] -- Found rclcpp: 28.1.12 (/opt/ros/jazzy/share/rclcpp/cmake)
[0.829s] -- Found rosidl_generator_c: 4.6.6 (/opt/ros/jazzy/share/rosidl_generator_c/cmake)
[0.850s] -- Found rosidl_generator_cpp: 4.6.6 (/opt/ros/jazzy/share/rosidl_generator_cpp/cmake)
[0.877s] -- Using all available rosidl_typesupport_c: rosidl_typesupport_fastrtps_c;rosidl_typesupport_introspection_c
[0.904s] -- Using all available rosidl_typesupport_cpp: rosidl_typesupport_fastrtps_cpp;rosidl_typesupport_introspection_cpp
[1.020s] -- Found rmw_implementation_cmake: 7.3.2 (/opt/ros/jazzy/share/rmw_implementation_cmake/cmake)
[1.025s] -- Found rmw_fastrtps_cpp: 8.4.3 (/opt/ros/jazzy/share/rmw_fastrtps_cpp/cmake)
[1.144s] -- Found OpenSSL: /usr/lib/x86_64-linux-gnu/libcrypto.so (found version "3.0.13")  
[1.176s] -- Found FastRTPS: /opt/ros/jazzy/include (Required is at least version "2.13") 
[1.209s] -- Using RMW implementation 'rmw_fastrtps_cpp' as default
[1.320s] -- Found sensor_msgs: 5.3.6 (/opt/ros/jazzy/share/sensor_msgs/cmake)
[1.611s] -- Configuring done (1.6s)
[1.632s] -- Generating done (0.0s)
[1.640s] -- Build files have been written to: /home/michele-zarantonello/ws_32_assignments/src/build/ir_movit_config
[1.657s] Invoked command in '/home/michele-zarantonello/ws_32_assignments/src/build/ir_movit_config' returned '0': AMENT_PREFIX_PATH=/home/michele-zarantonello/ws_32_assignments/src/install/ir_desription:${AMENT_PREFIX_PATH} CMAKE_PREFIX_PATH=/home/michele-zarantonello/ws_32_assignments/src/install/ir_desription:/opt/ros/jazzy/opt/gz_sim_vendor:/opt/ros/jazzy/opt/gz_sensors_vendor:/opt/ros/jazzy/opt/gz_physics_vendor:/opt/ros/jazzy/opt/sdformat_vendor:/opt/ros/jazzy/opt/gz_gui_vendor:/opt/ros/jazzy/opt/gz_transport_vendor:/opt/ros/jazzy/opt/gz_rendering_vendor:/opt/ros/jazzy/opt/gz_plugin_vendor:/opt/ros/jazzy/opt/gz_fuel_tools_vendor:/opt/ros/jazzy/opt/gz_msgs_vendor:/opt/ros/jazzy/opt/gz_common_vendor:/opt/ros/jazzy/opt/gz_math_vendor:/opt/ros/jazzy/opt/gz_utils_vendor:/opt/ros/jazzy/opt/gz_tools_vendor:/opt/ros/jazzy/opt/gz_ogre_next_vendor:/opt/ros/jazzy/opt/gz_dartsim_vendor:/opt/ros/jazzy/opt/gz_cmake_vendor:/opt/ros/jazzy DEBUGINFOD_URLS=https://debuginfod.ubuntu.com /usr/bin/cmake /home/michele-zarantonello/ws_32_assignments/src/ir_2526/ir_movit_config -DCMAKE_INSTALL_PREFIX=/home/michele-zarantonello/ws_32_assignments/src/install/ir_movit_config
[1.659s] Invoking command in '/home/michele-zarantonello/ws_32_assignments/src/build/ir_movit_config': AMENT_PREFIX_PATH=/home/michele-zarantonello/ws_32_assignments/src/install/ir_desription:${AMENT_PREFIX_PATH} CMAKE_PREFIX_PATH=/home/michele-zarantonello/ws_32_assignments/src/install/ir_desription:/opt/ros/jazzy/opt/gz_sim_vendor:/opt/ros/jazzy/opt/gz_sensors_vendor:/opt/ros/jazzy/opt/gz_physics_vendor:/opt/ros/jazzy/opt/sdformat_vendor:/opt/ros/jazzy/opt/gz_gui_vendor:/opt/ros/jazzy/opt/gz_transport_vendor:/opt/ros/jazzy/opt/gz_rendering_vendor:/opt/ros/jazzy/opt/gz_plugin_vendor:/opt/ros/jazzy/opt/gz_fuel_tools_vendor:/opt/ros/jazzy/opt/gz_msgs_vendor:/opt/ros/jazzy/opt/gz_common_vendor:/opt/ros/jazzy/opt/gz_math_vendor:/opt/ros/jazzy/opt/gz_utils_vendor:/opt/ros/jazzy/opt/gz_tools_vendor:/opt/ros/jazzy/opt/gz_ogre_next_vendor:/opt/ros/jazzy/opt/gz_dartsim_vendor:/opt/ros/jazzy/opt/gz_cmake_vendor:/opt/ros/jazzy DEBUGINFOD_URLS=https://debuginfod.ubuntu.com /usr/bin/cmake --build /home/michele-zarantonello/ws_32_assignments/src/build/ir_movit_config -- -j8 -l8
[1.720s] [ 50%] [32mBuilding CXX object CMakeFiles/short_joint_state_publisher.dir/src/short_joint_state_publisher.cpp.o[0m
[6.895s] [100%] [32m[1mLinking CXX executable short_joint_state_publisher[0m
[7.153s] [100%] Built target short_joint_state_publisher
[7.165s] Invoked command in '/home/michele-zarantonello/ws_32_assignments/src/build/ir_movit_config' returned '0': AMENT_PREFIX_PATH=/home/michele-zarantonello/ws_32_assignments/src/install/ir_desription:${AMENT_PREFIX_PATH} CMAKE_PREFIX_PATH=/home/michele-zarantonello/ws_32_assignments/src/install/ir_desription:/opt/ros/jazzy/opt/gz_sim_vendor:/opt/ros/jazzy/opt/gz_sensors_vendor:/opt/ros/jazzy/opt/gz_physics_vendor:/opt/ros/jazzy/opt/sdformat_vendor:/opt/ros/jazzy/opt/gz_gui_vendor:/opt/ros/jazzy/opt/gz_transport_vendor:/opt/ros/jazzy/opt/gz_rendering_vendor:/opt/ros/jazzy/opt/gz_plugin_vendor:/opt/ros/jazzy/opt/gz_fuel_tools_vendor:/opt/ros/jazzy/opt/gz_msgs_vendor:/opt/ros/jazzy/opt/gz_common_vendor:/opt/ros/jazzy/opt/gz_math_vendor:/opt/ros/jazzy/opt/gz_utils_vendor:/opt/ros/jazzy/opt/gz_tools_vendor:/opt/ros/jazzy/opt/gz_ogre_next_vendor:/opt/ros/jazzy/opt/gz_dartsim_vendor:/opt/ros/jazzy/opt/gz_cmake_vendor:/opt/ros/jazzy DEBUGINFOD_URLS=https://debuginfod.ubuntu.com /usr/bin/cmake --build /home/michele-zarantonello/ws_32_assignments/src/build/ir_movit_config -- -j8 -l8
[7.166s] Invoking command in '/home/michele-zarantonello/ws_32_assignments/src/build/ir_movit_config': AMENT_PREFIX_PATH=/home/michele-zarantonello/ws_32_assignments/src/install/ir_desription:${AMENT_PREFIX_PATH} CMAKE_PREFIX_PATH=/home/michele-zarantonello/ws_32_assignments/src/install/ir_desription:/opt/ros/jazzy/opt/gz_sim_vendor:/opt/ros/jazzy/opt/gz_sensors_vendor:/opt/ros/jazzy/opt/gz_physics_vendor:/opt/ros/jazzy/opt/sdformat_vendor:/opt/ros/jazzy/opt/gz_gui_vendor:/opt/ros/jazzy/opt/gz_transport_vendor:/opt/ros/jazzy/opt/gz_rendering_vendor:/opt/ros/jazzy/opt/gz_plugin_vendor:/opt/ros/jazzy/opt/gz_fuel_tools_vendor:/opt/ros/jazzy/opt/gz_msgs_vendor:/opt/ros/jazzy/opt/gz_common_vendor:/opt/ros/jazzy/opt/gz_math_vendor:/opt/ros/jazzy/opt/gz_utils_vendor:/opt/ros/jazzy/opt/gz_tools_vendor:/opt/ros/jazzy/opt/gz_ogre_next_vendor:/opt/ros/jazzy/opt/gz_dartsim_vendor:/opt/ros/jazzy/opt/gz_cmake_vendor:/opt/ros/jazzy DEBUGINFOD_URLS=https://debuginfod.ubuntu.com /usr/bin/cmake --install /home/michele-zarantonello/ws_32_assignments/src/build/ir_movit_config
[7.174s] -- Install configuration: ""
[7.175s] -- Installing: /home/michele-zarantonello/ws_32_assignments/src/install/ir_movit_config/share/ament_index/resource_index/package_run_dependencies/ir_movit_config
[7.175s] -- Installing: /home/michele-zarantonello/ws_32_assignments/src/install/ir_movit_config/share/ament_index/resource_index/parent_prefix_path/ir_movit_config
[7.175s] -- Installing: /home/michele-zarantonello/ws_32_assignments/src/install/ir_movit_config/share/ir_movit_config/environment/ament_prefix_path.sh
[7.175s] -- Installing: /home/michele-zarantonello/ws_32_assignments/src/install/ir_movit_config/share/ir_movit_config/environment/ament_prefix_path.dsv
[7.175s] -- Installing: /home/michele-zarantonello/ws_32_assignments/src/install/ir_movit_config/share/ir_movit_config/environment/path.sh
[7.175s] -- Installing: /home/michele-zarantonello/ws_32_assignments/src/install/ir_movit_config/share/ir_movit_config/environment/path.dsv
[7.175s] -- Installing: /home/michele-zarantonello/ws_32_assignments/src/install/ir_movit_config/share/ir_movit_config/local_setup.bash
[7.176s] -- Installing: /home/michele-zarantonello/ws_32_assignments/src/install/ir_movit_config/share/ir_movit_config/local_setup.sh
[7.176s] -- Installing: /home/michele-zarantonello/ws_32_assignments/src/install/ir_movit_config/share/ir_movit_config/local_setup.zsh
[7.176s] -- Installing: /home/michele-zarantonello/ws_32_assignments/src/install/ir_movit_config/share/ir_movit_config/local_setup.dsv
[7.176s] -- Installing: /home/michele-zarantonello/ws_32_assignments/src/install/ir_movit_config/share/ir_movit_config/package.dsv
[7.176s] -- Installing: /home/michele-zarantonello/ws_32_assignments/src/install/ir_movit_config/share/ament_index/resource_index/packages/ir_movit_config
[7.176s] -- Installing: /home/michele-zarantonello/ws_32_assignments/src/install/ir_movit_config/share/ir_movit_config/cmake/ir_movit_configConfig.cmake
[7.176s] -- Installing: /home/michele-zarantonello/ws_32_assignments/src/install/ir_movit_config/share/ir_movit_config/cmake/ir_movit_configConfig-version.cmake
[7.176s] -- Installing: /home/michele-zarantonello/ws_32_assignments/src/install/ir_movit_config/share/ir_movit_config/package.xml
[7.177s] -- Installing: /home/michele-zarantonello/ws_32_assignments/src/install/ir_movit_config/share/ir_movit_config/launch
[7.177s] -- Installing: /home/michele-zarantonello/ws_32_assignments/src/install/ir_movit_config/share/ir_movit_config/launch/ir_ur.py
[7.177s] -- Installing: /home/michele-zarantonello/ws_32_assignments/src/install/ir_movit_config/share/ir_movit_config/launch/gazebo.launch.py
[7.177s] -- Installing: /home/michele-zarantonello/ws_32_assignments/src/install/ir_movit_config/share/ir_movit_config/launch/fake_hw.launch.py
[7.177s] -- Installing: /home/michele-zarantonello/ws_32_assignments/src/install/ir_movit_config/share/ir_movit_config/launch/simulation_complete.launch.py
[7.178s] -- Installing: /home/michele-zarantonello/ws_32_assignments/src/install/ir_movit_config/share/ir_movit_config/launch/tmp.py
[7.178s] -- Installing: /home/michele-zarantonello/ws_32_assignments/src/install/ir_movit_config/share/ir_movit_config/launch/ir_movit.launch.py
[7.178s] -- Installing: /home/michele-zarantonello/ws_32_assignments/src/install/ir_movit_config/share/ir_movit_config/launch/ir_base.launch.py
[7.178s] -- Installing: /home/michele-zarantonello/ws_32_assignments/src/install/ir_movit_config/share/ir_movit_config/launch/test.launch.py
[7.179s] -- Installing: /home/michele-zarantonello/ws_32_assignments/src/install/ir_movit_config/share/ir_movit_config/config
[7.179s] -- Installing: /home/michele-zarantonello/ws_32_assignments/src/install/ir_movit_config/share/ir_movit_config/config/controllers.yaml
[7.179s] -- Installing: /home/michele-zarantonello/ws_32_assignments/src/install/ir_movit_config/share/ir_movit_config/config/moveit_controllers.yaml
[7.179s] -- Installing: /home/michele-zarantonello/ws_32_assignments/src/install/ir_movit_config/share/ir_movit_config/config/ur_gripper.srdf
[7.179s] -- Installing: /home/michele-zarantonello/ws_32_assignments/src/install/ir_movit_config/share/ir_movit_config/config/old_ros2_controllers.yaml
[7.180s] -- Installing: /home/michele-zarantonello/ws_32_assignments/src/install/ir_movit_config/share/ir_movit_config/config/joint_limits_old.yaml
[7.180s] -- Installing: /home/michele-zarantonello/ws_32_assignments/src/install/ir_movit_config/share/ir_movit_config/config/ros2_controllers.yaml
[7.180s] -- Installing: /home/michele-zarantonello/ws_32_assignments/src/install/ir_movit_config/share/ir_movit_config/config/ur_gripper.urdf.xacro
[7.180s] -- Installing: /home/michele-zarantonello/ws_32_assignments/src/install/ir_movit_config/share/ir_movit_config/config/ur_servo.yaml
[7.180s] -- Installing: /home/michele-zarantonello/ws_32_assignments/src/install/ir_movit_config/share/ir_movit_config/config/joint_limits.yaml
[7.181s] -- Installing: /home/michele-zarantonello/ws_32_assignments/src/install/ir_movit_config/share/ir_movit_config/config/moveit_config.yaml
[7.181s] -- Installing: /home/michele-zarantonello/ws_32_assignments/src/install/ir_movit_config/share/ir_movit_config/config/moveit.rviz
[7.181s] -- Installing: /home/michele-zarantonello/ws_32_assignments/src/install/ir_movit_config/share/ir_movit_config/config/r_controller.yaml
[7.182s] -- Installing: /home/michele-zarantonello/ws_32_assignments/src/install/ir_movit_config/share/ir_movit_config/config/initial_positions.yaml
[7.182s] -- Installing: /home/michele-zarantonello/ws_32_assignments/src/install/ir_movit_config/share/ir_movit_config/config/kinematics.yaml
[7.182s] -- Installing: /home/michele-zarantonello/ws_32_assignments/src/install/ir_movit_config/share/ir_movit_config/config/robot_with_environment.urdf.xacro
[7.182s] -- Installing: /home/michele-zarantonello/ws_32_assignments/src/install/ir_movit_config/share/ir_movit_config/config/fake_joint_driver.yaml
[7.182s] -- Installing: /home/michele-zarantonello/ws_32_assignments/src/install/ir_movit_config/share/ir_movit_config/config/pilz_cartesian_limits.yaml
[7.182s] -- Installing: /home/michele-zarantonello/ws_32_assignments/src/install/ir_movit_config/share/ir_movit_config/config/ur_gripper.ros2_control.xacro
[7.183s] -- Installing: /home/michele-zarantonello/ws_32_assignments/src/install/ir_movit_config/share/ir_movit_config/.setup_assistant
[7.183s] -- Up-to-date: /home/michele-zarantonello/ws_32_assignments/src/install/ir_movit_config/share/ir_movit_config/config
[7.184s] -- Up-to-date: /home/michele-zarantonello/ws_32_assignments/src/install/ir_movit_config/share/ir_movit_config/config/controllers.yaml
[7.184s] -- Up-to-date: /home/michele-zarantonello/ws_32_assignments/src/install/ir_movit_config/share/ir_movit_config/config/moveit_controllers.yaml
[7.184s] -- Up-to-date: /home/michele-zarantonello/ws_32_assignments/src/install/ir_movit_config/share/ir_movit_config/config/ur_gripper.srdf
[7.184s] -- Up-to-date: /home/michele-zarantonello/ws_32_assignments/src/install/ir_movit_config/share/ir_movit_config/config/old_ros2_controllers.yaml
[7.184s] -- Up-to-date: /home/michele-zarantonello/ws_32_assignments/src/install/ir_movit_config/share/ir_movit_config/config/joint_limits_old.yaml
[7.184s] -- Up-to-date: /home/michele-zarantonello/ws_32_assignments/src/install/ir_movit_config/share/ir_movit_config/config/ros2_controllers.yaml
[7.184s] -- Up-to-date: /home/michele-zarantonello/ws_32_assignments/src/install/ir_movit_config/share/ir_movit_config/config/ur_gripper.urdf.xacro
[7.184s] -- Up-to-date: /home/michele-zarantonello/ws_32_assignments/src/install/ir_movit_config/share/ir_movit_config/config/ur_servo.yaml
[7.184s] -- Up-to-date: /home/michele-zarantonello/ws_32_assignments/src/install/ir_movit_config/share/ir_movit_config/config/joint_limits.yaml
[7.184s] -- Up-to-date: /home/michele-zarantonello/ws_32_assignments/src/install/ir_movit_config/share/ir_movit_config/config/moveit_config.yaml
[7.184s] -- Up-to-date: /home/michele-zarantonello/ws_32_assignments/src/install/ir_movit_config/share/ir_movit_config/config/moveit.rviz
[7.184s] -- Up-to-date: /home/michele-zarantonello/ws_32_assignments/src/install/ir_movit_config/share/ir_movit_config/config/r_controller.yaml
[7.185s] -- Up-to-date: /home/michele-zarantonello/ws_32_assignments/src/install/ir_movit_config/share/ir_movit_config/config/initial_positions.yaml
[7.185s] -- Up-to-date: /home/michele-zarantonello/ws_32_assignments/src/install/ir_movit_config/share/ir_movit_config/config/kinematics.yaml
[7.185s] -- Up-to-date: /home/michele-zarantonello/ws_32_assignments/src/install/ir_movit_config/share/ir_movit_config/config/robot_with_environment.urdf.xacro
[7.185s] -- Up-to-date: /home/michele-zarantonello/ws_32_assignments/src/install/ir_movit_config/share/ir_movit_config/config/fake_joint_driver.yaml
[7.185s] -- Up-to-date: /home/michele-zarantonello/ws_32_assignments/src/install/ir_movit_config/share/ir_movit_config/config/pilz_cartesian_limits.yaml
[7.185s] -- Up-to-date: /home/michele-zarantonello/ws_32_assignments/src/install/ir_movit_config/share/ir_movit_config/config/ur_gripper.ros2_control.xacro
[7.185s] -- Installing: /home/michele-zarantonello/ws_32_assignments/src/install/ir_movit_config/lib/ir_movit_config/short_joint_state_publisher
[7.185s] -- Set non-toolchain portion of runtime path of "/home/michele-zarantonello/ws_32_assignments/src/install/ir_movit_config/lib/ir_movit_config/short_joint_state_publisher" to ""
[7.188s] Invoked command in '/home/michele-zarantonello/ws_32_assignments/src/build/ir_movit_config' returned '0': AMENT_PREFIX_PATH=/home/michele-zarantonello/ws_32_assignments/src/install/ir_desription:${AMENT_PREFIX_PATH} CMAKE_PREFIX_PATH=/home/michele-zarantonello/ws_32_assignments/src/install/ir_desription:/opt/ros/jazzy/opt/gz_sim_vendor:/opt/ros/jazzy/opt/gz_sensors_vendor:/opt/ros/jazzy/opt/gz_physics_vendor:/opt/ros/jazzy/opt/sdformat_vendor:/opt/ros/jazzy/opt/gz_gui_vendor:/opt/ros/jazzy/opt/gz_transport_vendor:/opt/ros/jazzy/opt/gz_rendering_vendor:/opt/ros/jazzy/opt/gz_plugin_vendor:/opt/ros/jazzy/opt/gz_fuel_tools_vendor:/opt/ros/jazzy/opt/gz_msgs_vendor:/opt/ros/jazzy/opt/gz_common_vendor:/opt/ros/jazzy/opt/gz_math_vendor:/opt/ros/jazzy/opt/gz_utils_vendor:/opt/ros/jazzy/opt/gz_tools_vendor:/opt/ros/jazzy/opt/gz_ogre_next_vendor:/opt/ros/jazzy/opt/gz_dartsim_vendor:/opt/ros/jazzy/opt/gz_cmake_vendor:/opt/ros/jazzy DEBUGINFOD_URLS=https://debuginfod.ubuntu.com /usr/bin/cmake --install /home/michele-zarantonello/ws_32_assignments/src/build/ir_movit_config
