[ 25%] Built target init_pose_publisher
[ 50%] Built target manage_localization_nodes
[ 75%] Built target manage_navigation_nodes
[ 87%] [32mBuilding CXX object CMakeFiles/nav2pose.dir/src/nav2pose.cpp.o[0m
[01m[K/home/michele-zarantonello/my_ws/src/my_assignment_1/my_navigation/src/nav2pose.cpp:[m[K In constructor ‘[01m[KNav2ActionClient::[01;32m[KNav2ActionClient[m[K()[m[K’:
[01m[K/home/michele-zarantonello/my_ws/src/my_assignment_1/my_navigation/src/nav2pose.cpp:22:42:[m[K [01;31m[Kerror: [m[Kunable to find numeric literal operator ‘[01m[Koperator""ms[m[K’
   22 |         timer_ = this->create_wall_timer([01;31m[K1000ms[m[K, std::bind(&Navigation::on_timer, this));
      |                                          [01;31m[K^~~~~~[m[K
[01m[K/home/michele-zarantonello/my_ws/src/my_assignment_1/my_navigation/src/nav2pose.cpp:22:61:[m[K [01;31m[Kerror: [m[K‘[01m[KNavigation[m[K’ has not been declared
   22 |         timer_ = this->create_wall_timer(1000ms, std::bind(&[01;31m[KNavigation[m[K::on_timer, this));
      |                                                             [01;31m[K^~~~~~~~~~[m[K
[01m[K/home/michele-zarantonello/my_ws/src/my_assignment_1/my_navigation/src/nav2pose.cpp:[m[K In member function ‘[01m[Kvoid Nav2ActionClient::[01;32m[Ksend_goal[m[K()[m[K’:
[01m[K/home/michele-zarantonello/my_ws/src/my_assignment_1/my_navigation/src/nav2pose.cpp:36:41:[m[K [01;31m[Kerror: [m[Kno matching function for call to ‘[01m[Ktf2_ros::Buffer::waitForTransform(const char [4], const char [11], const tf2::TimePoint&)[m[K’
   36 |             [01;31m[Ktf_buffer_->waitForTransform([m[K
      |             [01;31m[K~~~~~~~~~~~~~~~~~~~~~~~~~~~~^[m[K
   37 | [01;31m[K                "map",                    // target frame[m[K
      |                 [01;31m[K~~~~~~~~~~~~~~~~~~~~~~~~~~~~~~~~~~~~~~~~~[m[K
   38 | [01;31m[K                "tag36h11:1",             // source frame[m[K
      |                 [01;31m[K~~~~~~~~~~~~~~~~~~~~~~~~~~~~~~~~~~~~~~~~~[m[K
   39 | [01;31m[K                tf2::TimePointZero      // timestamp: ultima disponibile[m[K
      |                 [01;31m[K~~~~~~~~~~~~~~~~~~~~~~~~~~~~~~~~~~~~~~~~~~~~~~~~~~~~~~~~[m[K
   40 | [01;31m[K                                        // timeout[m[K
      |                                         [01;31m[K~~~~~~~~~~[m[K
   41 | [01;31m[K            )[m[K;
      |             [01;31m[K~[m[K                            
In file included from [01m[K/opt/ros/jazzy/include/tf2_ros/tf2_ros/buffer.h:35[m[K,
                 from [01m[K/home/michele-zarantonello/my_ws/src/my_assignment_1/my_navigation/src/nav2pose.cpp:8[m[K:
[01m[K/opt/ros/jazzy/include/tf2_ros/tf2_ros/buffer.hpp:271:3:[m[K [01;36m[Knote: [m[Kcandidate: ‘[01m[Kvirtual tf2_ros::TransformStampedFuture tf2_ros::Buffer::[01;32m[KwaitForTransform[m[K(const std::string&, const std::string&, const tf2::TimePoint&, const tf2::Duration&, tf2_ros::TransformReadyCallback)[m[K’
  271 |   [01;36m[KwaitForTransform[m[K(
      |   [01;36m[K^~~~~~~~~~~~~~~~[m[K
[01m[K/opt/ros/jazzy/include/tf2_ros/tf2_ros/buffer.hpp:271:3:[m[K [01;36m[Knote: [m[K  candidate expects 5 arguments, 3 provided
[01m[K/opt/ros/jazzy/include/tf2_ros/tf2_ros/buffer.hpp:282:3:[m[K [01;36m[Knote: [m[Kcandidate: ‘[01m[Ktf2_ros::TransformStampedFuture tf2_ros::Buffer::[01;32m[KwaitForTransform[m[K(const std::string&, const std::string&, const rclcpp::Time&, const rclcpp::Duration&, tf2_ros::TransformReadyCallback)[m[K’
  282 |   [01;36m[KwaitForTransform[m[K(
      |   [01;36m[K^~~~~~~~~~~~~~~~[m[K
[01m[K/opt/ros/jazzy/include/tf2_ros/tf2_ros/buffer.hpp:282:3:[m[K [01;36m[Knote: [m[K  candidate expects 5 arguments, 3 provided
[01m[K/home/michele-zarantonello/my_ws/src/my_assignment_1/my_navigation/src/nav2pose.cpp:70:41:[m[K [01;31m[Kerror: [m[Kno matching function for call to ‘[01m[Ktf2_ros::Buffer::waitForTransform(const char [4], const char [12], const tf2::TimePoint&)[m[K’
   70 |             [01;31m[Ktf_buffer_->waitForTransform([m[K
      |             [01;31m[K~~~~~~~~~~~~~~~~~~~~~~~~~~~~^[m[K
   71 | [01;31m[K                "map",                    // target frame[m[K
      |                 [01;31m[K~~~~~~~~~~~~~~~~~~~~~~~~~~~~~~~~~~~~~~~~~[m[K
   72 | [01;31m[K                "tag36h11:10",             // source frame[m[K
      |                 [01;31m[K~~~~~~~~~~~~~~~~~~~~~~~~~~~~~~~~~~~~~~~~~~[m[K
   73 | [01;31m[K                tf2::TimePointZero      // timestamp: ultima disponibile[m[K
      |                 [01;31m[K~~~~~~~~~~~~~~~~~~~~~~~~~~~~~~~~~~~~~~~~~~~~~~~~~~~~~~~~[m[K
   74 | [01;31m[K                                       // timeout[m[K
      |                                        [01;31m[K~~~~~~~~~~[m[K
   75 | [01;31m[K            )[m[K;
      |             [01;31m[K~[m[K                            
[01m[K/opt/ros/jazzy/include/tf2_ros/tf2_ros/buffer.hpp:271:3:[m[K [01;36m[Knote: [m[Kcandidate: ‘[01m[Kvirtual tf2_ros::TransformStampedFuture tf2_ros::Buffer::[01;32m[KwaitForTransform[m[K(const std::string&, const std::string&, const tf2::TimePoint&, const tf2::Duration&, tf2_ros::TransformReadyCallback)[m[K’
  271 |   [01;36m[KwaitForTransform[m[K(
      |   [01;36m[K^~~~~~~~~~~~~~~~[m[K
[01m[K/opt/ros/jazzy/include/tf2_ros/tf2_ros/buffer.hpp:271:3:[m[K [01;36m[Knote: [m[K  candidate expects 5 arguments, 3 provided
[01m[K/opt/ros/jazzy/include/tf2_ros/tf2_ros/buffer.hpp:282:3:[m[K [01;36m[Knote: [m[Kcandidate: ‘[01m[Ktf2_ros::TransformStampedFuture tf2_ros::Buffer::[01;32m[KwaitForTransform[m[K(const std::string&, const std::string&, const rclcpp::Time&, const rclcpp::Duration&, tf2_ros::TransformReadyCallback)[m[K’
  282 |   [01;36m[KwaitForTransform[m[K(
      |   [01;36m[K^~~~~~~~~~~~~~~~[m[K
[01m[K/opt/ros/jazzy/include/tf2_ros/tf2_ros/buffer.hpp:282:3:[m[K [01;36m[Knote: [m[K  candidate expects 5 arguments, 3 provided
gmake[2]: *** [CMakeFiles/nav2pose.dir/build.make:76: CMakeFiles/nav2pose.dir/src/nav2pose.cpp.o] Error 1
gmake[1]: *** [CMakeFiles/Makefile2:221: CMakeFiles/nav2pose.dir/all] Error 2
gmake: *** [Makefile:146: all] Error 2
