[0.054s] Invoking command in '/home/michele-zarantonello/my_ws/build/my_navigation': CMAKE_PREFIX_PATH=${CMAKE_PREFIX_PATH}:/opt/ros/jazzy DEBUGINFOD_URLS=https://debuginfod.ubuntu.com /usr/bin/cmake --build /home/michele-zarantonello/my_ws/build/my_navigation -- -j8 -l8
[0.265s] [ 50%] Built target init_pose_publisher
[0.265s] [ 50%] Built target manage_navigation_nodes
[0.265s] [ 75%] Built target manage_localization_nodes
[0.267s] [ 87%] [32mBuilding CXX object CMakeFiles/nav2pose.dir/src/nav2pose.cpp.o[0m
[6.525s] [100%] [32m[1mLinking CXX executable nav2pose[0m
[6.903s] [100%] Built target nav2pose
[6.917s] Invoked command in '/home/michele-zarantonello/my_ws/build/my_navigation' returned '0': CMAKE_PREFIX_PATH=${CMAKE_PREFIX_PATH}:/opt/ros/jazzy DEBUGINFOD_URLS=https://debuginfod.ubuntu.com /usr/bin/cmake --build /home/michele-zarantonello/my_ws/build/my_navigation -- -j8 -l8
[6.918s] Invoking command in '/home/michele-zarantonello/my_ws/build/my_navigation': CMAKE_PREFIX_PATH=${CMAKE_PREFIX_PATH}:/opt/ros/jazzy DEBUGINFOD_URLS=https://debuginfod.ubuntu.com /usr/bin/cmake --install /home/michele-zarantonello/my_ws/build/my_navigation
[6.927s] -- Install configuration: ""
[6.927s] -- Up-to-date: /home/michele-zarantonello/my_ws/install/my_navigation/lib/my_navigation/init_pose_publisher
[6.927s] -- Installing: /home/michele-zarantonello/my_ws/install/my_navigation/lib/my_navigation/nav2pose
[6.930s] -- Set non-toolchain portion of runtime path of "/home/michele-zarantonello/my_ws/install/my_navigation/lib/my_navigation/nav2pose" to ""
[6.930s] -- Up-to-date: /home/michele-zarantonello/my_ws/install/my_navigation/lib/my_navigation/manage_localization_nodes
[6.931s] -- Up-to-date: /home/michele-zarantonello/my_ws/install/my_navigation/lib/my_navigation/manage_navigation_nodes
[6.931s] -- Up-to-date: /home/michele-zarantonello/my_ws/install/my_navigation/share/ament_index/resource_index/package_run_dependencies/my_navigation
[6.931s] -- Up-to-date: /home/michele-zarantonello/my_ws/install/my_navigation/share/ament_index/resource_index/parent_prefix_path/my_navigation
[6.931s] -- Up-to-date: /home/michele-zarantonello/my_ws/install/my_navigation/share/my_navigation/environment/ament_prefix_path.sh
[6.932s] -- Up-to-date: /home/michele-zarantonello/my_ws/install/my_navigation/share/my_navigation/environment/ament_prefix_path.dsv
[6.932s] -- Up-to-date: /home/michele-zarantonello/my_ws/install/my_navigation/share/my_navigation/environment/path.sh
[6.932s] -- Up-to-date: /home/michele-zarantonello/my_ws/install/my_navigation/share/my_navigation/environment/path.dsv
[6.932s] -- Up-to-date: /home/michele-zarantonello/my_ws/install/my_navigation/share/my_navigation/local_setup.bash
[6.932s] -- Up-to-date: /home/michele-zarantonello/my_ws/install/my_navigation/share/my_navigation/local_setup.sh
[6.932s] -- Up-to-date: /home/michele-zarantonello/my_ws/install/my_navigation/share/my_navigation/local_setup.zsh
[6.932s] -- Up-to-date: /home/michele-zarantonello/my_ws/install/my_navigation/share/my_navigation/local_setup.dsv
[6.933s] -- Installing: /home/michele-zarantonello/my_ws/install/my_navigation/share/my_navigation/package.dsv
[6.933s] -- Up-to-date: /home/michele-zarantonello/my_ws/install/my_navigation/share/ament_index/resource_index/packages/my_navigation
[6.933s] -- Up-to-date: /home/michele-zarantonello/my_ws/install/my_navigation/share/my_navigation/cmake/my_navigationConfig.cmake
[6.933s] -- Up-to-date: /home/michele-zarantonello/my_ws/install/my_navigation/share/my_navigation/cmake/my_navigationConfig-version.cmake
[6.934s] -- Up-to-date: /home/michele-zarantonello/my_ws/install/my_navigation/share/my_navigation/package.xml
[6.935s] Invoked command in '/home/michele-zarantonello/my_ws/build/my_navigation' returned '0': CMAKE_PREFIX_PATH=${CMAKE_PREFIX_PATH}:/opt/ros/jazzy DEBUGINFOD_URLS=https://debuginfod.ubuntu.com /usr/bin/cmake --install /home/michele-zarantonello/my_ws/build/my_navigation
