[0.117s] DEBUG:colcon:Command line arguments: ['/usr/bin/colcon', 'build']
[0.118s] DEBUG:colcon:Parsed command line arguments: Namespace(log_base=None, log_level=None, verb_name='build', build_base='build', install_base='install', merge_install=False, symlink_install=False, test_result_base=None, continue_on_error=False, executor='parallel', parallel_workers=8, event_handlers=None, ignore_user_meta=False, metas=['./colcon.meta'], base_paths=['.'], packages_ignore=None, packages_ignore_regex=None, paths=None, packages_up_to=None, packages_up_to_regex=None, packages_above=None, packages_above_and_dependencies=None, packages_above_depth=None, packages_select_by_dep=None, packages_skip_by_dep=None, packages_skip_up_to=None, packages_select_build_failed=False, packages_skip_build_finished=False, packages_select_test_failures=False, packages_skip_test_passed=False, packages_select=None, packages_skip=None, packages_select_regex=None, packages_skip_regex=None, packages_start=None, packages_end=None, allow_overriding=[], cmake_args=None, cmake_target=None, cmake_target_skip_unavailable=False, cmake_clean_cache=False, cmake_clean_first=False, cmake_force_configure=False, ament_cmake_args=None, catkin_cmake_args=None, catkin_skip_building_tests=False, mixin_files=None, mixin=None, verb_parser=<colcon_mixin.mixin.mixin_argument.MixinArgumentDecorator object at 0x7ed2f1e82f60>, verb_extension=<colcon_core.verb.build.BuildVerb object at 0x7ed2f1fb3110>, main=<bound method BuildVerb.main of <colcon_core.verb.build.BuildVerb object at 0x7ed2f1fb3110>>, mixin_verb=('build',))
[0.153s] Level 1:colcon.colcon_core.package_discovery:discover_packages(colcon_meta) check parameters
[0.153s] Level 1:colcon.colcon_core.package_discovery:discover_packages(recursive) check parameters
[0.154s] Level 1:colcon.colcon_core.package_discovery:discover_packages(ignore) check parameters
[0.154s] Level 1:colcon.colcon_core.package_discovery:discover_packages(path) check parameters
[0.154s] Level 1:colcon.colcon_core.package_discovery:discover_packages(colcon_meta) discover
[0.154s] Level 1:colcon.colcon_core.package_discovery:discover_packages(recursive) discover
[0.154s] INFO:colcon.colcon_core.package_discovery:Crawling recursively for packages in '/home/michele-zarantonello/my_ws'
[0.154s] Level 1:colcon.colcon_core.package_identification:_identify(.) by extensions ['ignore', 'ignore_ament_install']
[0.154s] Level 1:colcon.colcon_core.package_identification:_identify(.) by extension 'ignore'
[0.154s] Level 1:colcon.colcon_core.package_identification:_identify(.) by extension 'ignore_ament_install'
[0.154s] Level 1:colcon.colcon_core.package_identification:_identify(.) by extensions ['colcon_pkg']
[0.154s] Level 1:colcon.colcon_core.package_identification:_identify(.) by extension 'colcon_pkg'
[0.154s] Level 1:colcon.colcon_core.package_identification:_identify(.) by extensions ['colcon_meta']
[0.154s] Level 1:colcon.colcon_core.package_identification:_identify(.) by extension 'colcon_meta'
[0.154s] Level 1:colcon.colcon_core.package_identification:_identify(.) by extensions ['ros']
[0.154s] Level 1:colcon.colcon_core.package_identification:_identify(.) by extension 'ros'
[0.178s] Level 1:colcon.colcon_core.package_identification:_identify(.) by extensions ['cmake', 'python']
[0.178s] Level 1:colcon.colcon_core.package_identification:_identify(.) by extension 'cmake'
[0.178s] Level 1:colcon.colcon_core.package_identification:_identify(.) by extension 'python'
[0.178s] Level 1:colcon.colcon_core.package_identification:_identify(.) by extensions ['python_setup_py']
[0.178s] Level 1:colcon.colcon_core.package_identification:_identify(.) by extension 'python_setup_py'
[0.179s] Level 1:colcon.colcon_core.package_identification:_identify(build) by extensions ['ignore', 'ignore_ament_install']
[0.179s] Level 1:colcon.colcon_core.package_identification:_identify(build) by extension 'ignore'
[0.179s] Level 1:colcon.colcon_core.package_identification:_identify(build) ignored
[0.179s] Level 1:colcon.colcon_core.package_identification:_identify(install) by extensions ['ignore', 'ignore_ament_install']
[0.179s] Level 1:colcon.colcon_core.package_identification:_identify(install) by extension 'ignore'
[0.179s] Level 1:colcon.colcon_core.package_identification:_identify(install) ignored
[0.179s] Level 1:colcon.colcon_core.package_identification:_identify(log) by extensions ['ignore', 'ignore_ament_install']
[0.179s] Level 1:colcon.colcon_core.package_identification:_identify(log) by extension 'ignore'
[0.179s] Level 1:colcon.colcon_core.package_identification:_identify(log) ignored
[0.179s] Level 1:colcon.colcon_core.package_identification:_identify(src) by extensions ['ignore', 'ignore_ament_install']
[0.179s] Level 1:colcon.colcon_core.package_identification:_identify(src) by extension 'ignore'
[0.180s] Level 1:colcon.colcon_core.package_identification:_identify(src) by extension 'ignore_ament_install'
[0.180s] Level 1:colcon.colcon_core.package_identification:_identify(src) by extensions ['colcon_pkg']
[0.180s] Level 1:colcon.colcon_core.package_identification:_identify(src) by extension 'colcon_pkg'
[0.180s] Level 1:colcon.colcon_core.package_identification:_identify(src) by extensions ['colcon_meta']
[0.180s] Level 1:colcon.colcon_core.package_identification:_identify(src) by extension 'colcon_meta'
[0.180s] Level 1:colcon.colcon_core.package_identification:_identify(src) by extensions ['ros']
[0.180s] Level 1:colcon.colcon_core.package_identification:_identify(src) by extension 'ros'
[0.180s] Level 1:colcon.colcon_core.package_identification:_identify(src) by extensions ['cmake', 'python']
[0.180s] Level 1:colcon.colcon_core.package_identification:_identify(src) by extension 'cmake'
[0.180s] Level 1:colcon.colcon_core.package_identification:_identify(src) by extension 'python'
[0.180s] Level 1:colcon.colcon_core.package_identification:_identify(src) by extensions ['python_setup_py']
[0.180s] Level 1:colcon.colcon_core.package_identification:_identify(src) by extension 'python_setup_py'
[0.180s] Level 1:colcon.colcon_core.package_identification:_identify(src/ir_2526) by extensions ['ignore', 'ignore_ament_install']
[0.180s] Level 1:colcon.colcon_core.package_identification:_identify(src/ir_2526) by extension 'ignore'
[0.180s] Level 1:colcon.colcon_core.package_identification:_identify(src/ir_2526) by extension 'ignore_ament_install'
[0.180s] Level 1:colcon.colcon_core.package_identification:_identify(src/ir_2526) by extensions ['colcon_pkg']
[0.180s] Level 1:colcon.colcon_core.package_identification:_identify(src/ir_2526) by extension 'colcon_pkg'
[0.180s] Level 1:colcon.colcon_core.package_identification:_identify(src/ir_2526) by extensions ['colcon_meta']
[0.180s] Level 1:colcon.colcon_core.package_identification:_identify(src/ir_2526) by extension 'colcon_meta'
[0.181s] Level 1:colcon.colcon_core.package_identification:_identify(src/ir_2526) by extensions ['ros']
[0.181s] Level 1:colcon.colcon_core.package_identification:_identify(src/ir_2526) by extension 'ros'
[0.181s] Level 1:colcon.colcon_core.package_identification:_identify(src/ir_2526) by extensions ['cmake', 'python']
[0.181s] Level 1:colcon.colcon_core.package_identification:_identify(src/ir_2526) by extension 'cmake'
[0.181s] Level 1:colcon.colcon_core.package_identification:_identify(src/ir_2526) by extension 'python'
[0.181s] Level 1:colcon.colcon_core.package_identification:_identify(src/ir_2526) by extensions ['python_setup_py']
[0.181s] Level 1:colcon.colcon_core.package_identification:_identify(src/ir_2526) by extension 'python_setup_py'
[0.181s] Level 1:colcon.colcon_core.package_identification:_identify(src/ir_2526/apriltag_ros) by extensions ['ignore', 'ignore_ament_install']
[0.181s] Level 1:colcon.colcon_core.package_identification:_identify(src/ir_2526/apriltag_ros) by extension 'ignore'
[0.181s] Level 1:colcon.colcon_core.package_identification:_identify(src/ir_2526/apriltag_ros) by extension 'ignore_ament_install'
[0.181s] Level 1:colcon.colcon_core.package_identification:_identify(src/ir_2526/apriltag_ros) by extensions ['colcon_pkg']
[0.181s] Level 1:colcon.colcon_core.package_identification:_identify(src/ir_2526/apriltag_ros) by extension 'colcon_pkg'
[0.181s] Level 1:colcon.colcon_core.package_identification:_identify(src/ir_2526/apriltag_ros) by extensions ['colcon_meta']
[0.181s] Level 1:colcon.colcon_core.package_identification:_identify(src/ir_2526/apriltag_ros) by extension 'colcon_meta'
[0.181s] Level 1:colcon.colcon_core.package_identification:_identify(src/ir_2526/apriltag_ros) by extensions ['ros']
[0.181s] Level 1:colcon.colcon_core.package_identification:_identify(src/ir_2526/apriltag_ros) by extension 'ros'
[0.186s] DEBUG:colcon.colcon_core.package_identification:Package 'src/ir_2526/apriltag_ros' with type 'ros.ament_cmake' and name 'apriltag_ros'
[0.186s] Level 1:colcon.colcon_core.package_identification:_identify(src/ir_2526/ir_base) by extensions ['ignore', 'ignore_ament_install']
[0.187s] Level 1:colcon.colcon_core.package_identification:_identify(src/ir_2526/ir_base) by extension 'ignore'
[0.187s] Level 1:colcon.colcon_core.package_identification:_identify(src/ir_2526/ir_base) by extension 'ignore_ament_install'
[0.187s] Level 1:colcon.colcon_core.package_identification:_identify(src/ir_2526/ir_base) by extensions ['colcon_pkg']
[0.187s] Level 1:colcon.colcon_core.package_identification:_identify(src/ir_2526/ir_base) by extension 'colcon_pkg'
[0.187s] Level 1:colcon.colcon_core.package_identification:_identify(src/ir_2526/ir_base) by extensions ['colcon_meta']
[0.187s] Level 1:colcon.colcon_core.package_identification:_identify(src/ir_2526/ir_base) by extension 'colcon_meta'
[0.187s] Level 1:colcon.colcon_core.package_identification:_identify(src/ir_2526/ir_base) by extensions ['ros']
[0.187s] Level 1:colcon.colcon_core.package_identification:_identify(src/ir_2526/ir_base) by extension 'ros'
[0.187s] DEBUG:colcon.colcon_core.package_identification:Package 'src/ir_2526/ir_base' with type 'ros.ament_cmake' and name 'ir_base'
[0.187s] Level 1:colcon.colcon_core.package_identification:_identify(src/ir_2526/ir_desription) by extensions ['ignore', 'ignore_ament_install']
[0.188s] Level 1:colcon.colcon_core.package_identification:_identify(src/ir_2526/ir_desription) by extension 'ignore'
[0.188s] Level 1:colcon.colcon_core.package_identification:_identify(src/ir_2526/ir_desription) by extension 'ignore_ament_install'
[0.188s] Level 1:colcon.colcon_core.package_identification:_identify(src/ir_2526/ir_desription) by extensions ['colcon_pkg']
[0.188s] Level 1:colcon.colcon_core.package_identification:_identify(src/ir_2526/ir_desription) by extension 'colcon_pkg'
[0.188s] Level 1:colcon.colcon_core.package_identification:_identify(src/ir_2526/ir_desription) by extensions ['colcon_meta']
[0.188s] Level 1:colcon.colcon_core.package_identification:_identify(src/ir_2526/ir_desription) by extension 'colcon_meta'
[0.188s] Level 1:colcon.colcon_core.package_identification:_identify(src/ir_2526/ir_desription) by extensions ['ros']
[0.188s] Level 1:colcon.colcon_core.package_identification:_identify(src/ir_2526/ir_desription) by extension 'ros'
[0.188s] DEBUG:colcon.colcon_core.package_identification:Package 'src/ir_2526/ir_desription' with type 'ros.ament_cmake' and name 'ir_desription'
[0.188s] Level 1:colcon.colcon_core.package_identification:_identify(src/ir_2526/ir_launch) by extensions ['ignore', 'ignore_ament_install']
[0.189s] Level 1:colcon.colcon_core.package_identification:_identify(src/ir_2526/ir_launch) by extension 'ignore'
[0.189s] Level 1:colcon.colcon_core.package_identification:_identify(src/ir_2526/ir_launch) by extension 'ignore_ament_install'
[0.189s] Level 1:colcon.colcon_core.package_identification:_identify(src/ir_2526/ir_launch) by extensions ['colcon_pkg']
[0.189s] Level 1:colcon.colcon_core.package_identification:_identify(src/ir_2526/ir_launch) by extension 'colcon_pkg'
[0.189s] Level 1:colcon.colcon_core.package_identification:_identify(src/ir_2526/ir_launch) by extensions ['colcon_meta']
[0.189s] Level 1:colcon.colcon_core.package_identification:_identify(src/ir_2526/ir_launch) by extension 'colcon_meta'
[0.189s] Level 1:colcon.colcon_core.package_identification:_identify(src/ir_2526/ir_launch) by extensions ['ros']
[0.189s] Level 1:colcon.colcon_core.package_identification:_identify(src/ir_2526/ir_launch) by extension 'ros'
[0.189s] DEBUG:colcon.colcon_core.package_identification:Package 'src/ir_2526/ir_launch' with type 'ros.ament_cmake' and name 'ir_launch'
[0.190s] Level 1:colcon.colcon_core.package_identification:_identify(src/ir_2526/ir_movit_config) by extensions ['ignore', 'ignore_ament_install']
[0.190s] Level 1:colcon.colcon_core.package_identification:_identify(src/ir_2526/ir_movit_config) by extension 'ignore'
[0.190s] Level 1:colcon.colcon_core.package_identification:_identify(src/ir_2526/ir_movit_config) by extension 'ignore_ament_install'
[0.190s] Level 1:colcon.colcon_core.package_identification:_identify(src/ir_2526/ir_movit_config) by extensions ['colcon_pkg']
[0.190s] Level 1:colcon.colcon_core.package_identification:_identify(src/ir_2526/ir_movit_config) by extension 'colcon_pkg'
[0.190s] Level 1:colcon.colcon_core.package_identification:_identify(src/ir_2526/ir_movit_config) by extensions ['colcon_meta']
[0.190s] Level 1:colcon.colcon_core.package_identification:_identify(src/ir_2526/ir_movit_config) by extension 'colcon_meta'
[0.190s] Level 1:colcon.colcon_core.package_identification:_identify(src/ir_2526/ir_movit_config) by extensions ['ros']
[0.190s] Level 1:colcon.colcon_core.package_identification:_identify(src/ir_2526/ir_movit_config) by extension 'ros'
[0.191s] DEBUG:colcon.colcon_core.package_identification:Package 'src/ir_2526/ir_movit_config' with type 'ros.ament_cmake' and name 'ir_movit_config'
[0.191s] Level 1:colcon.colcon_core.package_identification:_identify(src/my_assignment_1) by extensions ['ignore', 'ignore_ament_install']
[0.191s] Level 1:colcon.colcon_core.package_identification:_identify(src/my_assignment_1) by extension 'ignore'
[0.191s] Level 1:colcon.colcon_core.package_identification:_identify(src/my_assignment_1) by extension 'ignore_ament_install'
[0.191s] Level 1:colcon.colcon_core.package_identification:_identify(src/my_assignment_1) by extensions ['colcon_pkg']
[0.191s] Level 1:colcon.colcon_core.package_identification:_identify(src/my_assignment_1) by extension 'colcon_pkg'
[0.191s] Level 1:colcon.colcon_core.package_identification:_identify(src/my_assignment_1) by extensions ['colcon_meta']
[0.191s] Level 1:colcon.colcon_core.package_identification:_identify(src/my_assignment_1) by extension 'colcon_meta'
[0.191s] Level 1:colcon.colcon_core.package_identification:_identify(src/my_assignment_1) by extensions ['ros']
[0.192s] Level 1:colcon.colcon_core.package_identification:_identify(src/my_assignment_1) by extension 'ros'
[0.192s] Level 1:colcon.colcon_core.package_identification:_identify(src/my_assignment_1) by extensions ['cmake', 'python']
[0.192s] Level 1:colcon.colcon_core.package_identification:_identify(src/my_assignment_1) by extension 'cmake'
[0.192s] Level 1:colcon.colcon_core.package_identification:_identify(src/my_assignment_1) by extension 'python'
[0.192s] Level 1:colcon.colcon_core.package_identification:_identify(src/my_assignment_1) by extensions ['python_setup_py']
[0.192s] Level 1:colcon.colcon_core.package_identification:_identify(src/my_assignment_1) by extension 'python_setup_py'
[0.192s] Level 1:colcon.colcon_core.package_identification:_identify(src/my_assignment_1/my_apriltag) by extensions ['ignore', 'ignore_ament_install']
[0.192s] Level 1:colcon.colcon_core.package_identification:_identify(src/my_assignment_1/my_apriltag) by extension 'ignore'
[0.192s] Level 1:colcon.colcon_core.package_identification:_identify(src/my_assignment_1/my_apriltag) by extension 'ignore_ament_install'
[0.192s] Level 1:colcon.colcon_core.package_identification:_identify(src/my_assignment_1/my_apriltag) by extensions ['colcon_pkg']
[0.192s] Level 1:colcon.colcon_core.package_identification:_identify(src/my_assignment_1/my_apriltag) by extension 'colcon_pkg'
[0.192s] Level 1:colcon.colcon_core.package_identification:_identify(src/my_assignment_1/my_apriltag) by extensions ['colcon_meta']
[0.192s] Level 1:colcon.colcon_core.package_identification:_identify(src/my_assignment_1/my_apriltag) by extension 'colcon_meta'
[0.192s] Level 1:colcon.colcon_core.package_identification:_identify(src/my_assignment_1/my_apriltag) by extensions ['ros']
[0.192s] Level 1:colcon.colcon_core.package_identification:_identify(src/my_assignment_1/my_apriltag) by extension 'ros'
[0.194s] DEBUG:colcon.colcon_core.package_identification:Package 'src/my_assignment_1/my_apriltag' with type 'ros.ament_cmake' and name 'my_apriltag'
[0.194s] Level 1:colcon.colcon_core.package_identification:_identify(src/my_assignment_1/my_launch) by extensions ['ignore', 'ignore_ament_install']
[0.194s] Level 1:colcon.colcon_core.package_identification:_identify(src/my_assignment_1/my_launch) by extension 'ignore'
[0.194s] Level 1:colcon.colcon_core.package_identification:_identify(src/my_assignment_1/my_launch) by extension 'ignore_ament_install'
[0.194s] Level 1:colcon.colcon_core.package_identification:_identify(src/my_assignment_1/my_launch) by extensions ['colcon_pkg']
[0.194s] Level 1:colcon.colcon_core.package_identification:_identify(src/my_assignment_1/my_launch) by extension 'colcon_pkg'
[0.194s] Level 1:colcon.colcon_core.package_identification:_identify(src/my_assignment_1/my_launch) by extensions ['colcon_meta']
[0.194s] Level 1:colcon.colcon_core.package_identification:_identify(src/my_assignment_1/my_launch) by extension 'colcon_meta'
[0.194s] Level 1:colcon.colcon_core.package_identification:_identify(src/my_assignment_1/my_launch) by extensions ['ros']
[0.194s] Level 1:colcon.colcon_core.package_identification:_identify(src/my_assignment_1/my_launch) by extension 'ros'
[0.195s] DEBUG:colcon.colcon_core.package_identification:Package 'src/my_assignment_1/my_launch' with type 'ros.ament_cmake' and name 'my_launch'
[0.195s] Level 1:colcon.colcon_core.package_identification:_identify(src/my_assignment_1/my_navigation) by extensions ['ignore', 'ignore_ament_install']
[0.195s] Level 1:colcon.colcon_core.package_identification:_identify(src/my_assignment_1/my_navigation) by extension 'ignore'
[0.195s] Level 1:colcon.colcon_core.package_identification:_identify(src/my_assignment_1/my_navigation) by extension 'ignore_ament_install'
[0.195s] Level 1:colcon.colcon_core.package_identification:_identify(src/my_assignment_1/my_navigation) by extensions ['colcon_pkg']
[0.195s] Level 1:colcon.colcon_core.package_identification:_identify(src/my_assignment_1/my_navigation) by extension 'colcon_pkg'
[0.195s] Level 1:colcon.colcon_core.package_identification:_identify(src/my_assignment_1/my_navigation) by extensions ['colcon_meta']
[0.195s] Level 1:colcon.colcon_core.package_identification:_identify(src/my_assignment_1/my_navigation) by extension 'colcon_meta'
[0.195s] Level 1:colcon.colcon_core.package_identification:_identify(src/my_assignment_1/my_navigation) by extensions ['ros']
[0.195s] Level 1:colcon.colcon_core.package_identification:_identify(src/my_assignment_1/my_navigation) by extension 'ros'
[0.196s] DEBUG:colcon.colcon_core.package_identification:Package 'src/my_assignment_1/my_navigation' with type 'ros.ament_cmake' and name 'my_navigation'
[0.196s] Level 1:colcon.colcon_core.package_discovery:discover_packages(recursive) using defaults
[0.196s] Level 1:colcon.colcon_core.package_discovery:discover_packages(ignore) discover
[0.197s] Level 1:colcon.colcon_core.package_discovery:discover_packages(ignore) using defaults
[0.197s] Level 1:colcon.colcon_core.package_discovery:discover_packages(path) discover
[0.197s] Level 1:colcon.colcon_core.package_discovery:discover_packages(path) using defaults
[0.214s] Level 1:colcon.colcon_core.package_discovery:discover_packages(prefix_path) check parameters
[0.214s] Level 1:colcon.colcon_core.package_discovery:discover_packages(prefix_path) discover
[0.218s] DEBUG:colcon.colcon_installed_package_information.package_discovery:Found 472 installed packages in /opt/ros/jazzy
[0.219s] Level 1:colcon.colcon_core.package_discovery:discover_packages(prefix_path) using defaults
[0.296s] Level 5:colcon.colcon_core.verb:set package 'apriltag_ros' build argument 'cmake_args' from command line to 'None'
[0.297s] Level 5:colcon.colcon_core.verb:set package 'apriltag_ros' build argument 'cmake_target' from command line to 'None'
[0.297s] Level 5:colcon.colcon_core.verb:set package 'apriltag_ros' build argument 'cmake_target_skip_unavailable' from command line to 'False'
[0.297s] Level 5:colcon.colcon_core.verb:set package 'apriltag_ros' build argument 'cmake_clean_cache' from command line to 'False'
[0.297s] Level 5:colcon.colcon_core.verb:set package 'apriltag_ros' build argument 'cmake_clean_first' from command line to 'False'
[0.297s] Level 5:colcon.colcon_core.verb:set package 'apriltag_ros' build argument 'cmake_force_configure' from command line to 'False'
[0.297s] Level 5:colcon.colcon_core.verb:set package 'apriltag_ros' build argument 'ament_cmake_args' from command line to 'None'
[0.297s] Level 5:colcon.colcon_core.verb:set package 'apriltag_ros' build argument 'catkin_cmake_args' from command line to 'None'
[0.297s] Level 5:colcon.colcon_core.verb:set package 'apriltag_ros' build argument 'catkin_skip_building_tests' from command line to 'False'
[0.297s] DEBUG:colcon.colcon_core.verb:Building package 'apriltag_ros' with the following arguments: {'ament_cmake_args': None, 'build_base': '/home/michele-zarantonello/my_ws/build/apriltag_ros', 'catkin_cmake_args': None, 'catkin_skip_building_tests': False, 'cmake_args': None, 'cmake_clean_cache': False, 'cmake_clean_first': False, 'cmake_force_configure': False, 'cmake_target': None, 'cmake_target_skip_unavailable': False, 'install_base': '/home/michele-zarantonello/my_ws/install/apriltag_ros', 'merge_install': False, 'path': '/home/michele-zarantonello/my_ws/src/ir_2526/apriltag_ros', 'symlink_install': False, 'test_result_base': None}
[0.297s] Level 5:colcon.colcon_core.verb:set package 'ir_base' build argument 'cmake_args' from command line to 'None'
[0.297s] Level 5:colcon.colcon_core.verb:set package 'ir_base' build argument 'cmake_target' from command line to 'None'
[0.297s] Level 5:colcon.colcon_core.verb:set package 'ir_base' build argument 'cmake_target_skip_unavailable' from command line to 'False'
[0.297s] Level 5:colcon.colcon_core.verb:set package 'ir_base' build argument 'cmake_clean_cache' from command line to 'False'
[0.297s] Level 5:colcon.colcon_core.verb:set package 'ir_base' build argument 'cmake_clean_first' from command line to 'False'
[0.297s] Level 5:colcon.colcon_core.verb:set package 'ir_base' build argument 'cmake_force_configure' from command line to 'False'
[0.297s] Level 5:colcon.colcon_core.verb:set package 'ir_base' build argument 'ament_cmake_args' from command line to 'None'
[0.297s] Level 5:colcon.colcon_core.verb:set package 'ir_base' build argument 'catkin_cmake_args' from command line to 'None'
[0.297s] Level 5:colcon.colcon_core.verb:set package 'ir_base' build argument 'catkin_skip_building_tests' from command line to 'False'
[0.297s] DEBUG:colcon.colcon_core.verb:Building package 'ir_base' with the following arguments: {'ament_cmake_args': None, 'build_base': '/home/michele-zarantonello/my_ws/build/ir_base', 'catkin_cmake_args': None, 'catkin_skip_building_tests': False, 'cmake_args': None, 'cmake_clean_cache': False, 'cmake_clean_first': False, 'cmake_force_configure': False, 'cmake_target': None, 'cmake_target_skip_unavailable': False, 'install_base': '/home/michele-zarantonello/my_ws/install/ir_base', 'merge_install': False, 'path': '/home/michele-zarantonello/my_ws/src/ir_2526/ir_base', 'symlink_install': False, 'test_result_base': None}
[0.298s] Level 5:colcon.colcon_core.verb:set package 'ir_desription' build argument 'cmake_args' from command line to 'None'
[0.298s] Level 5:colcon.colcon_core.verb:set package 'ir_desription' build argument 'cmake_target' from command line to 'None'
[0.298s] Level 5:colcon.colcon_core.verb:set package 'ir_desription' build argument 'cmake_target_skip_unavailable' from command line to 'False'
[0.298s] Level 5:colcon.colcon_core.verb:set package 'ir_desription' build argument 'cmake_clean_cache' from command line to 'False'
[0.298s] Level 5:colcon.colcon_core.verb:set package 'ir_desription' build argument 'cmake_clean_first' from command line to 'False'
[0.298s] Level 5:colcon.colcon_core.verb:set package 'ir_desription' build argument 'cmake_force_configure' from command line to 'False'
[0.298s] Level 5:colcon.colcon_core.verb:set package 'ir_desription' build argument 'ament_cmake_args' from command line to 'None'
[0.298s] Level 5:colcon.colcon_core.verb:set package 'ir_desription' build argument 'catkin_cmake_args' from command line to 'None'
[0.298s] Level 5:colcon.colcon_core.verb:set package 'ir_desription' build argument 'catkin_skip_building_tests' from command line to 'False'
[0.298s] DEBUG:colcon.colcon_core.verb:Building package 'ir_desription' with the following arguments: {'ament_cmake_args': None, 'build_base': '/home/michele-zarantonello/my_ws/build/ir_desription', 'catkin_cmake_args': None, 'catkin_skip_building_tests': False, 'cmake_args': None, 'cmake_clean_cache': False, 'cmake_clean_first': False, 'cmake_force_configure': False, 'cmake_target': None, 'cmake_target_skip_unavailable': False, 'install_base': '/home/michele-zarantonello/my_ws/install/ir_desription', 'merge_install': False, 'path': '/home/michele-zarantonello/my_ws/src/ir_2526/ir_desription', 'symlink_install': False, 'test_result_base': None}
[0.298s] Level 5:colcon.colcon_core.verb:set package 'ir_launch' build argument 'cmake_args' from command line to 'None'
[0.298s] Level 5:colcon.colcon_core.verb:set package 'ir_launch' build argument 'cmake_target' from command line to 'None'
[0.298s] Level 5:colcon.colcon_core.verb:set package 'ir_launch' build argument 'cmake_target_skip_unavailable' from command line to 'False'
[0.298s] Level 5:colcon.colcon_core.verb:set package 'ir_launch' build argument 'cmake_clean_cache' from command line to 'False'
[0.298s] Level 5:colcon.colcon_core.verb:set package 'ir_launch' build argument 'cmake_clean_first' from command line to 'False'
[0.298s] Level 5:colcon.colcon_core.verb:set package 'ir_launch' build argument 'cmake_force_configure' from command line to 'False'
[0.298s] Level 5:colcon.colcon_core.verb:set package 'ir_launch' build argument 'ament_cmake_args' from command line to 'None'
[0.298s] Level 5:colcon.colcon_core.verb:set package 'ir_launch' build argument 'catkin_cmake_args' from command line to 'None'
[0.298s] Level 5:colcon.colcon_core.verb:set package 'ir_launch' build argument 'catkin_skip_building_tests' from command line to 'False'
[0.298s] DEBUG:colcon.colcon_core.verb:Building package 'ir_launch' with the following arguments: {'ament_cmake_args': None, 'build_base': '/home/michele-zarantonello/my_ws/build/ir_launch', 'catkin_cmake_args': None, 'catkin_skip_building_tests': False, 'cmake_args': None, 'cmake_clean_cache': False, 'cmake_clean_first': False, 'cmake_force_configure': False, 'cmake_target': None, 'cmake_target_skip_unavailable': False, 'install_base': '/home/michele-zarantonello/my_ws/install/ir_launch', 'merge_install': False, 'path': '/home/michele-zarantonello/my_ws/src/ir_2526/ir_launch', 'symlink_install': False, 'test_result_base': None}
[0.299s] Level 5:colcon.colcon_core.verb:set package 'my_apriltag' build argument 'cmake_args' from command line to 'None'
[0.299s] Level 5:colcon.colcon_core.verb:set package 'my_apriltag' build argument 'cmake_target' from command line to 'None'
[0.299s] Level 5:colcon.colcon_core.verb:set package 'my_apriltag' build argument 'cmake_target_skip_unavailable' from command line to 'False'
[0.299s] Level 5:colcon.colcon_core.verb:set package 'my_apriltag' build argument 'cmake_clean_cache' from command line to 'False'
[0.299s] Level 5:colcon.colcon_core.verb:set package 'my_apriltag' build argument 'cmake_clean_first' from command line to 'False'
[0.299s] Level 5:colcon.colcon_core.verb:set package 'my_apriltag' build argument 'cmake_force_configure' from command line to 'False'
[0.299s] Level 5:colcon.colcon_core.verb:set package 'my_apriltag' build argument 'ament_cmake_args' from command line to 'None'
[0.299s] Level 5:colcon.colcon_core.verb:set package 'my_apriltag' build argument 'catkin_cmake_args' from command line to 'None'
[0.299s] Level 5:colcon.colcon_core.verb:set package 'my_apriltag' build argument 'catkin_skip_building_tests' from command line to 'False'
[0.299s] DEBUG:colcon.colcon_core.verb:Building package 'my_apriltag' with the following arguments: {'ament_cmake_args': None, 'build_base': '/home/michele-zarantonello/my_ws/build/my_apriltag', 'catkin_cmake_args': None, 'catkin_skip_building_tests': False, 'cmake_args': None, 'cmake_clean_cache': False, 'cmake_clean_first': False, 'cmake_force_configure': False, 'cmake_target': None, 'cmake_target_skip_unavailable': False, 'install_base': '/home/michele-zarantonello/my_ws/install/my_apriltag', 'merge_install': False, 'path': '/home/michele-zarantonello/my_ws/src/my_assignment_1/my_apriltag', 'symlink_install': False, 'test_result_base': None}
[0.299s] Level 5:colcon.colcon_core.verb:set package 'my_launch' build argument 'cmake_args' from command line to 'None'
[0.299s] Level 5:colcon.colcon_core.verb:set package 'my_launch' build argument 'cmake_target' from command line to 'None'
[0.299s] Level 5:colcon.colcon_core.verb:set package 'my_launch' build argument 'cmake_target_skip_unavailable' from command line to 'False'
[0.299s] Level 5:colcon.colcon_core.verb:set package 'my_launch' build argument 'cmake_clean_cache' from command line to 'False'
[0.299s] Level 5:colcon.colcon_core.verb:set package 'my_launch' build argument 'cmake_clean_first' from command line to 'False'
[0.299s] Level 5:colcon.colcon_core.verb:set package 'my_launch' build argument 'cmake_force_configure' from command line to 'False'
[0.299s] Level 5:colcon.colcon_core.verb:set package 'my_launch' build argument 'ament_cmake_args' from command line to 'None'
[0.299s] Level 5:colcon.colcon_core.verb:set package 'my_launch' build argument 'catkin_cmake_args' from command line to 'None'
[0.299s] Level 5:colcon.colcon_core.verb:set package 'my_launch' build argument 'catkin_skip_building_tests' from command line to 'False'
[0.299s] DEBUG:colcon.colcon_core.verb:Building package 'my_launch' with the following arguments: {'ament_cmake_args': None, 'build_base': '/home/michele-zarantonello/my_ws/build/my_launch', 'catkin_cmake_args': None, 'catkin_skip_building_tests': False, 'cmake_args': None, 'cmake_clean_cache': False, 'cmake_clean_first': False, 'cmake_force_configure': False, 'cmake_target': None, 'cmake_target_skip_unavailable': False, 'install_base': '/home/michele-zarantonello/my_ws/install/my_launch', 'merge_install': False, 'path': '/home/michele-zarantonello/my_ws/src/my_assignment_1/my_launch', 'symlink_install': False, 'test_result_base': None}
[0.299s] Level 5:colcon.colcon_core.verb:set package 'my_navigation' build argument 'cmake_args' from command line to 'None'
[0.300s] Level 5:colcon.colcon_core.verb:set package 'my_navigation' build argument 'cmake_target' from command line to 'None'
[0.300s] Level 5:colcon.colcon_core.verb:set package 'my_navigation' build argument 'cmake_target_skip_unavailable' from command line to 'False'
[0.300s] Level 5:colcon.colcon_core.verb:set package 'my_navigation' build argument 'cmake_clean_cache' from command line to 'False'
[0.300s] Level 5:colcon.colcon_core.verb:set package 'my_navigation' build argument 'cmake_clean_first' from command line to 'False'
[0.300s] Level 5:colcon.colcon_core.verb:set package 'my_navigation' build argument 'cmake_force_configure' from command line to 'False'
[0.300s] Level 5:colcon.colcon_core.verb:set package 'my_navigation' build argument 'ament_cmake_args' from command line to 'None'
[0.300s] Level 5:colcon.colcon_core.verb:set package 'my_navigation' build argument 'catkin_cmake_args' from command line to 'None'
[0.300s] Level 5:colcon.colcon_core.verb:set package 'my_navigation' build argument 'catkin_skip_building_tests' from command line to 'False'
[0.300s] DEBUG:colcon.colcon_core.verb:Building package 'my_navigation' with the following arguments: {'ament_cmake_args': None, 'build_base': '/home/michele-zarantonello/my_ws/build/my_navigation', 'catkin_cmake_args': None, 'catkin_skip_building_tests': False, 'cmake_args': None, 'cmake_clean_cache': False, 'cmake_clean_first': False, 'cmake_force_configure': False, 'cmake_target': None, 'cmake_target_skip_unavailable': False, 'install_base': '/home/michele-zarantonello/my_ws/install/my_navigation', 'merge_install': False, 'path': '/home/michele-zarantonello/my_ws/src/my_assignment_1/my_navigation', 'symlink_install': False, 'test_result_base': None}
[0.300s] Level 5:colcon.colcon_core.verb:set package 'ir_movit_config' build argument 'cmake_args' from command line to 'None'
[0.300s] Level 5:colcon.colcon_core.verb:set package 'ir_movit_config' build argument 'cmake_target' from command line to 'None'
[0.300s] Level 5:colcon.colcon_core.verb:set package 'ir_movit_config' build argument 'cmake_target_skip_unavailable' from command line to 'False'
[0.300s] Level 5:colcon.colcon_core.verb:set package 'ir_movit_config' build argument 'cmake_clean_cache' from command line to 'False'
[0.300s] Level 5:colcon.colcon_core.verb:set package 'ir_movit_config' build argument 'cmake_clean_first' from command line to 'False'
[0.300s] Level 5:colcon.colcon_core.verb:set package 'ir_movit_config' build argument 'cmake_force_configure' from command line to 'False'
[0.300s] Level 5:colcon.colcon_core.verb:set package 'ir_movit_config' build argument 'ament_cmake_args' from command line to 'None'
[0.300s] Level 5:colcon.colcon_core.verb:set package 'ir_movit_config' build argument 'catkin_cmake_args' from command line to 'None'
[0.300s] Level 5:colcon.colcon_core.verb:set package 'ir_movit_config' build argument 'catkin_skip_building_tests' from command line to 'False'
[0.300s] DEBUG:colcon.colcon_core.verb:Building package 'ir_movit_config' with the following arguments: {'ament_cmake_args': None, 'build_base': '/home/michele-zarantonello/my_ws/build/ir_movit_config', 'catkin_cmake_args': None, 'catkin_skip_building_tests': False, 'cmake_args': None, 'cmake_clean_cache': False, 'cmake_clean_first': False, 'cmake_force_configure': False, 'cmake_target': None, 'cmake_target_skip_unavailable': False, 'install_base': '/home/michele-zarantonello/my_ws/install/ir_movit_config', 'merge_install': False, 'path': '/home/michele-zarantonello/my_ws/src/ir_2526/ir_movit_config', 'symlink_install': False, 'test_result_base': None}
[0.300s] INFO:colcon.colcon_core.executor:Executing jobs using 'parallel' executor
[0.301s] DEBUG:colcon.colcon_parallel_executor.executor.parallel:run_until_complete
[0.301s] INFO:colcon.colcon_ros.task.ament_cmake.build:Building ROS package in '/home/michele-zarantonello/my_ws/src/ir_2526/ir_desription' with build type 'ament_cmake'
[0.301s] INFO:colcon.colcon_cmake.task.cmake.build:Building CMake package in '/home/michele-zarantonello/my_ws/src/ir_2526/ir_desription'
[0.303s] INFO:colcon.colcon_core.plugin_system:Skipping extension 'colcon_core.shell.bat': Not used on non-Windows systems
[0.303s] INFO:colcon.colcon_core.shell:Skip shell extension 'powershell' for command environment: Not usable outside of PowerShell
[0.303s] DEBUG:colcon.colcon_core.shell:Skip shell extension 'dsv' for command environment
[0.307s] INFO:colcon.colcon_ros.task.ament_cmake.build:Building ROS package in '/home/michele-zarantonello/my_ws/src/ir_2526/apriltag_ros' with build type 'ament_cmake'
[0.307s] INFO:colcon.colcon_cmake.task.cmake.build:Building CMake package in '/home/michele-zarantonello/my_ws/src/ir_2526/apriltag_ros'
[0.307s] INFO:colcon.colcon_core.shell:Skip shell extension 'powershell' for command environment: Not usable outside of PowerShell
[0.307s] DEBUG:colcon.colcon_core.shell:Skip shell extension 'dsv' for command environment
[0.311s] INFO:colcon.colcon_ros.task.ament_cmake.build:Building ROS package in '/home/michele-zarantonello/my_ws/src/ir_2526/ir_base' with build type 'ament_cmake'
[0.311s] INFO:colcon.colcon_cmake.task.cmake.build:Building CMake package in '/home/michele-zarantonello/my_ws/src/ir_2526/ir_base'
[0.311s] INFO:colcon.colcon_core.shell:Skip shell extension 'powershell' for command environment: Not usable outside of PowerShell
[0.311s] DEBUG:colcon.colcon_core.shell:Skip shell extension 'dsv' for command environment
[0.316s] INFO:colcon.colcon_ros.task.ament_cmake.build:Building ROS package in '/home/michele-zarantonello/my_ws/src/ir_2526/ir_launch' with build type 'ament_cmake'
[0.316s] INFO:colcon.colcon_cmake.task.cmake.build:Building CMake package in '/home/michele-zarantonello/my_ws/src/ir_2526/ir_launch'
[0.317s] INFO:colcon.colcon_core.shell:Skip shell extension 'powershell' for command environment: Not usable outside of PowerShell
[0.317s] DEBUG:colcon.colcon_core.shell:Skip shell extension 'dsv' for command environment
[0.321s] INFO:colcon.colcon_ros.task.ament_cmake.build:Building ROS package in '/home/michele-zarantonello/my_ws/src/my_assignment_1/my_apriltag' with build type 'ament_cmake'
[0.321s] INFO:colcon.colcon_cmake.task.cmake.build:Building CMake package in '/home/michele-zarantonello/my_ws/src/my_assignment_1/my_apriltag'
[0.321s] INFO:colcon.colcon_core.shell:Skip shell extension 'powershell' for command environment: Not usable outside of PowerShell
[0.321s] DEBUG:colcon.colcon_core.shell:Skip shell extension 'dsv' for command environment
[0.325s] INFO:colcon.colcon_ros.task.ament_cmake.build:Building ROS package in '/home/michele-zarantonello/my_ws/src/my_assignment_1/my_launch' with build type 'ament_cmake'
[0.325s] INFO:colcon.colcon_cmake.task.cmake.build:Building CMake package in '/home/michele-zarantonello/my_ws/src/my_assignment_1/my_launch'
[0.325s] INFO:colcon.colcon_core.shell:Skip shell extension 'powershell' for command environment: Not usable outside of PowerShell
[0.325s] DEBUG:colcon.colcon_core.shell:Skip shell extension 'dsv' for command environment
[0.330s] INFO:colcon.colcon_ros.task.ament_cmake.build:Building ROS package in '/home/michele-zarantonello/my_ws/src/my_assignment_1/my_navigation' with build type 'ament_cmake'
[0.330s] INFO:colcon.colcon_cmake.task.cmake.build:Building CMake package in '/home/michele-zarantonello/my_ws/src/my_assignment_1/my_navigation'
[0.330s] INFO:colcon.colcon_core.shell:Skip shell extension 'powershell' for command environment: Not usable outside of PowerShell
[0.331s] DEBUG:colcon.colcon_core.shell:Skip shell extension 'dsv' for command environment
[0.340s] DEBUG:colcon.colcon_core.event_handler.log_command:Invoking command in '/home/michele-zarantonello/my_ws/build/ir_desription': CMAKE_PREFIX_PATH=${CMAKE_PREFIX_PATH}:/opt/ros/jazzy DEBUGINFOD_URLS=https://debuginfod.ubuntu.com /usr/bin/cmake --build /home/michele-zarantonello/my_ws/build/ir_desription -- -j8 -l8
[0.344s] DEBUG:colcon.colcon_core.event_handler.log_command:Invoking command in '/home/michele-zarantonello/my_ws/build/apriltag_ros': CMAKE_PREFIX_PATH=${CMAKE_PREFIX_PATH}:/opt/ros/jazzy DEBUGINFOD_URLS=https://debuginfod.ubuntu.com /usr/bin/cmake --build /home/michele-zarantonello/my_ws/build/apriltag_ros -- -j8 -l8
[0.348s] DEBUG:colcon.colcon_core.event_handler.log_command:Invoking command in '/home/michele-zarantonello/my_ws/build/ir_base': CMAKE_PREFIX_PATH=${CMAKE_PREFIX_PATH}:/opt/ros/jazzy DEBUGINFOD_URLS=https://debuginfod.ubuntu.com /usr/bin/cmake --build /home/michele-zarantonello/my_ws/build/ir_base -- -j8 -l8
[0.356s] DEBUG:colcon.colcon_core.event_handler.log_command:Invoking command in '/home/michele-zarantonello/my_ws/build/ir_launch': CMAKE_PREFIX_PATH=${CMAKE_PREFIX_PATH}:/opt/ros/jazzy DEBUGINFOD_URLS=https://debuginfod.ubuntu.com /usr/bin/cmake --build /home/michele-zarantonello/my_ws/build/ir_launch -- -j8 -l8
[0.364s] DEBUG:colcon.colcon_core.event_handler.log_command:Invoking command in '/home/michele-zarantonello/my_ws/build/my_apriltag': CMAKE_PREFIX_PATH=${CMAKE_PREFIX_PATH}:/opt/ros/jazzy DEBUGINFOD_URLS=https://debuginfod.ubuntu.com /usr/bin/cmake --build /home/michele-zarantonello/my_ws/build/my_apriltag -- -j8 -l8
[0.371s] DEBUG:colcon.colcon_core.event_handler.log_command:Invoking command in '/home/michele-zarantonello/my_ws/build/my_launch': CMAKE_PREFIX_PATH=${CMAKE_PREFIX_PATH}:/opt/ros/jazzy DEBUGINFOD_URLS=https://debuginfod.ubuntu.com /usr/bin/cmake --build /home/michele-zarantonello/my_ws/build/my_launch -- -j8 -l8
[0.403s] DEBUG:colcon.colcon_core.event_handler.log_command:Invoking command in '/home/michele-zarantonello/my_ws/build/my_navigation': CMAKE_PREFIX_PATH=${CMAKE_PREFIX_PATH}:/opt/ros/jazzy DEBUGINFOD_URLS=https://debuginfod.ubuntu.com /usr/bin/cmake --build /home/michele-zarantonello/my_ws/build/my_navigation -- -j8 -l8
[0.446s] DEBUG:colcon.colcon_core.event_handler.log_command:Invoked command in '/home/michele-zarantonello/my_ws/build/ir_desription' returned '0': CMAKE_PREFIX_PATH=${CMAKE_PREFIX_PATH}:/opt/ros/jazzy DEBUGINFOD_URLS=https://debuginfod.ubuntu.com /usr/bin/cmake --build /home/michele-zarantonello/my_ws/build/ir_desription -- -j8 -l8
[0.472s] DEBUG:colcon.colcon_core.event_handler.log_command:Invoking command in '/home/michele-zarantonello/my_ws/build/ir_desription': CMAKE_PREFIX_PATH=${CMAKE_PREFIX_PATH}:/opt/ros/jazzy DEBUGINFOD_URLS=https://debuginfod.ubuntu.com /usr/bin/cmake --install /home/michele-zarantonello/my_ws/build/ir_desription
[0.477s] DEBUG:colcon.colcon_core.event_handler.log_command:Invoked command in '/home/michele-zarantonello/my_ws/build/ir_launch' returned '0': CMAKE_PREFIX_PATH=${CMAKE_PREFIX_PATH}:/opt/ros/jazzy DEBUGINFOD_URLS=https://debuginfod.ubuntu.com /usr/bin/cmake --build /home/michele-zarantonello/my_ws/build/ir_launch -- -j8 -l8
[0.483s] DEBUG:colcon.colcon_core.event_handler.log_command:Invoking command in '/home/michele-zarantonello/my_ws/build/ir_launch': CMAKE_PREFIX_PATH=${CMAKE_PREFIX_PATH}:/opt/ros/jazzy DEBUGINFOD_URLS=https://debuginfod.ubuntu.com /usr/bin/cmake --install /home/michele-zarantonello/my_ws/build/ir_launch
[0.492s] DEBUG:colcon.colcon_core.event_handler.log_command:Invoked command in '/home/michele-zarantonello/my_ws/build/ir_base' returned '0': CMAKE_PREFIX_PATH=${CMAKE_PREFIX_PATH}:/opt/ros/jazzy DEBUGINFOD_URLS=https://debuginfod.ubuntu.com /usr/bin/cmake --build /home/michele-zarantonello/my_ws/build/ir_base -- -j8 -l8
[0.495s] DEBUG:colcon.colcon_core.event_handler.log_command:Invoking command in '/home/michele-zarantonello/my_ws/build/ir_base': CMAKE_PREFIX_PATH=${CMAKE_PREFIX_PATH}:/opt/ros/jazzy DEBUGINFOD_URLS=https://debuginfod.ubuntu.com /usr/bin/cmake --install /home/michele-zarantonello/my_ws/build/ir_base
[0.501s] DEBUG:colcon.colcon_core.event_handler.log_command:Invoked command in '/home/michele-zarantonello/my_ws/build/my_launch' returned '0': CMAKE_PREFIX_PATH=${CMAKE_PREFIX_PATH}:/opt/ros/jazzy DEBUGINFOD_URLS=https://debuginfod.ubuntu.com /usr/bin/cmake --build /home/michele-zarantonello/my_ws/build/my_launch -- -j8 -l8
[0.503s] DEBUG:colcon.colcon_core.event_handler.log_command:Invoking command in '/home/michele-zarantonello/my_ws/build/my_launch': CMAKE_PREFIX_PATH=${CMAKE_PREFIX_PATH}:/opt/ros/jazzy DEBUGINFOD_URLS=https://debuginfod.ubuntu.com /usr/bin/cmake --install /home/michele-zarantonello/my_ws/build/my_launch
[0.523s] Level 1:colcon.colcon_core.environment:create_environment_scripts_only(ir_launch)
[0.541s] Level 1:colcon.colcon_core.environment:checking '/home/michele-zarantonello/my_ws/install/ir_launch' for CMake module files
[0.542s] Level 1:colcon.colcon_core.environment:checking '/home/michele-zarantonello/my_ws/install/ir_launch' for CMake config files
[0.544s] Level 1:colcon.colcon_core.shell:create_environment_hook('ir_launch', 'cmake_prefix_path')
[0.545s] INFO:colcon.colcon_core.shell:Creating environment hook '/home/michele-zarantonello/my_ws/install/ir_launch/share/ir_launch/hook/cmake_prefix_path.ps1'
[0.546s] INFO:colcon.colcon_core.shell:Creating environment descriptor '/home/michele-zarantonello/my_ws/install/ir_launch/share/ir_launch/hook/cmake_prefix_path.dsv'
[0.549s] INFO:colcon.colcon_core.shell:Creating environment hook '/home/michele-zarantonello/my_ws/install/ir_launch/share/ir_launch/hook/cmake_prefix_path.sh'
[0.554s] Level 1:colcon.colcon_core.environment:checking '/home/michele-zarantonello/my_ws/install/ir_launch/bin'
[0.554s] Level 1:colcon.colcon_core.environment:checking '/home/michele-zarantonello/my_ws/install/ir_launch/lib/pkgconfig/ir_launch.pc'
[0.555s] Level 1:colcon.colcon_core.environment:checking '/home/michele-zarantonello/my_ws/install/ir_launch/lib/python3.12/site-packages'
[0.555s] Level 1:colcon.colcon_core.environment:checking '/home/michele-zarantonello/my_ws/install/ir_launch/bin'
[0.556s] INFO:colcon.colcon_core.shell:Creating package script '/home/michele-zarantonello/my_ws/install/ir_launch/share/ir_launch/package.ps1'
[0.557s] INFO:colcon.colcon_core.shell:Creating package descriptor '/home/michele-zarantonello/my_ws/install/ir_launch/share/ir_launch/package.dsv'
[0.564s] INFO:colcon.colcon_core.shell:Creating package script '/home/michele-zarantonello/my_ws/install/ir_launch/share/ir_launch/package.sh'
[0.563s] DEBUG:colcon.colcon_core.event_handler.log_command:Invoked command in '/home/michele-zarantonello/my_ws/build/ir_launch' returned '0': CMAKE_PREFIX_PATH=${CMAKE_PREFIX_PATH}:/opt/ros/jazzy DEBUGINFOD_URLS=https://debuginfod.ubuntu.com /usr/bin/cmake --install /home/michele-zarantonello/my_ws/build/ir_launch
[0.566s] INFO:colcon.colcon_core.shell:Creating package script '/home/michele-zarantonello/my_ws/install/ir_launch/share/ir_launch/package.bash'
[0.569s] INFO:colcon.colcon_core.shell:Creating package script '/home/michele-zarantonello/my_ws/install/ir_launch/share/ir_launch/package.zsh'
[0.570s] Level 1:colcon.colcon_core.environment:create_file_with_runtime_dependencies(/home/michele-zarantonello/my_ws/install/ir_launch/share/colcon-core/packages/ir_launch)
[0.575s] Level 1:colcon.colcon_core.environment:create_environment_scripts_only(ir_launch)
[0.576s] Level 1:colcon.colcon_core.environment:checking '/home/michele-zarantonello/my_ws/install/ir_launch' for CMake module files
[0.579s] Level 1:colcon.colcon_core.environment:checking '/home/michele-zarantonello/my_ws/install/ir_launch' for CMake config files
[0.583s] Level 1:colcon.colcon_core.shell:create_environment_hook('ir_launch', 'cmake_prefix_path')
[0.584s] INFO:colcon.colcon_core.shell:Creating environment hook '/home/michele-zarantonello/my_ws/install/ir_launch/share/ir_launch/hook/cmake_prefix_path.ps1'
[0.586s] INFO:colcon.colcon_core.shell:Creating environment descriptor '/home/michele-zarantonello/my_ws/install/ir_launch/share/ir_launch/hook/cmake_prefix_path.dsv'
[0.587s] INFO:colcon.colcon_core.shell:Creating environment hook '/home/michele-zarantonello/my_ws/install/ir_launch/share/ir_launch/hook/cmake_prefix_path.sh'
[0.589s] Level 1:colcon.colcon_core.environment:checking '/home/michele-zarantonello/my_ws/install/ir_launch/bin'
[0.589s] Level 1:colcon.colcon_core.environment:checking '/home/michele-zarantonello/my_ws/install/ir_launch/lib/pkgconfig/ir_launch.pc'
[0.589s] Level 1:colcon.colcon_core.environment:checking '/home/michele-zarantonello/my_ws/install/ir_launch/lib/python3.12/site-packages'
[0.590s] Level 1:colcon.colcon_core.environment:checking '/home/michele-zarantonello/my_ws/install/ir_launch/bin'
[0.590s] INFO:colcon.colcon_core.shell:Creating package script '/home/michele-zarantonello/my_ws/install/ir_launch/share/ir_launch/package.ps1'
[0.592s] INFO:colcon.colcon_core.shell:Creating package descriptor '/home/michele-zarantonello/my_ws/install/ir_launch/share/ir_launch/package.dsv'
[0.595s] INFO:colcon.colcon_core.shell:Creating package script '/home/michele-zarantonello/my_ws/install/ir_launch/share/ir_launch/package.sh'
[0.598s] INFO:colcon.colcon_core.shell:Creating package script '/home/michele-zarantonello/my_ws/install/ir_launch/share/ir_launch/package.bash'
[0.599s] INFO:colcon.colcon_core.shell:Creating package script '/home/michele-zarantonello/my_ws/install/ir_launch/share/ir_launch/package.zsh'
[0.601s] Level 1:colcon.colcon_core.environment:create_file_with_runtime_dependencies(/home/michele-zarantonello/my_ws/install/ir_launch/share/colcon-core/packages/ir_launch)
[0.606s] Level 1:colcon.colcon_core.environment:create_environment_scripts_only(ir_desription)
[0.607s] Level 1:colcon.colcon_core.environment:checking '/home/michele-zarantonello/my_ws/install/ir_desription' for CMake module files
[0.609s] DEBUG:colcon.colcon_core.event_handler.log_command:Invoked command in '/home/michele-zarantonello/my_ws/build/ir_desription' returned '0': CMAKE_PREFIX_PATH=${CMAKE_PREFIX_PATH}:/opt/ros/jazzy DEBUGINFOD_URLS=https://debuginfod.ubuntu.com /usr/bin/cmake --install /home/michele-zarantonello/my_ws/build/ir_desription
[0.609s] Level 1:colcon.colcon_core.environment:checking '/home/michele-zarantonello/my_ws/install/ir_desription' for CMake config files
[0.610s] Level 1:colcon.colcon_core.shell:create_environment_hook('ir_desription', 'cmake_prefix_path')
[0.611s] INFO:colcon.colcon_core.shell:Creating environment hook '/home/michele-zarantonello/my_ws/install/ir_desription/share/ir_desription/hook/cmake_prefix_path.ps1'
[0.612s] INFO:colcon.colcon_core.shell:Creating environment descriptor '/home/michele-zarantonello/my_ws/install/ir_desription/share/ir_desription/hook/cmake_prefix_path.dsv'
[0.612s] INFO:colcon.colcon_core.shell:Creating environment hook '/home/michele-zarantonello/my_ws/install/ir_desription/share/ir_desription/hook/cmake_prefix_path.sh'
[0.613s] Level 1:colcon.colcon_core.environment:checking '/home/michele-zarantonello/my_ws/install/ir_desription/bin'
[0.613s] Level 1:colcon.colcon_core.environment:checking '/home/michele-zarantonello/my_ws/install/ir_desription/lib/pkgconfig/ir_desription.pc'
[0.614s] Level 1:colcon.colcon_core.environment:checking '/home/michele-zarantonello/my_ws/install/ir_desription/lib/python3.12/site-packages'
[0.614s] Level 1:colcon.colcon_core.environment:checking '/home/michele-zarantonello/my_ws/install/ir_desription/bin'
[0.615s] INFO:colcon.colcon_core.shell:Creating package script '/home/michele-zarantonello/my_ws/install/ir_desription/share/ir_desription/package.ps1'
[0.615s] INFO:colcon.colcon_core.shell:Creating package descriptor '/home/michele-zarantonello/my_ws/install/ir_desription/share/ir_desription/package.dsv'
[0.616s] INFO:colcon.colcon_core.shell:Creating package script '/home/michele-zarantonello/my_ws/install/ir_desription/share/ir_desription/package.sh'
[0.617s] INFO:colcon.colcon_core.shell:Creating package script '/home/michele-zarantonello/my_ws/install/ir_desription/share/ir_desription/package.bash'
[0.618s] INFO:colcon.colcon_core.shell:Creating package script '/home/michele-zarantonello/my_ws/install/ir_desription/share/ir_desription/package.zsh'
[0.618s] Level 1:colcon.colcon_core.environment:create_file_with_runtime_dependencies(/home/michele-zarantonello/my_ws/install/ir_desription/share/colcon-core/packages/ir_desription)
[0.619s] Level 1:colcon.colcon_core.environment:create_environment_scripts_only(ir_desription)
[0.619s] Level 1:colcon.colcon_core.environment:checking '/home/michele-zarantonello/my_ws/install/ir_desription' for CMake module files
[0.621s] Level 1:colcon.colcon_core.environment:checking '/home/michele-zarantonello/my_ws/install/ir_desription' for CMake config files
[0.621s] Level 1:colcon.colcon_core.shell:create_environment_hook('ir_desription', 'cmake_prefix_path')
[0.621s] INFO:colcon.colcon_core.shell:Creating environment hook '/home/michele-zarantonello/my_ws/install/ir_desription/share/ir_desription/hook/cmake_prefix_path.ps1'
[0.622s] INFO:colcon.colcon_core.shell:Creating environment descriptor '/home/michele-zarantonello/my_ws/install/ir_desription/share/ir_desription/hook/cmake_prefix_path.dsv'
[0.623s] INFO:colcon.colcon_core.shell:Creating environment hook '/home/michele-zarantonello/my_ws/install/ir_desription/share/ir_desription/hook/cmake_prefix_path.sh'
[0.624s] Level 1:colcon.colcon_core.environment:checking '/home/michele-zarantonello/my_ws/install/ir_desription/bin'
[0.624s] Level 1:colcon.colcon_core.environment:checking '/home/michele-zarantonello/my_ws/install/ir_desription/lib/pkgconfig/ir_desription.pc'
[0.624s] Level 1:colcon.colcon_core.environment:checking '/home/michele-zarantonello/my_ws/install/ir_desription/lib/python3.12/site-packages'
[0.625s] Level 1:colcon.colcon_core.environment:checking '/home/michele-zarantonello/my_ws/install/ir_desription/bin'
[0.626s] INFO:colcon.colcon_core.shell:Creating package script '/home/michele-zarantonello/my_ws/install/ir_desription/share/ir_desription/package.ps1'
[0.627s] INFO:colcon.colcon_core.shell:Creating package descriptor '/home/michele-zarantonello/my_ws/install/ir_desription/share/ir_desription/package.dsv'
[0.629s] INFO:colcon.colcon_core.shell:Creating package script '/home/michele-zarantonello/my_ws/install/ir_desription/share/ir_desription/package.sh'
[0.630s] INFO:colcon.colcon_core.shell:Creating package script '/home/michele-zarantonello/my_ws/install/ir_desription/share/ir_desription/package.bash'
[0.631s] INFO:colcon.colcon_core.shell:Creating package script '/home/michele-zarantonello/my_ws/install/ir_desription/share/ir_desription/package.zsh'
[0.632s] Level 1:colcon.colcon_core.environment:create_file_with_runtime_dependencies(/home/michele-zarantonello/my_ws/install/ir_desription/share/colcon-core/packages/ir_desription)
[0.634s] INFO:colcon.colcon_ros.task.ament_cmake.build:Building ROS package in '/home/michele-zarantonello/my_ws/src/ir_2526/ir_movit_config' with build type 'ament_cmake'
[0.634s] INFO:colcon.colcon_cmake.task.cmake.build:Building CMake package in '/home/michele-zarantonello/my_ws/src/ir_2526/ir_movit_config'
[0.635s] INFO:colcon.colcon_core.shell:Skip shell extension 'powershell' for command environment: Not usable outside of PowerShell
[0.635s] DEBUG:colcon.colcon_core.shell:Skip shell extension 'dsv' for command environment
[0.645s] Level 1:colcon.colcon_core.environment:create_environment_scripts_only(ir_base)
[0.645s] Level 1:colcon.colcon_core.environment:checking '/home/michele-zarantonello/my_ws/install/ir_base' for CMake module files
[0.646s] DEBUG:colcon.colcon_core.event_handler.log_command:Invoked command in '/home/michele-zarantonello/my_ws/build/ir_base' returned '0': CMAKE_PREFIX_PATH=${CMAKE_PREFIX_PATH}:/opt/ros/jazzy DEBUGINFOD_URLS=https://debuginfod.ubuntu.com /usr/bin/cmake --install /home/michele-zarantonello/my_ws/build/ir_base
[0.648s] Level 1:colcon.colcon_core.environment:checking '/home/michele-zarantonello/my_ws/install/ir_base' for CMake config files
[0.648s] Level 1:colcon.colcon_core.shell:create_environment_hook('ir_base', 'cmake_prefix_path')
[0.649s] INFO:colcon.colcon_core.shell:Creating environment hook '/home/michele-zarantonello/my_ws/install/ir_base/share/ir_base/hook/cmake_prefix_path.ps1'
[0.650s] INFO:colcon.colcon_core.shell:Creating environment descriptor '/home/michele-zarantonello/my_ws/install/ir_base/share/ir_base/hook/cmake_prefix_path.dsv'
[0.650s] INFO:colcon.colcon_core.shell:Creating environment hook '/home/michele-zarantonello/my_ws/install/ir_base/share/ir_base/hook/cmake_prefix_path.sh'
[0.651s] Level 1:colcon.colcon_core.environment:checking '/home/michele-zarantonello/my_ws/install/ir_base/bin'
[0.652s] Level 1:colcon.colcon_core.environment:checking '/home/michele-zarantonello/my_ws/install/ir_base/lib/pkgconfig/ir_base.pc'
[0.652s] Level 1:colcon.colcon_core.environment:checking '/home/michele-zarantonello/my_ws/install/ir_base/lib/python3.12/site-packages'
[0.652s] Level 1:colcon.colcon_core.environment:checking '/home/michele-zarantonello/my_ws/install/ir_base/bin'
[0.653s] INFO:colcon.colcon_core.shell:Creating package script '/home/michele-zarantonello/my_ws/install/ir_base/share/ir_base/package.ps1'
[0.653s] INFO:colcon.colcon_core.shell:Creating package descriptor '/home/michele-zarantonello/my_ws/install/ir_base/share/ir_base/package.dsv'
[0.654s] INFO:colcon.colcon_core.shell:Creating package script '/home/michele-zarantonello/my_ws/install/ir_base/share/ir_base/package.sh'
[0.655s] INFO:colcon.colcon_core.shell:Creating package script '/home/michele-zarantonello/my_ws/install/ir_base/share/ir_base/package.bash'
[0.655s] INFO:colcon.colcon_core.shell:Creating package script '/home/michele-zarantonello/my_ws/install/ir_base/share/ir_base/package.zsh'
[0.656s] Level 1:colcon.colcon_core.environment:create_file_with_runtime_dependencies(/home/michele-zarantonello/my_ws/install/ir_base/share/colcon-core/packages/ir_base)
[0.656s] Level 1:colcon.colcon_core.environment:create_environment_scripts_only(ir_base)
[0.657s] Level 1:colcon.colcon_core.environment:checking '/home/michele-zarantonello/my_ws/install/ir_base' for CMake module files
[0.658s] Level 1:colcon.colcon_core.environment:checking '/home/michele-zarantonello/my_ws/install/ir_base' for CMake config files
[0.658s] Level 1:colcon.colcon_core.shell:create_environment_hook('ir_base', 'cmake_prefix_path')
[0.659s] INFO:colcon.colcon_core.shell:Creating environment hook '/home/michele-zarantonello/my_ws/install/ir_base/share/ir_base/hook/cmake_prefix_path.ps1'
[0.660s] INFO:colcon.colcon_core.shell:Creating environment descriptor '/home/michele-zarantonello/my_ws/install/ir_base/share/ir_base/hook/cmake_prefix_path.dsv'
[0.660s] INFO:colcon.colcon_core.shell:Creating environment hook '/home/michele-zarantonello/my_ws/install/ir_base/share/ir_base/hook/cmake_prefix_path.sh'
[0.662s] Level 1:colcon.colcon_core.environment:checking '/home/michele-zarantonello/my_ws/install/ir_base/bin'
[0.662s] Level 1:colcon.colcon_core.environment:checking '/home/michele-zarantonello/my_ws/install/ir_base/lib/pkgconfig/ir_base.pc'
[0.662s] Level 1:colcon.colcon_core.environment:checking '/home/michele-zarantonello/my_ws/install/ir_base/lib/python3.12/site-packages'
[0.663s] Level 1:colcon.colcon_core.environment:checking '/home/michele-zarantonello/my_ws/install/ir_base/bin'
[0.664s] INFO:colcon.colcon_core.shell:Creating package script '/home/michele-zarantonello/my_ws/install/ir_base/share/ir_base/package.ps1'
[0.665s] INFO:colcon.colcon_core.shell:Creating package descriptor '/home/michele-zarantonello/my_ws/install/ir_base/share/ir_base/package.dsv'
[0.666s] INFO:colcon.colcon_core.shell:Creating package script '/home/michele-zarantonello/my_ws/install/ir_base/share/ir_base/package.sh'
[0.667s] INFO:colcon.colcon_core.shell:Creating package script '/home/michele-zarantonello/my_ws/install/ir_base/share/ir_base/package.bash'
[0.667s] INFO:colcon.colcon_core.shell:Creating package script '/home/michele-zarantonello/my_ws/install/ir_base/share/ir_base/package.zsh'
[0.668s] Level 1:colcon.colcon_core.environment:create_file_with_runtime_dependencies(/home/michele-zarantonello/my_ws/install/ir_base/share/colcon-core/packages/ir_base)
[0.668s] Level 1:colcon.colcon_core.environment:create_environment_scripts_only(my_launch)
[0.669s] Level 1:colcon.colcon_core.environment:checking '/home/michele-zarantonello/my_ws/install/my_launch' for CMake module files
[0.671s] DEBUG:colcon.colcon_core.event_handler.log_command:Invoked command in '/home/michele-zarantonello/my_ws/build/my_launch' returned '0': CMAKE_PREFIX_PATH=${CMAKE_PREFIX_PATH}:/opt/ros/jazzy DEBUGINFOD_URLS=https://debuginfod.ubuntu.com /usr/bin/cmake --install /home/michele-zarantonello/my_ws/build/my_launch
[0.671s] Level 1:colcon.colcon_core.environment:checking '/home/michele-zarantonello/my_ws/install/my_launch' for CMake config files
[0.671s] Level 1:colcon.colcon_core.shell:create_environment_hook('my_launch', 'cmake_prefix_path')
[0.671s] INFO:colcon.colcon_core.shell:Creating environment hook '/home/michele-zarantonello/my_ws/install/my_launch/share/my_launch/hook/cmake_prefix_path.ps1'
[0.672s] INFO:colcon.colcon_core.shell:Creating environment descriptor '/home/michele-zarantonello/my_ws/install/my_launch/share/my_launch/hook/cmake_prefix_path.dsv'
[0.672s] INFO:colcon.colcon_core.shell:Creating environment hook '/home/michele-zarantonello/my_ws/install/my_launch/share/my_launch/hook/cmake_prefix_path.sh'
[0.673s] Level 1:colcon.colcon_core.environment:checking '/home/michele-zarantonello/my_ws/install/my_launch/bin'
[0.673s] Level 1:colcon.colcon_core.environment:checking '/home/michele-zarantonello/my_ws/install/my_launch/lib/pkgconfig/my_launch.pc'
[0.673s] Level 1:colcon.colcon_core.environment:checking '/home/michele-zarantonello/my_ws/install/my_launch/lib/python3.12/site-packages'
[0.673s] Level 1:colcon.colcon_core.environment:checking '/home/michele-zarantonello/my_ws/install/my_launch/bin'
[0.674s] INFO:colcon.colcon_core.shell:Creating package script '/home/michele-zarantonello/my_ws/install/my_launch/share/my_launch/package.ps1'
[0.675s] INFO:colcon.colcon_core.shell:Creating package descriptor '/home/michele-zarantonello/my_ws/install/my_launch/share/my_launch/package.dsv'
[0.676s] INFO:colcon.colcon_core.shell:Creating package script '/home/michele-zarantonello/my_ws/install/my_launch/share/my_launch/package.sh'
[0.678s] INFO:colcon.colcon_core.shell:Creating package script '/home/michele-zarantonello/my_ws/install/my_launch/share/my_launch/package.bash'
[0.678s] INFO:colcon.colcon_core.shell:Creating package script '/home/michele-zarantonello/my_ws/install/my_launch/share/my_launch/package.zsh'
[0.679s] Level 1:colcon.colcon_core.environment:create_file_with_runtime_dependencies(/home/michele-zarantonello/my_ws/install/my_launch/share/colcon-core/packages/my_launch)
[0.680s] Level 1:colcon.colcon_core.environment:create_environment_scripts_only(my_launch)
[0.680s] Level 1:colcon.colcon_core.environment:checking '/home/michele-zarantonello/my_ws/install/my_launch' for CMake module files
[0.681s] Level 1:colcon.colcon_core.environment:checking '/home/michele-zarantonello/my_ws/install/my_launch' for CMake config files
[0.681s] Level 1:colcon.colcon_core.shell:create_environment_hook('my_launch', 'cmake_prefix_path')
[0.681s] INFO:colcon.colcon_core.shell:Creating environment hook '/home/michele-zarantonello/my_ws/install/my_launch/share/my_launch/hook/cmake_prefix_path.ps1'
[0.682s] INFO:colcon.colcon_core.shell:Creating environment descriptor '/home/michele-zarantonello/my_ws/install/my_launch/share/my_launch/hook/cmake_prefix_path.dsv'
[0.682s] INFO:colcon.colcon_core.shell:Creating environment hook '/home/michele-zarantonello/my_ws/install/my_launch/share/my_launch/hook/cmake_prefix_path.sh'
[0.683s] Level 1:colcon.colcon_core.environment:checking '/home/michele-zarantonello/my_ws/install/my_launch/bin'
[0.683s] Level 1:colcon.colcon_core.environment:checking '/home/michele-zarantonello/my_ws/install/my_launch/lib/pkgconfig/my_launch.pc'
[0.683s] Level 1:colcon.colcon_core.environment:checking '/home/michele-zarantonello/my_ws/install/my_launch/lib/python3.12/site-packages'
[0.684s] Level 1:colcon.colcon_core.environment:checking '/home/michele-zarantonello/my_ws/install/my_launch/bin'
[0.684s] INFO:colcon.colcon_core.shell:Creating package script '/home/michele-zarantonello/my_ws/install/my_launch/share/my_launch/package.ps1'
[0.684s] INFO:colcon.colcon_core.shell:Creating package descriptor '/home/michele-zarantonello/my_ws/install/my_launch/share/my_launch/package.dsv'
[0.685s] INFO:colcon.colcon_core.shell:Creating package script '/home/michele-zarantonello/my_ws/install/my_launch/share/my_launch/package.sh'
[0.685s] INFO:colcon.colcon_core.shell:Creating package script '/home/michele-zarantonello/my_ws/install/my_launch/share/my_launch/package.bash'
[0.686s] INFO:colcon.colcon_core.shell:Creating package script '/home/michele-zarantonello/my_ws/install/my_launch/share/my_launch/package.zsh'
[0.686s] Level 1:colcon.colcon_core.environment:create_file_with_runtime_dependencies(/home/michele-zarantonello/my_ws/install/my_launch/share/colcon-core/packages/my_launch)
[0.688s] DEBUG:colcon.colcon_core.event_handler.log_command:Invoked command in '/home/michele-zarantonello/my_ws/build/my_apriltag' returned '0': CMAKE_PREFIX_PATH=${CMAKE_PREFIX_PATH}:/opt/ros/jazzy DEBUGINFOD_URLS=https://debuginfod.ubuntu.com /usr/bin/cmake --build /home/michele-zarantonello/my_ws/build/my_apriltag -- -j8 -l8
[0.690s] DEBUG:colcon.colcon_core.event_handler.log_command:Invoking command in '/home/michele-zarantonello/my_ws/build/my_apriltag': CMAKE_PREFIX_PATH=${CMAKE_PREFIX_PATH}:/opt/ros/jazzy DEBUGINFOD_URLS=https://debuginfod.ubuntu.com /usr/bin/cmake --install /home/michele-zarantonello/my_ws/build/my_apriltag
[0.698s] DEBUG:colcon.colcon_core.event_handler.log_command:Invoking command in '/home/michele-zarantonello/my_ws/build/ir_movit_config': AMENT_PREFIX_PATH=/home/michele-zarantonello/my_ws/install/ir_desription:${AMENT_PREFIX_PATH} CMAKE_PREFIX_PATH=/home/michele-zarantonello/my_ws/install/ir_desription:/opt/ros/jazzy/opt/gz_sim_vendor:/opt/ros/jazzy/opt/gz_sensors_vendor:/opt/ros/jazzy/opt/gz_physics_vendor:/opt/ros/jazzy/opt/sdformat_vendor:/opt/ros/jazzy/opt/gz_gui_vendor:/opt/ros/jazzy/opt/gz_transport_vendor:/opt/ros/jazzy/opt/gz_rendering_vendor:/opt/ros/jazzy/opt/gz_plugin_vendor:/opt/ros/jazzy/opt/gz_fuel_tools_vendor:/opt/ros/jazzy/opt/gz_msgs_vendor:/opt/ros/jazzy/opt/gz_common_vendor:/opt/ros/jazzy/opt/gz_math_vendor:/opt/ros/jazzy/opt/gz_utils_vendor:/opt/ros/jazzy/opt/gz_tools_vendor:/opt/ros/jazzy/opt/gz_ogre_next_vendor:/opt/ros/jazzy/opt/gz_dartsim_vendor:/opt/ros/jazzy/opt/gz_cmake_vendor:/opt/ros/jazzy DEBUGINFOD_URLS=https://debuginfod.ubuntu.com /usr/bin/cmake --build /home/michele-zarantonello/my_ws/build/ir_movit_config -- -j8 -l8
[0.699s] DEBUG:colcon.colcon_core.event_handler.log_command:Invoked command in '/home/michele-zarantonello/my_ws/build/apriltag_ros' returned '0': CMAKE_PREFIX_PATH=${CMAKE_PREFIX_PATH}:/opt/ros/jazzy DEBUGINFOD_URLS=https://debuginfod.ubuntu.com /usr/bin/cmake --build /home/michele-zarantonello/my_ws/build/apriltag_ros -- -j8 -l8
[0.701s] DEBUG:colcon.colcon_core.event_handler.log_command:Invoking command in '/home/michele-zarantonello/my_ws/build/apriltag_ros': CMAKE_PREFIX_PATH=${CMAKE_PREFIX_PATH}:/opt/ros/jazzy DEBUGINFOD_URLS=https://debuginfod.ubuntu.com /usr/bin/cmake --install /home/michele-zarantonello/my_ws/build/apriltag_ros
[0.712s] Level 1:colcon.colcon_core.environment:create_environment_scripts_only(my_apriltag)
[0.713s] Level 1:colcon.colcon_core.environment:checking '/home/michele-zarantonello/my_ws/install/my_apriltag' for CMake module files
[0.714s] Level 1:colcon.colcon_core.environment:checking '/home/michele-zarantonello/my_ws/install/my_apriltag' for CMake config files
[0.714s] Level 1:colcon.colcon_core.shell:create_environment_hook('my_apriltag', 'cmake_prefix_path')
[0.715s] INFO:colcon.colcon_core.shell:Creating environment hook '/home/michele-zarantonello/my_ws/install/my_apriltag/share/my_apriltag/hook/cmake_prefix_path.ps1'
[0.718s] DEBUG:colcon.colcon_core.event_handler.log_command:Invoked command in '/home/michele-zarantonello/my_ws/build/my_apriltag' returned '0': CMAKE_PREFIX_PATH=${CMAKE_PREFIX_PATH}:/opt/ros/jazzy DEBUGINFOD_URLS=https://debuginfod.ubuntu.com /usr/bin/cmake --install /home/michele-zarantonello/my_ws/build/my_apriltag
[0.718s] INFO:colcon.colcon_core.shell:Creating environment descriptor '/home/michele-zarantonello/my_ws/install/my_apriltag/share/my_apriltag/hook/cmake_prefix_path.dsv'
[0.719s] INFO:colcon.colcon_core.shell:Creating environment hook '/home/michele-zarantonello/my_ws/install/my_apriltag/share/my_apriltag/hook/cmake_prefix_path.sh'
[0.719s] Level 1:colcon.colcon_core.environment:checking '/home/michele-zarantonello/my_ws/install/my_apriltag/lib'
[0.720s] Level 1:colcon.colcon_core.shell:create_environment_hook('my_apriltag', 'ld_library_path_lib')
[0.720s] INFO:colcon.colcon_core.shell:Creating environment hook '/home/michele-zarantonello/my_ws/install/my_apriltag/share/my_apriltag/hook/ld_library_path_lib.ps1'
[0.720s] INFO:colcon.colcon_core.shell:Creating environment descriptor '/home/michele-zarantonello/my_ws/install/my_apriltag/share/my_apriltag/hook/ld_library_path_lib.dsv'
[0.721s] INFO:colcon.colcon_core.shell:Creating environment hook '/home/michele-zarantonello/my_ws/install/my_apriltag/share/my_apriltag/hook/ld_library_path_lib.sh'
[0.722s] Level 1:colcon.colcon_core.environment:checking '/home/michele-zarantonello/my_ws/install/my_apriltag/bin'
[0.722s] Level 1:colcon.colcon_core.environment:checking '/home/michele-zarantonello/my_ws/install/my_apriltag/lib/pkgconfig/my_apriltag.pc'
[0.723s] Level 1:colcon.colcon_core.environment:checking '/home/michele-zarantonello/my_ws/install/my_apriltag/lib/python3.12/site-packages'
[0.723s] Level 1:colcon.colcon_core.environment:checking '/home/michele-zarantonello/my_ws/install/my_apriltag/bin'
[0.724s] INFO:colcon.colcon_core.shell:Creating package script '/home/michele-zarantonello/my_ws/install/my_apriltag/share/my_apriltag/package.ps1'
[0.728s] INFO:colcon.colcon_core.shell:Creating package descriptor '/home/michele-zarantonello/my_ws/install/my_apriltag/share/my_apriltag/package.dsv'
[0.732s] INFO:colcon.colcon_core.shell:Creating package script '/home/michele-zarantonello/my_ws/install/my_apriltag/share/my_apriltag/package.sh'
[0.735s] INFO:colcon.colcon_core.shell:Creating package script '/home/michele-zarantonello/my_ws/install/my_apriltag/share/my_apriltag/package.bash'
[0.735s] INFO:colcon.colcon_core.shell:Creating package script '/home/michele-zarantonello/my_ws/install/my_apriltag/share/my_apriltag/package.zsh'
[0.736s] Level 1:colcon.colcon_core.environment:create_file_with_runtime_dependencies(/home/michele-zarantonello/my_ws/install/my_apriltag/share/colcon-core/packages/my_apriltag)
[0.737s] Level 1:colcon.colcon_core.environment:create_environment_scripts_only(my_apriltag)
[0.737s] Level 1:colcon.colcon_core.environment:checking '/home/michele-zarantonello/my_ws/install/my_apriltag' for CMake module files
[0.738s] Level 1:colcon.colcon_core.environment:checking '/home/michele-zarantonello/my_ws/install/my_apriltag' for CMake config files
[0.739s] Level 1:colcon.colcon_core.shell:create_environment_hook('my_apriltag', 'cmake_prefix_path')
[0.739s] INFO:colcon.colcon_core.shell:Creating environment hook '/home/michele-zarantonello/my_ws/install/my_apriltag/share/my_apriltag/hook/cmake_prefix_path.ps1'
[0.740s] INFO:colcon.colcon_core.shell:Creating environment descriptor '/home/michele-zarantonello/my_ws/install/my_apriltag/share/my_apriltag/hook/cmake_prefix_path.dsv'
[0.741s] INFO:colcon.colcon_core.shell:Creating environment hook '/home/michele-zarantonello/my_ws/install/my_apriltag/share/my_apriltag/hook/cmake_prefix_path.sh'
[0.742s] Level 1:colcon.colcon_core.environment:checking '/home/michele-zarantonello/my_ws/install/my_apriltag/lib'
[0.743s] Level 1:colcon.colcon_core.shell:create_environment_hook('my_apriltag', 'ld_library_path_lib')
[0.744s] INFO:colcon.colcon_core.shell:Creating environment hook '/home/michele-zarantonello/my_ws/install/my_apriltag/share/my_apriltag/hook/ld_library_path_lib.ps1'
[0.745s] INFO:colcon.colcon_core.shell:Creating environment descriptor '/home/michele-zarantonello/my_ws/install/my_apriltag/share/my_apriltag/hook/ld_library_path_lib.dsv'
[0.745s] INFO:colcon.colcon_core.shell:Creating environment hook '/home/michele-zarantonello/my_ws/install/my_apriltag/share/my_apriltag/hook/ld_library_path_lib.sh'
[0.746s] Level 1:colcon.colcon_core.environment:checking '/home/michele-zarantonello/my_ws/install/my_apriltag/bin'
[0.746s] Level 1:colcon.colcon_core.environment:checking '/home/michele-zarantonello/my_ws/install/my_apriltag/lib/pkgconfig/my_apriltag.pc'
[0.746s] Level 1:colcon.colcon_core.environment:checking '/home/michele-zarantonello/my_ws/install/my_apriltag/lib/python3.12/site-packages'
[0.747s] Level 1:colcon.colcon_core.environment:checking '/home/michele-zarantonello/my_ws/install/my_apriltag/bin'
[0.747s] INFO:colcon.colcon_core.shell:Creating package script '/home/michele-zarantonello/my_ws/install/my_apriltag/share/my_apriltag/package.ps1'
[0.748s] INFO:colcon.colcon_core.shell:Creating package descriptor '/home/michele-zarantonello/my_ws/install/my_apriltag/share/my_apriltag/package.dsv'
[0.749s] INFO:colcon.colcon_core.shell:Creating package script '/home/michele-zarantonello/my_ws/install/my_apriltag/share/my_apriltag/package.sh'
[0.750s] INFO:colcon.colcon_core.shell:Creating package script '/home/michele-zarantonello/my_ws/install/my_apriltag/share/my_apriltag/package.bash'
[0.751s] INFO:colcon.colcon_core.shell:Creating package script '/home/michele-zarantonello/my_ws/install/my_apriltag/share/my_apriltag/package.zsh'
[0.752s] Level 1:colcon.colcon_core.environment:create_file_with_runtime_dependencies(/home/michele-zarantonello/my_ws/install/my_apriltag/share/colcon-core/packages/my_apriltag)
[0.754s] Level 1:colcon.colcon_core.environment:create_environment_scripts_only(apriltag_ros)
[0.755s] Level 1:colcon.colcon_core.environment:checking '/home/michele-zarantonello/my_ws/install/apriltag_ros' for CMake module files
[0.756s] Level 1:colcon.colcon_core.environment:checking '/home/michele-zarantonello/my_ws/install/apriltag_ros' for CMake config files
[0.757s] DEBUG:colcon.colcon_core.event_handler.log_command:Invoked command in '/home/michele-zarantonello/my_ws/build/apriltag_ros' returned '0': CMAKE_PREFIX_PATH=${CMAKE_PREFIX_PATH}:/opt/ros/jazzy DEBUGINFOD_URLS=https://debuginfod.ubuntu.com /usr/bin/cmake --install /home/michele-zarantonello/my_ws/build/apriltag_ros
[0.758s] Level 1:colcon.colcon_core.shell:create_environment_hook('apriltag_ros', 'cmake_prefix_path')
[0.759s] INFO:colcon.colcon_core.shell:Creating environment hook '/home/michele-zarantonello/my_ws/install/apriltag_ros/share/apriltag_ros/hook/cmake_prefix_path.ps1'
[0.760s] INFO:colcon.colcon_core.shell:Creating environment descriptor '/home/michele-zarantonello/my_ws/install/apriltag_ros/share/apriltag_ros/hook/cmake_prefix_path.dsv'
[0.761s] INFO:colcon.colcon_core.shell:Creating environment hook '/home/michele-zarantonello/my_ws/install/apriltag_ros/share/apriltag_ros/hook/cmake_prefix_path.sh'
[0.763s] Level 1:colcon.colcon_core.environment:checking '/home/michele-zarantonello/my_ws/install/apriltag_ros/lib'
[0.763s] Level 1:colcon.colcon_core.shell:create_environment_hook('apriltag_ros', 'ld_library_path_lib')
[0.763s] INFO:colcon.colcon_core.shell:Creating environment hook '/home/michele-zarantonello/my_ws/install/apriltag_ros/share/apriltag_ros/hook/ld_library_path_lib.ps1'
[0.765s] INFO:colcon.colcon_core.shell:Creating environment descriptor '/home/michele-zarantonello/my_ws/install/apriltag_ros/share/apriltag_ros/hook/ld_library_path_lib.dsv'
[0.766s] INFO:colcon.colcon_core.shell:Creating environment hook '/home/michele-zarantonello/my_ws/install/apriltag_ros/share/apriltag_ros/hook/ld_library_path_lib.sh'
[0.767s] Level 1:colcon.colcon_core.environment:checking '/home/michele-zarantonello/my_ws/install/apriltag_ros/bin'
[0.767s] Level 1:colcon.colcon_core.environment:checking '/home/michele-zarantonello/my_ws/install/apriltag_ros/lib/pkgconfig/apriltag_ros.pc'
[0.768s] Level 1:colcon.colcon_core.environment:checking '/home/michele-zarantonello/my_ws/install/apriltag_ros/lib/python3.12/site-packages'
[0.768s] Level 1:colcon.colcon_core.environment:checking '/home/michele-zarantonello/my_ws/install/apriltag_ros/bin'
[0.769s] INFO:colcon.colcon_core.shell:Creating package script '/home/michele-zarantonello/my_ws/install/apriltag_ros/share/apriltag_ros/package.ps1'
[0.770s] INFO:colcon.colcon_core.shell:Creating package descriptor '/home/michele-zarantonello/my_ws/install/apriltag_ros/share/apriltag_ros/package.dsv'
[0.771s] INFO:colcon.colcon_core.shell:Creating package script '/home/michele-zarantonello/my_ws/install/apriltag_ros/share/apriltag_ros/package.sh'
[0.771s] INFO:colcon.colcon_core.shell:Creating package script '/home/michele-zarantonello/my_ws/install/apriltag_ros/share/apriltag_ros/package.bash'
[0.772s] INFO:colcon.colcon_core.shell:Creating package script '/home/michele-zarantonello/my_ws/install/apriltag_ros/share/apriltag_ros/package.zsh'
[0.773s] Level 1:colcon.colcon_core.environment:create_file_with_runtime_dependencies(/home/michele-zarantonello/my_ws/install/apriltag_ros/share/colcon-core/packages/apriltag_ros)
[0.773s] Level 1:colcon.colcon_core.environment:create_environment_scripts_only(apriltag_ros)
[0.774s] Level 1:colcon.colcon_core.environment:checking '/home/michele-zarantonello/my_ws/install/apriltag_ros' for CMake module files
[0.775s] Level 1:colcon.colcon_core.environment:checking '/home/michele-zarantonello/my_ws/install/apriltag_ros' for CMake config files
[0.776s] Level 1:colcon.colcon_core.shell:create_environment_hook('apriltag_ros', 'cmake_prefix_path')
[0.777s] INFO:colcon.colcon_core.shell:Creating environment hook '/home/michele-zarantonello/my_ws/install/apriltag_ros/share/apriltag_ros/hook/cmake_prefix_path.ps1'
[0.778s] INFO:colcon.colcon_core.shell:Creating environment descriptor '/home/michele-zarantonello/my_ws/install/apriltag_ros/share/apriltag_ros/hook/cmake_prefix_path.dsv'
[0.778s] INFO:colcon.colcon_core.shell:Creating environment hook '/home/michele-zarantonello/my_ws/install/apriltag_ros/share/apriltag_ros/hook/cmake_prefix_path.sh'
[0.779s] Level 1:colcon.colcon_core.environment:checking '/home/michele-zarantonello/my_ws/install/apriltag_ros/lib'
[0.779s] Level 1:colcon.colcon_core.shell:create_environment_hook('apriltag_ros', 'ld_library_path_lib')
[0.780s] INFO:colcon.colcon_core.shell:Creating environment hook '/home/michele-zarantonello/my_ws/install/apriltag_ros/share/apriltag_ros/hook/ld_library_path_lib.ps1'
[0.780s] INFO:colcon.colcon_core.shell:Creating environment descriptor '/home/michele-zarantonello/my_ws/install/apriltag_ros/share/apriltag_ros/hook/ld_library_path_lib.dsv'
[0.781s] INFO:colcon.colcon_core.shell:Creating environment hook '/home/michele-zarantonello/my_ws/install/apriltag_ros/share/apriltag_ros/hook/ld_library_path_lib.sh'
[0.781s] Level 1:colcon.colcon_core.environment:checking '/home/michele-zarantonello/my_ws/install/apriltag_ros/bin'
[0.782s] Level 1:colcon.colcon_core.environment:checking '/home/michele-zarantonello/my_ws/install/apriltag_ros/lib/pkgconfig/apriltag_ros.pc'
[0.782s] Level 1:colcon.colcon_core.environment:checking '/home/michele-zarantonello/my_ws/install/apriltag_ros/lib/python3.12/site-packages'
[0.782s] Level 1:colcon.colcon_core.environment:checking '/home/michele-zarantonello/my_ws/install/apriltag_ros/bin'
[0.783s] INFO:colcon.colcon_core.shell:Creating package script '/home/michele-zarantonello/my_ws/install/apriltag_ros/share/apriltag_ros/package.ps1'
[0.784s] INFO:colcon.colcon_core.shell:Creating package descriptor '/home/michele-zarantonello/my_ws/install/apriltag_ros/share/apriltag_ros/package.dsv'
[0.785s] INFO:colcon.colcon_core.shell:Creating package script '/home/michele-zarantonello/my_ws/install/apriltag_ros/share/apriltag_ros/package.sh'
[0.786s] INFO:colcon.colcon_core.shell:Creating package script '/home/michele-zarantonello/my_ws/install/apriltag_ros/share/apriltag_ros/package.bash'
[0.787s] INFO:colcon.colcon_core.shell:Creating package script '/home/michele-zarantonello/my_ws/install/apriltag_ros/share/apriltag_ros/package.zsh'
[0.787s] Level 1:colcon.colcon_core.environment:create_file_with_runtime_dependencies(/home/michele-zarantonello/my_ws/install/apriltag_ros/share/colcon-core/packages/apriltag_ros)
[0.815s] DEBUG:colcon.colcon_core.event_handler.log_command:Invoked command in '/home/michele-zarantonello/my_ws/build/ir_movit_config' returned '0': AMENT_PREFIX_PATH=/home/michele-zarantonello/my_ws/install/ir_desription:${AMENT_PREFIX_PATH} CMAKE_PREFIX_PATH=/home/michele-zarantonello/my_ws/install/ir_desription:/opt/ros/jazzy/opt/gz_sim_vendor:/opt/ros/jazzy/opt/gz_sensors_vendor:/opt/ros/jazzy/opt/gz_physics_vendor:/opt/ros/jazzy/opt/sdformat_vendor:/opt/ros/jazzy/opt/gz_gui_vendor:/opt/ros/jazzy/opt/gz_transport_vendor:/opt/ros/jazzy/opt/gz_rendering_vendor:/opt/ros/jazzy/opt/gz_plugin_vendor:/opt/ros/jazzy/opt/gz_fuel_tools_vendor:/opt/ros/jazzy/opt/gz_msgs_vendor:/opt/ros/jazzy/opt/gz_common_vendor:/opt/ros/jazzy/opt/gz_math_vendor:/opt/ros/jazzy/opt/gz_utils_vendor:/opt/ros/jazzy/opt/gz_tools_vendor:/opt/ros/jazzy/opt/gz_ogre_next_vendor:/opt/ros/jazzy/opt/gz_dartsim_vendor:/opt/ros/jazzy/opt/gz_cmake_vendor:/opt/ros/jazzy DEBUGINFOD_URLS=https://debuginfod.ubuntu.com /usr/bin/cmake --build /home/michele-zarantonello/my_ws/build/ir_movit_config -- -j8 -l8
[0.817s] DEBUG:colcon.colcon_core.event_handler.log_command:Invoking command in '/home/michele-zarantonello/my_ws/build/ir_movit_config': AMENT_PREFIX_PATH=/home/michele-zarantonello/my_ws/install/ir_desription:${AMENT_PREFIX_PATH} CMAKE_PREFIX_PATH=/home/michele-zarantonello/my_ws/install/ir_desription:/opt/ros/jazzy/opt/gz_sim_vendor:/opt/ros/jazzy/opt/gz_sensors_vendor:/opt/ros/jazzy/opt/gz_physics_vendor:/opt/ros/jazzy/opt/sdformat_vendor:/opt/ros/jazzy/opt/gz_gui_vendor:/opt/ros/jazzy/opt/gz_transport_vendor:/opt/ros/jazzy/opt/gz_rendering_vendor:/opt/ros/jazzy/opt/gz_plugin_vendor:/opt/ros/jazzy/opt/gz_fuel_tools_vendor:/opt/ros/jazzy/opt/gz_msgs_vendor:/opt/ros/jazzy/opt/gz_common_vendor:/opt/ros/jazzy/opt/gz_math_vendor:/opt/ros/jazzy/opt/gz_utils_vendor:/opt/ros/jazzy/opt/gz_tools_vendor:/opt/ros/jazzy/opt/gz_ogre_next_vendor:/opt/ros/jazzy/opt/gz_dartsim_vendor:/opt/ros/jazzy/opt/gz_cmake_vendor:/opt/ros/jazzy DEBUGINFOD_URLS=https://debuginfod.ubuntu.com /usr/bin/cmake --install /home/michele-zarantonello/my_ws/build/ir_movit_config
[0.834s] Level 1:colcon.colcon_core.environment:create_environment_scripts_only(ir_movit_config)
[0.834s] Level 1:colcon.colcon_core.environment:checking '/home/michele-zarantonello/my_ws/install/ir_movit_config' for CMake module files
[0.838s] Level 1:colcon.colcon_core.environment:checking '/home/michele-zarantonello/my_ws/install/ir_movit_config' for CMake config files
[0.839s] DEBUG:colcon.colcon_core.event_handler.log_command:Invoked command in '/home/michele-zarantonello/my_ws/build/ir_movit_config' returned '0': AMENT_PREFIX_PATH=/home/michele-zarantonello/my_ws/install/ir_desription:${AMENT_PREFIX_PATH} CMAKE_PREFIX_PATH=/home/michele-zarantonello/my_ws/install/ir_desription:/opt/ros/jazzy/opt/gz_sim_vendor:/opt/ros/jazzy/opt/gz_sensors_vendor:/opt/ros/jazzy/opt/gz_physics_vendor:/opt/ros/jazzy/opt/sdformat_vendor:/opt/ros/jazzy/opt/gz_gui_vendor:/opt/ros/jazzy/opt/gz_transport_vendor:/opt/ros/jazzy/opt/gz_rendering_vendor:/opt/ros/jazzy/opt/gz_plugin_vendor:/opt/ros/jazzy/opt/gz_fuel_tools_vendor:/opt/ros/jazzy/opt/gz_msgs_vendor:/opt/ros/jazzy/opt/gz_common_vendor:/opt/ros/jazzy/opt/gz_math_vendor:/opt/ros/jazzy/opt/gz_utils_vendor:/opt/ros/jazzy/opt/gz_tools_vendor:/opt/ros/jazzy/opt/gz_ogre_next_vendor:/opt/ros/jazzy/opt/gz_dartsim_vendor:/opt/ros/jazzy/opt/gz_cmake_vendor:/opt/ros/jazzy DEBUGINFOD_URLS=https://debuginfod.ubuntu.com /usr/bin/cmake --install /home/michele-zarantonello/my_ws/build/ir_movit_config
[0.839s] Level 1:colcon.colcon_core.shell:create_environment_hook('ir_movit_config', 'cmake_prefix_path')
[0.839s] INFO:colcon.colcon_core.shell:Creating environment hook '/home/michele-zarantonello/my_ws/install/ir_movit_config/share/ir_movit_config/hook/cmake_prefix_path.ps1'
[0.840s] INFO:colcon.colcon_core.shell:Creating environment descriptor '/home/michele-zarantonello/my_ws/install/ir_movit_config/share/ir_movit_config/hook/cmake_prefix_path.dsv'
[0.840s] INFO:colcon.colcon_core.shell:Creating environment hook '/home/michele-zarantonello/my_ws/install/ir_movit_config/share/ir_movit_config/hook/cmake_prefix_path.sh'
[0.841s] Level 1:colcon.colcon_core.environment:checking '/home/michele-zarantonello/my_ws/install/ir_movit_config/lib'
[0.841s] Level 1:colcon.colcon_core.environment:checking '/home/michele-zarantonello/my_ws/install/ir_movit_config/bin'
[0.841s] Level 1:colcon.colcon_core.environment:checking '/home/michele-zarantonello/my_ws/install/ir_movit_config/lib/pkgconfig/ir_movit_config.pc'
[0.842s] Level 1:colcon.colcon_core.environment:checking '/home/michele-zarantonello/my_ws/install/ir_movit_config/lib/python3.12/site-packages'
[0.842s] Level 1:colcon.colcon_core.environment:checking '/home/michele-zarantonello/my_ws/install/ir_movit_config/bin'
[0.842s] INFO:colcon.colcon_core.shell:Creating package script '/home/michele-zarantonello/my_ws/install/ir_movit_config/share/ir_movit_config/package.ps1'
[0.843s] INFO:colcon.colcon_core.shell:Creating package descriptor '/home/michele-zarantonello/my_ws/install/ir_movit_config/share/ir_movit_config/package.dsv'
[0.844s] INFO:colcon.colcon_core.shell:Creating package script '/home/michele-zarantonello/my_ws/install/ir_movit_config/share/ir_movit_config/package.sh'
[0.844s] INFO:colcon.colcon_core.shell:Creating package script '/home/michele-zarantonello/my_ws/install/ir_movit_config/share/ir_movit_config/package.bash'
[0.845s] INFO:colcon.colcon_core.shell:Creating package script '/home/michele-zarantonello/my_ws/install/ir_movit_config/share/ir_movit_config/package.zsh'
[0.845s] Level 1:colcon.colcon_core.environment:create_file_with_runtime_dependencies(/home/michele-zarantonello/my_ws/install/ir_movit_config/share/colcon-core/packages/ir_movit_config)
[0.846s] Level 1:colcon.colcon_core.environment:create_environment_scripts_only(ir_movit_config)
[0.846s] Level 1:colcon.colcon_core.environment:checking '/home/michele-zarantonello/my_ws/install/ir_movit_config' for CMake module files
[0.847s] Level 1:colcon.colcon_core.environment:checking '/home/michele-zarantonello/my_ws/install/ir_movit_config' for CMake config files
[0.847s] Level 1:colcon.colcon_core.shell:create_environment_hook('ir_movit_config', 'cmake_prefix_path')
[0.847s] INFO:colcon.colcon_core.shell:Creating environment hook '/home/michele-zarantonello/my_ws/install/ir_movit_config/share/ir_movit_config/hook/cmake_prefix_path.ps1'
[0.847s] INFO:colcon.colcon_core.shell:Creating environment descriptor '/home/michele-zarantonello/my_ws/install/ir_movit_config/share/ir_movit_config/hook/cmake_prefix_path.dsv'
[0.848s] INFO:colcon.colcon_core.shell:Creating environment hook '/home/michele-zarantonello/my_ws/install/ir_movit_config/share/ir_movit_config/hook/cmake_prefix_path.sh'
[0.848s] Level 1:colcon.colcon_core.environment:checking '/home/michele-zarantonello/my_ws/install/ir_movit_config/lib'
[0.848s] Level 1:colcon.colcon_core.environment:checking '/home/michele-zarantonello/my_ws/install/ir_movit_config/bin'
[0.848s] Level 1:colcon.colcon_core.environment:checking '/home/michele-zarantonello/my_ws/install/ir_movit_config/lib/pkgconfig/ir_movit_config.pc'
[0.849s] Level 1:colcon.colcon_core.environment:checking '/home/michele-zarantonello/my_ws/install/ir_movit_config/lib/python3.12/site-packages'
[0.849s] Level 1:colcon.colcon_core.environment:checking '/home/michele-zarantonello/my_ws/install/ir_movit_config/bin'
[0.849s] INFO:colcon.colcon_core.shell:Creating package script '/home/michele-zarantonello/my_ws/install/ir_movit_config/share/ir_movit_config/package.ps1'
[0.850s] INFO:colcon.colcon_core.shell:Creating package descriptor '/home/michele-zarantonello/my_ws/install/ir_movit_config/share/ir_movit_config/package.dsv'
[0.850s] INFO:colcon.colcon_core.shell:Creating package script '/home/michele-zarantonello/my_ws/install/ir_movit_config/share/ir_movit_config/package.sh'
[0.850s] INFO:colcon.colcon_core.shell:Creating package script '/home/michele-zarantonello/my_ws/install/ir_movit_config/share/ir_movit_config/package.bash'
[0.851s] INFO:colcon.colcon_core.shell:Creating package script '/home/michele-zarantonello/my_ws/install/ir_movit_config/share/ir_movit_config/package.zsh'
[0.851s] Level 1:colcon.colcon_core.environment:create_file_with_runtime_dependencies(/home/michele-zarantonello/my_ws/install/ir_movit_config/share/colcon-core/packages/ir_movit_config)
[7.277s] DEBUG:colcon.colcon_core.event_handler.log_command:Invoked command in '/home/michele-zarantonello/my_ws/build/my_navigation' returned '0': CMAKE_PREFIX_PATH=${CMAKE_PREFIX_PATH}:/opt/ros/jazzy DEBUGINFOD_URLS=https://debuginfod.ubuntu.com /usr/bin/cmake --build /home/michele-zarantonello/my_ws/build/my_navigation -- -j8 -l8
[7.279s] DEBUG:colcon.colcon_core.event_handler.log_command:Invoking command in '/home/michele-zarantonello/my_ws/build/my_navigation': CMAKE_PREFIX_PATH=${CMAKE_PREFIX_PATH}:/opt/ros/jazzy DEBUGINFOD_URLS=https://debuginfod.ubuntu.com /usr/bin/cmake --install /home/michele-zarantonello/my_ws/build/my_navigation
[7.293s] Level 1:colcon.colcon_core.environment:create_environment_scripts_only(my_navigation)
[7.294s] DEBUG:colcon.colcon_core.event_handler.log_command:Invoked command in '/home/michele-zarantonello/my_ws/build/my_navigation' returned '0': CMAKE_PREFIX_PATH=${CMAKE_PREFIX_PATH}:/opt/ros/jazzy DEBUGINFOD_URLS=https://debuginfod.ubuntu.com /usr/bin/cmake --install /home/michele-zarantonello/my_ws/build/my_navigation
[7.294s] Level 1:colcon.colcon_core.environment:checking '/home/michele-zarantonello/my_ws/install/my_navigation' for CMake module files
[7.294s] Level 1:colcon.colcon_core.environment:checking '/home/michele-zarantonello/my_ws/install/my_navigation' for CMake config files
[7.295s] Level 1:colcon.colcon_core.shell:create_environment_hook('my_navigation', 'cmake_prefix_path')
[7.295s] INFO:colcon.colcon_core.shell:Creating environment hook '/home/michele-zarantonello/my_ws/install/my_navigation/share/my_navigation/hook/cmake_prefix_path.ps1'
[7.295s] INFO:colcon.colcon_core.shell:Creating environment descriptor '/home/michele-zarantonello/my_ws/install/my_navigation/share/my_navigation/hook/cmake_prefix_path.dsv'
[7.296s] INFO:colcon.colcon_core.shell:Creating environment hook '/home/michele-zarantonello/my_ws/install/my_navigation/share/my_navigation/hook/cmake_prefix_path.sh'
[7.296s] Level 1:colcon.colcon_core.environment:checking '/home/michele-zarantonello/my_ws/install/my_navigation/lib'
[7.296s] Level 1:colcon.colcon_core.environment:checking '/home/michele-zarantonello/my_ws/install/my_navigation/bin'
[7.296s] Level 1:colcon.colcon_core.environment:checking '/home/michele-zarantonello/my_ws/install/my_navigation/lib/pkgconfig/my_navigation.pc'
[7.297s] Level 1:colcon.colcon_core.environment:checking '/home/michele-zarantonello/my_ws/install/my_navigation/lib/python3.12/site-packages'
[7.297s] Level 1:colcon.colcon_core.environment:checking '/home/michele-zarantonello/my_ws/install/my_navigation/bin'
[7.297s] INFO:colcon.colcon_core.shell:Creating package script '/home/michele-zarantonello/my_ws/install/my_navigation/share/my_navigation/package.ps1'
[7.298s] INFO:colcon.colcon_core.shell:Creating package descriptor '/home/michele-zarantonello/my_ws/install/my_navigation/share/my_navigation/package.dsv'
[7.298s] INFO:colcon.colcon_core.shell:Creating package script '/home/michele-zarantonello/my_ws/install/my_navigation/share/my_navigation/package.sh'
[7.298s] INFO:colcon.colcon_core.shell:Creating package script '/home/michele-zarantonello/my_ws/install/my_navigation/share/my_navigation/package.bash'
[7.299s] INFO:colcon.colcon_core.shell:Creating package script '/home/michele-zarantonello/my_ws/install/my_navigation/share/my_navigation/package.zsh'
[7.299s] Level 1:colcon.colcon_core.environment:create_file_with_runtime_dependencies(/home/michele-zarantonello/my_ws/install/my_navigation/share/colcon-core/packages/my_navigation)
[7.300s] Level 1:colcon.colcon_core.environment:create_environment_scripts_only(my_navigation)
[7.300s] Level 1:colcon.colcon_core.environment:checking '/home/michele-zarantonello/my_ws/install/my_navigation' for CMake module files
[7.301s] Level 1:colcon.colcon_core.environment:checking '/home/michele-zarantonello/my_ws/install/my_navigation' for CMake config files
[7.301s] Level 1:colcon.colcon_core.shell:create_environment_hook('my_navigation', 'cmake_prefix_path')
[7.301s] INFO:colcon.colcon_core.shell:Creating environment hook '/home/michele-zarantonello/my_ws/install/my_navigation/share/my_navigation/hook/cmake_prefix_path.ps1'
[7.303s] INFO:colcon.colcon_core.shell:Creating environment descriptor '/home/michele-zarantonello/my_ws/install/my_navigation/share/my_navigation/hook/cmake_prefix_path.dsv'
[7.303s] INFO:colcon.colcon_core.shell:Creating environment hook '/home/michele-zarantonello/my_ws/install/my_navigation/share/my_navigation/hook/cmake_prefix_path.sh'
[7.305s] Level 1:colcon.colcon_core.environment:checking '/home/michele-zarantonello/my_ws/install/my_navigation/lib'
[7.305s] Level 1:colcon.colcon_core.environment:checking '/home/michele-zarantonello/my_ws/install/my_navigation/bin'
[7.305s] Level 1:colcon.colcon_core.environment:checking '/home/michele-zarantonello/my_ws/install/my_navigation/lib/pkgconfig/my_navigation.pc'
[7.305s] Level 1:colcon.colcon_core.environment:checking '/home/michele-zarantonello/my_ws/install/my_navigation/lib/python3.12/site-packages'
[7.306s] Level 1:colcon.colcon_core.environment:checking '/home/michele-zarantonello/my_ws/install/my_navigation/bin'
[7.306s] INFO:colcon.colcon_core.shell:Creating package script '/home/michele-zarantonello/my_ws/install/my_navigation/share/my_navigation/package.ps1'
[7.308s] INFO:colcon.colcon_core.shell:Creating package descriptor '/home/michele-zarantonello/my_ws/install/my_navigation/share/my_navigation/package.dsv'
[7.309s] INFO:colcon.colcon_core.shell:Creating package script '/home/michele-zarantonello/my_ws/install/my_navigation/share/my_navigation/package.sh'
[7.310s] INFO:colcon.colcon_core.shell:Creating package script '/home/michele-zarantonello/my_ws/install/my_navigation/share/my_navigation/package.bash'
[7.311s] INFO:colcon.colcon_core.shell:Creating package script '/home/michele-zarantonello/my_ws/install/my_navigation/share/my_navigation/package.zsh'
[7.311s] Level 1:colcon.colcon_core.environment:create_file_with_runtime_dependencies(/home/michele-zarantonello/my_ws/install/my_navigation/share/colcon-core/packages/my_navigation)
[7.312s] DEBUG:colcon.colcon_parallel_executor.executor.parallel:closing loop
[7.312s] DEBUG:colcon.colcon_parallel_executor.executor.parallel:loop closed
[7.312s] DEBUG:colcon.colcon_parallel_executor.executor.parallel:run_until_complete finished with '0'
[7.312s] DEBUG:colcon.colcon_core.event_reactor:joining thread
[7.320s] INFO:colcon.colcon_core.plugin_system:Skipping extension 'colcon_notification.desktop_notification.terminal_notifier': Not used on non-Darwin systems
[7.320s] INFO:colcon.colcon_core.plugin_system:Skipping extension 'colcon_notification.desktop_notification.win32': Not used on non-Windows systems
[7.320s] INFO:colcon.colcon_notification.desktop_notification:Sending desktop notification using 'notify2'
[7.343s] DEBUG:colcon.colcon_core.event_reactor:joined thread
[7.344s] INFO:colcon.colcon_core.shell:Creating prefix script '/home/michele-zarantonello/my_ws/install/local_setup.ps1'
[7.345s] INFO:colcon.colcon_core.shell:Creating prefix util module '/home/michele-zarantonello/my_ws/install/_local_setup_util_ps1.py'
[7.346s] INFO:colcon.colcon_core.shell:Creating prefix chain script '/home/michele-zarantonello/my_ws/install/setup.ps1'
[7.348s] INFO:colcon.colcon_core.shell:Creating prefix script '/home/michele-zarantonello/my_ws/install/local_setup.sh'
[7.348s] INFO:colcon.colcon_core.shell:Creating prefix util module '/home/michele-zarantonello/my_ws/install/_local_setup_util_sh.py'
[7.350s] INFO:colcon.colcon_core.shell:Creating prefix chain script '/home/michele-zarantonello/my_ws/install/setup.sh'
[7.351s] INFO:colcon.colcon_core.shell:Creating prefix script '/home/michele-zarantonello/my_ws/install/local_setup.bash'
[7.352s] INFO:colcon.colcon_core.shell:Creating prefix chain script '/home/michele-zarantonello/my_ws/install/setup.bash'
[7.353s] INFO:colcon.colcon_core.shell:Creating prefix script '/home/michele-zarantonello/my_ws/install/local_setup.zsh'
[7.354s] INFO:colcon.colcon_core.shell:Creating prefix chain script '/home/michele-zarantonello/my_ws/install/setup.zsh'
