[0.113s] DEBUG:colcon:Command line arguments: ['/usr/bin/colcon', 'build', '--packages-select', 'ir_2526']
[0.113s] DEBUG:colcon:Parsed command line arguments: Namespace(log_base=None, log_level=None, verb_name='build', build_base='build', install_base='install', merge_install=False, symlink_install=False, test_result_base=None, continue_on_error=False, executor='parallel', parallel_workers=8, event_handlers=None, ignore_user_meta=False, metas=['./colcon.meta'], base_paths=['.'], packages_ignore=None, packages_ignore_regex=None, paths=None, packages_up_to=None, packages_up_to_regex=None, packages_above=None, packages_above_and_dependencies=None, packages_above_depth=None, packages_select_by_dep=None, packages_skip_by_dep=None, packages_skip_up_to=None, packages_select_build_failed=False, packages_skip_build_finished=False, packages_select_test_failures=False, packages_skip_test_passed=False, packages_select=['ir_2526'], packages_skip=None, packages_select_regex=None, packages_skip_regex=None, packages_start=None, packages_end=None, allow_overriding=[], cmake_args=None, cmake_target=None, cmake_target_skip_unavailable=False, cmake_clean_cache=False, cmake_clean_first=False, cmake_force_configure=False, ament_cmake_args=None, catkin_cmake_args=None, catkin_skip_building_tests=False, mixin_files=None, mixin=None, verb_parser=<colcon_mixin.mixin.mixin_argument.MixinArgumentDecorator object at 0x79151eead640>, verb_extension=<colcon_core.verb.build.BuildVerb object at 0x79151fcc2660>, main=<bound method BuildVerb.main of <colcon_core.verb.build.BuildVerb object at 0x79151fcc2660>>, mixin_verb=('build',))
[0.156s] Level 1:colcon.colcon_core.package_discovery:discover_packages(colcon_meta) check parameters
[0.156s] Level 1:colcon.colcon_core.package_discovery:discover_packages(recursive) check parameters
[0.156s] Level 1:colcon.colcon_core.package_discovery:discover_packages(ignore) check parameters
[0.156s] Level 1:colcon.colcon_core.package_discovery:discover_packages(path) check parameters
[0.156s] Level 1:colcon.colcon_core.package_discovery:discover_packages(colcon_meta) discover
[0.157s] Level 1:colcon.colcon_core.package_discovery:discover_packages(recursive) discover
[0.157s] INFO:colcon.colcon_core.package_discovery:Crawling recursively for packages in '/home/michele-zarantonello/ws_32_assignments/src'
[0.157s] Level 1:colcon.colcon_core.package_identification:_identify(.) by extensions ['ignore', 'ignore_ament_install']
[0.157s] Level 1:colcon.colcon_core.package_identification:_identify(.) by extension 'ignore'
[0.157s] Level 1:colcon.colcon_core.package_identification:_identify(.) by extension 'ignore_ament_install'
[0.157s] Level 1:colcon.colcon_core.package_identification:_identify(.) by extensions ['colcon_pkg']
[0.157s] Level 1:colcon.colcon_core.package_identification:_identify(.) by extension 'colcon_pkg'
[0.157s] Level 1:colcon.colcon_core.package_identification:_identify(.) by extensions ['colcon_meta']
[0.157s] Level 1:colcon.colcon_core.package_identification:_identify(.) by extension 'colcon_meta'
[0.157s] Level 1:colcon.colcon_core.package_identification:_identify(.) by extensions ['ros']
[0.157s] Level 1:colcon.colcon_core.package_identification:_identify(.) by extension 'ros'
[0.182s] Level 1:colcon.colcon_core.package_identification:_identify(.) by extensions ['cmake', 'python']
[0.182s] Level 1:colcon.colcon_core.package_identification:_identify(.) by extension 'cmake'
[0.182s] Level 1:colcon.colcon_core.package_identification:_identify(.) by extension 'python'
[0.182s] Level 1:colcon.colcon_core.package_identification:_identify(.) by extensions ['python_setup_py']
[0.182s] Level 1:colcon.colcon_core.package_identification:_identify(.) by extension 'python_setup_py'
[0.182s] Level 1:colcon.colcon_core.package_identification:_identify(build) by extensions ['ignore', 'ignore_ament_install']
[0.182s] Level 1:colcon.colcon_core.package_identification:_identify(build) by extension 'ignore'
[0.182s] Level 1:colcon.colcon_core.package_identification:_identify(build) ignored
[0.182s] Level 1:colcon.colcon_core.package_identification:_identify(group_32_assignment_1) by extensions ['ignore', 'ignore_ament_install']
[0.182s] Level 1:colcon.colcon_core.package_identification:_identify(group_32_assignment_1) by extension 'ignore'
[0.182s] Level 1:colcon.colcon_core.package_identification:_identify(group_32_assignment_1) by extension 'ignore_ament_install'
[0.182s] Level 1:colcon.colcon_core.package_identification:_identify(group_32_assignment_1) by extensions ['colcon_pkg']
[0.182s] Level 1:colcon.colcon_core.package_identification:_identify(group_32_assignment_1) by extension 'colcon_pkg'
[0.182s] Level 1:colcon.colcon_core.package_identification:_identify(group_32_assignment_1) by extensions ['colcon_meta']
[0.182s] Level 1:colcon.colcon_core.package_identification:_identify(group_32_assignment_1) by extension 'colcon_meta'
[0.182s] Level 1:colcon.colcon_core.package_identification:_identify(group_32_assignment_1) by extensions ['ros']
[0.182s] Level 1:colcon.colcon_core.package_identification:_identify(group_32_assignment_1) by extension 'ros'
[0.184s] DEBUG:colcon.colcon_core.package_identification:Package 'group_32_assignment_1' with type 'ros.ament_cmake' and name 'group_32_assignment_1'
[0.185s] Level 1:colcon.colcon_core.package_identification:_identify(install) by extensions ['ignore', 'ignore_ament_install']
[0.185s] Level 1:colcon.colcon_core.package_identification:_identify(install) by extension 'ignore'
[0.185s] Level 1:colcon.colcon_core.package_identification:_identify(install) ignored
[0.185s] Level 1:colcon.colcon_core.package_identification:_identify(ir_2526) by extensions ['ignore', 'ignore_ament_install']
[0.185s] Level 1:colcon.colcon_core.package_identification:_identify(ir_2526) by extension 'ignore'
[0.185s] Level 1:colcon.colcon_core.package_identification:_identify(ir_2526) by extension 'ignore_ament_install'
[0.185s] Level 1:colcon.colcon_core.package_identification:_identify(ir_2526) by extensions ['colcon_pkg']
[0.185s] Level 1:colcon.colcon_core.package_identification:_identify(ir_2526) by extension 'colcon_pkg'
[0.185s] Level 1:colcon.colcon_core.package_identification:_identify(ir_2526) by extensions ['colcon_meta']
[0.185s] Level 1:colcon.colcon_core.package_identification:_identify(ir_2526) by extension 'colcon_meta'
[0.185s] Level 1:colcon.colcon_core.package_identification:_identify(ir_2526) by extensions ['ros']
[0.185s] Level 1:colcon.colcon_core.package_identification:_identify(ir_2526) by extension 'ros'
[0.185s] Level 1:colcon.colcon_core.package_identification:_identify(ir_2526) by extensions ['cmake', 'python']
[0.185s] Level 1:colcon.colcon_core.package_identification:_identify(ir_2526) by extension 'cmake'
[0.185s] Level 1:colcon.colcon_core.package_identification:_identify(ir_2526) by extension 'python'
[0.185s] Level 1:colcon.colcon_core.package_identification:_identify(ir_2526) by extensions ['python_setup_py']
[0.185s] Level 1:colcon.colcon_core.package_identification:_identify(ir_2526) by extension 'python_setup_py'
[0.185s] Level 1:colcon.colcon_core.package_identification:_identify(ir_2526/apriltag_ros) by extensions ['ignore', 'ignore_ament_install']
[0.185s] Level 1:colcon.colcon_core.package_identification:_identify(ir_2526/apriltag_ros) by extension 'ignore'
[0.185s] Level 1:colcon.colcon_core.package_identification:_identify(ir_2526/apriltag_ros) by extension 'ignore_ament_install'
[0.186s] Level 1:colcon.colcon_core.package_identification:_identify(ir_2526/apriltag_ros) by extensions ['colcon_pkg']
[0.186s] Level 1:colcon.colcon_core.package_identification:_identify(ir_2526/apriltag_ros) by extension 'colcon_pkg'
[0.186s] Level 1:colcon.colcon_core.package_identification:_identify(ir_2526/apriltag_ros) by extensions ['colcon_meta']
[0.186s] Level 1:colcon.colcon_core.package_identification:_identify(ir_2526/apriltag_ros) by extension 'colcon_meta'
[0.186s] Level 1:colcon.colcon_core.package_identification:_identify(ir_2526/apriltag_ros) by extensions ['ros']
[0.186s] Level 1:colcon.colcon_core.package_identification:_identify(ir_2526/apriltag_ros) by extension 'ros'
[0.189s] DEBUG:colcon.colcon_core.package_identification:Package 'ir_2526/apriltag_ros' with type 'ros.ament_cmake' and name 'apriltag_ros'
[0.189s] Level 1:colcon.colcon_core.package_identification:_identify(ir_2526/ir_base) by extensions ['ignore', 'ignore_ament_install']
[0.189s] Level 1:colcon.colcon_core.package_identification:_identify(ir_2526/ir_base) by extension 'ignore'
[0.189s] Level 1:colcon.colcon_core.package_identification:_identify(ir_2526/ir_base) by extension 'ignore_ament_install'
[0.189s] Level 1:colcon.colcon_core.package_identification:_identify(ir_2526/ir_base) by extensions ['colcon_pkg']
[0.189s] Level 1:colcon.colcon_core.package_identification:_identify(ir_2526/ir_base) by extension 'colcon_pkg'
[0.189s] Level 1:colcon.colcon_core.package_identification:_identify(ir_2526/ir_base) by extensions ['colcon_meta']
[0.189s] Level 1:colcon.colcon_core.package_identification:_identify(ir_2526/ir_base) by extension 'colcon_meta'
[0.189s] Level 1:colcon.colcon_core.package_identification:_identify(ir_2526/ir_base) by extensions ['ros']
[0.189s] Level 1:colcon.colcon_core.package_identification:_identify(ir_2526/ir_base) by extension 'ros'
[0.190s] DEBUG:colcon.colcon_core.package_identification:Package 'ir_2526/ir_base' with type 'ros.ament_cmake' and name 'ir_base'
[0.190s] Level 1:colcon.colcon_core.package_identification:_identify(ir_2526/ir_desription) by extensions ['ignore', 'ignore_ament_install']
[0.190s] Level 1:colcon.colcon_core.package_identification:_identify(ir_2526/ir_desription) by extension 'ignore'
[0.190s] Level 1:colcon.colcon_core.package_identification:_identify(ir_2526/ir_desription) by extension 'ignore_ament_install'
[0.190s] Level 1:colcon.colcon_core.package_identification:_identify(ir_2526/ir_desription) by extensions ['colcon_pkg']
[0.190s] Level 1:colcon.colcon_core.package_identification:_identify(ir_2526/ir_desription) by extension 'colcon_pkg'
[0.191s] Level 1:colcon.colcon_core.package_identification:_identify(ir_2526/ir_desription) by extensions ['colcon_meta']
[0.191s] Level 1:colcon.colcon_core.package_identification:_identify(ir_2526/ir_desription) by extension 'colcon_meta'
[0.191s] Level 1:colcon.colcon_core.package_identification:_identify(ir_2526/ir_desription) by extensions ['ros']
[0.191s] Level 1:colcon.colcon_core.package_identification:_identify(ir_2526/ir_desription) by extension 'ros'
[0.192s] DEBUG:colcon.colcon_core.package_identification:Package 'ir_2526/ir_desription' with type 'ros.ament_cmake' and name 'ir_desription'
[0.192s] Level 1:colcon.colcon_core.package_identification:_identify(ir_2526/ir_launch) by extensions ['ignore', 'ignore_ament_install']
[0.192s] Level 1:colcon.colcon_core.package_identification:_identify(ir_2526/ir_launch) by extension 'ignore'
[0.192s] Level 1:colcon.colcon_core.package_identification:_identify(ir_2526/ir_launch) by extension 'ignore_ament_install'
[0.192s] Level 1:colcon.colcon_core.package_identification:_identify(ir_2526/ir_launch) by extensions ['colcon_pkg']
[0.192s] Level 1:colcon.colcon_core.package_identification:_identify(ir_2526/ir_launch) by extension 'colcon_pkg'
[0.192s] Level 1:colcon.colcon_core.package_identification:_identify(ir_2526/ir_launch) by extensions ['colcon_meta']
[0.192s] Level 1:colcon.colcon_core.package_identification:_identify(ir_2526/ir_launch) by extension 'colcon_meta'
[0.192s] Level 1:colcon.colcon_core.package_identification:_identify(ir_2526/ir_launch) by extensions ['ros']
[0.192s] Level 1:colcon.colcon_core.package_identification:_identify(ir_2526/ir_launch) by extension 'ros'
[0.193s] DEBUG:colcon.colcon_core.package_identification:Package 'ir_2526/ir_launch' with type 'ros.ament_cmake' and name 'ir_launch'
[0.193s] Level 1:colcon.colcon_core.package_identification:_identify(ir_2526/ir_movit_config) by extensions ['ignore', 'ignore_ament_install']
[0.193s] Level 1:colcon.colcon_core.package_identification:_identify(ir_2526/ir_movit_config) by extension 'ignore'
[0.193s] Level 1:colcon.colcon_core.package_identification:_identify(ir_2526/ir_movit_config) by extension 'ignore_ament_install'
[0.193s] Level 1:colcon.colcon_core.package_identification:_identify(ir_2526/ir_movit_config) by extensions ['colcon_pkg']
[0.193s] Level 1:colcon.colcon_core.package_identification:_identify(ir_2526/ir_movit_config) by extension 'colcon_pkg'
[0.193s] Level 1:colcon.colcon_core.package_identification:_identify(ir_2526/ir_movit_config) by extensions ['colcon_meta']
[0.193s] Level 1:colcon.colcon_core.package_identification:_identify(ir_2526/ir_movit_config) by extension 'colcon_meta'
[0.193s] Level 1:colcon.colcon_core.package_identification:_identify(ir_2526/ir_movit_config) by extensions ['ros']
[0.193s] Level 1:colcon.colcon_core.package_identification:_identify(ir_2526/ir_movit_config) by extension 'ros'
[0.194s] DEBUG:colcon.colcon_core.package_identification:Package 'ir_2526/ir_movit_config' with type 'ros.ament_cmake' and name 'ir_movit_config'
[0.194s] Level 1:colcon.colcon_core.package_identification:_identify(log) by extensions ['ignore', 'ignore_ament_install']
[0.194s] Level 1:colcon.colcon_core.package_identification:_identify(log) by extension 'ignore'
[0.194s] Level 1:colcon.colcon_core.package_identification:_identify(log) ignored
[0.194s] Level 1:colcon.colcon_core.package_discovery:discover_packages(recursive) using defaults
[0.194s] Level 1:colcon.colcon_core.package_discovery:discover_packages(ignore) discover
[0.194s] Level 1:colcon.colcon_core.package_discovery:discover_packages(ignore) using defaults
[0.194s] Level 1:colcon.colcon_core.package_discovery:discover_packages(path) discover
[0.194s] Level 1:colcon.colcon_core.package_discovery:discover_packages(path) using defaults
[0.195s] WARNING:colcon.colcon_core.package_selection:ignoring unknown package 'ir_2526' in --packages-select
[0.219s] INFO:colcon.colcon_core.package_selection:Skipping not selected package 'apriltag_ros' in 'ir_2526/apriltag_ros'
[0.219s] INFO:colcon.colcon_core.package_selection:Skipping not selected package 'group_32_assignment_1' in 'group_32_assignment_1'
[0.219s] INFO:colcon.colcon_core.package_selection:Skipping not selected package 'ir_base' in 'ir_2526/ir_base'
[0.219s] INFO:colcon.colcon_core.package_selection:Skipping not selected package 'ir_desription' in 'ir_2526/ir_desription'
[0.219s] INFO:colcon.colcon_core.package_selection:Skipping not selected package 'ir_launch' in 'ir_2526/ir_launch'
[0.219s] INFO:colcon.colcon_core.package_selection:Skipping not selected package 'ir_movit_config' in 'ir_2526/ir_movit_config'
[0.220s] Level 1:colcon.colcon_core.package_discovery:discover_packages(prefix_path) check parameters
[0.220s] Level 1:colcon.colcon_core.package_discovery:discover_packages(prefix_path) discover
[0.223s] DEBUG:colcon.colcon_installed_package_information.package_discovery:Found 472 installed packages in /opt/ros/jazzy
[0.224s] Level 1:colcon.colcon_core.package_discovery:discover_packages(prefix_path) using defaults
[0.296s] INFO:colcon.colcon_core.executor:Executing jobs using 'parallel' executor
[0.298s] DEBUG:colcon.colcon_parallel_executor.executor.parallel:run_until_complete
[0.298s] DEBUG:colcon.colcon_parallel_executor.executor.parallel:closing loop
[0.298s] DEBUG:colcon.colcon_parallel_executor.executor.parallel:loop closed
[0.298s] DEBUG:colcon.colcon_parallel_executor.executor.parallel:run_until_complete finished with '0'
[0.298s] DEBUG:colcon.colcon_core.event_reactor:joining thread
[0.317s] INFO:colcon.colcon_core.plugin_system:Skipping extension 'colcon_notification.desktop_notification.terminal_notifier': Not used on non-Darwin systems
[0.317s] INFO:colcon.colcon_core.plugin_system:Skipping extension 'colcon_notification.desktop_notification.win32': Not used on non-Windows systems
[0.317s] INFO:colcon.colcon_notification.desktop_notification:Sending desktop notification using 'notify2'
[0.341s] DEBUG:colcon.colcon_core.event_reactor:joined thread
[0.343s] INFO:colcon.colcon_core.plugin_system:Skipping extension 'colcon_core.shell.bat': Not used on non-Windows systems
[0.344s] INFO:colcon.colcon_core.shell:Creating prefix script '/home/michele-zarantonello/ws_32_assignments/src/install/local_setup.ps1'
[0.345s] INFO:colcon.colcon_core.shell:Creating prefix util module '/home/michele-zarantonello/ws_32_assignments/src/install/_local_setup_util_ps1.py'
[0.347s] INFO:colcon.colcon_core.shell:Creating prefix chain script '/home/michele-zarantonello/ws_32_assignments/src/install/setup.ps1'
[0.348s] INFO:colcon.colcon_core.shell:Creating prefix script '/home/michele-zarantonello/ws_32_assignments/src/install/local_setup.sh'
[0.350s] INFO:colcon.colcon_core.shell:Creating prefix util module '/home/michele-zarantonello/ws_32_assignments/src/install/_local_setup_util_sh.py'
[0.352s] INFO:colcon.colcon_core.shell:Creating prefix chain script '/home/michele-zarantonello/ws_32_assignments/src/install/setup.sh'
[0.354s] INFO:colcon.colcon_core.shell:Creating prefix script '/home/michele-zarantonello/ws_32_assignments/src/install/local_setup.bash'
[0.355s] INFO:colcon.colcon_core.shell:Creating prefix chain script '/home/michele-zarantonello/ws_32_assignments/src/install/setup.bash'
[0.357s] INFO:colcon.colcon_core.shell:Creating prefix script '/home/michele-zarantonello/ws_32_assignments/src/install/local_setup.zsh'
[0.358s] INFO:colcon.colcon_core.shell:Creating prefix chain script '/home/michele-zarantonello/ws_32_assignments/src/install/setup.zsh'
