[0.048s] Invoking command in '/home/michele-zarantonello/my_ws/build/my_launch': CMAKE_PREFIX_PATH=${CMAKE_PREFIX_PATH}:/opt/ros/jazzy DEBUGINFOD_URLS=https://debuginfod.ubuntu.com /usr/bin/cmake /home/michele-zarantonello/my_ws/src/my_assignment_1/my_launch -DCMAKE_INSTALL_PREFIX=/home/michele-zarantonello/my_ws/install/my_launch
[0.187s] -- The C compiler identification is GNU 13.3.0
[0.247s] -- The CXX compiler identification is GNU 13.3.0
[0.275s] -- Detecting C compiler ABI info
[0.419s] -- Detecting C compiler ABI info - done
[0.430s] -- Check for working C compiler: /usr/bin/cc - skipped
[0.430s] -- Detecting C compile features
[0.430s] -- Detecting C compile features - done
[0.438s] -- Detecting CXX compiler ABI info
[0.552s] -- Detecting CXX compiler ABI info - done
[0.565s] -- Check for working CXX compiler: /usr/bin/c++ - skipped
[0.566s] -- Detecting CXX compile features
[0.566s] -- Detecting CXX compile features - done
[0.571s] -- Found ament_cmake: 2.5.4 (/opt/ros/jazzy/share/ament_cmake/cmake)
[0.738s] -- Found Python3: /usr/bin/python3 (found version "3.12.3") found components: Interpreter 
[0.873s] -- Found ament_lint_auto: 0.17.3 (/opt/ros/jazzy/share/ament_lint_auto/cmake)
[1.001s] -- Added test 'lint_cmake' to check CMake code style
[1.003s] -- Added test 'xmllint' to check XML markup files
[1.005s] -- Configuring done (0.9s)
[1.008s] -- Generating done (0.0s)
[1.010s] -- Build files have been written to: /home/michele-zarantonello/my_ws/build/my_launch
[1.015s] Invoked command in '/home/michele-zarantonello/my_ws/build/my_launch' returned '0': CMAKE_PREFIX_PATH=${CMAKE_PREFIX_PATH}:/opt/ros/jazzy DEBUGINFOD_URLS=https://debuginfod.ubuntu.com /usr/bin/cmake /home/michele-zarantonello/my_ws/src/my_assignment_1/my_launch -DCMAKE_INSTALL_PREFIX=/home/michele-zarantonello/my_ws/install/my_launch
[1.016s] Invoking command in '/home/michele-zarantonello/my_ws/build/my_launch': CMAKE_PREFIX_PATH=${CMAKE_PREFIX_PATH}:/opt/ros/jazzy DEBUGINFOD_URLS=https://debuginfod.ubuntu.com /usr/bin/cmake --build /home/michele-zarantonello/my_ws/build/my_launch -- -j8 -l8
[1.052s] Invoked command in '/home/michele-zarantonello/my_ws/build/my_launch' returned '0': CMAKE_PREFIX_PATH=${CMAKE_PREFIX_PATH}:/opt/ros/jazzy DEBUGINFOD_URLS=https://debuginfod.ubuntu.com /usr/bin/cmake --build /home/michele-zarantonello/my_ws/build/my_launch -- -j8 -l8
[1.053s] Invoking command in '/home/michele-zarantonello/my_ws/build/my_launch': CMAKE_PREFIX_PATH=${CMAKE_PREFIX_PATH}:/opt/ros/jazzy DEBUGINFOD_URLS=https://debuginfod.ubuntu.com /usr/bin/cmake --install /home/michele-zarantonello/my_ws/build/my_launch
[1.060s] -- Install configuration: ""
[1.061s] -- Installing: /home/michele-zarantonello/my_ws/install/my_launch/share/ament_index/resource_index/package_run_dependencies/my_launch
[1.061s] -- Installing: /home/michele-zarantonello/my_ws/install/my_launch/share/ament_index/resource_index/parent_prefix_path/my_launch
[1.061s] -- Installing: /home/michele-zarantonello/my_ws/install/my_launch/share/my_launch/environment/ament_prefix_path.sh
[1.061s] -- Installing: /home/michele-zarantonello/my_ws/install/my_launch/share/my_launch/environment/ament_prefix_path.dsv
[1.061s] -- Installing: /home/michele-zarantonello/my_ws/install/my_launch/share/my_launch/environment/path.sh
[1.061s] -- Installing: /home/michele-zarantonello/my_ws/install/my_launch/share/my_launch/environment/path.dsv
[1.062s] -- Installing: /home/michele-zarantonello/my_ws/install/my_launch/share/my_launch/local_setup.bash
[1.062s] -- Installing: /home/michele-zarantonello/my_ws/install/my_launch/share/my_launch/local_setup.sh
[1.062s] -- Installing: /home/michele-zarantonello/my_ws/install/my_launch/share/my_launch/local_setup.zsh
[1.062s] -- Installing: /home/michele-zarantonello/my_ws/install/my_launch/share/my_launch/local_setup.dsv
[1.062s] -- Installing: /home/michele-zarantonello/my_ws/install/my_launch/share/my_launch/package.dsv
[1.062s] -- Installing: /home/michele-zarantonello/my_ws/install/my_launch/share/ament_index/resource_index/packages/my_launch
[1.063s] -- Installing: /home/michele-zarantonello/my_ws/install/my_launch/share/my_launch/cmake/my_launchConfig.cmake
[1.063s] -- Installing: /home/michele-zarantonello/my_ws/install/my_launch/share/my_launch/cmake/my_launchConfig-version.cmake
[1.063s] -- Installing: /home/michele-zarantonello/my_ws/install/my_launch/share/my_launch/package.xml
[1.065s] Invoked command in '/home/michele-zarantonello/my_ws/build/my_launch' returned '0': CMAKE_PREFIX_PATH=${CMAKE_PREFIX_PATH}:/opt/ros/jazzy DEBUGINFOD_URLS=https://debuginfod.ubuntu.com /usr/bin/cmake --install /home/michele-zarantonello/my_ws/build/my_launch
