[0.059s] Invoking command in '/home/michele-zarantonello/my_ws/build/my_navigation': CMAKE_PREFIX_PATH=${CMAKE_PREFIX_PATH}:/opt/ros/jazzy DEBUGINFOD_URLS=https://debuginfod.ubuntu.com /usr/bin/cmake --build /home/michele-zarantonello/my_ws/build/my_navigation -- -j8 -l8
[0.266s] [ 25%] Built target init_pose_publisher
[0.266s] [ 50%] Built target manage_navigation_nodes
[0.267s] [ 75%] Built target manage_localization_nodes
[0.280s] [ 87%] [32mBuilding CXX object CMakeFiles/nav2pose.dir/src/nav2pose.cpp.o[0m
[3.425s] [01m[K/home/michele-zarantonello/my_ws/src/my_assignment_1/my_navigation/src/nav2pose.cpp:[m[K In member function ‘[01m[Kvoid Nav2ActionClient::[01;32m[Ksend_goal[m[K()[m[K’:
[3.425s] [01m[K/home/michele-zarantonello/my_ws/src/my_assignment_1/my_navigation/src/nav2pose.cpp:40:41:[m[K [01;31m[Kerror: [m[Kno matching function for call to ‘[01m[Ktf2_ros::Buffer::waitForTransform(const char [4], const char [11], const tf2::TimePoint&, std::chrono::seconds)[m[K’
[3.425s]    40 |             [01;31m[Ktf_buffer_->waitForTransform([m[K
[3.425s]       |             [01;31m[K~~~~~~~~~~~~~~~~~~~~~~~~~~~~^[m[K
[3.425s]    41 | [01;31m[K            "map",                    // target frame[m[K
[3.425s]       |             [01;31m[K~~~~~~~~~~~~~~~~~~~~~~~~~~~~~~~~~~~~~~~~~[m[K
[3.426s]    42 | [01;31m[K            "tag36h11:1",             // source frame[m[K
[3.426s]       |             [01;31m[K~~~~~~~~~~~~~~~~~~~~~~~~~~~~~~~~~~~~~~~~~[m[K
[3.426s]    43 | [01;31m[K            tf2::TimePointZero,       // timestamp: ultima disponibile[m[K
[3.426s]       |             [01;31m[K~~~~~~~~~~~~~~~~~~~~~~~~~~~~~~~~~~~~~~~~~~~~~~~~~~~~~~~~~~[m[K
[3.426s]    44 | [01;31m[K            1s                        // timeout[m[K
[3.426s]       |             [01;31m[K~~~~~~~~~~~~~~~~~~~~~~~~~~~~~~~~~~~~[m[K
[3.427s]    45 | [01;31m[K            )[m[K;
[3.427s]       |             [01;31m[K~[m[K                            
[3.427s] In file included from [01m[K/opt/ros/jazzy/include/tf2_ros/tf2_ros/buffer.h:35[m[K,
[3.427s]                  from [01m[K/home/michele-zarantonello/my_ws/src/my_assignment_1/my_navigation/src/nav2pose.cpp:13[m[K:
[3.427s] [01m[K/opt/ros/jazzy/include/tf2_ros/tf2_ros/buffer.hpp:271:3:[m[K [01;36m[Knote: [m[Kcandidate: ‘[01m[Kvirtual tf2_ros::TransformStampedFuture tf2_ros::Buffer::[01;32m[KwaitForTransform[m[K(const std::string&, const std::string&, const tf2::TimePoint&, const tf2::Duration&, tf2_ros::TransformReadyCallback)[m[K’
[3.427s]   271 |   [01;36m[KwaitForTransform[m[K(
[3.428s]       |   [01;36m[K^~~~~~~~~~~~~~~~[m[K
[3.428s] [01m[K/opt/ros/jazzy/include/tf2_ros/tf2_ros/buffer.hpp:271:3:[m[K [01;36m[Knote: [m[K  candidate expects 5 arguments, 4 provided
[3.428s] [01m[K/opt/ros/jazzy/include/tf2_ros/tf2_ros/buffer.hpp:282:3:[m[K [01;36m[Knote: [m[Kcandidate: ‘[01m[Ktf2_ros::TransformStampedFuture tf2_ros::Buffer::[01;32m[KwaitForTransform[m[K(const std::string&, const std::string&, const rclcpp::Time&, const rclcpp::Duration&, tf2_ros::TransformReadyCallback)[m[K’
[3.428s]   282 |   [01;36m[KwaitForTransform[m[K(
[3.428s]       |   [01;36m[K^~~~~~~~~~~~~~~~[m[K
[3.428s] [01m[K/opt/ros/jazzy/include/tf2_ros/tf2_ros/buffer.hpp:282:3:[m[K [01;36m[Knote: [m[K  candidate expects 5 arguments, 4 provided
[3.428s] [01m[K/home/michele-zarantonello/my_ws/src/my_assignment_1/my_navigation/src/nav2pose.cpp:66:41:[m[K [01;31m[Kerror: [m[Kno matching function for call to ‘[01m[Ktf2_ros::Buffer::waitForTransform(const char [4], const char [12], const tf2::TimePoint&, std::chrono::seconds)[m[K’
[3.428s]    66 |             [01;31m[Ktf_buffer_->waitForTransform([m[K
[3.429s]       |             [01;31m[K~~~~~~~~~~~~~~~~~~~~~~~~~~~~^[m[K
[3.429s]    67 | [01;31m[K            "map",                    // target frame[m[K
[3.429s]       |             [01;31m[K~~~~~~~~~~~~~~~~~~~~~~~~~~~~~~~~~~~~~~~~~[m[K
[3.429s]    68 | [01;31m[K            "tag36h11:10",             // source frame[m[K
[3.429s]       |             [01;31m[K~~~~~~~~~~~~~~~~~~~~~~~~~~~~~~~~~~~~~~~~~~[m[K
[3.429s]    69 | [01;31m[K            tf2::TimePointZero,       // timestamp: ultima disponibile[m[K
[3.429s]       |             [01;31m[K~~~~~~~~~~~~~~~~~~~~~~~~~~~~~~~~~~~~~~~~~~~~~~~~~~~~~~~~~~[m[K
[3.430s]    70 | [01;31m[K            1s                        // timeout[m[K
[3.430s]       |             [01;31m[K~~~~~~~~~~~~~~~~~~~~~~~~~~~~~~~~~~~~[m[K
[3.430s]    71 | [01;31m[K            )[m[K;
[3.430s]       |             [01;31m[K~[m[K                            
[3.430s] [01m[K/opt/ros/jazzy/include/tf2_ros/tf2_ros/buffer.hpp:271:3:[m[K [01;36m[Knote: [m[Kcandidate: ‘[01m[Kvirtual tf2_ros::TransformStampedFuture tf2_ros::Buffer::[01;32m[KwaitForTransform[m[K(const std::string&, const std::string&, const tf2::TimePoint&, const tf2::Duration&, tf2_ros::TransformReadyCallback)[m[K’
[3.430s]   271 |   [01;36m[KwaitForTransform[m[K(
[3.430s]       |   [01;36m[K^~~~~~~~~~~~~~~~[m[K
[3.430s] [01m[K/opt/ros/jazzy/include/tf2_ros/tf2_ros/buffer.hpp:271:3:[m[K [01;36m[Knote: [m[K  candidate expects 5 arguments, 4 provided
[3.431s] [01m[K/opt/ros/jazzy/include/tf2_ros/tf2_ros/buffer.hpp:282:3:[m[K [01;36m[Knote: [m[Kcandidate: ‘[01m[Ktf2_ros::TransformStampedFuture tf2_ros::Buffer::[01;32m[KwaitForTransform[m[K(const std::string&, const std::string&, const rclcpp::Time&, const rclcpp::Duration&, tf2_ros::TransformReadyCallback)[m[K’
[3.431s]   282 |   [01;36m[KwaitForTransform[m[K(
[3.431s]       |   [01;36m[K^~~~~~~~~~~~~~~~[m[K
[3.431s] [01m[K/opt/ros/jazzy/include/tf2_ros/tf2_ros/buffer.hpp:282:3:[m[K [01;36m[Knote: [m[K  candidate expects 5 arguments, 4 provided
[5.342s] gmake[2]: *** [CMakeFiles/nav2pose.dir/build.make:76: CMakeFiles/nav2pose.dir/src/nav2pose.cpp.o] Error 1
[5.342s] gmake[1]: *** [CMakeFiles/Makefile2:221: CMakeFiles/nav2pose.dir/all] Error 2
[5.342s] gmake: *** [Makefile:146: all] Error 2
[5.344s] Invoked command in '/home/michele-zarantonello/my_ws/build/my_navigation' returned '2': CMAKE_PREFIX_PATH=${CMAKE_PREFIX_PATH}:/opt/ros/jazzy DEBUGINFOD_URLS=https://debuginfod.ubuntu.com /usr/bin/cmake --build /home/michele-zarantonello/my_ws/build/my_navigation -- -j8 -l8
