[0.116s] DEBUG:colcon:Command line arguments: ['/usr/bin/colcon', 'build']
[0.116s] DEBUG:colcon:Parsed command line arguments: Namespace(log_base=None, log_level=None, verb_name='build', build_base='build', install_base='install', merge_install=False, symlink_install=False, test_result_base=None, continue_on_error=False, executor='parallel', parallel_workers=8, event_handlers=None, ignore_user_meta=False, metas=['./colcon.meta'], base_paths=['.'], packages_ignore=None, packages_ignore_regex=None, paths=None, packages_up_to=None, packages_up_to_regex=None, packages_above=None, packages_above_and_dependencies=None, packages_above_depth=None, packages_select_by_dep=None, packages_skip_by_dep=None, packages_skip_up_to=None, packages_select_build_failed=False, packages_skip_build_finished=False, packages_select_test_failures=False, packages_skip_test_passed=False, packages_select=None, packages_skip=None, packages_select_regex=None, packages_skip_regex=None, packages_start=None, packages_end=None, allow_overriding=[], cmake_args=None, cmake_target=None, cmake_target_skip_unavailable=False, cmake_clean_cache=False, cmake_clean_first=False, cmake_force_configure=False, ament_cmake_args=None, catkin_cmake_args=None, catkin_skip_building_tests=False, mixin_files=None, mixin=None, verb_parser=<colcon_mixin.mixin.mixin_argument.MixinArgumentDecorator object at 0x7dbdeb763290>, verb_extension=<colcon_core.verb.build.BuildVerb object at 0x7dbdeb8b3d10>, main=<bound method BuildVerb.main of <colcon_core.verb.build.BuildVerb object at 0x7dbdeb8b3d10>>, mixin_verb=('build',))
[0.151s] Level 1:colcon.colcon_core.package_discovery:discover_packages(colcon_meta) check parameters
[0.151s] Level 1:colcon.colcon_core.package_discovery:discover_packages(recursive) check parameters
[0.151s] Level 1:colcon.colcon_core.package_discovery:discover_packages(ignore) check parameters
[0.151s] Level 1:colcon.colcon_core.package_discovery:discover_packages(path) check parameters
[0.151s] Level 1:colcon.colcon_core.package_discovery:discover_packages(colcon_meta) discover
[0.152s] Level 1:colcon.colcon_core.package_discovery:discover_packages(recursive) discover
[0.152s] INFO:colcon.colcon_core.package_discovery:Crawling recursively for packages in '/home/michele-zarantonello/my_ws'
[0.152s] Level 1:colcon.colcon_core.package_identification:_identify(.) by extensions ['ignore', 'ignore_ament_install']
[0.152s] Level 1:colcon.colcon_core.package_identification:_identify(.) by extension 'ignore'
[0.152s] Level 1:colcon.colcon_core.package_identification:_identify(.) by extension 'ignore_ament_install'
[0.152s] Level 1:colcon.colcon_core.package_identification:_identify(.) by extensions ['colcon_pkg']
[0.152s] Level 1:colcon.colcon_core.package_identification:_identify(.) by extension 'colcon_pkg'
[0.152s] Level 1:colcon.colcon_core.package_identification:_identify(.) by extensions ['colcon_meta']
[0.152s] Level 1:colcon.colcon_core.package_identification:_identify(.) by extension 'colcon_meta'
[0.152s] Level 1:colcon.colcon_core.package_identification:_identify(.) by extensions ['ros']
[0.152s] Level 1:colcon.colcon_core.package_identification:_identify(.) by extension 'ros'
[0.177s] Level 1:colcon.colcon_core.package_identification:_identify(.) by extensions ['cmake', 'python']
[0.177s] Level 1:colcon.colcon_core.package_identification:_identify(.) by extension 'cmake'
[0.177s] Level 1:colcon.colcon_core.package_identification:_identify(.) by extension 'python'
[0.177s] Level 1:colcon.colcon_core.package_identification:_identify(.) by extensions ['python_setup_py']
[0.177s] Level 1:colcon.colcon_core.package_identification:_identify(.) by extension 'python_setup_py'
[0.177s] Level 1:colcon.colcon_core.package_identification:_identify(build) by extensions ['ignore', 'ignore_ament_install']
[0.178s] Level 1:colcon.colcon_core.package_identification:_identify(build) by extension 'ignore'
[0.178s] Level 1:colcon.colcon_core.package_identification:_identify(build) ignored
[0.178s] Level 1:colcon.colcon_core.package_identification:_identify(install) by extensions ['ignore', 'ignore_ament_install']
[0.178s] Level 1:colcon.colcon_core.package_identification:_identify(install) by extension 'ignore'
[0.178s] Level 1:colcon.colcon_core.package_identification:_identify(install) ignored
[0.178s] Level 1:colcon.colcon_core.package_identification:_identify(log) by extensions ['ignore', 'ignore_ament_install']
[0.178s] Level 1:colcon.colcon_core.package_identification:_identify(log) by extension 'ignore'
[0.178s] Level 1:colcon.colcon_core.package_identification:_identify(log) ignored
[0.178s] Level 1:colcon.colcon_core.package_identification:_identify(src) by extensions ['ignore', 'ignore_ament_install']
[0.178s] Level 1:colcon.colcon_core.package_identification:_identify(src) by extension 'ignore'
[0.179s] Level 1:colcon.colcon_core.package_identification:_identify(src) by extension 'ignore_ament_install'
[0.179s] Level 1:colcon.colcon_core.package_identification:_identify(src) by extensions ['colcon_pkg']
[0.179s] Level 1:colcon.colcon_core.package_identification:_identify(src) by extension 'colcon_pkg'
[0.179s] Level 1:colcon.colcon_core.package_identification:_identify(src) by extensions ['colcon_meta']
[0.179s] Level 1:colcon.colcon_core.package_identification:_identify(src) by extension 'colcon_meta'
[0.179s] Level 1:colcon.colcon_core.package_identification:_identify(src) by extensions ['ros']
[0.179s] Level 1:colcon.colcon_core.package_identification:_identify(src) by extension 'ros'
[0.179s] Level 1:colcon.colcon_core.package_identification:_identify(src) by extensions ['cmake', 'python']
[0.179s] Level 1:colcon.colcon_core.package_identification:_identify(src) by extension 'cmake'
[0.179s] Level 1:colcon.colcon_core.package_identification:_identify(src) by extension 'python'
[0.179s] Level 1:colcon.colcon_core.package_identification:_identify(src) by extensions ['python_setup_py']
[0.179s] Level 1:colcon.colcon_core.package_identification:_identify(src) by extension 'python_setup_py'
[0.179s] Level 1:colcon.colcon_core.package_identification:_identify(src/ir_2526) by extensions ['ignore', 'ignore_ament_install']
[0.179s] Level 1:colcon.colcon_core.package_identification:_identify(src/ir_2526) by extension 'ignore'
[0.179s] Level 1:colcon.colcon_core.package_identification:_identify(src/ir_2526) by extension 'ignore_ament_install'
[0.179s] Level 1:colcon.colcon_core.package_identification:_identify(src/ir_2526) by extensions ['colcon_pkg']
[0.179s] Level 1:colcon.colcon_core.package_identification:_identify(src/ir_2526) by extension 'colcon_pkg'
[0.179s] Level 1:colcon.colcon_core.package_identification:_identify(src/ir_2526) by extensions ['colcon_meta']
[0.179s] Level 1:colcon.colcon_core.package_identification:_identify(src/ir_2526) by extension 'colcon_meta'
[0.180s] Level 1:colcon.colcon_core.package_identification:_identify(src/ir_2526) by extensions ['ros']
[0.180s] Level 1:colcon.colcon_core.package_identification:_identify(src/ir_2526) by extension 'ros'
[0.180s] Level 1:colcon.colcon_core.package_identification:_identify(src/ir_2526) by extensions ['cmake', 'python']
[0.180s] Level 1:colcon.colcon_core.package_identification:_identify(src/ir_2526) by extension 'cmake'
[0.180s] Level 1:colcon.colcon_core.package_identification:_identify(src/ir_2526) by extension 'python'
[0.180s] Level 1:colcon.colcon_core.package_identification:_identify(src/ir_2526) by extensions ['python_setup_py']
[0.180s] Level 1:colcon.colcon_core.package_identification:_identify(src/ir_2526) by extension 'python_setup_py'
[0.180s] Level 1:colcon.colcon_core.package_identification:_identify(src/ir_2526/apriltag_ros) by extensions ['ignore', 'ignore_ament_install']
[0.180s] Level 1:colcon.colcon_core.package_identification:_identify(src/ir_2526/apriltag_ros) by extension 'ignore'
[0.180s] Level 1:colcon.colcon_core.package_identification:_identify(src/ir_2526/apriltag_ros) by extension 'ignore_ament_install'
[0.180s] Level 1:colcon.colcon_core.package_identification:_identify(src/ir_2526/apriltag_ros) by extensions ['colcon_pkg']
[0.180s] Level 1:colcon.colcon_core.package_identification:_identify(src/ir_2526/apriltag_ros) by extension 'colcon_pkg'
[0.180s] Level 1:colcon.colcon_core.package_identification:_identify(src/ir_2526/apriltag_ros) by extensions ['colcon_meta']
[0.180s] Level 1:colcon.colcon_core.package_identification:_identify(src/ir_2526/apriltag_ros) by extension 'colcon_meta'
[0.180s] Level 1:colcon.colcon_core.package_identification:_identify(src/ir_2526/apriltag_ros) by extensions ['ros']
[0.180s] Level 1:colcon.colcon_core.package_identification:_identify(src/ir_2526/apriltag_ros) by extension 'ros'
[0.185s] DEBUG:colcon.colcon_core.package_identification:Package 'src/ir_2526/apriltag_ros' with type 'ros.ament_cmake' and name 'apriltag_ros'
[0.185s] Level 1:colcon.colcon_core.package_identification:_identify(src/ir_2526/ir_base) by extensions ['ignore', 'ignore_ament_install']
[0.185s] Level 1:colcon.colcon_core.package_identification:_identify(src/ir_2526/ir_base) by extension 'ignore'
[0.186s] Level 1:colcon.colcon_core.package_identification:_identify(src/ir_2526/ir_base) by extension 'ignore_ament_install'
[0.186s] Level 1:colcon.colcon_core.package_identification:_identify(src/ir_2526/ir_base) by extensions ['colcon_pkg']
[0.186s] Level 1:colcon.colcon_core.package_identification:_identify(src/ir_2526/ir_base) by extension 'colcon_pkg'
[0.186s] Level 1:colcon.colcon_core.package_identification:_identify(src/ir_2526/ir_base) by extensions ['colcon_meta']
[0.186s] Level 1:colcon.colcon_core.package_identification:_identify(src/ir_2526/ir_base) by extension 'colcon_meta'
[0.186s] Level 1:colcon.colcon_core.package_identification:_identify(src/ir_2526/ir_base) by extensions ['ros']
[0.186s] Level 1:colcon.colcon_core.package_identification:_identify(src/ir_2526/ir_base) by extension 'ros'
[0.186s] DEBUG:colcon.colcon_core.package_identification:Package 'src/ir_2526/ir_base' with type 'ros.ament_cmake' and name 'ir_base'
[0.186s] Level 1:colcon.colcon_core.package_identification:_identify(src/ir_2526/ir_desription) by extensions ['ignore', 'ignore_ament_install']
[0.186s] Level 1:colcon.colcon_core.package_identification:_identify(src/ir_2526/ir_desription) by extension 'ignore'
[0.187s] Level 1:colcon.colcon_core.package_identification:_identify(src/ir_2526/ir_desription) by extension 'ignore_ament_install'
[0.187s] Level 1:colcon.colcon_core.package_identification:_identify(src/ir_2526/ir_desription) by extensions ['colcon_pkg']
[0.187s] Level 1:colcon.colcon_core.package_identification:_identify(src/ir_2526/ir_desription) by extension 'colcon_pkg'
[0.187s] Level 1:colcon.colcon_core.package_identification:_identify(src/ir_2526/ir_desription) by extensions ['colcon_meta']
[0.187s] Level 1:colcon.colcon_core.package_identification:_identify(src/ir_2526/ir_desription) by extension 'colcon_meta'
[0.187s] Level 1:colcon.colcon_core.package_identification:_identify(src/ir_2526/ir_desription) by extensions ['ros']
[0.187s] Level 1:colcon.colcon_core.package_identification:_identify(src/ir_2526/ir_desription) by extension 'ros'
[0.187s] DEBUG:colcon.colcon_core.package_identification:Package 'src/ir_2526/ir_desription' with type 'ros.ament_cmake' and name 'ir_desription'
[0.187s] Level 1:colcon.colcon_core.package_identification:_identify(src/ir_2526/ir_launch) by extensions ['ignore', 'ignore_ament_install']
[0.187s] Level 1:colcon.colcon_core.package_identification:_identify(src/ir_2526/ir_launch) by extension 'ignore'
[0.188s] Level 1:colcon.colcon_core.package_identification:_identify(src/ir_2526/ir_launch) by extension 'ignore_ament_install'
[0.188s] Level 1:colcon.colcon_core.package_identification:_identify(src/ir_2526/ir_launch) by extensions ['colcon_pkg']
[0.188s] Level 1:colcon.colcon_core.package_identification:_identify(src/ir_2526/ir_launch) by extension 'colcon_pkg'
[0.188s] Level 1:colcon.colcon_core.package_identification:_identify(src/ir_2526/ir_launch) by extensions ['colcon_meta']
[0.188s] Level 1:colcon.colcon_core.package_identification:_identify(src/ir_2526/ir_launch) by extension 'colcon_meta'
[0.188s] Level 1:colcon.colcon_core.package_identification:_identify(src/ir_2526/ir_launch) by extensions ['ros']
[0.188s] Level 1:colcon.colcon_core.package_identification:_identify(src/ir_2526/ir_launch) by extension 'ros'
[0.188s] DEBUG:colcon.colcon_core.package_identification:Package 'src/ir_2526/ir_launch' with type 'ros.ament_cmake' and name 'ir_launch'
[0.188s] Level 1:colcon.colcon_core.package_identification:_identify(src/ir_2526/ir_movit_config) by extensions ['ignore', 'ignore_ament_install']
[0.188s] Level 1:colcon.colcon_core.package_identification:_identify(src/ir_2526/ir_movit_config) by extension 'ignore'
[0.189s] Level 1:colcon.colcon_core.package_identification:_identify(src/ir_2526/ir_movit_config) by extension 'ignore_ament_install'
[0.189s] Level 1:colcon.colcon_core.package_identification:_identify(src/ir_2526/ir_movit_config) by extensions ['colcon_pkg']
[0.189s] Level 1:colcon.colcon_core.package_identification:_identify(src/ir_2526/ir_movit_config) by extension 'colcon_pkg'
[0.189s] Level 1:colcon.colcon_core.package_identification:_identify(src/ir_2526/ir_movit_config) by extensions ['colcon_meta']
[0.189s] Level 1:colcon.colcon_core.package_identification:_identify(src/ir_2526/ir_movit_config) by extension 'colcon_meta'
[0.189s] Level 1:colcon.colcon_core.package_identification:_identify(src/ir_2526/ir_movit_config) by extensions ['ros']
[0.189s] Level 1:colcon.colcon_core.package_identification:_identify(src/ir_2526/ir_movit_config) by extension 'ros'
[0.190s] DEBUG:colcon.colcon_core.package_identification:Package 'src/ir_2526/ir_movit_config' with type 'ros.ament_cmake' and name 'ir_movit_config'
[0.190s] Level 1:colcon.colcon_core.package_identification:_identify(src/my_assignment_1) by extensions ['ignore', 'ignore_ament_install']
[0.190s] Level 1:colcon.colcon_core.package_identification:_identify(src/my_assignment_1) by extension 'ignore'
[0.190s] Level 1:colcon.colcon_core.package_identification:_identify(src/my_assignment_1) by extension 'ignore_ament_install'
[0.190s] Level 1:colcon.colcon_core.package_identification:_identify(src/my_assignment_1) by extensions ['colcon_pkg']
[0.190s] Level 1:colcon.colcon_core.package_identification:_identify(src/my_assignment_1) by extension 'colcon_pkg'
[0.190s] Level 1:colcon.colcon_core.package_identification:_identify(src/my_assignment_1) by extensions ['colcon_meta']
[0.190s] Level 1:colcon.colcon_core.package_identification:_identify(src/my_assignment_1) by extension 'colcon_meta'
[0.190s] Level 1:colcon.colcon_core.package_identification:_identify(src/my_assignment_1) by extensions ['ros']
[0.190s] Level 1:colcon.colcon_core.package_identification:_identify(src/my_assignment_1) by extension 'ros'
[0.190s] Level 1:colcon.colcon_core.package_identification:_identify(src/my_assignment_1) by extensions ['cmake', 'python']
[0.190s] Level 1:colcon.colcon_core.package_identification:_identify(src/my_assignment_1) by extension 'cmake'
[0.190s] Level 1:colcon.colcon_core.package_identification:_identify(src/my_assignment_1) by extension 'python'
[0.190s] Level 1:colcon.colcon_core.package_identification:_identify(src/my_assignment_1) by extensions ['python_setup_py']
[0.190s] Level 1:colcon.colcon_core.package_identification:_identify(src/my_assignment_1) by extension 'python_setup_py'
[0.191s] Level 1:colcon.colcon_core.package_identification:_identify(src/my_assignment_1/my_apriltag) by extensions ['ignore', 'ignore_ament_install']
[0.191s] Level 1:colcon.colcon_core.package_identification:_identify(src/my_assignment_1/my_apriltag) by extension 'ignore'
[0.191s] Level 1:colcon.colcon_core.package_identification:_identify(src/my_assignment_1/my_apriltag) by extension 'ignore_ament_install'
[0.191s] Level 1:colcon.colcon_core.package_identification:_identify(src/my_assignment_1/my_apriltag) by extensions ['colcon_pkg']
[0.191s] Level 1:colcon.colcon_core.package_identification:_identify(src/my_assignment_1/my_apriltag) by extension 'colcon_pkg'
[0.191s] Level 1:colcon.colcon_core.package_identification:_identify(src/my_assignment_1/my_apriltag) by extensions ['colcon_meta']
[0.191s] Level 1:colcon.colcon_core.package_identification:_identify(src/my_assignment_1/my_apriltag) by extension 'colcon_meta'
[0.191s] Level 1:colcon.colcon_core.package_identification:_identify(src/my_assignment_1/my_apriltag) by extensions ['ros']
[0.191s] Level 1:colcon.colcon_core.package_identification:_identify(src/my_assignment_1/my_apriltag) by extension 'ros'
[0.192s] DEBUG:colcon.colcon_core.package_identification:Package 'src/my_assignment_1/my_apriltag' with type 'ros.ament_cmake' and name 'my_apriltag'
[0.193s] Level 1:colcon.colcon_core.package_identification:_identify(src/my_assignment_1/my_launch) by extensions ['ignore', 'ignore_ament_install']
[0.193s] Level 1:colcon.colcon_core.package_identification:_identify(src/my_assignment_1/my_launch) by extension 'ignore'
[0.193s] Level 1:colcon.colcon_core.package_identification:_identify(src/my_assignment_1/my_launch) by extension 'ignore_ament_install'
[0.193s] Level 1:colcon.colcon_core.package_identification:_identify(src/my_assignment_1/my_launch) by extensions ['colcon_pkg']
[0.193s] Level 1:colcon.colcon_core.package_identification:_identify(src/my_assignment_1/my_launch) by extension 'colcon_pkg'
[0.193s] Level 1:colcon.colcon_core.package_identification:_identify(src/my_assignment_1/my_launch) by extensions ['colcon_meta']
[0.193s] Level 1:colcon.colcon_core.package_identification:_identify(src/my_assignment_1/my_launch) by extension 'colcon_meta'
[0.193s] Level 1:colcon.colcon_core.package_identification:_identify(src/my_assignment_1/my_launch) by extensions ['ros']
[0.193s] Level 1:colcon.colcon_core.package_identification:_identify(src/my_assignment_1/my_launch) by extension 'ros'
[0.194s] DEBUG:colcon.colcon_core.package_identification:Package 'src/my_assignment_1/my_launch' with type 'ros.ament_cmake' and name 'my_launch'
[0.194s] Level 1:colcon.colcon_core.package_identification:_identify(src/my_assignment_1/my_navigation) by extensions ['ignore', 'ignore_ament_install']
[0.194s] Level 1:colcon.colcon_core.package_identification:_identify(src/my_assignment_1/my_navigation) by extension 'ignore'
[0.194s] Level 1:colcon.colcon_core.package_identification:_identify(src/my_assignment_1/my_navigation) by extension 'ignore_ament_install'
[0.194s] Level 1:colcon.colcon_core.package_identification:_identify(src/my_assignment_1/my_navigation) by extensions ['colcon_pkg']
[0.194s] Level 1:colcon.colcon_core.package_identification:_identify(src/my_assignment_1/my_navigation) by extension 'colcon_pkg'
[0.194s] Level 1:colcon.colcon_core.package_identification:_identify(src/my_assignment_1/my_navigation) by extensions ['colcon_meta']
[0.194s] Level 1:colcon.colcon_core.package_identification:_identify(src/my_assignment_1/my_navigation) by extension 'colcon_meta'
[0.194s] Level 1:colcon.colcon_core.package_identification:_identify(src/my_assignment_1/my_navigation) by extensions ['ros']
[0.194s] Level 1:colcon.colcon_core.package_identification:_identify(src/my_assignment_1/my_navigation) by extension 'ros'
[0.195s] DEBUG:colcon.colcon_core.package_identification:Package 'src/my_assignment_1/my_navigation' with type 'ros.ament_cmake' and name 'my_navigation'
[0.195s] Level 1:colcon.colcon_core.package_discovery:discover_packages(recursive) using defaults
[0.195s] Level 1:colcon.colcon_core.package_discovery:discover_packages(ignore) discover
[0.195s] Level 1:colcon.colcon_core.package_discovery:discover_packages(ignore) using defaults
[0.195s] Level 1:colcon.colcon_core.package_discovery:discover_packages(path) discover
[0.195s] Level 1:colcon.colcon_core.package_discovery:discover_packages(path) using defaults
[0.213s] Level 1:colcon.colcon_core.package_discovery:discover_packages(prefix_path) check parameters
[0.214s] Level 1:colcon.colcon_core.package_discovery:discover_packages(prefix_path) discover
[0.217s] DEBUG:colcon.colcon_installed_package_information.package_discovery:Found 472 installed packages in /opt/ros/jazzy
[0.218s] Level 1:colcon.colcon_core.package_discovery:discover_packages(prefix_path) using defaults
[0.294s] Level 5:colcon.colcon_core.verb:set package 'apriltag_ros' build argument 'cmake_args' from command line to 'None'
[0.294s] Level 5:colcon.colcon_core.verb:set package 'apriltag_ros' build argument 'cmake_target' from command line to 'None'
[0.294s] Level 5:colcon.colcon_core.verb:set package 'apriltag_ros' build argument 'cmake_target_skip_unavailable' from command line to 'False'
[0.294s] Level 5:colcon.colcon_core.verb:set package 'apriltag_ros' build argument 'cmake_clean_cache' from command line to 'False'
[0.294s] Level 5:colcon.colcon_core.verb:set package 'apriltag_ros' build argument 'cmake_clean_first' from command line to 'False'
[0.294s] Level 5:colcon.colcon_core.verb:set package 'apriltag_ros' build argument 'cmake_force_configure' from command line to 'False'
[0.294s] Level 5:colcon.colcon_core.verb:set package 'apriltag_ros' build argument 'ament_cmake_args' from command line to 'None'
[0.294s] Level 5:colcon.colcon_core.verb:set package 'apriltag_ros' build argument 'catkin_cmake_args' from command line to 'None'
[0.294s] Level 5:colcon.colcon_core.verb:set package 'apriltag_ros' build argument 'catkin_skip_building_tests' from command line to 'False'
[0.294s] DEBUG:colcon.colcon_core.verb:Building package 'apriltag_ros' with the following arguments: {'ament_cmake_args': None, 'build_base': '/home/michele-zarantonello/my_ws/build/apriltag_ros', 'catkin_cmake_args': None, 'catkin_skip_building_tests': False, 'cmake_args': None, 'cmake_clean_cache': False, 'cmake_clean_first': False, 'cmake_force_configure': False, 'cmake_target': None, 'cmake_target_skip_unavailable': False, 'install_base': '/home/michele-zarantonello/my_ws/install/apriltag_ros', 'merge_install': False, 'path': '/home/michele-zarantonello/my_ws/src/ir_2526/apriltag_ros', 'symlink_install': False, 'test_result_base': None}
[0.294s] Level 5:colcon.colcon_core.verb:set package 'ir_base' build argument 'cmake_args' from command line to 'None'
[0.294s] Level 5:colcon.colcon_core.verb:set package 'ir_base' build argument 'cmake_target' from command line to 'None'
[0.294s] Level 5:colcon.colcon_core.verb:set package 'ir_base' build argument 'cmake_target_skip_unavailable' from command line to 'False'
[0.294s] Level 5:colcon.colcon_core.verb:set package 'ir_base' build argument 'cmake_clean_cache' from command line to 'False'
[0.294s] Level 5:colcon.colcon_core.verb:set package 'ir_base' build argument 'cmake_clean_first' from command line to 'False'
[0.294s] Level 5:colcon.colcon_core.verb:set package 'ir_base' build argument 'cmake_force_configure' from command line to 'False'
[0.294s] Level 5:colcon.colcon_core.verb:set package 'ir_base' build argument 'ament_cmake_args' from command line to 'None'
[0.294s] Level 5:colcon.colcon_core.verb:set package 'ir_base' build argument 'catkin_cmake_args' from command line to 'None'
[0.294s] Level 5:colcon.colcon_core.verb:set package 'ir_base' build argument 'catkin_skip_building_tests' from command line to 'False'
[0.294s] DEBUG:colcon.colcon_core.verb:Building package 'ir_base' with the following arguments: {'ament_cmake_args': None, 'build_base': '/home/michele-zarantonello/my_ws/build/ir_base', 'catkin_cmake_args': None, 'catkin_skip_building_tests': False, 'cmake_args': None, 'cmake_clean_cache': False, 'cmake_clean_first': False, 'cmake_force_configure': False, 'cmake_target': None, 'cmake_target_skip_unavailable': False, 'install_base': '/home/michele-zarantonello/my_ws/install/ir_base', 'merge_install': False, 'path': '/home/michele-zarantonello/my_ws/src/ir_2526/ir_base', 'symlink_install': False, 'test_result_base': None}
[0.295s] Level 5:colcon.colcon_core.verb:set package 'ir_desription' build argument 'cmake_args' from command line to 'None'
[0.295s] Level 5:colcon.colcon_core.verb:set package 'ir_desription' build argument 'cmake_target' from command line to 'None'
[0.295s] Level 5:colcon.colcon_core.verb:set package 'ir_desription' build argument 'cmake_target_skip_unavailable' from command line to 'False'
[0.295s] Level 5:colcon.colcon_core.verb:set package 'ir_desription' build argument 'cmake_clean_cache' from command line to 'False'
[0.295s] Level 5:colcon.colcon_core.verb:set package 'ir_desription' build argument 'cmake_clean_first' from command line to 'False'
[0.295s] Level 5:colcon.colcon_core.verb:set package 'ir_desription' build argument 'cmake_force_configure' from command line to 'False'
[0.295s] Level 5:colcon.colcon_core.verb:set package 'ir_desription' build argument 'ament_cmake_args' from command line to 'None'
[0.295s] Level 5:colcon.colcon_core.verb:set package 'ir_desription' build argument 'catkin_cmake_args' from command line to 'None'
[0.295s] Level 5:colcon.colcon_core.verb:set package 'ir_desription' build argument 'catkin_skip_building_tests' from command line to 'False'
[0.295s] DEBUG:colcon.colcon_core.verb:Building package 'ir_desription' with the following arguments: {'ament_cmake_args': None, 'build_base': '/home/michele-zarantonello/my_ws/build/ir_desription', 'catkin_cmake_args': None, 'catkin_skip_building_tests': False, 'cmake_args': None, 'cmake_clean_cache': False, 'cmake_clean_first': False, 'cmake_force_configure': False, 'cmake_target': None, 'cmake_target_skip_unavailable': False, 'install_base': '/home/michele-zarantonello/my_ws/install/ir_desription', 'merge_install': False, 'path': '/home/michele-zarantonello/my_ws/src/ir_2526/ir_desription', 'symlink_install': False, 'test_result_base': None}
[0.295s] Level 5:colcon.colcon_core.verb:set package 'ir_launch' build argument 'cmake_args' from command line to 'None'
[0.295s] Level 5:colcon.colcon_core.verb:set package 'ir_launch' build argument 'cmake_target' from command line to 'None'
[0.295s] Level 5:colcon.colcon_core.verb:set package 'ir_launch' build argument 'cmake_target_skip_unavailable' from command line to 'False'
[0.295s] Level 5:colcon.colcon_core.verb:set package 'ir_launch' build argument 'cmake_clean_cache' from command line to 'False'
[0.295s] Level 5:colcon.colcon_core.verb:set package 'ir_launch' build argument 'cmake_clean_first' from command line to 'False'
[0.295s] Level 5:colcon.colcon_core.verb:set package 'ir_launch' build argument 'cmake_force_configure' from command line to 'False'
[0.295s] Level 5:colcon.colcon_core.verb:set package 'ir_launch' build argument 'ament_cmake_args' from command line to 'None'
[0.295s] Level 5:colcon.colcon_core.verb:set package 'ir_launch' build argument 'catkin_cmake_args' from command line to 'None'
[0.295s] Level 5:colcon.colcon_core.verb:set package 'ir_launch' build argument 'catkin_skip_building_tests' from command line to 'False'
[0.295s] DEBUG:colcon.colcon_core.verb:Building package 'ir_launch' with the following arguments: {'ament_cmake_args': None, 'build_base': '/home/michele-zarantonello/my_ws/build/ir_launch', 'catkin_cmake_args': None, 'catkin_skip_building_tests': False, 'cmake_args': None, 'cmake_clean_cache': False, 'cmake_clean_first': False, 'cmake_force_configure': False, 'cmake_target': None, 'cmake_target_skip_unavailable': False, 'install_base': '/home/michele-zarantonello/my_ws/install/ir_launch', 'merge_install': False, 'path': '/home/michele-zarantonello/my_ws/src/ir_2526/ir_launch', 'symlink_install': False, 'test_result_base': None}
[0.296s] Level 5:colcon.colcon_core.verb:set package 'my_apriltag' build argument 'cmake_args' from command line to 'None'
[0.296s] Level 5:colcon.colcon_core.verb:set package 'my_apriltag' build argument 'cmake_target' from command line to 'None'
[0.296s] Level 5:colcon.colcon_core.verb:set package 'my_apriltag' build argument 'cmake_target_skip_unavailable' from command line to 'False'
[0.296s] Level 5:colcon.colcon_core.verb:set package 'my_apriltag' build argument 'cmake_clean_cache' from command line to 'False'
[0.296s] Level 5:colcon.colcon_core.verb:set package 'my_apriltag' build argument 'cmake_clean_first' from command line to 'False'
[0.296s] Level 5:colcon.colcon_core.verb:set package 'my_apriltag' build argument 'cmake_force_configure' from command line to 'False'
[0.296s] Level 5:colcon.colcon_core.verb:set package 'my_apriltag' build argument 'ament_cmake_args' from command line to 'None'
[0.296s] Level 5:colcon.colcon_core.verb:set package 'my_apriltag' build argument 'catkin_cmake_args' from command line to 'None'
[0.296s] Level 5:colcon.colcon_core.verb:set package 'my_apriltag' build argument 'catkin_skip_building_tests' from command line to 'False'
[0.296s] DEBUG:colcon.colcon_core.verb:Building package 'my_apriltag' with the following arguments: {'ament_cmake_args': None, 'build_base': '/home/michele-zarantonello/my_ws/build/my_apriltag', 'catkin_cmake_args': None, 'catkin_skip_building_tests': False, 'cmake_args': None, 'cmake_clean_cache': False, 'cmake_clean_first': False, 'cmake_force_configure': False, 'cmake_target': None, 'cmake_target_skip_unavailable': False, 'install_base': '/home/michele-zarantonello/my_ws/install/my_apriltag', 'merge_install': False, 'path': '/home/michele-zarantonello/my_ws/src/my_assignment_1/my_apriltag', 'symlink_install': False, 'test_result_base': None}
[0.296s] Level 5:colcon.colcon_core.verb:set package 'my_launch' build argument 'cmake_args' from command line to 'None'
[0.296s] Level 5:colcon.colcon_core.verb:set package 'my_launch' build argument 'cmake_target' from command line to 'None'
[0.296s] Level 5:colcon.colcon_core.verb:set package 'my_launch' build argument 'cmake_target_skip_unavailable' from command line to 'False'
[0.296s] Level 5:colcon.colcon_core.verb:set package 'my_launch' build argument 'cmake_clean_cache' from command line to 'False'
[0.296s] Level 5:colcon.colcon_core.verb:set package 'my_launch' build argument 'cmake_clean_first' from command line to 'False'
[0.296s] Level 5:colcon.colcon_core.verb:set package 'my_launch' build argument 'cmake_force_configure' from command line to 'False'
[0.296s] Level 5:colcon.colcon_core.verb:set package 'my_launch' build argument 'ament_cmake_args' from command line to 'None'
[0.296s] Level 5:colcon.colcon_core.verb:set package 'my_launch' build argument 'catkin_cmake_args' from command line to 'None'
[0.296s] Level 5:colcon.colcon_core.verb:set package 'my_launch' build argument 'catkin_skip_building_tests' from command line to 'False'
[0.296s] DEBUG:colcon.colcon_core.verb:Building package 'my_launch' with the following arguments: {'ament_cmake_args': None, 'build_base': '/home/michele-zarantonello/my_ws/build/my_launch', 'catkin_cmake_args': None, 'catkin_skip_building_tests': False, 'cmake_args': None, 'cmake_clean_cache': False, 'cmake_clean_first': False, 'cmake_force_configure': False, 'cmake_target': None, 'cmake_target_skip_unavailable': False, 'install_base': '/home/michele-zarantonello/my_ws/install/my_launch', 'merge_install': False, 'path': '/home/michele-zarantonello/my_ws/src/my_assignment_1/my_launch', 'symlink_install': False, 'test_result_base': None}
[0.297s] Level 5:colcon.colcon_core.verb:set package 'my_navigation' build argument 'cmake_args' from command line to 'None'
[0.297s] Level 5:colcon.colcon_core.verb:set package 'my_navigation' build argument 'cmake_target' from command line to 'None'
[0.297s] Level 5:colcon.colcon_core.verb:set package 'my_navigation' build argument 'cmake_target_skip_unavailable' from command line to 'False'
[0.297s] Level 5:colcon.colcon_core.verb:set package 'my_navigation' build argument 'cmake_clean_cache' from command line to 'False'
[0.297s] Level 5:colcon.colcon_core.verb:set package 'my_navigation' build argument 'cmake_clean_first' from command line to 'False'
[0.297s] Level 5:colcon.colcon_core.verb:set package 'my_navigation' build argument 'cmake_force_configure' from command line to 'False'
[0.297s] Level 5:colcon.colcon_core.verb:set package 'my_navigation' build argument 'ament_cmake_args' from command line to 'None'
[0.297s] Level 5:colcon.colcon_core.verb:set package 'my_navigation' build argument 'catkin_cmake_args' from command line to 'None'
[0.297s] Level 5:colcon.colcon_core.verb:set package 'my_navigation' build argument 'catkin_skip_building_tests' from command line to 'False'
[0.297s] DEBUG:colcon.colcon_core.verb:Building package 'my_navigation' with the following arguments: {'ament_cmake_args': None, 'build_base': '/home/michele-zarantonello/my_ws/build/my_navigation', 'catkin_cmake_args': None, 'catkin_skip_building_tests': False, 'cmake_args': None, 'cmake_clean_cache': False, 'cmake_clean_first': False, 'cmake_force_configure': False, 'cmake_target': None, 'cmake_target_skip_unavailable': False, 'install_base': '/home/michele-zarantonello/my_ws/install/my_navigation', 'merge_install': False, 'path': '/home/michele-zarantonello/my_ws/src/my_assignment_1/my_navigation', 'symlink_install': False, 'test_result_base': None}
[0.297s] Level 5:colcon.colcon_core.verb:set package 'ir_movit_config' build argument 'cmake_args' from command line to 'None'
[0.297s] Level 5:colcon.colcon_core.verb:set package 'ir_movit_config' build argument 'cmake_target' from command line to 'None'
[0.297s] Level 5:colcon.colcon_core.verb:set package 'ir_movit_config' build argument 'cmake_target_skip_unavailable' from command line to 'False'
[0.297s] Level 5:colcon.colcon_core.verb:set package 'ir_movit_config' build argument 'cmake_clean_cache' from command line to 'False'
[0.297s] Level 5:colcon.colcon_core.verb:set package 'ir_movit_config' build argument 'cmake_clean_first' from command line to 'False'
[0.297s] Level 5:colcon.colcon_core.verb:set package 'ir_movit_config' build argument 'cmake_force_configure' from command line to 'False'
[0.297s] Level 5:colcon.colcon_core.verb:set package 'ir_movit_config' build argument 'ament_cmake_args' from command line to 'None'
[0.297s] Level 5:colcon.colcon_core.verb:set package 'ir_movit_config' build argument 'catkin_cmake_args' from command line to 'None'
[0.297s] Level 5:colcon.colcon_core.verb:set package 'ir_movit_config' build argument 'catkin_skip_building_tests' from command line to 'False'
[0.297s] DEBUG:colcon.colcon_core.verb:Building package 'ir_movit_config' with the following arguments: {'ament_cmake_args': None, 'build_base': '/home/michele-zarantonello/my_ws/build/ir_movit_config', 'catkin_cmake_args': None, 'catkin_skip_building_tests': False, 'cmake_args': None, 'cmake_clean_cache': False, 'cmake_clean_first': False, 'cmake_force_configure': False, 'cmake_target': None, 'cmake_target_skip_unavailable': False, 'install_base': '/home/michele-zarantonello/my_ws/install/ir_movit_config', 'merge_install': False, 'path': '/home/michele-zarantonello/my_ws/src/ir_2526/ir_movit_config', 'symlink_install': False, 'test_result_base': None}
[0.297s] INFO:colcon.colcon_core.executor:Executing jobs using 'parallel' executor
[0.298s] DEBUG:colcon.colcon_parallel_executor.executor.parallel:run_until_complete
[0.298s] INFO:colcon.colcon_ros.task.ament_cmake.build:Building ROS package in '/home/michele-zarantonello/my_ws/src/ir_2526/ir_desription' with build type 'ament_cmake'
[0.299s] INFO:colcon.colcon_cmake.task.cmake.build:Building CMake package in '/home/michele-zarantonello/my_ws/src/ir_2526/ir_desription'
[0.300s] INFO:colcon.colcon_core.plugin_system:Skipping extension 'colcon_core.shell.bat': Not used on non-Windows systems
[0.301s] INFO:colcon.colcon_core.shell:Skip shell extension 'powershell' for command environment: Not usable outside of PowerShell
[0.301s] DEBUG:colcon.colcon_core.shell:Skip shell extension 'dsv' for command environment
[0.304s] INFO:colcon.colcon_ros.task.ament_cmake.build:Building ROS package in '/home/michele-zarantonello/my_ws/src/ir_2526/apriltag_ros' with build type 'ament_cmake'
[0.304s] INFO:colcon.colcon_cmake.task.cmake.build:Building CMake package in '/home/michele-zarantonello/my_ws/src/ir_2526/apriltag_ros'
[0.305s] INFO:colcon.colcon_core.shell:Skip shell extension 'powershell' for command environment: Not usable outside of PowerShell
[0.305s] DEBUG:colcon.colcon_core.shell:Skip shell extension 'dsv' for command environment
[0.308s] INFO:colcon.colcon_ros.task.ament_cmake.build:Building ROS package in '/home/michele-zarantonello/my_ws/src/ir_2526/ir_base' with build type 'ament_cmake'
[0.309s] INFO:colcon.colcon_cmake.task.cmake.build:Building CMake package in '/home/michele-zarantonello/my_ws/src/ir_2526/ir_base'
[0.309s] INFO:colcon.colcon_core.shell:Skip shell extension 'powershell' for command environment: Not usable outside of PowerShell
[0.309s] DEBUG:colcon.colcon_core.shell:Skip shell extension 'dsv' for command environment
[0.314s] INFO:colcon.colcon_ros.task.ament_cmake.build:Building ROS package in '/home/michele-zarantonello/my_ws/src/ir_2526/ir_launch' with build type 'ament_cmake'
[0.314s] INFO:colcon.colcon_cmake.task.cmake.build:Building CMake package in '/home/michele-zarantonello/my_ws/src/ir_2526/ir_launch'
[0.315s] INFO:colcon.colcon_core.shell:Skip shell extension 'powershell' for command environment: Not usable outside of PowerShell
[0.315s] DEBUG:colcon.colcon_core.shell:Skip shell extension 'dsv' for command environment
[0.319s] INFO:colcon.colcon_ros.task.ament_cmake.build:Building ROS package in '/home/michele-zarantonello/my_ws/src/my_assignment_1/my_apriltag' with build type 'ament_cmake'
[0.319s] INFO:colcon.colcon_cmake.task.cmake.build:Building CMake package in '/home/michele-zarantonello/my_ws/src/my_assignment_1/my_apriltag'
[0.319s] INFO:colcon.colcon_core.shell:Skip shell extension 'powershell' for command environment: Not usable outside of PowerShell
[0.319s] DEBUG:colcon.colcon_core.shell:Skip shell extension 'dsv' for command environment
[0.323s] INFO:colcon.colcon_ros.task.ament_cmake.build:Building ROS package in '/home/michele-zarantonello/my_ws/src/my_assignment_1/my_launch' with build type 'ament_cmake'
[0.323s] INFO:colcon.colcon_cmake.task.cmake.build:Building CMake package in '/home/michele-zarantonello/my_ws/src/my_assignment_1/my_launch'
[0.323s] INFO:colcon.colcon_core.shell:Skip shell extension 'powershell' for command environment: Not usable outside of PowerShell
[0.323s] DEBUG:colcon.colcon_core.shell:Skip shell extension 'dsv' for command environment
[0.329s] INFO:colcon.colcon_ros.task.ament_cmake.build:Building ROS package in '/home/michele-zarantonello/my_ws/src/my_assignment_1/my_navigation' with build type 'ament_cmake'
[0.329s] INFO:colcon.colcon_cmake.task.cmake.build:Building CMake package in '/home/michele-zarantonello/my_ws/src/my_assignment_1/my_navigation'
[0.329s] INFO:colcon.colcon_core.shell:Skip shell extension 'powershell' for command environment: Not usable outside of PowerShell
[0.329s] DEBUG:colcon.colcon_core.shell:Skip shell extension 'dsv' for command environment
[0.340s] DEBUG:colcon.colcon_core.event_handler.log_command:Invoking command in '/home/michele-zarantonello/my_ws/build/ir_desription': CMAKE_PREFIX_PATH=${CMAKE_PREFIX_PATH}:/opt/ros/jazzy DEBUGINFOD_URLS=https://debuginfod.ubuntu.com /usr/bin/cmake --build /home/michele-zarantonello/my_ws/build/ir_desription -- -j8 -l8
[0.345s] DEBUG:colcon.colcon_core.event_handler.log_command:Invoking command in '/home/michele-zarantonello/my_ws/build/apriltag_ros': CMAKE_PREFIX_PATH=${CMAKE_PREFIX_PATH}:/opt/ros/jazzy DEBUGINFOD_URLS=https://debuginfod.ubuntu.com /usr/bin/cmake --build /home/michele-zarantonello/my_ws/build/apriltag_ros -- -j8 -l8
[0.352s] DEBUG:colcon.colcon_core.event_handler.log_command:Invoking command in '/home/michele-zarantonello/my_ws/build/ir_base': CMAKE_PREFIX_PATH=${CMAKE_PREFIX_PATH}:/opt/ros/jazzy DEBUGINFOD_URLS=https://debuginfod.ubuntu.com /usr/bin/cmake --build /home/michele-zarantonello/my_ws/build/ir_base -- -j8 -l8
[0.360s] DEBUG:colcon.colcon_core.event_handler.log_command:Invoking command in '/home/michele-zarantonello/my_ws/build/ir_launch': CMAKE_PREFIX_PATH=${CMAKE_PREFIX_PATH}:/opt/ros/jazzy DEBUGINFOD_URLS=https://debuginfod.ubuntu.com /usr/bin/cmake --build /home/michele-zarantonello/my_ws/build/ir_launch -- -j8 -l8
[0.361s] DEBUG:colcon.colcon_core.event_handler.log_command:Invoking command in '/home/michele-zarantonello/my_ws/build/my_apriltag': CMAKE_PREFIX_PATH=${CMAKE_PREFIX_PATH}:/opt/ros/jazzy DEBUGINFOD_URLS=https://debuginfod.ubuntu.com /usr/bin/cmake --build /home/michele-zarantonello/my_ws/build/my_apriltag -- -j8 -l8
[0.366s] DEBUG:colcon.colcon_core.event_handler.log_command:Invoking command in '/home/michele-zarantonello/my_ws/build/my_launch': CMAKE_PREFIX_PATH=${CMAKE_PREFIX_PATH}:/opt/ros/jazzy DEBUGINFOD_URLS=https://debuginfod.ubuntu.com /usr/bin/cmake --build /home/michele-zarantonello/my_ws/build/my_launch -- -j8 -l8
[0.391s] DEBUG:colcon.colcon_core.event_handler.log_command:Invoking command in '/home/michele-zarantonello/my_ws/build/my_navigation': CMAKE_PREFIX_PATH=${CMAKE_PREFIX_PATH}:/opt/ros/jazzy DEBUGINFOD_URLS=https://debuginfod.ubuntu.com /usr/bin/cmake --build /home/michele-zarantonello/my_ws/build/my_navigation -- -j8 -l8
[0.434s] DEBUG:colcon.colcon_core.event_handler.log_command:Invoked command in '/home/michele-zarantonello/my_ws/build/ir_desription' returned '0': CMAKE_PREFIX_PATH=${CMAKE_PREFIX_PATH}:/opt/ros/jazzy DEBUGINFOD_URLS=https://debuginfod.ubuntu.com /usr/bin/cmake --build /home/michele-zarantonello/my_ws/build/ir_desription -- -j8 -l8
[0.461s] DEBUG:colcon.colcon_core.event_handler.log_command:Invoking command in '/home/michele-zarantonello/my_ws/build/ir_desription': CMAKE_PREFIX_PATH=${CMAKE_PREFIX_PATH}:/opt/ros/jazzy DEBUGINFOD_URLS=https://debuginfod.ubuntu.com /usr/bin/cmake --install /home/michele-zarantonello/my_ws/build/ir_desription
[0.470s] DEBUG:colcon.colcon_core.event_handler.log_command:Invoked command in '/home/michele-zarantonello/my_ws/build/ir_base' returned '0': CMAKE_PREFIX_PATH=${CMAKE_PREFIX_PATH}:/opt/ros/jazzy DEBUGINFOD_URLS=https://debuginfod.ubuntu.com /usr/bin/cmake --build /home/michele-zarantonello/my_ws/build/ir_base -- -j8 -l8
[0.471s] DEBUG:colcon.colcon_core.event_handler.log_command:Invoking command in '/home/michele-zarantonello/my_ws/build/ir_base': CMAKE_PREFIX_PATH=${CMAKE_PREFIX_PATH}:/opt/ros/jazzy DEBUGINFOD_URLS=https://debuginfod.ubuntu.com /usr/bin/cmake --install /home/michele-zarantonello/my_ws/build/ir_base
[0.477s] DEBUG:colcon.colcon_core.event_handler.log_command:Invoked command in '/home/michele-zarantonello/my_ws/build/my_launch' returned '0': CMAKE_PREFIX_PATH=${CMAKE_PREFIX_PATH}:/opt/ros/jazzy DEBUGINFOD_URLS=https://debuginfod.ubuntu.com /usr/bin/cmake --build /home/michele-zarantonello/my_ws/build/my_launch -- -j8 -l8
[0.487s] DEBUG:colcon.colcon_core.event_handler.log_command:Invoking command in '/home/michele-zarantonello/my_ws/build/my_launch': CMAKE_PREFIX_PATH=${CMAKE_PREFIX_PATH}:/opt/ros/jazzy DEBUGINFOD_URLS=https://debuginfod.ubuntu.com /usr/bin/cmake --install /home/michele-zarantonello/my_ws/build/my_launch
[0.490s] DEBUG:colcon.colcon_core.event_handler.log_command:Invoked command in '/home/michele-zarantonello/my_ws/build/ir_launch' returned '0': CMAKE_PREFIX_PATH=${CMAKE_PREFIX_PATH}:/opt/ros/jazzy DEBUGINFOD_URLS=https://debuginfod.ubuntu.com /usr/bin/cmake --build /home/michele-zarantonello/my_ws/build/ir_launch -- -j8 -l8
[0.503s] Level 1:colcon.colcon_core.environment:create_environment_scripts_only(my_launch)
[0.515s] Level 1:colcon.colcon_core.environment:checking '/home/michele-zarantonello/my_ws/install/my_launch' for CMake module files
[0.516s] Level 1:colcon.colcon_core.environment:checking '/home/michele-zarantonello/my_ws/install/my_launch' for CMake config files
[0.519s] Level 1:colcon.colcon_core.shell:create_environment_hook('my_launch', 'cmake_prefix_path')
[0.519s] INFO:colcon.colcon_core.shell:Creating environment hook '/home/michele-zarantonello/my_ws/install/my_launch/share/my_launch/hook/cmake_prefix_path.ps1'
[0.521s] INFO:colcon.colcon_core.shell:Creating environment descriptor '/home/michele-zarantonello/my_ws/install/my_launch/share/my_launch/hook/cmake_prefix_path.dsv'
[0.521s] INFO:colcon.colcon_core.shell:Creating environment hook '/home/michele-zarantonello/my_ws/install/my_launch/share/my_launch/hook/cmake_prefix_path.sh'
[0.523s] Level 1:colcon.colcon_core.environment:checking '/home/michele-zarantonello/my_ws/install/my_launch/bin'
[0.524s] Level 1:colcon.colcon_core.environment:checking '/home/michele-zarantonello/my_ws/install/my_launch/lib/pkgconfig/my_launch.pc'
[0.524s] Level 1:colcon.colcon_core.environment:checking '/home/michele-zarantonello/my_ws/install/my_launch/lib/python3.12/site-packages'
[0.527s] Level 1:colcon.colcon_core.environment:checking '/home/michele-zarantonello/my_ws/install/my_launch/bin'
[0.528s] INFO:colcon.colcon_core.shell:Creating package script '/home/michele-zarantonello/my_ws/install/my_launch/share/my_launch/package.ps1'
[0.535s] DEBUG:colcon.colcon_core.event_handler.log_command:Invoking command in '/home/michele-zarantonello/my_ws/build/ir_launch': CMAKE_PREFIX_PATH=${CMAKE_PREFIX_PATH}:/opt/ros/jazzy DEBUGINFOD_URLS=https://debuginfod.ubuntu.com /usr/bin/cmake --install /home/michele-zarantonello/my_ws/build/ir_launch
[0.535s] INFO:colcon.colcon_core.shell:Creating package descriptor '/home/michele-zarantonello/my_ws/install/my_launch/share/my_launch/package.dsv'
[0.536s] INFO:colcon.colcon_core.shell:Creating package script '/home/michele-zarantonello/my_ws/install/my_launch/share/my_launch/package.sh'
[0.538s] INFO:colcon.colcon_core.shell:Creating package script '/home/michele-zarantonello/my_ws/install/my_launch/share/my_launch/package.bash'
[0.539s] INFO:colcon.colcon_core.shell:Creating package script '/home/michele-zarantonello/my_ws/install/my_launch/share/my_launch/package.zsh'
[0.544s] Level 1:colcon.colcon_core.environment:create_file_with_runtime_dependencies(/home/michele-zarantonello/my_ws/install/my_launch/share/colcon-core/packages/my_launch)
[0.548s] Level 1:colcon.colcon_core.environment:create_environment_scripts_only(my_launch)
[0.548s] Level 1:colcon.colcon_core.environment:checking '/home/michele-zarantonello/my_ws/install/my_launch' for CMake module files
[0.549s] Level 1:colcon.colcon_core.environment:checking '/home/michele-zarantonello/my_ws/install/my_launch' for CMake config files
[0.551s] Level 1:colcon.colcon_core.shell:create_environment_hook('my_launch', 'cmake_prefix_path')
[0.551s] INFO:colcon.colcon_core.shell:Creating environment hook '/home/michele-zarantonello/my_ws/install/my_launch/share/my_launch/hook/cmake_prefix_path.ps1'
[0.552s] INFO:colcon.colcon_core.shell:Creating environment descriptor '/home/michele-zarantonello/my_ws/install/my_launch/share/my_launch/hook/cmake_prefix_path.dsv'
[0.554s] INFO:colcon.colcon_core.shell:Creating environment hook '/home/michele-zarantonello/my_ws/install/my_launch/share/my_launch/hook/cmake_prefix_path.sh'
[0.556s] Level 1:colcon.colcon_core.environment:checking '/home/michele-zarantonello/my_ws/install/my_launch/bin'
[0.556s] Level 1:colcon.colcon_core.environment:checking '/home/michele-zarantonello/my_ws/install/my_launch/lib/pkgconfig/my_launch.pc'
[0.557s] Level 1:colcon.colcon_core.environment:checking '/home/michele-zarantonello/my_ws/install/my_launch/lib/python3.12/site-packages'
[0.558s] Level 1:colcon.colcon_core.environment:checking '/home/michele-zarantonello/my_ws/install/my_launch/bin'
[0.559s] INFO:colcon.colcon_core.shell:Creating package script '/home/michele-zarantonello/my_ws/install/my_launch/share/my_launch/package.ps1'
[0.563s] INFO:colcon.colcon_core.shell:Creating package descriptor '/home/michele-zarantonello/my_ws/install/my_launch/share/my_launch/package.dsv'
[0.565s] INFO:colcon.colcon_core.shell:Creating package script '/home/michele-zarantonello/my_ws/install/my_launch/share/my_launch/package.sh'
[0.567s] INFO:colcon.colcon_core.shell:Creating package script '/home/michele-zarantonello/my_ws/install/my_launch/share/my_launch/package.bash'
[0.569s] INFO:colcon.colcon_core.shell:Creating package script '/home/michele-zarantonello/my_ws/install/my_launch/share/my_launch/package.zsh'
[0.571s] Level 1:colcon.colcon_core.environment:create_file_with_runtime_dependencies(/home/michele-zarantonello/my_ws/install/my_launch/share/colcon-core/packages/my_launch)
[0.573s] Level 1:colcon.colcon_core.environment:create_environment_scripts_only(ir_base)
[0.573s] Level 1:colcon.colcon_core.environment:checking '/home/michele-zarantonello/my_ws/install/ir_base' for CMake module files
[0.575s] Level 1:colcon.colcon_core.environment:checking '/home/michele-zarantonello/my_ws/install/ir_base' for CMake config files
[0.575s] Level 1:colcon.colcon_core.shell:create_environment_hook('ir_base', 'cmake_prefix_path')
[0.576s] INFO:colcon.colcon_core.shell:Creating environment hook '/home/michele-zarantonello/my_ws/install/ir_base/share/ir_base/hook/cmake_prefix_path.ps1'
[0.578s] INFO:colcon.colcon_core.shell:Creating environment descriptor '/home/michele-zarantonello/my_ws/install/ir_base/share/ir_base/hook/cmake_prefix_path.dsv'
[0.579s] INFO:colcon.colcon_core.shell:Creating environment hook '/home/michele-zarantonello/my_ws/install/ir_base/share/ir_base/hook/cmake_prefix_path.sh'
[0.580s] Level 1:colcon.colcon_core.environment:checking '/home/michele-zarantonello/my_ws/install/ir_base/bin'
[0.580s] Level 1:colcon.colcon_core.environment:checking '/home/michele-zarantonello/my_ws/install/ir_base/lib/pkgconfig/ir_base.pc'
[0.581s] Level 1:colcon.colcon_core.environment:checking '/home/michele-zarantonello/my_ws/install/ir_base/lib/python3.12/site-packages'
[0.581s] Level 1:colcon.colcon_core.environment:checking '/home/michele-zarantonello/my_ws/install/ir_base/bin'
[0.581s] INFO:colcon.colcon_core.shell:Creating package script '/home/michele-zarantonello/my_ws/install/ir_base/share/ir_base/package.ps1'
[0.582s] INFO:colcon.colcon_core.shell:Creating package descriptor '/home/michele-zarantonello/my_ws/install/ir_base/share/ir_base/package.dsv'
[0.583s] INFO:colcon.colcon_core.shell:Creating package script '/home/michele-zarantonello/my_ws/install/ir_base/share/ir_base/package.sh'
[0.583s] INFO:colcon.colcon_core.shell:Creating package script '/home/michele-zarantonello/my_ws/install/ir_base/share/ir_base/package.bash'
[0.584s] INFO:colcon.colcon_core.shell:Creating package script '/home/michele-zarantonello/my_ws/install/ir_base/share/ir_base/package.zsh'
[0.585s] Level 1:colcon.colcon_core.environment:create_file_with_runtime_dependencies(/home/michele-zarantonello/my_ws/install/ir_base/share/colcon-core/packages/ir_base)
[0.586s] Level 1:colcon.colcon_core.environment:create_environment_scripts_only(ir_base)
[0.586s] Level 1:colcon.colcon_core.environment:checking '/home/michele-zarantonello/my_ws/install/ir_base' for CMake module files
[0.588s] Level 1:colcon.colcon_core.environment:checking '/home/michele-zarantonello/my_ws/install/ir_base' for CMake config files
[0.592s] DEBUG:colcon.colcon_core.event_handler.log_command:Invoked command in '/home/michele-zarantonello/my_ws/build/my_launch' returned '0': CMAKE_PREFIX_PATH=${CMAKE_PREFIX_PATH}:/opt/ros/jazzy DEBUGINFOD_URLS=https://debuginfod.ubuntu.com /usr/bin/cmake --install /home/michele-zarantonello/my_ws/build/my_launch
[0.594s] Level 1:colcon.colcon_core.shell:create_environment_hook('ir_base', 'cmake_prefix_path')
[0.594s] INFO:colcon.colcon_core.shell:Creating environment hook '/home/michele-zarantonello/my_ws/install/ir_base/share/ir_base/hook/cmake_prefix_path.ps1'
[0.597s] INFO:colcon.colcon_core.shell:Creating environment descriptor '/home/michele-zarantonello/my_ws/install/ir_base/share/ir_base/hook/cmake_prefix_path.dsv'
[0.599s] INFO:colcon.colcon_core.shell:Creating environment hook '/home/michele-zarantonello/my_ws/install/ir_base/share/ir_base/hook/cmake_prefix_path.sh'
[0.602s] Level 1:colcon.colcon_core.environment:checking '/home/michele-zarantonello/my_ws/install/ir_base/bin'
[0.602s] Level 1:colcon.colcon_core.environment:checking '/home/michele-zarantonello/my_ws/install/ir_base/lib/pkgconfig/ir_base.pc'
[0.603s] Level 1:colcon.colcon_core.environment:checking '/home/michele-zarantonello/my_ws/install/ir_base/lib/python3.12/site-packages'
[0.603s] Level 1:colcon.colcon_core.environment:checking '/home/michele-zarantonello/my_ws/install/ir_base/bin'
[0.604s] INFO:colcon.colcon_core.shell:Creating package script '/home/michele-zarantonello/my_ws/install/ir_base/share/ir_base/package.ps1'
[0.606s] INFO:colcon.colcon_core.shell:Creating package descriptor '/home/michele-zarantonello/my_ws/install/ir_base/share/ir_base/package.dsv'
[0.608s] INFO:colcon.colcon_core.shell:Creating package script '/home/michele-zarantonello/my_ws/install/ir_base/share/ir_base/package.sh'
[0.610s] INFO:colcon.colcon_core.shell:Creating package script '/home/michele-zarantonello/my_ws/install/ir_base/share/ir_base/package.bash'
[0.613s] INFO:colcon.colcon_core.shell:Creating package script '/home/michele-zarantonello/my_ws/install/ir_base/share/ir_base/package.zsh'
[0.614s] Level 1:colcon.colcon_core.environment:create_file_with_runtime_dependencies(/home/michele-zarantonello/my_ws/install/ir_base/share/colcon-core/packages/ir_base)
[0.615s] Level 1:colcon.colcon_core.environment:create_environment_scripts_only(ir_desription)
[0.615s] Level 1:colcon.colcon_core.environment:checking '/home/michele-zarantonello/my_ws/install/ir_desription' for CMake module files
[0.616s] Level 1:colcon.colcon_core.environment:checking '/home/michele-zarantonello/my_ws/install/ir_desription' for CMake config files
[0.617s] DEBUG:colcon.colcon_core.event_handler.log_command:Invoked command in '/home/michele-zarantonello/my_ws/build/ir_base' returned '0': CMAKE_PREFIX_PATH=${CMAKE_PREFIX_PATH}:/opt/ros/jazzy DEBUGINFOD_URLS=https://debuginfod.ubuntu.com /usr/bin/cmake --install /home/michele-zarantonello/my_ws/build/ir_base
[0.619s] DEBUG:colcon.colcon_core.event_handler.log_command:Invoked command in '/home/michele-zarantonello/my_ws/build/ir_desription' returned '0': CMAKE_PREFIX_PATH=${CMAKE_PREFIX_PATH}:/opt/ros/jazzy DEBUGINFOD_URLS=https://debuginfod.ubuntu.com /usr/bin/cmake --install /home/michele-zarantonello/my_ws/build/ir_desription
[0.620s] Level 1:colcon.colcon_core.shell:create_environment_hook('ir_desription', 'cmake_prefix_path')
[0.620s] INFO:colcon.colcon_core.shell:Creating environment hook '/home/michele-zarantonello/my_ws/install/ir_desription/share/ir_desription/hook/cmake_prefix_path.ps1'
[0.621s] INFO:colcon.colcon_core.shell:Creating environment descriptor '/home/michele-zarantonello/my_ws/install/ir_desription/share/ir_desription/hook/cmake_prefix_path.dsv'
[0.621s] INFO:colcon.colcon_core.shell:Creating environment hook '/home/michele-zarantonello/my_ws/install/ir_desription/share/ir_desription/hook/cmake_prefix_path.sh'
[0.622s] Level 1:colcon.colcon_core.environment:checking '/home/michele-zarantonello/my_ws/install/ir_desription/bin'
[0.622s] Level 1:colcon.colcon_core.environment:checking '/home/michele-zarantonello/my_ws/install/ir_desription/lib/pkgconfig/ir_desription.pc'
[0.622s] Level 1:colcon.colcon_core.environment:checking '/home/michele-zarantonello/my_ws/install/ir_desription/lib/python3.12/site-packages'
[0.623s] Level 1:colcon.colcon_core.environment:checking '/home/michele-zarantonello/my_ws/install/ir_desription/bin'
[0.624s] INFO:colcon.colcon_core.shell:Creating package script '/home/michele-zarantonello/my_ws/install/ir_desription/share/ir_desription/package.ps1'
[0.626s] INFO:colcon.colcon_core.shell:Creating package descriptor '/home/michele-zarantonello/my_ws/install/ir_desription/share/ir_desription/package.dsv'
[0.627s] INFO:colcon.colcon_core.shell:Creating package script '/home/michele-zarantonello/my_ws/install/ir_desription/share/ir_desription/package.sh'
[0.628s] INFO:colcon.colcon_core.shell:Creating package script '/home/michele-zarantonello/my_ws/install/ir_desription/share/ir_desription/package.bash'
[0.628s] INFO:colcon.colcon_core.shell:Creating package script '/home/michele-zarantonello/my_ws/install/ir_desription/share/ir_desription/package.zsh'
[0.629s] Level 1:colcon.colcon_core.environment:create_file_with_runtime_dependencies(/home/michele-zarantonello/my_ws/install/ir_desription/share/colcon-core/packages/ir_desription)
[0.629s] Level 1:colcon.colcon_core.environment:create_environment_scripts_only(ir_desription)
[0.629s] Level 1:colcon.colcon_core.environment:checking '/home/michele-zarantonello/my_ws/install/ir_desription' for CMake module files
[0.630s] Level 1:colcon.colcon_core.environment:checking '/home/michele-zarantonello/my_ws/install/ir_desription' for CMake config files
[0.630s] Level 1:colcon.colcon_core.shell:create_environment_hook('ir_desription', 'cmake_prefix_path')
[0.630s] INFO:colcon.colcon_core.shell:Creating environment hook '/home/michele-zarantonello/my_ws/install/ir_desription/share/ir_desription/hook/cmake_prefix_path.ps1'
[0.631s] INFO:colcon.colcon_core.shell:Creating environment descriptor '/home/michele-zarantonello/my_ws/install/ir_desription/share/ir_desription/hook/cmake_prefix_path.dsv'
[0.631s] INFO:colcon.colcon_core.shell:Creating environment hook '/home/michele-zarantonello/my_ws/install/ir_desription/share/ir_desription/hook/cmake_prefix_path.sh'
[0.632s] Level 1:colcon.colcon_core.environment:checking '/home/michele-zarantonello/my_ws/install/ir_desription/bin'
[0.632s] Level 1:colcon.colcon_core.environment:checking '/home/michele-zarantonello/my_ws/install/ir_desription/lib/pkgconfig/ir_desription.pc'
[0.632s] Level 1:colcon.colcon_core.environment:checking '/home/michele-zarantonello/my_ws/install/ir_desription/lib/python3.12/site-packages'
[0.633s] Level 1:colcon.colcon_core.environment:checking '/home/michele-zarantonello/my_ws/install/ir_desription/bin'
[0.633s] INFO:colcon.colcon_core.shell:Creating package script '/home/michele-zarantonello/my_ws/install/ir_desription/share/ir_desription/package.ps1'
[0.633s] INFO:colcon.colcon_core.shell:Creating package descriptor '/home/michele-zarantonello/my_ws/install/ir_desription/share/ir_desription/package.dsv'
[0.634s] INFO:colcon.colcon_core.shell:Creating package script '/home/michele-zarantonello/my_ws/install/ir_desription/share/ir_desription/package.sh'
[0.634s] INFO:colcon.colcon_core.shell:Creating package script '/home/michele-zarantonello/my_ws/install/ir_desription/share/ir_desription/package.bash'
[0.635s] INFO:colcon.colcon_core.shell:Creating package script '/home/michele-zarantonello/my_ws/install/ir_desription/share/ir_desription/package.zsh'
[0.635s] Level 1:colcon.colcon_core.environment:create_file_with_runtime_dependencies(/home/michele-zarantonello/my_ws/install/ir_desription/share/colcon-core/packages/ir_desription)
[0.636s] Level 1:colcon.colcon_core.environment:create_environment_scripts_only(ir_launch)
[0.636s] Level 1:colcon.colcon_core.environment:checking '/home/michele-zarantonello/my_ws/install/ir_launch' for CMake module files
[0.637s] DEBUG:colcon.colcon_core.event_handler.log_command:Invoked command in '/home/michele-zarantonello/my_ws/build/ir_launch' returned '0': CMAKE_PREFIX_PATH=${CMAKE_PREFIX_PATH}:/opt/ros/jazzy DEBUGINFOD_URLS=https://debuginfod.ubuntu.com /usr/bin/cmake --install /home/michele-zarantonello/my_ws/build/ir_launch
[0.637s] Level 1:colcon.colcon_core.environment:checking '/home/michele-zarantonello/my_ws/install/ir_launch' for CMake config files
[0.637s] Level 1:colcon.colcon_core.shell:create_environment_hook('ir_launch', 'cmake_prefix_path')
[0.638s] INFO:colcon.colcon_core.shell:Creating environment hook '/home/michele-zarantonello/my_ws/install/ir_launch/share/ir_launch/hook/cmake_prefix_path.ps1'
[0.638s] INFO:colcon.colcon_core.shell:Creating environment descriptor '/home/michele-zarantonello/my_ws/install/ir_launch/share/ir_launch/hook/cmake_prefix_path.dsv'
[0.639s] INFO:colcon.colcon_core.shell:Creating environment hook '/home/michele-zarantonello/my_ws/install/ir_launch/share/ir_launch/hook/cmake_prefix_path.sh'
[0.640s] Level 1:colcon.colcon_core.environment:checking '/home/michele-zarantonello/my_ws/install/ir_launch/bin'
[0.641s] Level 1:colcon.colcon_core.environment:checking '/home/michele-zarantonello/my_ws/install/ir_launch/lib/pkgconfig/ir_launch.pc'
[0.641s] Level 1:colcon.colcon_core.environment:checking '/home/michele-zarantonello/my_ws/install/ir_launch/lib/python3.12/site-packages'
[0.641s] Level 1:colcon.colcon_core.environment:checking '/home/michele-zarantonello/my_ws/install/ir_launch/bin'
[0.642s] INFO:colcon.colcon_core.shell:Creating package script '/home/michele-zarantonello/my_ws/install/ir_launch/share/ir_launch/package.ps1'
[0.643s] INFO:colcon.colcon_core.shell:Creating package descriptor '/home/michele-zarantonello/my_ws/install/ir_launch/share/ir_launch/package.dsv'
[0.645s] INFO:colcon.colcon_core.shell:Creating package script '/home/michele-zarantonello/my_ws/install/ir_launch/share/ir_launch/package.sh'
[0.647s] INFO:colcon.colcon_core.shell:Creating package script '/home/michele-zarantonello/my_ws/install/ir_launch/share/ir_launch/package.bash'
[0.647s] INFO:colcon.colcon_core.shell:Creating package script '/home/michele-zarantonello/my_ws/install/ir_launch/share/ir_launch/package.zsh'
[0.648s] Level 1:colcon.colcon_core.environment:create_file_with_runtime_dependencies(/home/michele-zarantonello/my_ws/install/ir_launch/share/colcon-core/packages/ir_launch)
[0.649s] Level 1:colcon.colcon_core.environment:create_environment_scripts_only(ir_launch)
[0.650s] Level 1:colcon.colcon_core.environment:checking '/home/michele-zarantonello/my_ws/install/ir_launch' for CMake module files
[0.650s] Level 1:colcon.colcon_core.environment:checking '/home/michele-zarantonello/my_ws/install/ir_launch' for CMake config files
[0.651s] Level 1:colcon.colcon_core.shell:create_environment_hook('ir_launch', 'cmake_prefix_path')
[0.651s] INFO:colcon.colcon_core.shell:Creating environment hook '/home/michele-zarantonello/my_ws/install/ir_launch/share/ir_launch/hook/cmake_prefix_path.ps1'
[0.652s] INFO:colcon.colcon_core.shell:Creating environment descriptor '/home/michele-zarantonello/my_ws/install/ir_launch/share/ir_launch/hook/cmake_prefix_path.dsv'
[0.652s] INFO:colcon.colcon_core.shell:Creating environment hook '/home/michele-zarantonello/my_ws/install/ir_launch/share/ir_launch/hook/cmake_prefix_path.sh'
[0.653s] Level 1:colcon.colcon_core.environment:checking '/home/michele-zarantonello/my_ws/install/ir_launch/bin'
[0.653s] Level 1:colcon.colcon_core.environment:checking '/home/michele-zarantonello/my_ws/install/ir_launch/lib/pkgconfig/ir_launch.pc'
[0.653s] Level 1:colcon.colcon_core.environment:checking '/home/michele-zarantonello/my_ws/install/ir_launch/lib/python3.12/site-packages'
[0.653s] Level 1:colcon.colcon_core.environment:checking '/home/michele-zarantonello/my_ws/install/ir_launch/bin'
[0.654s] INFO:colcon.colcon_core.shell:Creating package script '/home/michele-zarantonello/my_ws/install/ir_launch/share/ir_launch/package.ps1'
[0.654s] INFO:colcon.colcon_core.shell:Creating package descriptor '/home/michele-zarantonello/my_ws/install/ir_launch/share/ir_launch/package.dsv'
[0.655s] INFO:colcon.colcon_core.shell:Creating package script '/home/michele-zarantonello/my_ws/install/ir_launch/share/ir_launch/package.sh'
[0.655s] INFO:colcon.colcon_core.shell:Creating package script '/home/michele-zarantonello/my_ws/install/ir_launch/share/ir_launch/package.bash'
[0.655s] INFO:colcon.colcon_core.shell:Creating package script '/home/michele-zarantonello/my_ws/install/ir_launch/share/ir_launch/package.zsh'
[0.656s] Level 1:colcon.colcon_core.environment:create_file_with_runtime_dependencies(/home/michele-zarantonello/my_ws/install/ir_launch/share/colcon-core/packages/ir_launch)
[0.657s] INFO:colcon.colcon_ros.task.ament_cmake.build:Building ROS package in '/home/michele-zarantonello/my_ws/src/ir_2526/ir_movit_config' with build type 'ament_cmake'
[0.657s] INFO:colcon.colcon_cmake.task.cmake.build:Building CMake package in '/home/michele-zarantonello/my_ws/src/ir_2526/ir_movit_config'
[0.657s] INFO:colcon.colcon_core.shell:Skip shell extension 'powershell' for command environment: Not usable outside of PowerShell
[0.657s] DEBUG:colcon.colcon_core.shell:Skip shell extension 'dsv' for command environment
[0.663s] DEBUG:colcon.colcon_core.event_handler.log_command:Invoked command in '/home/michele-zarantonello/my_ws/build/apriltag_ros' returned '0': CMAKE_PREFIX_PATH=${CMAKE_PREFIX_PATH}:/opt/ros/jazzy DEBUGINFOD_URLS=https://debuginfod.ubuntu.com /usr/bin/cmake --build /home/michele-zarantonello/my_ws/build/apriltag_ros -- -j8 -l8
[0.665s] DEBUG:colcon.colcon_core.event_handler.log_command:Invoking command in '/home/michele-zarantonello/my_ws/build/apriltag_ros': CMAKE_PREFIX_PATH=${CMAKE_PREFIX_PATH}:/opt/ros/jazzy DEBUGINFOD_URLS=https://debuginfod.ubuntu.com /usr/bin/cmake --install /home/michele-zarantonello/my_ws/build/apriltag_ros
[0.666s] DEBUG:colcon.colcon_core.event_handler.log_command:Invoked command in '/home/michele-zarantonello/my_ws/build/my_apriltag' returned '0': CMAKE_PREFIX_PATH=${CMAKE_PREFIX_PATH}:/opt/ros/jazzy DEBUGINFOD_URLS=https://debuginfod.ubuntu.com /usr/bin/cmake --build /home/michele-zarantonello/my_ws/build/my_apriltag -- -j8 -l8
[0.668s] DEBUG:colcon.colcon_core.event_handler.log_command:Invoking command in '/home/michele-zarantonello/my_ws/build/my_apriltag': CMAKE_PREFIX_PATH=${CMAKE_PREFIX_PATH}:/opt/ros/jazzy DEBUGINFOD_URLS=https://debuginfod.ubuntu.com /usr/bin/cmake --install /home/michele-zarantonello/my_ws/build/my_apriltag
[0.676s] DEBUG:colcon.colcon_core.event_handler.log_command:Invoking command in '/home/michele-zarantonello/my_ws/build/ir_movit_config': AMENT_PREFIX_PATH=/home/michele-zarantonello/my_ws/install/ir_desription:${AMENT_PREFIX_PATH} CMAKE_PREFIX_PATH=/home/michele-zarantonello/my_ws/install/ir_desription:/opt/ros/jazzy/opt/gz_sim_vendor:/opt/ros/jazzy/opt/gz_sensors_vendor:/opt/ros/jazzy/opt/gz_physics_vendor:/opt/ros/jazzy/opt/sdformat_vendor:/opt/ros/jazzy/opt/gz_gui_vendor:/opt/ros/jazzy/opt/gz_transport_vendor:/opt/ros/jazzy/opt/gz_rendering_vendor:/opt/ros/jazzy/opt/gz_plugin_vendor:/opt/ros/jazzy/opt/gz_fuel_tools_vendor:/opt/ros/jazzy/opt/gz_msgs_vendor:/opt/ros/jazzy/opt/gz_common_vendor:/opt/ros/jazzy/opt/gz_math_vendor:/opt/ros/jazzy/opt/gz_utils_vendor:/opt/ros/jazzy/opt/gz_tools_vendor:/opt/ros/jazzy/opt/gz_ogre_next_vendor:/opt/ros/jazzy/opt/gz_dartsim_vendor:/opt/ros/jazzy/opt/gz_cmake_vendor:/opt/ros/jazzy DEBUGINFOD_URLS=https://debuginfod.ubuntu.com /usr/bin/cmake --build /home/michele-zarantonello/my_ws/build/ir_movit_config -- -j8 -l8
[0.683s] Level 1:colcon.colcon_core.environment:create_environment_scripts_only(apriltag_ros)
[0.684s] Level 1:colcon.colcon_core.environment:checking '/home/michele-zarantonello/my_ws/install/apriltag_ros' for CMake module files
[0.685s] Level 1:colcon.colcon_core.environment:checking '/home/michele-zarantonello/my_ws/install/apriltag_ros' for CMake config files
[0.686s] Level 1:colcon.colcon_core.shell:create_environment_hook('apriltag_ros', 'cmake_prefix_path')
[0.686s] INFO:colcon.colcon_core.shell:Creating environment hook '/home/michele-zarantonello/my_ws/install/apriltag_ros/share/apriltag_ros/hook/cmake_prefix_path.ps1'
[0.687s] INFO:colcon.colcon_core.shell:Creating environment descriptor '/home/michele-zarantonello/my_ws/install/apriltag_ros/share/apriltag_ros/hook/cmake_prefix_path.dsv'
[0.689s] INFO:colcon.colcon_core.shell:Creating environment hook '/home/michele-zarantonello/my_ws/install/apriltag_ros/share/apriltag_ros/hook/cmake_prefix_path.sh'
[0.692s] DEBUG:colcon.colcon_core.event_handler.log_command:Invoked command in '/home/michele-zarantonello/my_ws/build/apriltag_ros' returned '0': CMAKE_PREFIX_PATH=${CMAKE_PREFIX_PATH}:/opt/ros/jazzy DEBUGINFOD_URLS=https://debuginfod.ubuntu.com /usr/bin/cmake --install /home/michele-zarantonello/my_ws/build/apriltag_ros
[0.693s] Level 1:colcon.colcon_core.environment:checking '/home/michele-zarantonello/my_ws/install/apriltag_ros/lib'
[0.694s] Level 1:colcon.colcon_core.shell:create_environment_hook('apriltag_ros', 'ld_library_path_lib')
[0.695s] INFO:colcon.colcon_core.shell:Creating environment hook '/home/michele-zarantonello/my_ws/install/apriltag_ros/share/apriltag_ros/hook/ld_library_path_lib.ps1'
[0.695s] INFO:colcon.colcon_core.shell:Creating environment descriptor '/home/michele-zarantonello/my_ws/install/apriltag_ros/share/apriltag_ros/hook/ld_library_path_lib.dsv'
[0.696s] INFO:colcon.colcon_core.shell:Creating environment hook '/home/michele-zarantonello/my_ws/install/apriltag_ros/share/apriltag_ros/hook/ld_library_path_lib.sh'
[0.697s] Level 1:colcon.colcon_core.environment:checking '/home/michele-zarantonello/my_ws/install/apriltag_ros/bin'
[0.697s] Level 1:colcon.colcon_core.environment:checking '/home/michele-zarantonello/my_ws/install/apriltag_ros/lib/pkgconfig/apriltag_ros.pc'
[0.697s] Level 1:colcon.colcon_core.environment:checking '/home/michele-zarantonello/my_ws/install/apriltag_ros/lib/python3.12/site-packages'
[0.698s] Level 1:colcon.colcon_core.environment:checking '/home/michele-zarantonello/my_ws/install/apriltag_ros/bin'
[0.698s] INFO:colcon.colcon_core.shell:Creating package script '/home/michele-zarantonello/my_ws/install/apriltag_ros/share/apriltag_ros/package.ps1'
[0.699s] INFO:colcon.colcon_core.shell:Creating package descriptor '/home/michele-zarantonello/my_ws/install/apriltag_ros/share/apriltag_ros/package.dsv'
[0.700s] INFO:colcon.colcon_core.shell:Creating package script '/home/michele-zarantonello/my_ws/install/apriltag_ros/share/apriltag_ros/package.sh'
[0.701s] INFO:colcon.colcon_core.shell:Creating package script '/home/michele-zarantonello/my_ws/install/apriltag_ros/share/apriltag_ros/package.bash'
[0.702s] INFO:colcon.colcon_core.shell:Creating package script '/home/michele-zarantonello/my_ws/install/apriltag_ros/share/apriltag_ros/package.zsh'
[0.703s] Level 1:colcon.colcon_core.environment:create_file_with_runtime_dependencies(/home/michele-zarantonello/my_ws/install/apriltag_ros/share/colcon-core/packages/apriltag_ros)
[0.705s] Level 1:colcon.colcon_core.environment:create_environment_scripts_only(apriltag_ros)
[0.705s] Level 1:colcon.colcon_core.environment:checking '/home/michele-zarantonello/my_ws/install/apriltag_ros' for CMake module files
[0.706s] Level 1:colcon.colcon_core.environment:checking '/home/michele-zarantonello/my_ws/install/apriltag_ros' for CMake config files
[0.707s] Level 1:colcon.colcon_core.shell:create_environment_hook('apriltag_ros', 'cmake_prefix_path')
[0.707s] INFO:colcon.colcon_core.shell:Creating environment hook '/home/michele-zarantonello/my_ws/install/apriltag_ros/share/apriltag_ros/hook/cmake_prefix_path.ps1'
[0.709s] INFO:colcon.colcon_core.shell:Creating environment descriptor '/home/michele-zarantonello/my_ws/install/apriltag_ros/share/apriltag_ros/hook/cmake_prefix_path.dsv'
[0.710s] INFO:colcon.colcon_core.shell:Creating environment hook '/home/michele-zarantonello/my_ws/install/apriltag_ros/share/apriltag_ros/hook/cmake_prefix_path.sh'
[0.711s] Level 1:colcon.colcon_core.environment:checking '/home/michele-zarantonello/my_ws/install/apriltag_ros/lib'
[0.711s] Level 1:colcon.colcon_core.shell:create_environment_hook('apriltag_ros', 'ld_library_path_lib')
[0.711s] INFO:colcon.colcon_core.shell:Creating environment hook '/home/michele-zarantonello/my_ws/install/apriltag_ros/share/apriltag_ros/hook/ld_library_path_lib.ps1'
[0.712s] INFO:colcon.colcon_core.shell:Creating environment descriptor '/home/michele-zarantonello/my_ws/install/apriltag_ros/share/apriltag_ros/hook/ld_library_path_lib.dsv'
[0.712s] INFO:colcon.colcon_core.shell:Creating environment hook '/home/michele-zarantonello/my_ws/install/apriltag_ros/share/apriltag_ros/hook/ld_library_path_lib.sh'
[0.713s] Level 1:colcon.colcon_core.environment:checking '/home/michele-zarantonello/my_ws/install/apriltag_ros/bin'
[0.713s] Level 1:colcon.colcon_core.environment:checking '/home/michele-zarantonello/my_ws/install/apriltag_ros/lib/pkgconfig/apriltag_ros.pc'
[0.714s] Level 1:colcon.colcon_core.environment:checking '/home/michele-zarantonello/my_ws/install/apriltag_ros/lib/python3.12/site-packages'
[0.714s] Level 1:colcon.colcon_core.environment:checking '/home/michele-zarantonello/my_ws/install/apriltag_ros/bin'
[0.715s] INFO:colcon.colcon_core.shell:Creating package script '/home/michele-zarantonello/my_ws/install/apriltag_ros/share/apriltag_ros/package.ps1'
[0.717s] INFO:colcon.colcon_core.shell:Creating package descriptor '/home/michele-zarantonello/my_ws/install/apriltag_ros/share/apriltag_ros/package.dsv'
[0.718s] INFO:colcon.colcon_core.shell:Creating package script '/home/michele-zarantonello/my_ws/install/apriltag_ros/share/apriltag_ros/package.sh'
[0.719s] INFO:colcon.colcon_core.shell:Creating package script '/home/michele-zarantonello/my_ws/install/apriltag_ros/share/apriltag_ros/package.bash'
[0.719s] INFO:colcon.colcon_core.shell:Creating package script '/home/michele-zarantonello/my_ws/install/apriltag_ros/share/apriltag_ros/package.zsh'
[0.720s] Level 1:colcon.colcon_core.environment:create_file_with_runtime_dependencies(/home/michele-zarantonello/my_ws/install/apriltag_ros/share/colcon-core/packages/apriltag_ros)
[0.721s] Level 1:colcon.colcon_core.environment:create_environment_scripts_only(my_apriltag)
[0.721s] Level 1:colcon.colcon_core.environment:checking '/home/michele-zarantonello/my_ws/install/my_apriltag' for CMake module files
[0.722s] Level 1:colcon.colcon_core.environment:checking '/home/michele-zarantonello/my_ws/install/my_apriltag' for CMake config files
[0.723s] Level 1:colcon.colcon_core.shell:create_environment_hook('my_apriltag', 'cmake_prefix_path')
[0.723s] INFO:colcon.colcon_core.shell:Creating environment hook '/home/michele-zarantonello/my_ws/install/my_apriltag/share/my_apriltag/hook/cmake_prefix_path.ps1'
[0.724s] INFO:colcon.colcon_core.shell:Creating environment descriptor '/home/michele-zarantonello/my_ws/install/my_apriltag/share/my_apriltag/hook/cmake_prefix_path.dsv'
[0.724s] DEBUG:colcon.colcon_core.event_handler.log_command:Invoked command in '/home/michele-zarantonello/my_ws/build/my_apriltag' returned '0': CMAKE_PREFIX_PATH=${CMAKE_PREFIX_PATH}:/opt/ros/jazzy DEBUGINFOD_URLS=https://debuginfod.ubuntu.com /usr/bin/cmake --install /home/michele-zarantonello/my_ws/build/my_apriltag
[0.725s] INFO:colcon.colcon_core.shell:Creating environment hook '/home/michele-zarantonello/my_ws/install/my_apriltag/share/my_apriltag/hook/cmake_prefix_path.sh'
[0.727s] Level 1:colcon.colcon_core.environment:checking '/home/michele-zarantonello/my_ws/install/my_apriltag/lib'
[0.727s] Level 1:colcon.colcon_core.shell:create_environment_hook('my_apriltag', 'ld_library_path_lib')
[0.727s] INFO:colcon.colcon_core.shell:Creating environment hook '/home/michele-zarantonello/my_ws/install/my_apriltag/share/my_apriltag/hook/ld_library_path_lib.ps1'
[0.728s] INFO:colcon.colcon_core.shell:Creating environment descriptor '/home/michele-zarantonello/my_ws/install/my_apriltag/share/my_apriltag/hook/ld_library_path_lib.dsv'
[0.728s] INFO:colcon.colcon_core.shell:Creating environment hook '/home/michele-zarantonello/my_ws/install/my_apriltag/share/my_apriltag/hook/ld_library_path_lib.sh'
[0.729s] Level 1:colcon.colcon_core.environment:checking '/home/michele-zarantonello/my_ws/install/my_apriltag/bin'
[0.729s] Level 1:colcon.colcon_core.environment:checking '/home/michele-zarantonello/my_ws/install/my_apriltag/lib/pkgconfig/my_apriltag.pc'
[0.730s] Level 1:colcon.colcon_core.environment:checking '/home/michele-zarantonello/my_ws/install/my_apriltag/lib/python3.12/site-packages'
[0.730s] Level 1:colcon.colcon_core.environment:checking '/home/michele-zarantonello/my_ws/install/my_apriltag/bin'
[0.730s] INFO:colcon.colcon_core.shell:Creating package script '/home/michele-zarantonello/my_ws/install/my_apriltag/share/my_apriltag/package.ps1'
[0.731s] INFO:colcon.colcon_core.shell:Creating package descriptor '/home/michele-zarantonello/my_ws/install/my_apriltag/share/my_apriltag/package.dsv'
[0.732s] INFO:colcon.colcon_core.shell:Creating package script '/home/michele-zarantonello/my_ws/install/my_apriltag/share/my_apriltag/package.sh'
[0.733s] INFO:colcon.colcon_core.shell:Creating package script '/home/michele-zarantonello/my_ws/install/my_apriltag/share/my_apriltag/package.bash'
[0.733s] INFO:colcon.colcon_core.shell:Creating package script '/home/michele-zarantonello/my_ws/install/my_apriltag/share/my_apriltag/package.zsh'
[0.734s] Level 1:colcon.colcon_core.environment:create_file_with_runtime_dependencies(/home/michele-zarantonello/my_ws/install/my_apriltag/share/colcon-core/packages/my_apriltag)
[0.735s] Level 1:colcon.colcon_core.environment:create_environment_scripts_only(my_apriltag)
[0.735s] Level 1:colcon.colcon_core.environment:checking '/home/michele-zarantonello/my_ws/install/my_apriltag' for CMake module files
[0.736s] Level 1:colcon.colcon_core.environment:checking '/home/michele-zarantonello/my_ws/install/my_apriltag' for CMake config files
[0.736s] Level 1:colcon.colcon_core.shell:create_environment_hook('my_apriltag', 'cmake_prefix_path')
[0.736s] INFO:colcon.colcon_core.shell:Creating environment hook '/home/michele-zarantonello/my_ws/install/my_apriltag/share/my_apriltag/hook/cmake_prefix_path.ps1'
[0.737s] INFO:colcon.colcon_core.shell:Creating environment descriptor '/home/michele-zarantonello/my_ws/install/my_apriltag/share/my_apriltag/hook/cmake_prefix_path.dsv'
[0.737s] INFO:colcon.colcon_core.shell:Creating environment hook '/home/michele-zarantonello/my_ws/install/my_apriltag/share/my_apriltag/hook/cmake_prefix_path.sh'
[0.739s] Level 1:colcon.colcon_core.environment:checking '/home/michele-zarantonello/my_ws/install/my_apriltag/lib'
[0.739s] Level 1:colcon.colcon_core.shell:create_environment_hook('my_apriltag', 'ld_library_path_lib')
[0.739s] INFO:colcon.colcon_core.shell:Creating environment hook '/home/michele-zarantonello/my_ws/install/my_apriltag/share/my_apriltag/hook/ld_library_path_lib.ps1'
[0.741s] INFO:colcon.colcon_core.shell:Creating environment descriptor '/home/michele-zarantonello/my_ws/install/my_apriltag/share/my_apriltag/hook/ld_library_path_lib.dsv'
[0.742s] INFO:colcon.colcon_core.shell:Creating environment hook '/home/michele-zarantonello/my_ws/install/my_apriltag/share/my_apriltag/hook/ld_library_path_lib.sh'
[0.744s] Level 1:colcon.colcon_core.environment:checking '/home/michele-zarantonello/my_ws/install/my_apriltag/bin'
[0.744s] Level 1:colcon.colcon_core.environment:checking '/home/michele-zarantonello/my_ws/install/my_apriltag/lib/pkgconfig/my_apriltag.pc'
[0.744s] Level 1:colcon.colcon_core.environment:checking '/home/michele-zarantonello/my_ws/install/my_apriltag/lib/python3.12/site-packages'
[0.745s] Level 1:colcon.colcon_core.environment:checking '/home/michele-zarantonello/my_ws/install/my_apriltag/bin'
[0.746s] INFO:colcon.colcon_core.shell:Creating package script '/home/michele-zarantonello/my_ws/install/my_apriltag/share/my_apriltag/package.ps1'
[0.747s] INFO:colcon.colcon_core.shell:Creating package descriptor '/home/michele-zarantonello/my_ws/install/my_apriltag/share/my_apriltag/package.dsv'
[0.748s] INFO:colcon.colcon_core.shell:Creating package script '/home/michele-zarantonello/my_ws/install/my_apriltag/share/my_apriltag/package.sh'
[0.749s] INFO:colcon.colcon_core.shell:Creating package script '/home/michele-zarantonello/my_ws/install/my_apriltag/share/my_apriltag/package.bash'
[0.750s] INFO:colcon.colcon_core.shell:Creating package script '/home/michele-zarantonello/my_ws/install/my_apriltag/share/my_apriltag/package.zsh'
[0.751s] Level 1:colcon.colcon_core.environment:create_file_with_runtime_dependencies(/home/michele-zarantonello/my_ws/install/my_apriltag/share/colcon-core/packages/my_apriltag)
[0.788s] DEBUG:colcon.colcon_core.event_handler.log_command:Invoked command in '/home/michele-zarantonello/my_ws/build/ir_movit_config' returned '0': AMENT_PREFIX_PATH=/home/michele-zarantonello/my_ws/install/ir_desription:${AMENT_PREFIX_PATH} CMAKE_PREFIX_PATH=/home/michele-zarantonello/my_ws/install/ir_desription:/opt/ros/jazzy/opt/gz_sim_vendor:/opt/ros/jazzy/opt/gz_sensors_vendor:/opt/ros/jazzy/opt/gz_physics_vendor:/opt/ros/jazzy/opt/sdformat_vendor:/opt/ros/jazzy/opt/gz_gui_vendor:/opt/ros/jazzy/opt/gz_transport_vendor:/opt/ros/jazzy/opt/gz_rendering_vendor:/opt/ros/jazzy/opt/gz_plugin_vendor:/opt/ros/jazzy/opt/gz_fuel_tools_vendor:/opt/ros/jazzy/opt/gz_msgs_vendor:/opt/ros/jazzy/opt/gz_common_vendor:/opt/ros/jazzy/opt/gz_math_vendor:/opt/ros/jazzy/opt/gz_utils_vendor:/opt/ros/jazzy/opt/gz_tools_vendor:/opt/ros/jazzy/opt/gz_ogre_next_vendor:/opt/ros/jazzy/opt/gz_dartsim_vendor:/opt/ros/jazzy/opt/gz_cmake_vendor:/opt/ros/jazzy DEBUGINFOD_URLS=https://debuginfod.ubuntu.com /usr/bin/cmake --build /home/michele-zarantonello/my_ws/build/ir_movit_config -- -j8 -l8
[0.790s] DEBUG:colcon.colcon_core.event_handler.log_command:Invoking command in '/home/michele-zarantonello/my_ws/build/ir_movit_config': AMENT_PREFIX_PATH=/home/michele-zarantonello/my_ws/install/ir_desription:${AMENT_PREFIX_PATH} CMAKE_PREFIX_PATH=/home/michele-zarantonello/my_ws/install/ir_desription:/opt/ros/jazzy/opt/gz_sim_vendor:/opt/ros/jazzy/opt/gz_sensors_vendor:/opt/ros/jazzy/opt/gz_physics_vendor:/opt/ros/jazzy/opt/sdformat_vendor:/opt/ros/jazzy/opt/gz_gui_vendor:/opt/ros/jazzy/opt/gz_transport_vendor:/opt/ros/jazzy/opt/gz_rendering_vendor:/opt/ros/jazzy/opt/gz_plugin_vendor:/opt/ros/jazzy/opt/gz_fuel_tools_vendor:/opt/ros/jazzy/opt/gz_msgs_vendor:/opt/ros/jazzy/opt/gz_common_vendor:/opt/ros/jazzy/opt/gz_math_vendor:/opt/ros/jazzy/opt/gz_utils_vendor:/opt/ros/jazzy/opt/gz_tools_vendor:/opt/ros/jazzy/opt/gz_ogre_next_vendor:/opt/ros/jazzy/opt/gz_dartsim_vendor:/opt/ros/jazzy/opt/gz_cmake_vendor:/opt/ros/jazzy DEBUGINFOD_URLS=https://debuginfod.ubuntu.com /usr/bin/cmake --install /home/michele-zarantonello/my_ws/build/ir_movit_config
[0.805s] Level 1:colcon.colcon_core.environment:create_environment_scripts_only(ir_movit_config)
[0.805s] Level 1:colcon.colcon_core.environment:checking '/home/michele-zarantonello/my_ws/install/ir_movit_config' for CMake module files
[0.809s] Level 1:colcon.colcon_core.environment:checking '/home/michele-zarantonello/my_ws/install/ir_movit_config' for CMake config files
[0.810s] DEBUG:colcon.colcon_core.event_handler.log_command:Invoked command in '/home/michele-zarantonello/my_ws/build/ir_movit_config' returned '0': AMENT_PREFIX_PATH=/home/michele-zarantonello/my_ws/install/ir_desription:${AMENT_PREFIX_PATH} CMAKE_PREFIX_PATH=/home/michele-zarantonello/my_ws/install/ir_desription:/opt/ros/jazzy/opt/gz_sim_vendor:/opt/ros/jazzy/opt/gz_sensors_vendor:/opt/ros/jazzy/opt/gz_physics_vendor:/opt/ros/jazzy/opt/sdformat_vendor:/opt/ros/jazzy/opt/gz_gui_vendor:/opt/ros/jazzy/opt/gz_transport_vendor:/opt/ros/jazzy/opt/gz_rendering_vendor:/opt/ros/jazzy/opt/gz_plugin_vendor:/opt/ros/jazzy/opt/gz_fuel_tools_vendor:/opt/ros/jazzy/opt/gz_msgs_vendor:/opt/ros/jazzy/opt/gz_common_vendor:/opt/ros/jazzy/opt/gz_math_vendor:/opt/ros/jazzy/opt/gz_utils_vendor:/opt/ros/jazzy/opt/gz_tools_vendor:/opt/ros/jazzy/opt/gz_ogre_next_vendor:/opt/ros/jazzy/opt/gz_dartsim_vendor:/opt/ros/jazzy/opt/gz_cmake_vendor:/opt/ros/jazzy DEBUGINFOD_URLS=https://debuginfod.ubuntu.com /usr/bin/cmake --install /home/michele-zarantonello/my_ws/build/ir_movit_config
[0.810s] Level 1:colcon.colcon_core.shell:create_environment_hook('ir_movit_config', 'cmake_prefix_path')
[0.811s] INFO:colcon.colcon_core.shell:Creating environment hook '/home/michele-zarantonello/my_ws/install/ir_movit_config/share/ir_movit_config/hook/cmake_prefix_path.ps1'
[0.811s] INFO:colcon.colcon_core.shell:Creating environment descriptor '/home/michele-zarantonello/my_ws/install/ir_movit_config/share/ir_movit_config/hook/cmake_prefix_path.dsv'
[0.812s] INFO:colcon.colcon_core.shell:Creating environment hook '/home/michele-zarantonello/my_ws/install/ir_movit_config/share/ir_movit_config/hook/cmake_prefix_path.sh'
[0.813s] Level 1:colcon.colcon_core.environment:checking '/home/michele-zarantonello/my_ws/install/ir_movit_config/lib'
[0.813s] Level 1:colcon.colcon_core.environment:checking '/home/michele-zarantonello/my_ws/install/ir_movit_config/bin'
[0.813s] Level 1:colcon.colcon_core.environment:checking '/home/michele-zarantonello/my_ws/install/ir_movit_config/lib/pkgconfig/ir_movit_config.pc'
[0.813s] Level 1:colcon.colcon_core.environment:checking '/home/michele-zarantonello/my_ws/install/ir_movit_config/lib/python3.12/site-packages'
[0.813s] Level 1:colcon.colcon_core.environment:checking '/home/michele-zarantonello/my_ws/install/ir_movit_config/bin'
[0.814s] INFO:colcon.colcon_core.shell:Creating package script '/home/michele-zarantonello/my_ws/install/ir_movit_config/share/ir_movit_config/package.ps1'
[0.814s] INFO:colcon.colcon_core.shell:Creating package descriptor '/home/michele-zarantonello/my_ws/install/ir_movit_config/share/ir_movit_config/package.dsv'
[0.815s] INFO:colcon.colcon_core.shell:Creating package script '/home/michele-zarantonello/my_ws/install/ir_movit_config/share/ir_movit_config/package.sh'
[0.815s] INFO:colcon.colcon_core.shell:Creating package script '/home/michele-zarantonello/my_ws/install/ir_movit_config/share/ir_movit_config/package.bash'
[0.815s] INFO:colcon.colcon_core.shell:Creating package script '/home/michele-zarantonello/my_ws/install/ir_movit_config/share/ir_movit_config/package.zsh'
[0.816s] Level 1:colcon.colcon_core.environment:create_file_with_runtime_dependencies(/home/michele-zarantonello/my_ws/install/ir_movit_config/share/colcon-core/packages/ir_movit_config)
[0.816s] Level 1:colcon.colcon_core.environment:create_environment_scripts_only(ir_movit_config)
[0.816s] Level 1:colcon.colcon_core.environment:checking '/home/michele-zarantonello/my_ws/install/ir_movit_config' for CMake module files
[0.817s] Level 1:colcon.colcon_core.environment:checking '/home/michele-zarantonello/my_ws/install/ir_movit_config' for CMake config files
[0.817s] Level 1:colcon.colcon_core.shell:create_environment_hook('ir_movit_config', 'cmake_prefix_path')
[0.817s] INFO:colcon.colcon_core.shell:Creating environment hook '/home/michele-zarantonello/my_ws/install/ir_movit_config/share/ir_movit_config/hook/cmake_prefix_path.ps1'
[0.818s] INFO:colcon.colcon_core.shell:Creating environment descriptor '/home/michele-zarantonello/my_ws/install/ir_movit_config/share/ir_movit_config/hook/cmake_prefix_path.dsv'
[0.818s] INFO:colcon.colcon_core.shell:Creating environment hook '/home/michele-zarantonello/my_ws/install/ir_movit_config/share/ir_movit_config/hook/cmake_prefix_path.sh'
[0.818s] Level 1:colcon.colcon_core.environment:checking '/home/michele-zarantonello/my_ws/install/ir_movit_config/lib'
[0.818s] Level 1:colcon.colcon_core.environment:checking '/home/michele-zarantonello/my_ws/install/ir_movit_config/bin'
[0.818s] Level 1:colcon.colcon_core.environment:checking '/home/michele-zarantonello/my_ws/install/ir_movit_config/lib/pkgconfig/ir_movit_config.pc'
[0.819s] Level 1:colcon.colcon_core.environment:checking '/home/michele-zarantonello/my_ws/install/ir_movit_config/lib/python3.12/site-packages'
[0.819s] Level 1:colcon.colcon_core.environment:checking '/home/michele-zarantonello/my_ws/install/ir_movit_config/bin'
[0.819s] INFO:colcon.colcon_core.shell:Creating package script '/home/michele-zarantonello/my_ws/install/ir_movit_config/share/ir_movit_config/package.ps1'
[0.820s] INFO:colcon.colcon_core.shell:Creating package descriptor '/home/michele-zarantonello/my_ws/install/ir_movit_config/share/ir_movit_config/package.dsv'
[0.820s] INFO:colcon.colcon_core.shell:Creating package script '/home/michele-zarantonello/my_ws/install/ir_movit_config/share/ir_movit_config/package.sh'
[0.820s] INFO:colcon.colcon_core.shell:Creating package script '/home/michele-zarantonello/my_ws/install/ir_movit_config/share/ir_movit_config/package.bash'
[0.821s] INFO:colcon.colcon_core.shell:Creating package script '/home/michele-zarantonello/my_ws/install/ir_movit_config/share/ir_movit_config/package.zsh'
[0.821s] Level 1:colcon.colcon_core.environment:create_file_with_runtime_dependencies(/home/michele-zarantonello/my_ws/install/ir_movit_config/share/colcon-core/packages/ir_movit_config)
[5.598s] Level 1:colcon.colcon_core.environment:create_environment_scripts_only(my_navigation)
[5.598s] DEBUG:colcon.colcon_core.event_handler.log_command:Invoked command in '/home/michele-zarantonello/my_ws/build/my_navigation' returned '2': CMAKE_PREFIX_PATH=${CMAKE_PREFIX_PATH}:/opt/ros/jazzy DEBUGINFOD_URLS=https://debuginfod.ubuntu.com /usr/bin/cmake --build /home/michele-zarantonello/my_ws/build/my_navigation -- -j8 -l8
[5.598s] Level 1:colcon.colcon_core.environment:checking '/home/michele-zarantonello/my_ws/install/my_navigation' for CMake module files
[5.599s] Level 1:colcon.colcon_core.environment:checking '/home/michele-zarantonello/my_ws/install/my_navigation' for CMake config files
[5.599s] Level 1:colcon.colcon_core.shell:create_environment_hook('my_navigation', 'cmake_prefix_path')
[5.599s] INFO:colcon.colcon_core.shell:Creating environment hook '/home/michele-zarantonello/my_ws/install/my_navigation/share/my_navigation/hook/cmake_prefix_path.ps1'
[5.599s] INFO:colcon.colcon_core.shell:Creating environment descriptor '/home/michele-zarantonello/my_ws/install/my_navigation/share/my_navigation/hook/cmake_prefix_path.dsv'
[5.600s] INFO:colcon.colcon_core.shell:Creating environment hook '/home/michele-zarantonello/my_ws/install/my_navigation/share/my_navigation/hook/cmake_prefix_path.sh'
[5.600s] Level 1:colcon.colcon_core.environment:checking '/home/michele-zarantonello/my_ws/install/my_navigation/lib'
[5.600s] Level 1:colcon.colcon_core.environment:checking '/home/michele-zarantonello/my_ws/install/my_navigation/bin'
[5.600s] Level 1:colcon.colcon_core.environment:checking '/home/michele-zarantonello/my_ws/install/my_navigation/lib/pkgconfig/my_navigation.pc'
[5.601s] Level 1:colcon.colcon_core.environment:checking '/home/michele-zarantonello/my_ws/install/my_navigation/lib/python3.12/site-packages'
[5.601s] Level 1:colcon.colcon_core.environment:checking '/home/michele-zarantonello/my_ws/install/my_navigation/bin'
[5.601s] INFO:colcon.colcon_core.shell:Creating package script '/home/michele-zarantonello/my_ws/install/my_navigation/share/my_navigation/package.ps1'
[5.601s] INFO:colcon.colcon_core.shell:Creating package descriptor '/home/michele-zarantonello/my_ws/install/my_navigation/share/my_navigation/package.dsv'
[5.602s] INFO:colcon.colcon_core.shell:Creating package script '/home/michele-zarantonello/my_ws/install/my_navigation/share/my_navigation/package.sh'
[5.602s] INFO:colcon.colcon_core.shell:Creating package script '/home/michele-zarantonello/my_ws/install/my_navigation/share/my_navigation/package.bash'
[5.603s] INFO:colcon.colcon_core.shell:Creating package script '/home/michele-zarantonello/my_ws/install/my_navigation/share/my_navigation/package.zsh'
[5.603s] Level 1:colcon.colcon_core.environment:create_file_with_runtime_dependencies(/home/michele-zarantonello/my_ws/install/my_navigation/share/colcon-core/packages/my_navigation)
[5.613s] DEBUG:colcon.colcon_parallel_executor.executor.parallel:closing loop
[5.614s] DEBUG:colcon.colcon_parallel_executor.executor.parallel:loop closed
[5.614s] DEBUG:colcon.colcon_parallel_executor.executor.parallel:run_until_complete finished with '2'
[5.614s] DEBUG:colcon.colcon_core.event_reactor:joining thread
[5.620s] INFO:colcon.colcon_core.plugin_system:Skipping extension 'colcon_notification.desktop_notification.terminal_notifier': Not used on non-Darwin systems
[5.620s] INFO:colcon.colcon_core.plugin_system:Skipping extension 'colcon_notification.desktop_notification.win32': Not used on non-Windows systems
[5.620s] INFO:colcon.colcon_notification.desktop_notification:Sending desktop notification using 'notify2'
[5.640s] DEBUG:colcon.colcon_core.event_reactor:joined thread
[5.640s] INFO:colcon.colcon_core.shell:Creating prefix script '/home/michele-zarantonello/my_ws/install/local_setup.ps1'
[5.641s] INFO:colcon.colcon_core.shell:Creating prefix util module '/home/michele-zarantonello/my_ws/install/_local_setup_util_ps1.py'
[5.643s] INFO:colcon.colcon_core.shell:Creating prefix chain script '/home/michele-zarantonello/my_ws/install/setup.ps1'
[5.644s] INFO:colcon.colcon_core.shell:Creating prefix script '/home/michele-zarantonello/my_ws/install/local_setup.sh'
[5.645s] INFO:colcon.colcon_core.shell:Creating prefix util module '/home/michele-zarantonello/my_ws/install/_local_setup_util_sh.py'
[5.646s] INFO:colcon.colcon_core.shell:Creating prefix chain script '/home/michele-zarantonello/my_ws/install/setup.sh'
[5.648s] INFO:colcon.colcon_core.shell:Creating prefix script '/home/michele-zarantonello/my_ws/install/local_setup.bash'
[5.649s] INFO:colcon.colcon_core.shell:Creating prefix chain script '/home/michele-zarantonello/my_ws/install/setup.bash'
[5.650s] INFO:colcon.colcon_core.shell:Creating prefix script '/home/michele-zarantonello/my_ws/install/local_setup.zsh'
[5.650s] INFO:colcon.colcon_core.shell:Creating prefix chain script '/home/michele-zarantonello/my_ws/install/setup.zsh'
