[01m[K/home/michele-zarantonello/my_ws/src/my_assignment_1/my_navigation/src/nav2pose.cpp:[m[K In member function ‘[01m[Kvoid Nav2ActionClient::[01;32m[Ksend_goal[m[K()[m[K’:
[01m[K/home/michele-zarantonello/my_ws/src/my_assignment_1/my_navigation/src/nav2pose.cpp:26:20:[m[K [01;31m[Kerror: [m[K‘[01m[Ktf_buffer_[m[K’ was not declared in this scope
   26 |         auto tf1 = [01;31m[Ktf_buffer_[m[K->lookupTransform(
      |                    [01;31m[K^~~~~~~~~~[m[K
[01m[K/home/michele-zarantonello/my_ws/src/my_assignment_1/my_navigation/src/nav2pose.cpp:27:34:[m[K [01;31m[Kerror: [m[K‘[01m[Ktf2[m[K’ has not been declared
   27 |             "map", "tag36h11:1", [01;31m[Ktf2[m[K::TimePointZero);
      |                                  [01;31m[K^~~[m[K
[01m[K/home/michele-zarantonello/my_ws/src/my_assignment_1/my_navigation/src/nav2pose.cpp:29:35:[m[K [01;31m[Kerror: [m[K‘[01m[Ktf2[m[K’ is not a class, namespace, or enumeration
   29 |             "map", "tag36h11:10", [01;31m[Ktf2[m[K::TimePointZero);
      |                                   [01;31m[K^~~[m[K
[01m[K/home/michele-zarantonello/my_ws/src/my_assignment_1/my_navigation/src/nav2pose.cpp:66:12:[m[K [01;31m[Kerror: [m[K‘[01m[Ktf2[m[K’ does not name a type
   66 |     catch ([01;31m[Ktf2[m[K::TransformException &ex)
      |            [01;31m[K^~~[m[K
[01m[K/home/michele-zarantonello/my_ws/src/my_assignment_1/my_navigation/src/nav2pose.cpp:66:36:[m[K [01;31m[Kerror: [m[Kexpected unqualified-id before ‘[01m[K&[m[K’ token
   66 |     catch (tf2::TransformException [01;31m[K&[m[Kex)
      |                                    [01;31m[K^[m[K
[01m[K/home/michele-zarantonello/my_ws/src/my_assignment_1/my_navigation/src/nav2pose.cpp:66:36:[m[K [01;31m[Kerror: [m[Kexpected ‘[01m[K)[m[K’ before ‘[01m[K&[m[K’ token
[01m[K/home/michele-zarantonello/my_ws/src/my_assignment_1/my_navigation/src/nav2pose.cpp:66:11:[m[K [01;36m[Knote: [m[Kto match this ‘[01m[K([m[K’
   66 |     catch [01;36m[K([m[Ktf2::TransformException &ex)
      |           [01;36m[K^[m[K
[01m[K/home/michele-zarantonello/my_ws/src/my_assignment_1/my_navigation/src/nav2pose.cpp:66:36:[m[K [01;31m[Kerror: [m[Kexpected ‘[01m[K{[m[K’ before ‘[01m[K&[m[K’ token
   66 |     catch (tf2::TransformException [01;31m[K&[m[Kex)
      |                                    [01;31m[K^[m[K
[01m[K/home/michele-zarantonello/my_ws/src/my_assignment_1/my_navigation/src/nav2pose.cpp:66:37:[m[K [01;31m[Kerror: [m[K‘[01m[Kex[m[K’ was not declared in this scope; did you mean ‘[01m[Kexp[m[K’?
   66 |     catch (tf2::TransformException &[01;31m[Kex[m[K)
      |                                     [01;31m[K^~[m[K
      |                                     [32m[Kexp[m[K
gmake[2]: *** [CMakeFiles/nav2pose.dir/build.make:76: CMakeFiles/nav2pose.dir/src/nav2pose.cpp.o] Error 1
gmake[1]: *** [CMakeFiles/Makefile2:221: CMakeFiles/nav2pose.dir/all] Error 2
gmake: *** [Makefile:146: all] Error 2
