[0.068s] Invoking command in '/home/michele-zarantonello/my_ws/build/my_navigation': CMAKE_PREFIX_PATH=${CMAKE_PREFIX_PATH}:/opt/ros/jazzy DEBUGINFOD_URLS=https://debuginfod.ubuntu.com /usr/bin/cmake --build /home/michele-zarantonello/my_ws/build/my_navigation -- -j8 -l8
[0.289s] [ 25%] Built target manage_localization_nodes
[0.289s] [ 50%] Built target init_pose_publisher
[0.289s] [ 75%] Built target manage_navigation_nodes
[0.290s] [ 87%] [32mBuilding CXX object CMakeFiles/nav2pose.dir/src/nav2pose.cpp.o[0m
[3.518s] [01m[K/home/michele-zarantonello/my_ws/src/my_assignment_1/my_navigation/src/nav2pose.cpp:[m[K In member function ‘[01m[Kvoid Nav2ActionClient::[01;32m[Ksend_goal[m[K()[m[K’:
[3.518s] [01m[K/home/michele-zarantonello/my_ws/src/my_assignment_1/my_navigation/src/nav2pose.cpp:26:20:[m[K [01;31m[Kerror: [m[K‘[01m[Ktf_buffer_[m[K’ was not declared in this scope
[3.519s]    26 |         auto tf1 = [01;31m[Ktf_buffer_[m[K->lookupTransform(
[3.519s]       |                    [01;31m[K^~~~~~~~~~[m[K
[3.519s] [01m[K/home/michele-zarantonello/my_ws/src/my_assignment_1/my_navigation/src/nav2pose.cpp:27:34:[m[K [01;31m[Kerror: [m[K‘[01m[Ktf2[m[K’ has not been declared
[3.519s]    27 |             "map", "tag36h11:1", [01;31m[Ktf2[m[K::TimePointZero);
[3.519s]       |                                  [01;31m[K^~~[m[K
[3.519s] [01m[K/home/michele-zarantonello/my_ws/src/my_assignment_1/my_navigation/src/nav2pose.cpp:29:35:[m[K [01;31m[Kerror: [m[K‘[01m[Ktf2[m[K’ is not a class, namespace, or enumeration
[3.520s]    29 |             "map", "tag36h11:10", [01;31m[Ktf2[m[K::TimePointZero);
[3.520s]       |                                   [01;31m[K^~~[m[K
[3.541s] [01m[K/home/michele-zarantonello/my_ws/src/my_assignment_1/my_navigation/src/nav2pose.cpp:66:12:[m[K [01;31m[Kerror: [m[K‘[01m[Ktf2[m[K’ does not name a type
[3.541s]    66 |     catch ([01;31m[Ktf2[m[K::TransformException &ex)
[3.541s]       |            [01;31m[K^~~[m[K
[3.541s] [01m[K/home/michele-zarantonello/my_ws/src/my_assignment_1/my_navigation/src/nav2pose.cpp:66:36:[m[K [01;31m[Kerror: [m[Kexpected unqualified-id before ‘[01m[K&[m[K’ token
[3.541s]    66 |     catch (tf2::TransformException [01;31m[K&[m[Kex)
[3.541s]       |                                    [01;31m[K^[m[K
[3.542s] [01m[K/home/michele-zarantonello/my_ws/src/my_assignment_1/my_navigation/src/nav2pose.cpp:66:36:[m[K [01;31m[Kerror: [m[Kexpected ‘[01m[K)[m[K’ before ‘[01m[K&[m[K’ token
[3.542s] [01m[K/home/michele-zarantonello/my_ws/src/my_assignment_1/my_navigation/src/nav2pose.cpp:66:11:[m[K [01;36m[Knote: [m[Kto match this ‘[01m[K([m[K’
[3.542s]    66 |     catch [01;36m[K([m[Ktf2::TransformException &ex)
[3.542s]       |           [01;36m[K^[m[K
[3.542s] [01m[K/home/michele-zarantonello/my_ws/src/my_assignment_1/my_navigation/src/nav2pose.cpp:66:36:[m[K [01;31m[Kerror: [m[Kexpected ‘[01m[K{[m[K’ before ‘[01m[K&[m[K’ token
[3.542s]    66 |     catch (tf2::TransformException [01;31m[K&[m[Kex)
[3.543s]       |                                    [01;31m[K^[m[K
[3.548s] [01m[K/home/michele-zarantonello/my_ws/src/my_assignment_1/my_navigation/src/nav2pose.cpp:66:37:[m[K [01;31m[Kerror: [m[K‘[01m[Kex[m[K’ was not declared in this scope; did you mean ‘[01m[Kexp[m[K’?
[3.548s]    66 |     catch (tf2::TransformException &[01;31m[Kex[m[K)
[3.548s]       |                                     [01;31m[K^~[m[K
[3.549s]       |                                     [32m[Kexp[m[K
[4.696s] gmake[2]: *** [CMakeFiles/nav2pose.dir/build.make:76: CMakeFiles/nav2pose.dir/src/nav2pose.cpp.o] Error 1
[4.696s] gmake[1]: *** [CMakeFiles/Makefile2:221: CMakeFiles/nav2pose.dir/all] Error 2
[4.696s] gmake: *** [Makefile:146: all] Error 2
[4.699s] Invoked command in '/home/michele-zarantonello/my_ws/build/my_navigation' returned '2': CMAKE_PREFIX_PATH=${CMAKE_PREFIX_PATH}:/opt/ros/jazzy DEBUGINFOD_URLS=https://debuginfod.ubuntu.com /usr/bin/cmake --build /home/michele-zarantonello/my_ws/build/my_navigation -- -j8 -l8
