[0.041s] Invoking command in '/home/michele-zarantonello/my_ws/build/my_launch': CMAKE_PREFIX_PATH=${CMAKE_PREFIX_PATH}:/opt/ros/jazzy DEBUGINFOD_URLS=https://debuginfod.ubuntu.com /usr/bin/cmake --build /home/michele-zarantonello/my_ws/build/my_launch -- -j8 -l8
[0.148s] Invoked command in '/home/michele-zarantonello/my_ws/build/my_launch' returned '0': CMAKE_PREFIX_PATH=${CMAKE_PREFIX_PATH}:/opt/ros/jazzy DEBUGINFOD_URLS=https://debuginfod.ubuntu.com /usr/bin/cmake --build /home/michele-zarantonello/my_ws/build/my_launch -- -j8 -l8
[0.149s] Invoking command in '/home/michele-zarantonello/my_ws/build/my_launch': CMAKE_PREFIX_PATH=${CMAKE_PREFIX_PATH}:/opt/ros/jazzy DEBUGINFOD_URLS=https://debuginfod.ubuntu.com /usr/bin/cmake --install /home/michele-zarantonello/my_ws/build/my_launch
[0.206s] -- Install configuration: ""
[0.206s] -- Up-to-date: /home/michele-zarantonello/my_ws/install/my_launch/share/ament_index/resource_index/package_run_dependencies/my_launch
[0.207s] -- Up-to-date: /home/michele-zarantonello/my_ws/install/my_launch/share/ament_index/resource_index/parent_prefix_path/my_launch
[0.210s] -- Up-to-date: /home/michele-zarantonello/my_ws/install/my_launch/share/my_launch/environment/ament_prefix_path.sh
[0.210s] -- Up-to-date: /home/michele-zarantonello/my_ws/install/my_launch/share/my_launch/environment/ament_prefix_path.dsv
[0.210s] -- Up-to-date: /home/michele-zarantonello/my_ws/install/my_launch/share/my_launch/environment/path.sh
[0.210s] -- Up-to-date: /home/michele-zarantonello/my_ws/install/my_launch/share/my_launch/environment/path.dsv
[0.211s] -- Up-to-date: /home/michele-zarantonello/my_ws/install/my_launch/share/my_launch/local_setup.bash
[0.211s] -- Up-to-date: /home/michele-zarantonello/my_ws/install/my_launch/share/my_launch/local_setup.sh
[0.211s] -- Up-to-date: /home/michele-zarantonello/my_ws/install/my_launch/share/my_launch/local_setup.zsh
[0.211s] -- Up-to-date: /home/michele-zarantonello/my_ws/install/my_launch/share/my_launch/local_setup.dsv
[0.211s] -- Installing: /home/michele-zarantonello/my_ws/install/my_launch/share/my_launch/package.dsv
[0.211s] -- Up-to-date: /home/michele-zarantonello/my_ws/install/my_launch/share/ament_index/resource_index/packages/my_launch
[0.212s] -- Up-to-date: /home/michele-zarantonello/my_ws/install/my_launch/share/my_launch/cmake/my_launchConfig.cmake
[0.212s] -- Up-to-date: /home/michele-zarantonello/my_ws/install/my_launch/share/my_launch/cmake/my_launchConfig-version.cmake
[0.212s] -- Up-to-date: /home/michele-zarantonello/my_ws/install/my_launch/share/my_launch/package.xml
[0.291s] Invoked command in '/home/michele-zarantonello/my_ws/build/my_launch' returned '0': CMAKE_PREFIX_PATH=${CMAKE_PREFIX_PATH}:/opt/ros/jazzy DEBUGINFOD_URLS=https://debuginfod.ubuntu.com /usr/bin/cmake --install /home/michele-zarantonello/my_ws/build/my_launch
